[2026-09-17 00:45:03] === SCRAPE START ===
[2026-09-17 00:45:03] Fetching https://waitz.io/live/ucsd-rec
[2026-09-17 00:45:03] HTTP ERROR: HTTPSConnectionPool(host='waitz.io', port=443): Max retries exceeded with url: /live/ucsd-rec (Caused by NameResolutionError("HTTPSConnection(host='waitz.io', port=443): Failed to resolve 'waitz.io' ([Errno 11001] getaddrinfo failed)"))
[2026-09-17 00:45:46] === SCRAPE START ===
[2026-09-17 00:45:46] Fetching https://waitz.io/live/ucsd-rec
[2026-09-17 00:45:46] HTTP ERROR: HTTPSConnectionPool(host='waitz.io', port=443): Max retries exceeded with url: /live/ucsd-rec (Caused by NameResolutionError("HTTPSConnection(host='waitz.io', port=443): Failed to resolve 'waitz.io' ([Errno 11001] getaddrinfo failed)"))
[2026-09-17 01:00:02] === SCRAPE START ===
[2026-09-17 01:00:02] Fetching https://waitz.io/live/ucsd-rec
[2026-09-17 01:00:02] HTTP ERROR: HTTPSConnectionPool(host='waitz.io', port=443): Max retries exceeded with url: /live/ucsd-rec (Caused by NameResolutionError("HTTPSConnection(host='waitz.io', port=443): Failed to resolve 'waitz.io' ([Errno 11001] getaddrinfo failed)"))
[2026-09-17 01:00:45] === SCRAPE START ===
[2026-09-17 01:00:45] Fetching https://waitz.io/live/ucsd-rec
[2026-09-17 01:00:45] HTTP ERROR: HTTPSConnectionPool(host='waitz.io', port=443): Max retries exceeded with url: /live/ucsd-rec (Caused by NameResolutionError("HTTPSConnection(host='waitz.io', port=443): Failed to resolve 'waitz.io' ([Errno 11001] getaddrinfo failed)"))
[2026-09-17 01:15:02] === SCRAPE START ===
[2026-09-17 01:15:02] Fetching https://waitz.io/live/ucsd-rec
[2026-09-17 01:15:02] HTTP ERROR: HTTPSConnectionPool(host='waitz.io', port=443): Max retries exceeded with url: /live/ucsd-rec (Caused by NameResolutionError("HTTPSConnection(host='waitz.io', port=443): Failed to resolve 'waitz.io' ([Errno 11001] getaddrinfo failed)"))
[2026-09-17 01:15:45] === SCRAPE START ===
[2026-09-17 01:15:45] Fetching https://waitz.io/live/ucsd-rec
[2026-09-17 01:15:45] HTTP ERROR: HTTPSConnectionPool(host='waitz.io', port=443): Max retries exceeded with url: /live/ucsd-rec (Caused by NameResolutionError("HTTPSConnection(host='waitz.io', port=443): Failed to resolve 'waitz.io' ([Errno 11001] getaddrinfo failed)"))
[2026-09-17 01:30:02] === SCRAPE START ===
[2026-09-17 01:30:02] Fetching https://waitz.io/live/ucsd-rec
[2026-09-17 01:30:02] HTTP ERROR: HTTPSConnectionPool(host='waitz.io', port=443): Max retries exceeded with url: /live/ucsd-rec (Caused by NameResolutionError("HTTPSConnection(host='waitz.io', port=443): Failed to resolve 'waitz.io' ([Errno 11001] getaddrinfo failed)"))
[2026-09-17 01:30:45] === SCRAPE START ===
[2026-09-17 01:30:45] Fetching https://waitz.io/live/ucsd-rec
[2026-09-17 01:30:45] HTTP ERROR: HTTPSConnectionPool(host='waitz.io', port=443): Max retries exceeded with url: /live/ucsd-rec (Caused by NameResolutionError("HTTPSConnection(host='waitz.io', port=443): Failed to resolve 'waitz.io' ([Errno 11001] getaddrinfo failed)"))
[2026-09-17 01:45:02] === SCRAPE START ===
[2026-09-17 01:45:02] Fetching https://waitz.io/live/ucsd-rec
[2026-09-17 01:45:02] HTTP ERROR: HTTPSConnectionPool(host='waitz.io', port=443): Max retries exceeded with url: /live/ucsd-rec (Caused by NameResolutionError("HTTPSConnection(host='waitz.io', port=443): Failed to resolve 'waitz.io' ([Errno 11001] getaddrinfo failed)"))
[2026-09-17 01:45:45] === SCRAPE START ===
[2026-09-17 01:45:45] Fetching https://waitz.io/live/ucsd-rec
[2026-09-17 01:45:45] HTTP ERROR: HTTPSConnectionPool(host='waitz.io', port=443): Max retries exceeded with url: /live/ucsd-rec (Caused by NameResolutionError("HTTPSConnection(host='waitz.io', port=443): Failed to resolve 'waitz.io' ([Errno 11001] getaddrinfo failed)"))
[2026-09-17 02:00:02] === SCRAPE START ===
[2026-09-17 02:00:02] Fetching https://waitz.io/live/ucsd-rec
[2026-09-17 02:00:02] HTTP ERROR: HTTPSConnectionPool(host='waitz.io', port=443): Max retries exceeded with url: /live/ucsd-rec (Caused by NameResolutionError("HTTPSConnection(host='waitz.io', port=443): Failed to resolve 'waitz.io' ([Errno 11001] getaddrinfo failed)"))
[2026-09-17 02:00:45] === SCRAPE START ===
[2026-09-17 02:00:45] Fetching https://waitz.io/live/ucsd-rec
[2026-09-17 02:00:45] HTTP ERROR: HTTPSConnectionPool(host='waitz.io', port=443): Max retries exceeded with url: /live/ucsd-rec (Caused by NameResolutionError("HTTPSConnection(host='waitz.io', port=443): Failed to resolve 'waitz.io' ([Errno 11001] getaddrinfo failed)"))
[2026-09-17 02:15:02] === SCRAPE START ===
[2026-09-17 02:15:02] Fetching https://waitz.io/live/ucsd-rec
[2026-09-17 02:15:02] HTTP ERROR: HTTPSConnectionPool(host='waitz.io', port=443): Max retries exceeded with url: /live/ucsd-rec (Caused by NameResolutionError("HTTPSConnection(host='waitz.io', port=443): Failed to resolve 'waitz.io' ([Errno 11001] getaddrinfo failed)"))
[2026-09-17 02:15:45] === SCRAPE START ===
[2026-09-17 02:15:45] Fetching https://waitz.io/live/ucsd-rec
[2026-09-17 02:15:45] HTTP ERROR: HTTPSConnectionPool(host='waitz.io', port=443): Max retries exceeded with url: /live/ucsd-rec (Caused by NameResolutionError("HTTPSConnection(host='waitz.io', port=443): Failed to resolve 'waitz.io' ([Errno 11001] getaddrinfo failed)"))
[2026-09-17 02:30:02] === SCRAPE START ===
[2026-09-17 02:30:02] Fetching https://waitz.io/live/ucsd-rec
[2026-09-17 02:30:02] HTTP ERROR: HTTPSConnectionPool(host='waitz.io', port=443): Max retries exceeded with url: /live/ucsd-rec (Caused by NameResolutionError("HTTPSConnection(host='waitz.io', port=443): Failed to resolve 'waitz.io' ([Errno 11001] getaddrinfo failed)"))
[2026-09-17 02:30:45] === SCRAPE START ===
[2026-09-17 02:30:45] Fetching https://waitz.io/live/ucsd-rec
[2026-09-17 02:30:45] HTTP ERROR: HTTPSConnectionPool(host='waitz.io', port=443): Max retries exceeded with url: /live/ucsd-rec (Caused by NameResolutionError("HTTPSConnection(host='waitz.io', port=443): Failed to resolve 'waitz.io' ([Errno 11001] getaddrinfo failed)"))
[2026-09-17 02:45:02] === SCRAPE START ===
[2026-09-17 02:45:02] Fetching https://waitz.io/live/ucsd-rec
[2026-09-17 02:45:02] HTTP ERROR: HTTPSConnectionPool(host='waitz.io', port=443): Max retries exceeded with url: /live/ucsd-rec (Caused by NameResolutionError("HTTPSConnection(host='waitz.io', port=443): Failed to resolve 'waitz.io' ([Errno 11001] getaddrinfo failed)"))
[2026-09-17 02:45:45] === SCRAPE START ===
[2026-09-17 02:45:45] Fetching https://waitz.io/live/ucsd-rec
[2026-09-17 02:45:45] HTTP ERROR: HTTPSConnectionPool(host='waitz.io', port=443): Max retries exceeded with url: /live/ucsd-rec (Caused by NameResolutionError("HTTPSConnection(host='waitz.io', port=443): Failed to resolve 'waitz.io' ([Errno 11001] getaddrinfo failed)"))
[2026-09-17 03:00:02] === SCRAPE START ===
[2026-09-17 03:00:02] Fetching https://waitz.io/live/ucsd-rec
[2026-09-17 03:00:02] HTTP ERROR: HTTPSConnectionPool(host='waitz.io', port=443): Max retries exceeded with url: /live/ucsd-rec (Caused by NameResolutionError("HTTPSConnection(host='waitz.io', port=443): Failed to resolve 'waitz.io' ([Errno 11001] getaddrinfo failed)"))
[2026-09-17 03:00:45] === SCRAPE START ===
[2026-09-17 03:00:45] Fetching https://waitz.io/live/ucsd-rec
[2026-09-17 03:00:45] HTTP ERROR: HTTPSConnectionPool(host='waitz.io', port=443): Max retries exceeded with url: /live/ucsd-rec (Caused by NameResolutionError("HTTPSConnection(host='waitz.io', port=443): Failed to resolve 'waitz.io' ([Errno 11001] getaddrinfo failed)"))
[2026-09-17 03:15:02] === SCRAPE START ===
[2026-09-17 03:15:02] Fetching https://waitz.io/live/ucsd-rec
[2026-09-17 03:15:02] HTTP ERROR: HTTPSConnectionPool(host='waitz.io', port=443): Max retries exceeded with url: /live/ucsd-rec (Caused by NameResolutionError("HTTPSConnection(host='waitz.io', port=443): Failed to resolve 'waitz.io' ([Errno 11001] getaddrinfo failed)"))
[2026-09-17 03:15:45] === SCRAPE START ===
[2026-09-17 03:15:45] Fetching https://waitz.io/live/ucsd-rec
[2026-09-17 03:15:45] HTTP ERROR: HTTPSConnectionPool(host='waitz.io', port=443): Max retries exceeded with url: /live/ucsd-rec (Caused by NameResolutionError("HTTPSConnection(host='waitz.io', port=443): Failed to resolve 'waitz.io' ([Errno 11001] getaddrinfo failed)"))
[2026-09-17 03:30:02] === SCRAPE START ===
[2026-09-17 03:30:02] Fetching https://waitz.io/live/ucsd-rec
[2026-09-17 03:30:02] HTTP ERROR: HTTPSConnectionPool(host='waitz.io', port=443): Max retries exceeded with url: /live/ucsd-rec (Caused by NameResolutionError("HTTPSConnection(host='waitz.io', port=443): Failed to resolve 'waitz.io' ([Errno 11001] getaddrinfo failed)"))
[2026-09-17 03:30:45] === SCRAPE START ===
[2026-09-17 03:30:45] Fetching https://waitz.io/live/ucsd-rec
[2026-09-17 03:30:45] HTTP ERROR: HTTPSConnectionPool(host='waitz.io', port=443): Max retries exceeded with url: /live/ucsd-rec (Caused by NameResolutionError("HTTPSConnection(host='waitz.io', port=443): Failed to resolve 'waitz.io' ([Errno 11001] getaddrinfo failed)"))
[2026-09-17 03:45:02] === SCRAPE START ===
[2026-09-17 03:45:02] Fetching https://waitz.io/live/ucsd-rec
[2026-09-17 03:45:02] HTTP ERROR: HTTPSConnectionPool(host='waitz.io', port=443): Max retries exceeded with url: /live/ucsd-rec (Caused by NameResolutionError("HTTPSConnection(host='waitz.io', port=443): Failed to resolve 'waitz.io' ([Errno 11001] getaddrinfo failed)"))
[2026-09-17 03:45:45] === SCRAPE START ===
[2026-09-17 03:45:45] Fetching https://waitz.io/live/ucsd-rec
[2026-09-17 03:45:45] HTTP ERROR: HTTPSConnectionPool(host='waitz.io', port=443): Max retries exceeded with url: /live/ucsd-rec (Caused by NameResolutionError("HTTPSConnection(host='waitz.io', port=443): Failed to resolve 'waitz.io' ([Errno 11001] getaddrinfo failed)"))
[2026-09-17 04:00:02] === SCRAPE START ===
[2026-09-17 04:00:02] Fetching https://waitz.io/live/ucsd-rec
[2026-09-17 04:00:02] HTTP ERROR: HTTPSConnectionPool(host='waitz.io', port=443): Max retries exceeded with url: /live/ucsd-rec (Caused by NameResolutionError("HTTPSConnection(host='waitz.io', port=443): Failed to resolve 'waitz.io' ([Errno 11001] getaddrinfo failed)"))
[2026-09-17 04:00:45] === SCRAPE START ===
[2026-09-17 04:00:45] Fetching https://waitz.io/live/ucsd-rec
[2026-09-17 04:00:45] HTTP ERROR: HTTPSConnectionPool(host='waitz.io', port=443): Max retries exceeded with url: /live/ucsd-rec (Caused by NameResolutionError("HTTPSConnection(host='waitz.io', port=443): Failed to resolve 'waitz.io' ([Errno 11001] getaddrinfo failed)"))
[2026-09-17 04:15:02] === SCRAPE START ===
[2026-09-17 04:15:02] Fetching https://waitz.io/live/ucsd-rec
[2026-09-17 04:15:02] HTTP ERROR: HTTPSConnectionPool(host='waitz.io', port=443): Max retries exceeded with url: /live/ucsd-rec (Caused by NameResolutionError("HTTPSConnection(host='waitz.io', port=443): Failed to resolve 'waitz.io' ([Errno 11001] getaddrinfo failed)"))
[2026-09-17 04:15:45] === SCRAPE START ===
[2026-09-17 04:15:45] Fetching https://waitz.io/live/ucsd-rec
[2026-09-17 04:15:45] HTTP ERROR: HTTPSConnectionPool(host='waitz.io', port=443): Max retries exceeded with url: /live/ucsd-rec (Caused by NameResolutionError("HTTPSConnection(host='waitz.io', port=443): Failed to resolve 'waitz.io' ([Errno 11001] getaddrinfo failed)"))
[2026-09-17 04:30:02] === SCRAPE START ===
[2026-09-17 04:30:02] Fetching https://waitz.io/live/ucsd-rec
[2026-09-17 04:30:02] HTTP ERROR: HTTPSConnectionPool(host='waitz.io', port=443): Max retries exceeded with url: /live/ucsd-rec (Caused by NameResolutionError("HTTPSConnection(host='waitz.io', port=443): Failed to resolve 'waitz.io' ([Errno 11001] getaddrinfo failed)"))
[2026-09-17 04:30:45] === SCRAPE START ===
[2026-09-17 04:30:45] Fetching https://waitz.io/live/ucsd-rec
[2026-09-17 04:30:45] HTTP ERROR: HTTPSConnectionPool(host='waitz.io', port=443): Max retries exceeded with url: /live/ucsd-rec (Caused by NameResolutionError("HTTPSConnection(host='waitz.io', port=443): Failed to resolve 'waitz.io' ([Errno 11001] getaddrinfo failed)"))
[2026-09-17 04:45:02] === SCRAPE START ===
[2026-09-17 04:45:02] Fetching https://waitz.io/live/ucsd-rec
[2026-09-17 04:45:02] HTTP ERROR: HTTPSConnectionPool(host='waitz.io', port=443): Max retries exceeded with url: /live/ucsd-rec (Caused by NameResolutionError("HTTPSConnection(host='waitz.io', port=443): Failed to resolve 'waitz.io' ([Errno 11001] getaddrinfo failed)"))
[2026-09-17 04:45:45] === SCRAPE START ===
[2026-09-17 04:45:45] Fetching https://waitz.io/live/ucsd-rec
[2026-09-17 04:45:45] HTTP ERROR: HTTPSConnectionPool(host='waitz.io', port=443): Max retries exceeded with url: /live/ucsd-rec (Caused by NameResolutionError("HTTPSConnection(host='waitz.io', port=443): Failed to resolve 'waitz.io' ([Errno 11001] getaddrinfo failed)"))
[2026-09-17 05:00:02] === SCRAPE START ===
[2026-09-17 05:00:02] Fetching https://waitz.io/live/ucsd-rec
[2026-09-17 05:00:02] HTTP ERROR: HTTPSConnectionPool(host='waitz.io', port=443): Max retries exceeded with url: /live/ucsd-rec (Caused by NameResolutionError("HTTPSConnection(host='waitz.io', port=443): Failed to resolve 'waitz.io' ([Errno 11001] getaddrinfo failed)"))
[2026-09-17 05:00:45] === SCRAPE START ===
[2026-09-17 05:00:45] Fetching https://waitz.io/live/ucsd-rec
[2026-09-17 05:00:45] HTTP ERROR: HTTPSConnectionPool(host='waitz.io', port=443): Max retries exceeded with url: /live/ucsd-rec (Caused by NameResolutionError("HTTPSConnection(host='waitz.io', port=443): Failed to resolve 'waitz.io' ([Errno 11001] getaddrinfo failed)"))
[2026-09-17 05:15:02] === SCRAPE START ===
[2026-09-17 05:15:02] Fetching https://waitz.io/live/ucsd-rec
[2026-09-17 05:15:02] HTTP ERROR: HTTPSConnectionPool(host='waitz.io', port=443): Max retries exceeded with url: /live/ucsd-rec (Caused by NameResolutionError("HTTPSConnection(host='waitz.io', port=443): Failed to resolve 'waitz.io' ([Errno 11001] getaddrinfo failed)"))
[2026-09-17 05:15:45] === SCRAPE START ===
[2026-09-17 05:15:45] Fetching https://waitz.io/live/ucsd-rec
[2026-09-17 05:15:45] HTTP ERROR: HTTPSConnectionPool(host='waitz.io', port=443): Max retries exceeded with url: /live/ucsd-rec (Caused by NameResolutionError("HTTPSConnection(host='waitz.io', port=443): Failed to resolve 'waitz.io' ([Errno 11001] getaddrinfo failed)"))
[2026-09-17 05:30:02] === SCRAPE START ===
[2026-09-17 05:30:02] Fetching https://waitz.io/live/ucsd-rec
[2026-09-17 05:30:02] HTTP ERROR: HTTPSConnectionPool(host='waitz.io', port=443): Max retries exceeded with url: /live/ucsd-rec (Caused by NameResolutionError("HTTPSConnection(host='waitz.io', port=443): Failed to resolve 'waitz.io' ([Errno 11001] getaddrinfo failed)"))
[2026-09-17 05:30:45] === SCRAPE START ===
[2026-09-17 05:30:45] Fetching https://waitz.io/live/ucsd-rec
[2026-09-17 05:30:45] HTTP ERROR: HTTPSConnectionPool(host='waitz.io', port=443): Max retries exceeded with url: /live/ucsd-rec (Caused by NameResolutionError("HTTPSConnection(host='waitz.io', port=443): Failed to resolve 'waitz.io' ([Errno 11001] getaddrinfo failed)"))
[2026-09-17 05:45:02] === SCRAPE START ===
[2026-09-17 05:45:02] Fetching https://waitz.io/live/ucsd-rec
[2026-09-17 05:45:02] HTTP ERROR: HTTPSConnectionPool(host='waitz.io', port=443): Max retries exceeded with url: /live/ucsd-rec (Caused by NameResolutionError("HTTPSConnection(host='waitz.io', port=443): Failed to resolve 'waitz.io' ([Errno 11001] getaddrinfo failed)"))
[2026-09-17 05:45:45] === SCRAPE START ===
[2026-09-17 05:45:45] Fetching https://waitz.io/live/ucsd-rec
[2026-09-17 05:45:45] HTTP ERROR: HTTPSConnectionPool(host='waitz.io', port=443): Max retries exceeded with url: /live/ucsd-rec (Caused by NameResolutionError("HTTPSConnection(host='waitz.io', port=443): Failed to resolve 'waitz.io' ([Errno 11001] getaddrinfo failed)"))
[2026-09-17 06:00:02] === SCRAPE START ===
[2026-09-17 06:00:02] Fetching https://waitz.io/live/ucsd-rec
[2026-09-17 06:00:02] HTTP ERROR: HTTPSConnectionPool(host='waitz.io', port=443): Max retries exceeded with url: /live/ucsd-rec (Caused by NameResolutionError("HTTPSConnection(host='waitz.io', port=443): Failed to resolve 'waitz.io' ([Errno 11001] getaddrinfo failed)"))
[2026-09-17 06:00:45] === SCRAPE START ===
[2026-09-17 06:00:45] Fetching https://waitz.io/live/ucsd-rec
[2026-09-17 06:00:45] HTTP ERROR: HTTPSConnectionPool(host='waitz.io', port=443): Max retries exceeded with url: /live/ucsd-rec (Caused by NameResolutionError("HTTPSConnection(host='waitz.io', port=443): Failed to resolve 'waitz.io' ([Errno 11001] getaddrinfo failed)"))
[2026-09-17 06:15:02] === SCRAPE START ===
[2026-09-17 06:15:02] Fetching https://waitz.io/live/ucsd-rec
[2026-09-17 06:15:02] HTTP ERROR: HTTPSConnectionPool(host='waitz.io', port=443): Max retries exceeded with url: /live/ucsd-rec (Caused by NameResolutionError("HTTPSConnection(host='waitz.io', port=443): Failed to resolve 'waitz.io' ([Errno 11001] getaddrinfo failed)"))
[2026-09-17 06:15:45] === SCRAPE START ===
[2026-09-17 06:15:45] Fetching https://waitz.io/live/ucsd-rec
[2026-09-17 06:15:45] HTTP ERROR: HTTPSConnectionPool(host='waitz.io', port=443): Max retries exceeded with url: /live/ucsd-rec (Caused by NameResolutionError("HTTPSConnection(host='waitz.io', port=443): Failed to resolve 'waitz.io' ([Errno 11001] getaddrinfo failed)"))
[2026-09-17 06:30:02] === SCRAPE START ===
[2026-09-17 06:30:02] Fetching https://waitz.io/live/ucsd-rec
[2026-09-17 06:30:02] HTTP ERROR: HTTPSConnectionPool(host='waitz.io', port=443): Max retries exceeded with url: /live/ucsd-rec (Caused by NameResolutionError("HTTPSConnection(host='waitz.io', port=443): Failed to resolve 'waitz.io' ([Errno 11001] getaddrinfo failed)"))
[2026-09-17 06:30:45] === SCRAPE START ===
[2026-09-17 06:30:45] Fetching https://waitz.io/live/ucsd-rec
[2026-09-17 06:30:45] HTTP ERROR: HTTPSConnectionPool(host='waitz.io', port=443): Max retries exceeded with url: /live/ucsd-rec (Caused by NameResolutionError("HTTPSConnection(host='waitz.io', port=443): Failed to resolve 'waitz.io' ([Errno 11001] getaddrinfo failed)"))
[2026-09-17 06:45:02] === SCRAPE START ===
[2026-09-17 06:45:02] Fetching https://waitz.io/live/ucsd-rec
[2026-09-17 06:45:02] HTTP ERROR: HTTPSConnectionPool(host='waitz.io', port=443): Max retries exceeded with url: /live/ucsd-rec (Caused by NameResolutionError("HTTPSConnection(host='waitz.io', port=443): Failed to resolve 'waitz.io' ([Errno 11001] getaddrinfo failed)"))
[2026-09-17 06:45:45] === SCRAPE START ===
[2026-09-17 06:45:45] Fetching https://waitz.io/live/ucsd-rec
[2026-09-17 06:45:45] HTTP ERROR: HTTPSConnectionPool(host='waitz.io', port=443): Max retries exceeded with url: /live/ucsd-rec (Caused by NameResolutionError("HTTPSConnection(host='waitz.io', port=443): Failed to resolve 'waitz.io' ([Errno 11001] getaddrinfo failed)"))
[2026-09-17 07:00:02] === SCRAPE START ===
[2026-09-17 07:00:02] Fetching https://waitz.io/live/ucsd-rec
[2026-09-17 07:00:02] HTTP ERROR: HTTPSConnectionPool(host='waitz.io', port=443): Max retries exceeded with url: /live/ucsd-rec (Caused by NameResolutionError("HTTPSConnection(host='waitz.io', port=443): Failed to resolve 'waitz.io' ([Errno 11001] getaddrinfo failed)"))
[2026-09-17 07:00:45] === SCRAPE START ===
[2026-09-17 07:00:45] Fetching https://waitz.io/live/ucsd-rec
[2026-09-17 07:00:45] HTTP ERROR: HTTPSConnectionPool(host='waitz.io', port=443): Max retries exceeded with url: /live/ucsd-rec (Caused by NameResolutionError("HTTPSConnection(host='waitz.io', port=443): Failed to resolve 'waitz.io' ([Errno 11001] getaddrinfo failed)"))
[2026-09-17 07:15:02] === SCRAPE START ===
[2026-09-17 07:15:02] Fetching https://waitz.io/live/ucsd-rec
[2026-09-17 07:15:02] HTTP ERROR: HTTPSConnectionPool(host='waitz.io', port=443): Max retries exceeded with url: /live/ucsd-rec (Caused by NameResolutionError("HTTPSConnection(host='waitz.io', port=443): Failed to resolve 'waitz.io' ([Errno 11001] getaddrinfo failed)"))
[2026-09-17 07:15:45] === SCRAPE START ===
[2026-09-17 07:15:45] Fetching https://waitz.io/live/ucsd-rec
[2026-09-17 07:15:45] HTTP ERROR: HTTPSConnectionPool(host='waitz.io', port=443): Max retries exceeded with url: /live/ucsd-rec (Caused by NameResolutionError("HTTPSConnection(host='waitz.io', port=443): Failed to resolve 'waitz.io' ([Errno 11001] getaddrinfo failed)"))
[2026-09-17 07:30:02] === SCRAPE START ===
[2026-09-17 07:30:02] Fetching https://waitz.io/live/ucsd-rec
[2026-09-17 07:30:02] HTTP ERROR: HTTPSConnectionPool(host='waitz.io', port=443): Max retries exceeded with url: /live/ucsd-rec (Caused by NameResolutionError("HTTPSConnection(host='waitz.io', port=443): Failed to resolve 'waitz.io' ([Errno 11001] getaddrinfo failed)"))
[2026-09-17 07:30:45] === SCRAPE START ===
[2026-09-17 07:30:45] Fetching https://waitz.io/live/ucsd-rec
[2026-09-17 07:30:45] HTTP ERROR: HTTPSConnectionPool(host='waitz.io', port=443): Max retries exceeded with url: /live/ucsd-rec (Caused by NameResolutionError("HTTPSConnection(host='waitz.io', port=443): Failed to resolve 'waitz.io' ([Errno 11001] getaddrinfo failed)"))
[2026-09-17 07:45:02] === SCRAPE START ===
[2026-09-17 07:45:02] Fetching https://waitz.io/live/ucsd-rec
[2026-09-17 07:45:02] HTTP ERROR: HTTPSConnectionPool(host='waitz.io', port=443): Max retries exceeded with url: /live/ucsd-rec (Caused by NameResolutionError("HTTPSConnection(host='waitz.io', port=443): Failed to resolve 'waitz.io' ([Errno 11001] getaddrinfo failed)"))
[2026-09-17 07:45:45] === SCRAPE START ===
[2026-09-17 07:45:45] Fetching https://waitz.io/live/ucsd-rec
[2026-09-17 07:45:45] HTTP ERROR: HTTPSConnectionPool(host='waitz.io', port=443): Max retries exceeded with url: /live/ucsd-rec (Caused by NameResolutionError("HTTPSConnection(host='waitz.io', port=443): Failed to resolve 'waitz.io' ([Errno 11001] getaddrinfo failed)"))
[2026-09-17 08:00:02] === SCRAPE START ===
[2026-09-17 08:00:02] Fetching https://waitz.io/live/ucsd-rec
[2026-09-17 08:00:02] HTTP ERROR: HTTPSConnectionPool(host='waitz.io', port=443): Max retries exceeded with url: /live/ucsd-rec (Caused by NameResolutionError("HTTPSConnection(host='waitz.io', port=443): Failed to resolve 'waitz.io' ([Errno 11001] getaddrinfo failed)"))
[2026-09-17 08:00:45] === SCRAPE START ===
[2026-09-17 08:00:45] Fetching https://waitz.io/live/ucsd-rec
[2026-09-17 08:00:45] HTTP ERROR: HTTPSConnectionPool(host='waitz.io', port=443): Max retries exceeded with url: /live/ucsd-rec (Caused by NameResolutionError("HTTPSConnection(host='waitz.io', port=443): Failed to resolve 'waitz.io' ([Errno 11001] getaddrinfo failed)"))
[2026-09-17 08:15:02] === SCRAPE START ===
[2026-09-17 08:15:02] Fetching https://waitz.io/live/ucsd-rec
[2026-09-17 08:15:02] HTTP ERROR: HTTPSConnectionPool(host='waitz.io', port=443): Max retries exceeded with url: /live/ucsd-rec (Caused by NameResolutionError("HTTPSConnection(host='waitz.io', port=443): Failed to resolve 'waitz.io' ([Errno 11001] getaddrinfo failed)"))
[2026-09-17 08:15:45] === SCRAPE START ===
[2026-09-17 08:15:45] Fetching https://waitz.io/live/ucsd-rec
[2026-09-17 08:15:45] HTTP ERROR: HTTPSConnectionPool(host='waitz.io', port=443): Max retries exceeded with url: /live/ucsd-rec (Caused by NameResolutionError("HTTPSConnection(host='waitz.io', port=443): Failed to resolve 'waitz.io' ([Errno 11001] getaddrinfo failed)"))
[2026-09-17 08:30:02] === SCRAPE START ===
[2026-09-17 08:30:02] Fetching https://waitz.io/live/ucsd-rec
[2026-09-17 08:30:02] HTTP ERROR: HTTPSConnectionPool(host='waitz.io', port=443): Max retries exceeded with url: /live/ucsd-rec (Caused by NameResolutionError("HTTPSConnection(host='waitz.io', port=443): Failed to resolve 'waitz.io' ([Errno 11001] getaddrinfo failed)"))
[2026-09-17 08:30:45] === SCRAPE START ===
[2026-09-17 08:30:45] Fetching https://waitz.io/live/ucsd-rec
[2026-09-17 08:30:45] HTTP ERROR: HTTPSConnectionPool(host='waitz.io', port=443): Max retries exceeded with url: /live/ucsd-rec (Caused by NameResolutionError("HTTPSConnection(host='waitz.io', port=443): Failed to resolve 'waitz.io' ([Errno 11001] getaddrinfo failed)"))
[2026-09-17 08:45:02] === SCRAPE START ===
[2026-09-17 08:45:02] Fetching https://waitz.io/live/ucsd-rec
[2026-09-17 08:45:02] HTTP ERROR: HTTPSConnectionPool(host='waitz.io', port=443): Max retries exceeded with url: /live/ucsd-rec (Caused by NameResolutionError("HTTPSConnection(host='waitz.io', port=443): Failed to resolve 'waitz.io' ([Errno 11001] getaddrinfo failed)"))
[2026-09-17 08:45:45] === SCRAPE START ===
[2026-09-17 08:45:45] Fetching https://waitz.io/live/ucsd-rec
[2026-09-17 08:45:45] HTTP ERROR: HTTPSConnectionPool(host='waitz.io', port=443): Max retries exceeded with url: /live/ucsd-rec (Caused by NameResolutionError("HTTPSConnection(host='waitz.io', port=443): Failed to resolve 'waitz.io' ([Errno 11001] getaddrinfo failed)"))
[2026-09-17 09:00:02] === SCRAPE START ===
[2026-09-17 09:00:02] Fetching https://waitz.io/live/ucsd-rec
[2026-09-17 09:00:02] HTTP ERROR: HTTPSConnectionPool(host='waitz.io', port=443): Max retries exceeded with url: /live/ucsd-rec (Caused by NameResolutionError("HTTPSConnection(host='waitz.io', port=443): Failed to resolve 'waitz.io' ([Errno 11001] getaddrinfo failed)"))
[2026-09-17 09:00:45] === SCRAPE START ===
[2026-09-17 09:00:45] Fetching https://waitz.io/live/ucsd-rec
[2026-09-17 09:00:45] HTTP ERROR: HTTPSConnectionPool(host='waitz.io', port=443): Max retries exceeded with url: /live/ucsd-rec (Caused by NameResolutionError("HTTPSConnection(host='waitz.io', port=443): Failed to resolve 'waitz.io' ([Errno 11001] getaddrinfo failed)"))
[2026-09-17 09:15:02] === SCRAPE START ===
[2026-09-17 09:15:02] Fetching https://waitz.io/live/ucsd-rec
[2026-09-17 09:15:02] HTTP ERROR: HTTPSConnectionPool(host='waitz.io', port=443): Max retries exceeded with url: /live/ucsd-rec (Caused by NameResolutionError("HTTPSConnection(host='waitz.io', port=443): Failed to resolve 'waitz.io' ([Errno 11001] getaddrinfo failed)"))
[2026-09-17 09:15:45] === SCRAPE START ===
[2026-09-17 09:15:45] Fetching https://waitz.io/live/ucsd-rec
[2026-09-17 09:15:45] HTTP ERROR: HTTPSConnectionPool(host='waitz.io', port=443): Max retries exceeded with url: /live/ucsd-rec (Caused by NameResolutionError("HTTPSConnection(host='waitz.io', port=443): Failed to resolve 'waitz.io' ([Errno 11001] getaddrinfo failed)"))
[2026-09-17 09:30:02] === SCRAPE START ===
[2026-09-17 09:30:02] Fetching https://waitz.io/live/ucsd-rec
[2026-09-17 09:30:02] HTTP ERROR: HTTPSConnectionPool(host='waitz.io', port=443): Max retries exceeded with url: /live/ucsd-rec (Caused by NameResolutionError("HTTPSConnection(host='waitz.io', port=443): Failed to resolve 'waitz.io' ([Errno 11001] getaddrinfo failed)"))
[2026-09-17 09:30:45] === SCRAPE START ===
[2026-09-17 09:30:45] Fetching https://waitz.io/live/ucsd-rec
[2026-09-17 09:30:45] HTTP ERROR: HTTPSConnectionPool(host='waitz.io', port=443): Max retries exceeded with url: /live/ucsd-rec (Caused by NameResolutionError("HTTPSConnection(host='waitz.io', port=443): Failed to resolve 'waitz.io' ([Errno 11001] getaddrinfo failed)"))
[2026-09-17 09:45:02] === SCRAPE START ===
[2026-09-17 09:45:02] Fetching https://waitz.io/live/ucsd-rec
[2026-09-17 09:45:02] HTTP ERROR: HTTPSConnectionPool(host='waitz.io', port=443): Max retries exceeded with url: /live/ucsd-rec (Caused by NameResolutionError("HTTPSConnection(host='waitz.io', port=443): Failed to resolve 'waitz.io' ([Errno 11001] getaddrinfo failed)"))
[2026-09-17 09:45:45] === SCRAPE START ===
[2026-09-17 09:45:45] Fetching https://waitz.io/live/ucsd-rec
[2026-09-17 09:45:45] HTTP ERROR: HTTPSConnectionPool(host='waitz.io', port=443): Max retries exceeded with url: /live/ucsd-rec (Caused by NameResolutionError("HTTPSConnection(host='waitz.io', port=443): Failed to resolve 'waitz.io' ([Errno 11001] getaddrinfo failed)"))
[2026-09-17 10:00:02] === SCRAPE START ===
[2026-09-17 10:00:02] Fetching https://waitz.io/live/ucsd-rec
[2026-09-17 10:00:02] HTTP ERROR: HTTPSConnectionPool(host='waitz.io', port=443): Max retries exceeded with url: /live/ucsd-rec (Caused by NameResolutionError("HTTPSConnection(host='waitz.io', port=443): Failed to resolve 'waitz.io' ([Errno 11001] getaddrinfo failed)"))
[2026-09-17 10:00:45] === SCRAPE START ===
[2026-09-17 10:00:45] Fetching https://waitz.io/live/ucsd-rec
[2026-09-17 10:00:45] HTTP ERROR: HTTPSConnectionPool(host='waitz.io', port=443): Max retries exceeded with url: /live/ucsd-rec (Caused by NameResolutionError("HTTPSConnection(host='waitz.io', port=443): Failed to resolve 'waitz.io' ([Errno 11001] getaddrinfo failed)"))
[2026-09-17 10:15:02] === SCRAPE START ===
[2026-09-17 10:15:02] Fetching https://waitz.io/live/ucsd-rec
[2026-09-17 10:15:02] HTTP ERROR: HTTPSConnectionPool(host='waitz.io', port=443): Max retries exceeded with url: /live/ucsd-rec (Caused by NameResolutionError("HTTPSConnection(host='waitz.io', port=443): Failed to resolve 'waitz.io' ([Errno 11001] getaddrinfo failed)"))
[2026-09-17 10:15:45] === SCRAPE START ===
[2026-09-17 10:15:45] Fetching https://waitz.io/live/ucsd-rec
[2026-09-17 10:15:45] HTTP ERROR: HTTPSConnectionPool(host='waitz.io', port=443): Max retries exceeded with url: /live/ucsd-rec (Caused by NameResolutionError("HTTPSConnection(host='waitz.io', port=443): Failed to resolve 'waitz.io' ([Errno 11001] getaddrinfo failed)"))
[2026-09-17 10:30:02] === SCRAPE START ===
[2026-09-17 10:30:02] Fetching https://waitz.io/live/ucsd-rec
[2026-09-17 10:30:02] HTTP ERROR: HTTPSConnectionPool(host='waitz.io', port=443): Max retries exceeded with url: /live/ucsd-rec (Caused by NameResolutionError("HTTPSConnection(host='waitz.io', port=443): Failed to resolve 'waitz.io' ([Errno 11001] getaddrinfo failed)"))
[2026-09-17 10:30:45] === SCRAPE START ===
[2026-09-17 10:30:45] Fetching https://waitz.io/live/ucsd-rec
[2026-09-17 10:30:45] HTTP ERROR: HTTPSConnectionPool(host='waitz.io', port=443): Max retries exceeded with url: /live/ucsd-rec (Caused by NameResolutionError("HTTPSConnection(host='waitz.io', port=443): Failed to resolve 'waitz.io' ([Errno 11001] getaddrinfo failed)"))
[2026-09-17 10:45:02] === SCRAPE START ===
[2026-09-17 10:45:02] Fetching https://waitz.io/live/ucsd-rec
[2026-09-17 10:45:02] HTTP ERROR: HTTPSConnectionPool(host='waitz.io', port=443): Max retries exceeded with url: /live/ucsd-rec (Caused by NameResolutionError("HTTPSConnection(host='waitz.io', port=443): Failed to resolve 'waitz.io' ([Errno 11001] getaddrinfo failed)"))
[2026-09-17 10:45:45] === SCRAPE START ===
[2026-09-17 10:45:45] Fetching https://waitz.io/live/ucsd-rec
[2026-09-17 10:45:45] HTTP ERROR: HTTPSConnectionPool(host='waitz.io', port=443): Max retries exceeded with url: /live/ucsd-rec (Caused by NameResolutionError("HTTPSConnection(host='waitz.io', port=443): Failed to resolve 'waitz.io' ([Errno 11001] getaddrinfo failed)"))
[2026-09-17 11:00:02] === SCRAPE START ===
[2026-09-17 11:00:02] Fetching https://waitz.io/live/ucsd-rec
[2026-09-17 11:00:02] HTTP ERROR: HTTPSConnectionPool(host='waitz.io', port=443): Max retries exceeded with url: /live/ucsd-rec (Caused by NameResolutionError("HTTPSConnection(host='waitz.io', port=443): Failed to resolve 'waitz.io' ([Errno 11001] getaddrinfo failed)"))
[2026-09-17 11:00:45] === SCRAPE START ===
[2026-09-17 11:00:45] Fetching https://waitz.io/live/ucsd-rec
[2026-09-17 11:00:45] HTTP ERROR: HTTPSConnectionPool(host='waitz.io', port=443): Max retries exceeded with url: /live/ucsd-rec (Caused by NameResolutionError("HTTPSConnection(host='waitz.io', port=443): Failed to resolve 'waitz.io' ([Errno 11001] getaddrinfo failed)"))
[2026-09-17 11:15:02] === SCRAPE START ===
[2026-09-17 11:15:02] Fetching https://waitz.io/live/ucsd-rec
[2026-09-17 11:15:02] HTTP ERROR: HTTPSConnectionPool(host='waitz.io', port=443): Max retries exceeded with url: /live/ucsd-rec (Caused by NameResolutionError("HTTPSConnection(host='waitz.io', port=443): Failed to resolve 'waitz.io' ([Errno 11001] getaddrinfo failed)"))
[2026-09-17 11:15:45] === SCRAPE START ===
[2026-09-17 11:15:45] Fetching https://waitz.io/live/ucsd-rec
[2026-09-17 11:15:45] HTTP ERROR: HTTPSConnectionPool(host='waitz.io', port=443): Max retries exceeded with url: /live/ucsd-rec (Caused by NameResolutionError("HTTPSConnection(host='waitz.io', port=443): Failed to resolve 'waitz.io' ([Errno 11001] getaddrinfo failed)"))
[2026-09-17 11:30:02] === SCRAPE START ===
[2026-09-17 11:30:02] Fetching https://waitz.io/live/ucsd-rec
[2026-09-17 11:30:02] HTTP ERROR: HTTPSConnectionPool(host='waitz.io', port=443): Max retries exceeded with url: /live/ucsd-rec (Caused by NameResolutionError("HTTPSConnection(host='waitz.io', port=443): Failed to resolve 'waitz.io' ([Errno 11001] getaddrinfo failed)"))
[2026-09-17 11:30:45] === SCRAPE START ===
[2026-09-17 11:30:45] Fetching https://waitz.io/live/ucsd-rec
[2026-09-17 11:30:45] HTTP ERROR: HTTPSConnectionPool(host='waitz.io', port=443): Max retries exceeded with url: /live/ucsd-rec (Caused by NameResolutionError("HTTPSConnection(host='waitz.io', port=443): Failed to resolve 'waitz.io' ([Errno 11001] getaddrinfo failed)"))
[2026-09-17 11:45:02] === SCRAPE START ===
[2026-09-17 11:45:02] Fetching https://waitz.io/live/ucsd-rec
[2026-09-17 11:45:02] HTTP ERROR: HTTPSConnectionPool(host='waitz.io', port=443): Max retries exceeded with url: /live/ucsd-rec (Caused by NameResolutionError("HTTPSConnection(host='waitz.io', port=443): Failed to resolve 'waitz.io' ([Errno 11001] getaddrinfo failed)"))
[2026-09-17 11:45:45] === SCRAPE START ===
[2026-09-17 11:45:45] Fetching https://waitz.io/live/ucsd-rec
[2026-09-17 11:45:45] HTTP ERROR: HTTPSConnectionPool(host='waitz.io', port=443): Max retries exceeded with url: /live/ucsd-rec (Caused by NameResolutionError("HTTPSConnection(host='waitz.io', port=443): Failed to resolve 'waitz.io' ([Errno 11001] getaddrinfo failed)"))
[2026-09-17 12:00:02] === SCRAPE START ===
[2026-09-17 12:00:02] Fetching https://waitz.io/live/ucsd-rec
[2026-09-17 12:00:02] HTTP ERROR: HTTPSConnectionPool(host='waitz.io', port=443): Max retries exceeded with url: /live/ucsd-rec (Caused by NameResolutionError("HTTPSConnection(host='waitz.io', port=443): Failed to resolve 'waitz.io' ([Errno 11001] getaddrinfo failed)"))
[2026-09-17 12:00:45] === SCRAPE START ===
[2026-09-17 12:00:45] Fetching https://waitz.io/live/ucsd-rec
[2026-09-17 12:00:45] HTTP ERROR: HTTPSConnectionPool(host='waitz.io', port=443): Max retries exceeded with url: /live/ucsd-rec (Caused by NameResolutionError("HTTPSConnection(host='waitz.io', port=443): Failed to resolve 'waitz.io' ([Errno 11001] getaddrinfo failed)"))
[2026-09-17 12:15:03] === SCRAPE START ===
[2026-09-17 12:15:03] Fetching https://waitz.io/live/ucsd-rec
[2026-09-17 12:15:04] Saved 4 rows to ucsd_occupancy_history.csv
[2026-09-17 12:15:04] Main Gym Fitness Gym: 74% (Busy) people=53 capacity=72 is_open=True hour_summary=open
[2026-09-17 12:15:04] Outback Climbing Center: 17% (Closed) people=5 capacity=30 is_open=False hour_summary=Closed until 2:00pm
[2026-09-17 12:15:04] RIMAC Fitness Gym: 54% (Busy) people=35 capacity=65 is_open=True hour_summary=open
[2026-09-17 12:15:04] Triton Esports Center: 0% (Closed) people=0 capacity=35 is_open=False hour_summary=closed
[2026-09-17 12:15:04] === SCRAPE END OK ===
[2026-09-17 12:15:45] === SCRAPE START ===
[2026-09-17 12:15:45] Fetching https://waitz.io/live/ucsd-rec
[2026-09-17 12:15:46] Saved 4 rows to ucsd_occupancy_history.csv
[2026-09-17 12:15:46] Main Gym Fitness Gym: 72% (Busy) people=52 capacity=72 is_open=True hour_summary=open
[2026-09-17 12:15:46] Outback Climbing Center: 13% (Closed) people=4 capacity=30 is_open=False hour_summary=Closed until 2:00pm
[2026-09-17 12:15:46] RIMAC Fitness Gym: 52% (Busy) people=34 capacity=65 is_open=True hour_summary=open
[2026-09-17 12:15:46] Triton Esports Center: 0% (Closed) people=0 capacity=35 is_open=False hour_summary=closed
[2026-09-17 12:15:46] === SCRAPE END OK ===
[2026-09-17 12:30:02] === SCRAPE START ===
[2026-09-17 12:30:02] Fetching https://waitz.io/live/ucsd-rec
[2026-09-17 12:30:03] Saved 4 rows to ucsd_occupancy_history.csv
[2026-09-17 12:30:03] Main Gym Fitness Gym: 51% (Busy) people=37 capacity=72 is_open=True hour_summary=open
[2026-09-17 12:30:03] Outback Climbing Center: 13% (Closed) people=4 capacity=30 is_open=False hour_summary=Closed until 2:00pm
[2026-09-17 12:30:03] RIMAC Fitness Gym: 52% (Busy) people=34 capacity=65 is_open=True hour_summary=open
[2026-09-17 12:30:03] Triton Esports Center: 3% (Closed) people=1 capacity=35 is_open=False hour_summary=closed
[2026-09-17 12:30:03] === SCRAPE END OK ===
[2026-09-17 12:30:45] === SCRAPE START ===
[2026-09-17 12:30:45] Fetching https://waitz.io/live/ucsd-rec
[2026-09-17 12:30:46] Saved 4 rows to ucsd_occupancy_history.csv
[2026-09-17 12:30:46] Main Gym Fitness Gym: 51% (Busy) people=37 capacity=72 is_open=True hour_summary=open
[2026-09-17 12:30:46] Outback Climbing Center: 13% (Closed) people=4 capacity=30 is_open=False hour_summary=Closed until 2:00pm
[2026-09-17 12:30:46] RIMAC Fitness Gym: 52% (Busy) people=34 capacity=65 is_open=True hour_summary=open
[2026-09-17 12:30:46] Triton Esports Center: 3% (Closed) people=1 capacity=35 is_open=False hour_summary=closed
[2026-09-17 12:30:46] === SCRAPE END OK ===
[2026-09-17 12:45:02] === SCRAPE START ===
[2026-09-17 12:45:02] Fetching https://waitz.io/live/ucsd-rec
[2026-09-17 12:45:03] Saved 4 rows to ucsd_occupancy_history.csv
[2026-09-17 12:45:03] Main Gym Fitness Gym: 51% (Busy) people=37 capacity=72 is_open=True hour_summary=open
[2026-09-17 12:45:03] Outback Climbing Center: 17% (Closed) people=5 capacity=30 is_open=False hour_summary=Closed until 2:00pm
[2026-09-17 12:45:03] RIMAC Fitness Gym: 40% (Not Busy) people=26 capacity=65 is_open=True hour_summary=open
[2026-09-17 12:45:03] Triton Esports Center: 3% (Closed) people=1 capacity=35 is_open=False hour_summary=closed
[2026-09-17 12:45:03] === SCRAPE END OK ===
[2026-09-17 12:45:45] === SCRAPE START ===
[2026-09-17 12:45:45] Fetching https://waitz.io/live/ucsd-rec
[2026-09-17 12:45:46] Saved 4 rows to ucsd_occupancy_history.csv
[2026-09-17 12:45:46] Main Gym Fitness Gym: 51% (Busy) people=37 capacity=72 is_open=True hour_summary=open
[2026-09-17 12:45:46] Outback Climbing Center: 17% (Closed) people=5 capacity=30 is_open=False hour_summary=Closed until 2:00pm
[2026-09-17 12:45:46] RIMAC Fitness Gym: 40% (Not Busy) people=26 capacity=65 is_open=True hour_summary=open
[2026-09-17 12:45:46] Triton Esports Center: 3% (Closed) people=1 capacity=35 is_open=False hour_summary=closed
[2026-09-17 12:45:46] === SCRAPE END OK ===
[2026-09-17 13:00:02] === SCRAPE START ===
[2026-09-17 13:00:02] Fetching https://waitz.io/live/ucsd-rec
[2026-09-17 13:00:04] Saved 4 rows to ucsd_occupancy_history.csv
[2026-09-17 13:00:04] Main Gym Fitness Gym: 49% (Busy) people=35 capacity=72 is_open=True hour_summary=open
[2026-09-17 13:00:04] Outback Climbing Center: 13% (Closed) people=4 capacity=30 is_open=False hour_summary=Closed until 2:00pm
[2026-09-17 13:00:04] RIMAC Fitness Gym: 49% (Busy) people=32 capacity=65 is_open=True hour_summary=open
[2026-09-17 13:00:04] Triton Esports Center: 3% (Closed) people=1 capacity=35 is_open=False hour_summary=closed
[2026-09-17 13:00:04] === SCRAPE END OK ===
[2026-09-17 13:00:45] === SCRAPE START ===
[2026-09-17 13:00:45] Fetching https://waitz.io/live/ucsd-rec
[2026-09-17 13:00:46] Saved 4 rows to ucsd_occupancy_history.csv
[2026-09-17 13:00:46] Main Gym Fitness Gym: 46% (Busy) people=33 capacity=72 is_open=True hour_summary=open
[2026-09-17 13:00:46] Outback Climbing Center: 10% (Closed) people=3 capacity=30 is_open=False hour_summary=Closed until 2:00pm
[2026-09-17 13:00:46] RIMAC Fitness Gym: 48% (Busy) people=31 capacity=65 is_open=True hour_summary=open
[2026-09-17 13:00:46] Triton Esports Center: 3% (Closed) people=1 capacity=35 is_open=False hour_summary=closed
[2026-09-17 13:00:46] === SCRAPE END OK ===
[2026-09-17 13:15:03] === SCRAPE START ===
[2026-09-17 13:15:03] Fetching https://waitz.io/live/ucsd-rec
[2026-09-17 13:15:04] Saved 4 rows to ucsd_occupancy_history.csv
[2026-09-17 13:15:04] Main Gym Fitness Gym: 63% (Busy) people=45 capacity=72 is_open=True hour_summary=open
[2026-09-17 13:15:04] Outback Climbing Center: 20% (Closed) people=6 capacity=30 is_open=False hour_summary=Closed until 2:00pm
[2026-09-17 13:15:04] RIMAC Fitness Gym: 37% (Not Busy) people=24 capacity=65 is_open=True hour_summary=open
[2026-09-17 13:15:04] Triton Esports Center: 3% (Closed) people=1 capacity=35 is_open=False hour_summary=closed
[2026-09-17 13:15:04] === SCRAPE END OK ===
[2026-09-17 13:15:45] === SCRAPE START ===
[2026-09-17 13:15:45] Fetching https://waitz.io/live/ucsd-rec
[2026-09-17 13:15:46] Saved 4 rows to ucsd_occupancy_history.csv
[2026-09-17 13:15:46] Main Gym Fitness Gym: 60% (Busy) people=43 capacity=72 is_open=True hour_summary=open
[2026-09-17 13:15:46] Outback Climbing Center: 20% (Closed) people=6 capacity=30 is_open=False hour_summary=Closed until 2:00pm
[2026-09-17 13:15:46] RIMAC Fitness Gym: 38% (Not Busy) people=25 capacity=65 is_open=True hour_summary=open
[2026-09-17 13:15:46] Triton Esports Center: 3% (Closed) people=1 capacity=35 is_open=False hour_summary=closed
[2026-09-17 13:15:46] === SCRAPE END OK ===
[2026-09-17 13:30:02] === SCRAPE START ===
[2026-09-17 13:30:02] Fetching https://waitz.io/live/ucsd-rec
[2026-09-17 13:30:03] Saved 4 rows to ucsd_occupancy_history.csv
[2026-09-17 13:30:03] Main Gym Fitness Gym: 50% (Busy) people=36 capacity=72 is_open=True hour_summary=open
[2026-09-17 13:30:03] Outback Climbing Center: 17% (Closed) people=5 capacity=30 is_open=False hour_summary=Closed until 2:00pm
[2026-09-17 13:30:03] RIMAC Fitness Gym: 54% (Busy) people=35 capacity=65 is_open=True hour_summary=open
[2026-09-17 13:30:03] Triton Esports Center: 0% (Closed) people=0 capacity=35 is_open=False hour_summary=closed
[2026-09-17 13:30:03] === SCRAPE END OK ===
[2026-09-17 13:30:45] === SCRAPE START ===
[2026-09-17 13:30:45] Fetching https://waitz.io/live/ucsd-rec
[2026-09-17 13:30:46] Saved 4 rows to ucsd_occupancy_history.csv
[2026-09-17 13:30:46] Main Gym Fitness Gym: 50% (Busy) people=36 capacity=72 is_open=True hour_summary=open
[2026-09-17 13:30:46] Outback Climbing Center: 17% (Closed) people=5 capacity=30 is_open=False hour_summary=Closed until 2:00pm
[2026-09-17 13:30:46] RIMAC Fitness Gym: 54% (Busy) people=35 capacity=65 is_open=True hour_summary=open
[2026-09-17 13:30:46] Triton Esports Center: 0% (Closed) people=0 capacity=35 is_open=False hour_summary=closed
[2026-09-17 13:30:46] === SCRAPE END OK ===
[2026-09-17 13:45:02] === SCRAPE START ===
[2026-09-17 13:45:02] Fetching https://waitz.io/live/ucsd-rec
[2026-09-17 13:45:03] Saved 4 rows to ucsd_occupancy_history.csv
[2026-09-17 13:45:03] Main Gym Fitness Gym: 60% (Busy) people=43 capacity=72 is_open=True hour_summary=open
[2026-09-17 13:45:03] Outback Climbing Center: 23% (Closed) people=7 capacity=30 is_open=False hour_summary=Closed until 2:00pm
[2026-09-17 13:45:03] RIMAC Fitness Gym: 60% (Busy) people=39 capacity=65 is_open=True hour_summary=open
[2026-09-17 13:45:03] Triton Esports Center: 3% (Closed) people=1 capacity=35 is_open=False hour_summary=closed
[2026-09-17 13:45:03] === SCRAPE END OK ===
[2026-09-17 13:45:45] === SCRAPE START ===
[2026-09-17 13:45:45] Fetching https://waitz.io/live/ucsd-rec
[2026-09-17 13:45:46] Saved 4 rows to ucsd_occupancy_history.csv
[2026-09-17 13:45:46] Main Gym Fitness Gym: 61% (Busy) people=44 capacity=72 is_open=True hour_summary=open
[2026-09-17 13:45:46] Outback Climbing Center: 23% (Closed) people=7 capacity=30 is_open=False hour_summary=Closed until 2:00pm
[2026-09-17 13:45:46] RIMAC Fitness Gym: 60% (Busy) people=39 capacity=65 is_open=True hour_summary=open
[2026-09-17 13:45:46] Triton Esports Center: 3% (Closed) people=1 capacity=35 is_open=False hour_summary=closed
[2026-09-17 13:45:46] === SCRAPE END OK ===
[2026-09-17 14:00:02] === SCRAPE START ===
[2026-09-17 14:00:02] Fetching https://waitz.io/live/ucsd-rec
[2026-09-17 14:00:04] Saved 4 rows to ucsd_occupancy_history.csv
[2026-09-17 14:00:04] Main Gym Fitness Gym: 65% (Busy) people=47 capacity=72 is_open=True hour_summary=open
[2026-09-17 14:00:04] Outback Climbing Center: 20% (Not Busy) people=6 capacity=30 is_open=True hour_summary=open
[2026-09-17 14:00:04] RIMAC Fitness Gym: 54% (Busy) people=35 capacity=65 is_open=True hour_summary=open
[2026-09-17 14:00:04] Triton Esports Center: 6% (Closed) people=2 capacity=35 is_open=False hour_summary=closed
[2026-09-17 14:00:04] === SCRAPE END OK ===
[2026-09-17 14:00:46] === SCRAPE START ===
[2026-09-17 14:00:46] Fetching https://waitz.io/live/ucsd-rec
[2026-09-17 14:00:47] Saved 4 rows to ucsd_occupancy_history.csv
[2026-09-17 14:00:47] Main Gym Fitness Gym: 65% (Busy) people=47 capacity=72 is_open=True hour_summary=open
[2026-09-17 14:00:47] Outback Climbing Center: 17% (Not Busy) people=5 capacity=30 is_open=True hour_summary=open
[2026-09-17 14:00:47] RIMAC Fitness Gym: 52% (Busy) people=34 capacity=65 is_open=True hour_summary=open
[2026-09-17 14:00:47] Triton Esports Center: 6% (Closed) people=2 capacity=35 is_open=False hour_summary=closed
[2026-09-17 14:00:47] === SCRAPE END OK ===
[2026-09-17 14:15:02] === SCRAPE START ===
[2026-09-17 14:15:02] Fetching https://waitz.io/live/ucsd-rec
[2026-09-17 14:15:03] Saved 4 rows to ucsd_occupancy_history.csv
[2026-09-17 14:15:03] Main Gym Fitness Gym: 75% (Busy) people=54 capacity=72 is_open=True hour_summary=open
[2026-09-17 14:15:03] Outback Climbing Center: 17% (Not Busy) people=5 capacity=30 is_open=True hour_summary=open
[2026-09-17 14:15:03] RIMAC Fitness Gym: 58% (Busy) people=38 capacity=65 is_open=True hour_summary=open
[2026-09-17 14:15:03] Triton Esports Center: 3% (Closed) people=1 capacity=35 is_open=False hour_summary=closed
[2026-09-17 14:15:03] === SCRAPE END OK ===
[2026-09-17 14:15:45] === SCRAPE START ===
[2026-09-17 14:15:45] Fetching https://waitz.io/live/ucsd-rec
[2026-09-17 14:15:46] Saved 4 rows to ucsd_occupancy_history.csv
[2026-09-17 14:15:46] Main Gym Fitness Gym: 76% (Busy) people=55 capacity=72 is_open=True hour_summary=open
[2026-09-17 14:15:46] Outback Climbing Center: 17% (Not Busy) people=5 capacity=30 is_open=True hour_summary=open
[2026-09-17 14:15:46] RIMAC Fitness Gym: 58% (Busy) people=38 capacity=65 is_open=True hour_summary=open
[2026-09-17 14:15:46] Triton Esports Center: 3% (Closed) people=1 capacity=35 is_open=False hour_summary=closed
[2026-09-17 14:15:46] === SCRAPE END OK ===
[2026-09-17 14:30:02] === SCRAPE START ===
[2026-09-17 14:30:02] Fetching https://waitz.io/live/ucsd-rec
[2026-09-17 14:30:03] Saved 4 rows to ucsd_occupancy_history.csv
[2026-09-17 14:30:03] Main Gym Fitness Gym: 99% (Very Active) people=71 capacity=72 is_open=True hour_summary=open
[2026-09-17 14:30:03] Outback Climbing Center: 20% (Not Busy) people=6 capacity=30 is_open=True hour_summary=open
[2026-09-17 14:30:03] RIMAC Fitness Gym: 52% (Busy) people=34 capacity=65 is_open=True hour_summary=open
[2026-09-17 14:30:03] Triton Esports Center: 3% (Closed) people=1 capacity=35 is_open=False hour_summary=closed
[2026-09-17 14:30:03] === SCRAPE END OK ===
[2026-09-17 14:30:46] === SCRAPE START ===
[2026-09-17 14:30:46] Fetching https://waitz.io/live/ucsd-rec
[2026-09-17 14:30:47] Saved 4 rows to ucsd_occupancy_history.csv
[2026-09-17 14:30:47] Main Gym Fitness Gym: 99% (Very Active) people=71 capacity=72 is_open=True hour_summary=open
[2026-09-17 14:30:47] Outback Climbing Center: 17% (Not Busy) people=5 capacity=30 is_open=True hour_summary=open
[2026-09-17 14:30:47] RIMAC Fitness Gym: 52% (Busy) people=34 capacity=65 is_open=True hour_summary=open
[2026-09-17 14:30:47] Triton Esports Center: 3% (Closed) people=1 capacity=35 is_open=False hour_summary=closed
[2026-09-17 14:30:47] === SCRAPE END OK ===
[2026-09-17 14:45:02] === SCRAPE START ===
[2026-09-17 14:45:02] Fetching https://waitz.io/live/ucsd-rec
[2026-09-17 14:45:03] Saved 4 rows to ucsd_occupancy_history.csv
[2026-09-17 14:45:03] Main Gym Fitness Gym: 99% (Very Active) people=71 capacity=72 is_open=True hour_summary=open
[2026-09-17 14:45:03] Outback Climbing Center: 20% (Not Busy) people=6 capacity=30 is_open=True hour_summary=open
[2026-09-17 14:45:03] RIMAC Fitness Gym: 54% (Busy) people=35 capacity=65 is_open=True hour_summary=open
[2026-09-17 14:45:03] Triton Esports Center: 6% (Closed) people=2 capacity=35 is_open=False hour_summary=closed
[2026-09-17 14:45:03] === SCRAPE END OK ===
[2026-09-17 15:00:02] === SCRAPE START ===
[2026-09-17 15:00:02] Fetching https://waitz.io/live/ucsd-rec
[2026-09-17 15:00:04] Saved 4 rows to ucsd_occupancy_history.csv
[2026-09-17 15:00:04] Main Gym Fitness Gym: 99% (Very Active) people=71 capacity=72 is_open=True hour_summary=open
[2026-09-17 15:00:04] Outback Climbing Center: 10% (Not Busy) people=3 capacity=30 is_open=True hour_summary=open
[2026-09-17 15:00:04] RIMAC Fitness Gym: 68% (Busy) people=44 capacity=65 is_open=True hour_summary=open
[2026-09-17 15:00:04] Triton Esports Center: 6% (Closed) people=2 capacity=35 is_open=False hour_summary=closed
[2026-09-17 15:00:04] === SCRAPE END OK ===
[2026-09-17 15:00:45] === SCRAPE START ===
[2026-09-17 15:00:45] Fetching https://waitz.io/live/ucsd-rec
[2026-09-17 15:00:46] Saved 4 rows to ucsd_occupancy_history.csv
[2026-09-17 15:00:46] Main Gym Fitness Gym: 99% (Very Active) people=71 capacity=72 is_open=True hour_summary=open
[2026-09-17 15:00:46] Outback Climbing Center: 10% (Not Busy) people=3 capacity=30 is_open=True hour_summary=open
[2026-09-17 15:00:46] RIMAC Fitness Gym: 68% (Busy) people=44 capacity=65 is_open=True hour_summary=open
[2026-09-17 15:00:46] Triton Esports Center: 9% (Closed) people=3 capacity=35 is_open=False hour_summary=closed
[2026-09-17 15:00:46] === SCRAPE END OK ===
[2026-09-17 15:15:02] === SCRAPE START ===
[2026-09-17 15:15:02] Fetching https://waitz.io/live/ucsd-rec
[2026-09-17 15:15:03] Saved 4 rows to ucsd_occupancy_history.csv
[2026-09-17 15:15:03] Main Gym Fitness Gym: 99% (Very Active) people=71 capacity=72 is_open=True hour_summary=open
[2026-09-17 15:15:03] Outback Climbing Center: 13% (Not Busy) people=4 capacity=30 is_open=True hour_summary=open
[2026-09-17 15:15:03] RIMAC Fitness Gym: 69% (Busy) people=45 capacity=65 is_open=True hour_summary=open
[2026-09-17 15:15:03] Triton Esports Center: 6% (Closed) people=2 capacity=35 is_open=False hour_summary=closed
[2026-09-17 15:15:03] === SCRAPE END OK ===
[2026-09-17 15:15:45] === SCRAPE START ===
[2026-09-17 15:15:45] Fetching https://waitz.io/live/ucsd-rec
[2026-09-17 15:15:46] Saved 4 rows to ucsd_occupancy_history.csv
[2026-09-17 15:15:46] Main Gym Fitness Gym: 99% (Very Active) people=71 capacity=72 is_open=True hour_summary=open
[2026-09-17 15:15:46] Outback Climbing Center: 13% (Not Busy) people=4 capacity=30 is_open=True hour_summary=open
[2026-09-17 15:15:46] RIMAC Fitness Gym: 69% (Busy) people=45 capacity=65 is_open=True hour_summary=open
[2026-09-17 15:15:46] Triton Esports Center: 9% (Closed) people=3 capacity=35 is_open=False hour_summary=closed
[2026-09-17 15:15:46] === SCRAPE END OK ===
[2026-09-17 15:30:02] === SCRAPE START ===
[2026-09-17 15:30:02] Fetching https://waitz.io/live/ucsd-rec
[2026-09-17 15:30:04] Saved 4 rows to ucsd_occupancy_history.csv
[2026-09-17 15:30:04] Main Gym Fitness Gym: 99% (Very Active) people=71 capacity=72 is_open=True hour_summary=open
[2026-09-17 15:30:04] Outback Climbing Center: 10% (Not Busy) people=3 capacity=30 is_open=True hour_summary=open
[2026-09-17 15:30:04] RIMAC Fitness Gym: 72% (Busy) people=47 capacity=65 is_open=True hour_summary=open
[2026-09-17 15:30:04] Triton Esports Center: 6% (Closed) people=2 capacity=35 is_open=False hour_summary=closed
[2026-09-17 15:30:04] === SCRAPE END OK ===
[2026-09-17 15:30:45] === SCRAPE START ===
[2026-09-17 15:30:45] Fetching https://waitz.io/live/ucsd-rec
[2026-09-17 15:30:46] Saved 4 rows to ucsd_occupancy_history.csv
[2026-09-17 15:30:46] Main Gym Fitness Gym: 99% (Very Active) people=71 capacity=72 is_open=True hour_summary=open
[2026-09-17 15:30:46] Outback Climbing Center: 10% (Not Busy) people=3 capacity=30 is_open=True hour_summary=open
[2026-09-17 15:30:46] RIMAC Fitness Gym: 74% (Busy) people=48 capacity=65 is_open=True hour_summary=open
[2026-09-17 15:30:46] Triton Esports Center: 6% (Closed) people=2 capacity=35 is_open=False hour_summary=closed
[2026-09-17 15:30:46] === SCRAPE END OK ===
[2026-09-17 15:45:02] === SCRAPE START ===
[2026-09-17 15:45:02] Fetching https://waitz.io/live/ucsd-rec
[2026-09-17 15:45:03] Saved 4 rows to ucsd_occupancy_history.csv
[2026-09-17 15:45:03] Main Gym Fitness Gym: 99% (Very Active) people=71 capacity=72 is_open=True hour_summary=open
[2026-09-17 15:45:03] Outback Climbing Center: 23% (Not Busy) people=7 capacity=30 is_open=True hour_summary=open
[2026-09-17 15:45:03] RIMAC Fitness Gym: 68% (Busy) people=44 capacity=65 is_open=True hour_summary=open
[2026-09-17 15:45:03] Triton Esports Center: 6% (Closed) people=2 capacity=35 is_open=False hour_summary=closed
[2026-09-17 15:45:03] === SCRAPE END OK ===
[2026-09-17 15:45:45] === SCRAPE START ===
[2026-09-17 15:45:45] Fetching https://waitz.io/live/ucsd-rec
[2026-09-17 15:45:46] Saved 4 rows to ucsd_occupancy_history.csv
[2026-09-17 15:45:46] Main Gym Fitness Gym: 99% (Very Active) people=71 capacity=72 is_open=True hour_summary=open
[2026-09-17 15:45:46] Outback Climbing Center: 20% (Not Busy) people=6 capacity=30 is_open=True hour_summary=open
[2026-09-17 15:45:46] RIMAC Fitness Gym: 68% (Busy) people=44 capacity=65 is_open=True hour_summary=open
[2026-09-17 15:45:46] Triton Esports Center: 6% (Closed) people=2 capacity=35 is_open=False hour_summary=closed
[2026-09-17 15:45:46] === SCRAPE END OK ===
[2026-09-17 16:00:02] === SCRAPE START ===
[2026-09-17 16:00:02] Fetching https://waitz.io/live/ucsd-rec
[2026-09-17 16:00:03] Saved 4 rows to ucsd_occupancy_history.csv
[2026-09-17 16:00:03] Main Gym Fitness Gym: 99% (Very Active) people=71 capacity=72 is_open=True hour_summary=open
[2026-09-17 16:00:03] Outback Climbing Center: 13% (Not Busy) people=4 capacity=30 is_open=True hour_summary=open
[2026-09-17 16:00:03] RIMAC Fitness Gym: 71% (Busy) people=46 capacity=65 is_open=True hour_summary=open
[2026-09-17 16:00:03] Triton Esports Center: 11% (Closed) people=4 capacity=35 is_open=False hour_summary=closed
[2026-09-17 16:00:03] === SCRAPE END OK ===
[2026-09-17 16:00:45] === SCRAPE START ===
[2026-09-17 16:00:45] Fetching https://waitz.io/live/ucsd-rec
[2026-09-17 16:00:46] Saved 4 rows to ucsd_occupancy_history.csv
[2026-09-17 16:00:46] Main Gym Fitness Gym: 99% (Very Active) people=71 capacity=72 is_open=True hour_summary=open
[2026-09-17 16:00:46] Outback Climbing Center: 13% (Not Busy) people=4 capacity=30 is_open=True hour_summary=open
[2026-09-17 16:00:46] RIMAC Fitness Gym: 69% (Busy) people=45 capacity=65 is_open=True hour_summary=open
[2026-09-17 16:00:46] Triton Esports Center: 9% (Closed) people=3 capacity=35 is_open=False hour_summary=closed
[2026-09-17 16:00:46] === SCRAPE END OK ===
[2026-09-17 16:15:02] === SCRAPE START ===
[2026-09-17 16:15:02] Fetching https://waitz.io/live/ucsd-rec
[2026-09-17 16:15:03] Saved 4 rows to ucsd_occupancy_history.csv
[2026-09-17 16:15:03] Main Gym Fitness Gym: 99% (Very Active) people=71 capacity=72 is_open=True hour_summary=open
[2026-09-17 16:15:03] Outback Climbing Center: 17% (Not Busy) people=5 capacity=30 is_open=True hour_summary=open
[2026-09-17 16:15:03] RIMAC Fitness Gym: 49% (Busy) people=32 capacity=65 is_open=True hour_summary=open
[2026-09-17 16:15:03] Triton Esports Center: 0% (Closed) people=0 capacity=35 is_open=False hour_summary=closed
[2026-09-17 16:15:03] === SCRAPE END OK ===
[2026-09-17 16:15:45] === SCRAPE START ===
[2026-09-17 16:15:45] Fetching https://waitz.io/live/ucsd-rec
[2026-09-17 16:15:46] Saved 4 rows to ucsd_occupancy_history.csv
[2026-09-17 16:15:46] Main Gym Fitness Gym: 99% (Very Active) people=71 capacity=72 is_open=True hour_summary=open
[2026-09-17 16:15:46] Outback Climbing Center: 17% (Not Busy) people=5 capacity=30 is_open=True hour_summary=open
[2026-09-17 16:15:46] RIMAC Fitness Gym: 51% (Busy) people=33 capacity=65 is_open=True hour_summary=open
[2026-09-17 16:15:46] Triton Esports Center: 0% (Closed) people=0 capacity=35 is_open=False hour_summary=closed
[2026-09-17 16:15:46] === SCRAPE END OK ===
[2026-09-17 16:30:02] === SCRAPE START ===
[2026-09-17 16:30:02] Fetching https://waitz.io/live/ucsd-rec
[2026-09-17 16:30:03] Saved 4 rows to ucsd_occupancy_history.csv
[2026-09-17 16:30:03] Main Gym Fitness Gym: 99% (Very Active) people=71 capacity=72 is_open=True hour_summary=open
[2026-09-17 16:30:03] Outback Climbing Center: 7% (Not Busy) people=2 capacity=30 is_open=True hour_summary=open
[2026-09-17 16:30:03] RIMAC Fitness Gym: 62% (Busy) people=40 capacity=65 is_open=True hour_summary=open
[2026-09-17 16:30:03] Triton Esports Center: 0% (Closed) people=0 capacity=35 is_open=False hour_summary=closed
[2026-09-17 16:30:03] === SCRAPE END OK ===
[2026-09-17 16:30:45] === SCRAPE START ===
[2026-09-17 16:30:45] Fetching https://waitz.io/live/ucsd-rec
[2026-09-17 16:30:46] Saved 4 rows to ucsd_occupancy_history.csv
[2026-09-17 16:30:46] Main Gym Fitness Gym: 90% (Very Active) people=65 capacity=72 is_open=True hour_summary=open
[2026-09-17 16:30:46] Outback Climbing Center: 7% (Not Busy) people=2 capacity=30 is_open=True hour_summary=open
[2026-09-17 16:30:46] RIMAC Fitness Gym: 62% (Busy) people=40 capacity=65 is_open=True hour_summary=open
[2026-09-17 16:30:46] Triton Esports Center: 0% (Closed) people=0 capacity=35 is_open=False hour_summary=closed
[2026-09-17 16:30:46] === SCRAPE END OK ===
[2026-09-17 16:45:02] === SCRAPE START ===
[2026-09-17 16:45:02] Fetching https://waitz.io/live/ucsd-rec
[2026-09-17 16:45:03] Saved 4 rows to ucsd_occupancy_history.csv
[2026-09-17 16:45:03] Main Gym Fitness Gym: 35% (Not Busy) people=25 capacity=72 is_open=True hour_summary=open
[2026-09-17 16:45:03] Outback Climbing Center: 10% (Not Busy) people=3 capacity=30 is_open=True hour_summary=open
[2026-09-17 16:45:03] RIMAC Fitness Gym: 66% (Busy) people=43 capacity=65 is_open=True hour_summary=open
[2026-09-17 16:45:03] Triton Esports Center: 0% (Closed) people=0 capacity=35 is_open=False hour_summary=closed
[2026-09-17 16:45:03] === SCRAPE END OK ===
[2026-09-17 16:45:45] === SCRAPE START ===
[2026-09-17 16:45:45] Fetching https://waitz.io/live/ucsd-rec
[2026-09-17 16:45:46] Saved 4 rows to ucsd_occupancy_history.csv
[2026-09-17 16:45:46] Main Gym Fitness Gym: 39% (Not Busy) people=28 capacity=72 is_open=True hour_summary=open
[2026-09-17 16:45:46] Outback Climbing Center: 7% (Not Busy) people=2 capacity=30 is_open=True hour_summary=open
[2026-09-17 16:45:46] RIMAC Fitness Gym: 66% (Busy) people=43 capacity=65 is_open=True hour_summary=open
[2026-09-17 16:45:46] Triton Esports Center: 0% (Closed) people=0 capacity=35 is_open=False hour_summary=closed
[2026-09-17 16:45:46] === SCRAPE END OK ===
[2026-09-17 17:00:02] === SCRAPE START ===
[2026-09-17 17:00:02] Fetching https://waitz.io/live/ucsd-rec
[2026-09-17 17:00:04] Saved 4 rows to ucsd_occupancy_history.csv
[2026-09-17 17:00:04] Main Gym Fitness Gym: 58% (Busy) people=42 capacity=72 is_open=True hour_summary=open
[2026-09-17 17:00:04] Outback Climbing Center: 13% (Not Busy) people=4 capacity=30 is_open=True hour_summary=open
[2026-09-17 17:00:04] RIMAC Fitness Gym: 72% (Busy) people=47 capacity=65 is_open=True hour_summary=open
[2026-09-17 17:00:04] Triton Esports Center: 0% (Closed) people=0 capacity=35 is_open=False hour_summary=closed
[2026-09-17 17:00:04] === SCRAPE END OK ===
[2026-09-17 17:00:45] === SCRAPE START ===
[2026-09-17 17:00:45] Fetching https://waitz.io/live/ucsd-rec
[2026-09-17 17:00:46] Saved 4 rows to ucsd_occupancy_history.csv
[2026-09-17 17:00:46] Main Gym Fitness Gym: 58% (Busy) people=42 capacity=72 is_open=True hour_summary=open
[2026-09-17 17:00:46] Outback Climbing Center: 13% (Not Busy) people=4 capacity=30 is_open=True hour_summary=open
[2026-09-17 17:00:46] RIMAC Fitness Gym: 72% (Busy) people=47 capacity=65 is_open=True hour_summary=open
[2026-09-17 17:00:46] Triton Esports Center: 0% (Closed) people=0 capacity=35 is_open=False hour_summary=closed
[2026-09-17 17:00:46] === SCRAPE END OK ===
[2026-09-17 17:15:02] === SCRAPE START ===
[2026-09-17 17:15:02] Fetching https://waitz.io/live/ucsd-rec
[2026-09-17 17:15:03] Saved 4 rows to ucsd_occupancy_history.csv
[2026-09-17 17:15:03] Main Gym Fitness Gym: 57% (Busy) people=41 capacity=72 is_open=True hour_summary=open
[2026-09-17 17:15:03] Outback Climbing Center: 7% (Not Busy) people=2 capacity=30 is_open=True hour_summary=open
[2026-09-17 17:15:03] RIMAC Fitness Gym: 66% (Busy) people=43 capacity=65 is_open=True hour_summary=open
[2026-09-17 17:15:03] Triton Esports Center: 0% (Closed) people=0 capacity=35 is_open=False hour_summary=closed
[2026-09-17 17:15:03] === SCRAPE END OK ===
[2026-09-17 17:15:45] === SCRAPE START ===
[2026-09-17 17:15:45] Fetching https://waitz.io/live/ucsd-rec
[2026-09-17 17:15:46] Saved 4 rows to ucsd_occupancy_history.csv
[2026-09-17 17:15:46] Main Gym Fitness Gym: 57% (Busy) people=41 capacity=72 is_open=True hour_summary=open
[2026-09-17 17:15:46] Outback Climbing Center: 7% (Not Busy) people=2 capacity=30 is_open=True hour_summary=open
[2026-09-17 17:15:46] RIMAC Fitness Gym: 66% (Busy) people=43 capacity=65 is_open=True hour_summary=open
[2026-09-17 17:15:46] Triton Esports Center: 0% (Closed) people=0 capacity=35 is_open=False hour_summary=closed
[2026-09-17 17:15:46] === SCRAPE END OK ===
[2026-09-17 17:30:02] === SCRAPE START ===
[2026-09-17 17:30:02] Fetching https://waitz.io/live/ucsd-rec
[2026-09-17 17:30:03] Saved 4 rows to ucsd_occupancy_history.csv
[2026-09-17 17:30:03] Main Gym Fitness Gym: 57% (Busy) people=41 capacity=72 is_open=True hour_summary=open
[2026-09-17 17:30:03] Outback Climbing Center: 3% (Not Busy) people=1 capacity=30 is_open=True hour_summary=open
[2026-09-17 17:30:03] RIMAC Fitness Gym: 69% (Busy) people=45 capacity=65 is_open=True hour_summary=open
[2026-09-17 17:30:03] Triton Esports Center: 0% (Closed) people=0 capacity=35 is_open=False hour_summary=closed
[2026-09-17 17:30:03] === SCRAPE END OK ===
[2026-09-17 17:30:45] === SCRAPE START ===
[2026-09-17 17:30:45] Fetching https://waitz.io/live/ucsd-rec
[2026-09-17 17:30:46] Saved 4 rows to ucsd_occupancy_history.csv
[2026-09-17 17:30:46] Main Gym Fitness Gym: 57% (Busy) people=41 capacity=72 is_open=True hour_summary=open
[2026-09-17 17:30:46] Outback Climbing Center: 3% (Not Busy) people=1 capacity=30 is_open=True hour_summary=open
[2026-09-17 17:30:46] RIMAC Fitness Gym: 69% (Busy) people=45 capacity=65 is_open=True hour_summary=open
[2026-09-17 17:30:46] Triton Esports Center: 0% (Closed) people=0 capacity=35 is_open=False hour_summary=closed
[2026-09-17 17:30:46] === SCRAPE END OK ===
[2026-09-17 17:45:02] === SCRAPE START ===
[2026-09-17 17:45:02] Fetching https://waitz.io/live/ucsd-rec
[2026-09-17 17:45:03] Saved 4 rows to ucsd_occupancy_history.csv
[2026-09-17 17:45:03] Main Gym Fitness Gym: 56% (Busy) people=40 capacity=72 is_open=True hour_summary=open
[2026-09-17 17:45:03] Outback Climbing Center: 10% (Not Busy) people=3 capacity=30 is_open=True hour_summary=open
[2026-09-17 17:45:03] RIMAC Fitness Gym: 80% (Busy) people=52 capacity=65 is_open=True hour_summary=open
[2026-09-17 17:45:03] Triton Esports Center: 0% (Closed) people=0 capacity=35 is_open=False hour_summary=closed
[2026-09-17 17:45:03] === SCRAPE END OK ===
[2026-09-17 17:45:45] === SCRAPE START ===
[2026-09-17 17:45:45] Fetching https://waitz.io/live/ucsd-rec
[2026-09-17 17:45:46] Saved 4 rows to ucsd_occupancy_history.csv
[2026-09-17 17:45:46] Main Gym Fitness Gym: 57% (Busy) people=41 capacity=72 is_open=True hour_summary=open
[2026-09-17 17:45:46] Outback Climbing Center: 10% (Not Busy) people=3 capacity=30 is_open=True hour_summary=open
[2026-09-17 17:45:46] RIMAC Fitness Gym: 82% (Very Active) people=53 capacity=65 is_open=True hour_summary=open
[2026-09-17 17:45:46] Triton Esports Center: 0% (Closed) people=0 capacity=35 is_open=False hour_summary=closed
[2026-09-17 17:45:46] === SCRAPE END OK ===
[2026-09-17 18:00:02] === SCRAPE START ===
[2026-09-17 18:00:02] Fetching https://waitz.io/live/ucsd-rec
[2026-09-17 18:00:04] Saved 4 rows to ucsd_occupancy_history.csv
[2026-09-17 18:00:04] Main Gym Fitness Gym: 83% (Very Active) people=60 capacity=72 is_open=True hour_summary=open
[2026-09-17 18:00:04] Outback Climbing Center: 10% (Not Busy) people=3 capacity=30 is_open=True hour_summary=open
[2026-09-17 18:00:04] RIMAC Fitness Gym: 77% (Busy) people=50 capacity=65 is_open=True hour_summary=open
[2026-09-17 18:00:04] Triton Esports Center: 0% (Closed) people=0 capacity=35 is_open=False hour_summary=closed
[2026-09-17 18:00:04] === SCRAPE END OK ===
