[2026-08-04 00:00:01] === SCRAPE START ===
[2026-08-04 00:00:01] Fetching https://waitz.io/live/ucsd-rec
[2026-08-04 00:00:02] Saved 4 rows to ucsd_occupancy_history.csv
[2026-08-04 00:00:02] Main Gym Fitness Gym: 1% (Closed) people=1 capacity=72 is_open=False hour_summary=closed
[2026-08-04 00:00:02] Outback Climbing Center: 0% (Closed) people=0 capacity=30 is_open=False hour_summary=Closed until 2:00pm
[2026-08-04 00:00:02] RIMAC Fitness Gym: 0% (Closed) people=0 capacity=50 is_open=False hour_summary=Closed until 6:00am
[2026-08-04 00:00:02] Triton Esports Center: 0% (Closed) people=0 capacity=35 is_open=False hour_summary=closed
[2026-08-04 00:00:02] === SCRAPE END OK ===
[2026-08-04 00:15:02] === SCRAPE START ===
[2026-08-04 00:15:02] Fetching https://waitz.io/live/ucsd-rec
[2026-08-04 00:15:02] Saved 4 rows to ucsd_occupancy_history.csv
[2026-08-04 00:15:02] Main Gym Fitness Gym: 1% (Closed) people=1 capacity=72 is_open=False hour_summary=closed
[2026-08-04 00:15:02] Outback Climbing Center: 0% (Closed) people=0 capacity=30 is_open=False hour_summary=Closed until 2:00pm
[2026-08-04 00:15:02] RIMAC Fitness Gym: 2% (Closed) people=1 capacity=50 is_open=False hour_summary=Closed until 6:00am
[2026-08-04 00:15:02] Triton Esports Center: 0% (Closed) people=0 capacity=35 is_open=False hour_summary=closed
[2026-08-04 00:15:02] === SCRAPE END OK ===
[2026-08-04 00:30:02] === SCRAPE START ===
[2026-08-04 00:30:02] Fetching https://waitz.io/live/ucsd-rec
[2026-08-04 00:30:04] Saved 4 rows to ucsd_occupancy_history.csv
[2026-08-04 00:30:04] Main Gym Fitness Gym: 0% (Closed) people=0 capacity=72 is_open=False hour_summary=closed
[2026-08-04 00:30:04] Outback Climbing Center: 0% (Closed) people=0 capacity=30 is_open=False hour_summary=Closed until 2:00pm
[2026-08-04 00:30:04] RIMAC Fitness Gym: 0% (Closed) people=0 capacity=50 is_open=False hour_summary=Closed until 6:00am
[2026-08-04 00:30:04] Triton Esports Center: 0% (Closed) people=0 capacity=35 is_open=False hour_summary=closed
[2026-08-04 00:30:04] === SCRAPE END OK ===
[2026-08-04 00:45:02] === SCRAPE START ===
[2026-08-04 00:45:02] Fetching https://waitz.io/live/ucsd-rec
[2026-08-04 00:45:03] Saved 4 rows to ucsd_occupancy_history.csv
[2026-08-04 00:45:03] Main Gym Fitness Gym: 1% (Closed) people=1 capacity=72 is_open=False hour_summary=closed
[2026-08-04 00:45:03] Outback Climbing Center: 0% (Closed) people=0 capacity=30 is_open=False hour_summary=Closed until 2:00pm
[2026-08-04 00:45:03] RIMAC Fitness Gym: 0% (Closed) people=0 capacity=50 is_open=False hour_summary=Closed until 6:00am
[2026-08-04 00:45:03] Triton Esports Center: 0% (Closed) people=0 capacity=35 is_open=False hour_summary=closed
[2026-08-04 00:45:03] === SCRAPE END OK ===
[2026-08-04 01:00:02] === SCRAPE START ===
[2026-08-04 01:00:02] Fetching https://waitz.io/live/ucsd-rec
[2026-08-04 01:00:03] Saved 4 rows to ucsd_occupancy_history.csv
[2026-08-04 01:00:03] Main Gym Fitness Gym: 0% (Closed) people=0 capacity=72 is_open=False hour_summary=closed
[2026-08-04 01:00:03] Outback Climbing Center: 0% (Closed) people=0 capacity=30 is_open=False hour_summary=Closed until 2:00pm
[2026-08-04 01:00:03] RIMAC Fitness Gym: 0% (Closed) people=0 capacity=50 is_open=False hour_summary=Closed until 6:00am
[2026-08-04 01:00:03] Triton Esports Center: 0% (Closed) people=0 capacity=35 is_open=False hour_summary=closed
[2026-08-04 01:00:03] === SCRAPE END OK ===
[2026-08-04 01:15:02] === SCRAPE START ===
[2026-08-04 01:15:02] Fetching https://waitz.io/live/ucsd-rec
[2026-08-04 01:15:03] Saved 4 rows to ucsd_occupancy_history.csv
[2026-08-04 01:15:03] Main Gym Fitness Gym: 1% (Closed) people=1 capacity=72 is_open=False hour_summary=closed
[2026-08-04 01:15:03] Outback Climbing Center: 0% (Closed) people=0 capacity=30 is_open=False hour_summary=Closed until 2:00pm
[2026-08-04 01:15:03] RIMAC Fitness Gym: 2% (Closed) people=1 capacity=50 is_open=False hour_summary=Closed until 6:00am
[2026-08-04 01:15:03] Triton Esports Center: 0% (Closed) people=0 capacity=35 is_open=False hour_summary=closed
[2026-08-04 01:15:03] === SCRAPE END OK ===
[2026-08-04 01:30:02] === SCRAPE START ===
[2026-08-04 01:30:02] Fetching https://waitz.io/live/ucsd-rec
[2026-08-04 01:30:04] Saved 4 rows to ucsd_occupancy_history.csv
[2026-08-04 01:30:04] Main Gym Fitness Gym: 0% (Closed) people=0 capacity=72 is_open=False hour_summary=closed
[2026-08-04 01:30:04] Outback Climbing Center: 0% (Closed) people=0 capacity=30 is_open=False hour_summary=Closed until 2:00pm
[2026-08-04 01:30:04] RIMAC Fitness Gym: 0% (Closed) people=0 capacity=50 is_open=False hour_summary=Closed until 6:00am
[2026-08-04 01:30:04] Triton Esports Center: 0% (Closed) people=0 capacity=35 is_open=False hour_summary=closed
[2026-08-04 01:30:04] === SCRAPE END OK ===
[2026-08-04 01:45:02] === SCRAPE START ===
[2026-08-04 01:45:02] Fetching https://waitz.io/live/ucsd-rec
[2026-08-04 01:45:03] Saved 4 rows to ucsd_occupancy_history.csv
[2026-08-04 01:45:03] Main Gym Fitness Gym: 0% (Closed) people=0 capacity=72 is_open=False hour_summary=closed
[2026-08-04 01:45:03] Outback Climbing Center: 0% (Closed) people=0 capacity=30 is_open=False hour_summary=Closed until 2:00pm
[2026-08-04 01:45:03] RIMAC Fitness Gym: 2% (Closed) people=1 capacity=50 is_open=False hour_summary=Closed until 6:00am
[2026-08-04 01:45:03] Triton Esports Center: 0% (Closed) people=0 capacity=35 is_open=False hour_summary=closed
[2026-08-04 01:45:03] === SCRAPE END OK ===
[2026-08-04 02:00:02] === SCRAPE START ===
[2026-08-04 02:00:02] Fetching https://waitz.io/live/ucsd-rec
[2026-08-04 02:00:04] Saved 4 rows to ucsd_occupancy_history.csv
[2026-08-04 02:00:04] Main Gym Fitness Gym: 0% (Closed) people=0 capacity=72 is_open=False hour_summary=closed
[2026-08-04 02:00:04] Outback Climbing Center: 0% (Closed) people=0 capacity=30 is_open=False hour_summary=Closed until 2:00pm
[2026-08-04 02:00:04] RIMAC Fitness Gym: 0% (Closed) people=0 capacity=50 is_open=False hour_summary=Closed until 6:00am
[2026-08-04 02:00:04] Triton Esports Center: 0% (Closed) people=0 capacity=35 is_open=False hour_summary=closed
[2026-08-04 02:00:04] === SCRAPE END OK ===
[2026-08-04 02:15:02] === SCRAPE START ===
[2026-08-04 02:15:02] Fetching https://waitz.io/live/ucsd-rec
[2026-08-04 02:15:03] Saved 4 rows to ucsd_occupancy_history.csv
[2026-08-04 02:15:03] Main Gym Fitness Gym: 0% (Closed) people=0 capacity=72 is_open=False hour_summary=closed
[2026-08-04 02:15:03] Outback Climbing Center: 0% (Closed) people=0 capacity=30 is_open=False hour_summary=Closed until 2:00pm
[2026-08-04 02:15:03] RIMAC Fitness Gym: 0% (Closed) people=0 capacity=50 is_open=False hour_summary=Closed until 6:00am
[2026-08-04 02:15:03] Triton Esports Center: 0% (Closed) people=0 capacity=35 is_open=False hour_summary=closed
[2026-08-04 02:15:03] === SCRAPE END OK ===
[2026-08-04 02:30:02] === SCRAPE START ===
[2026-08-04 02:30:02] Fetching https://waitz.io/live/ucsd-rec
[2026-08-04 02:30:03] Saved 4 rows to ucsd_occupancy_history.csv
[2026-08-04 02:30:03] Main Gym Fitness Gym: 1% (Closed) people=1 capacity=72 is_open=False hour_summary=closed
[2026-08-04 02:30:03] Outback Climbing Center: 0% (Closed) people=0 capacity=30 is_open=False hour_summary=Closed until 2:00pm
[2026-08-04 02:30:03] RIMAC Fitness Gym: 2% (Closed) people=1 capacity=50 is_open=False hour_summary=Closed until 6:00am
[2026-08-04 02:30:03] Triton Esports Center: 0% (Closed) people=0 capacity=35 is_open=False hour_summary=closed
[2026-08-04 02:30:03] === SCRAPE END OK ===
[2026-08-04 02:45:02] === SCRAPE START ===
[2026-08-04 02:45:02] Fetching https://waitz.io/live/ucsd-rec
[2026-08-04 02:45:03] Saved 4 rows to ucsd_occupancy_history.csv
[2026-08-04 02:45:03] Main Gym Fitness Gym: 0% (Closed) people=0 capacity=72 is_open=False hour_summary=closed
[2026-08-04 02:45:03] Outback Climbing Center: 0% (Closed) people=0 capacity=30 is_open=False hour_summary=Closed until 2:00pm
[2026-08-04 02:45:03] RIMAC Fitness Gym: 2% (Closed) people=1 capacity=50 is_open=False hour_summary=Closed until 6:00am
[2026-08-04 02:45:03] Triton Esports Center: 0% (Closed) people=0 capacity=35 is_open=False hour_summary=closed
[2026-08-04 02:45:03] === SCRAPE END OK ===
[2026-08-04 03:00:02] === SCRAPE START ===
[2026-08-04 03:00:02] Fetching https://waitz.io/live/ucsd-rec
[2026-08-04 03:00:04] Saved 4 rows to ucsd_occupancy_history.csv
[2026-08-04 03:00:04] Main Gym Fitness Gym: 1% (Closed) people=1 capacity=72 is_open=False hour_summary=closed
[2026-08-04 03:00:04] Outback Climbing Center: 0% (Closed) people=0 capacity=30 is_open=False hour_summary=Closed until 2:00pm
[2026-08-04 03:00:04] RIMAC Fitness Gym: 2% (Closed) people=1 capacity=50 is_open=False hour_summary=Closed until 6:00am
[2026-08-04 03:00:04] Triton Esports Center: 0% (Closed) people=0 capacity=35 is_open=False hour_summary=closed
[2026-08-04 03:00:04] === SCRAPE END OK ===
[2026-08-04 03:15:02] === SCRAPE START ===
[2026-08-04 03:15:02] Fetching https://waitz.io/live/ucsd-rec
[2026-08-04 03:15:03] Saved 4 rows to ucsd_occupancy_history.csv
[2026-08-04 03:15:03] Main Gym Fitness Gym: 1% (Closed) people=1 capacity=72 is_open=False hour_summary=closed
[2026-08-04 03:15:03] Outback Climbing Center: 0% (Closed) people=0 capacity=30 is_open=False hour_summary=Closed until 2:00pm
[2026-08-04 03:15:03] RIMAC Fitness Gym: 2% (Closed) people=1 capacity=50 is_open=False hour_summary=Closed until 6:00am
[2026-08-04 03:15:03] Triton Esports Center: 0% (Closed) people=0 capacity=35 is_open=False hour_summary=closed
[2026-08-04 03:15:03] === SCRAPE END OK ===
[2026-08-04 03:30:02] === SCRAPE START ===
[2026-08-04 03:30:02] Fetching https://waitz.io/live/ucsd-rec
[2026-08-04 03:30:04] Saved 4 rows to ucsd_occupancy_history.csv
[2026-08-04 03:30:04] Main Gym Fitness Gym: 1% (Closed) people=1 capacity=72 is_open=False hour_summary=closed
[2026-08-04 03:30:04] Outback Climbing Center: 0% (Closed) people=0 capacity=30 is_open=False hour_summary=Closed until 2:00pm
[2026-08-04 03:30:04] RIMAC Fitness Gym: 2% (Closed) people=1 capacity=50 is_open=False hour_summary=Closed until 6:00am
[2026-08-04 03:30:04] Triton Esports Center: 0% (Closed) people=0 capacity=35 is_open=False hour_summary=closed
[2026-08-04 03:30:04] === SCRAPE END OK ===
[2026-08-04 03:45:02] === SCRAPE START ===
[2026-08-04 03:45:02] Fetching https://waitz.io/live/ucsd-rec
[2026-08-04 03:45:03] Saved 4 rows to ucsd_occupancy_history.csv
[2026-08-04 03:45:03] Main Gym Fitness Gym: 0% (Closed) people=0 capacity=72 is_open=False hour_summary=closed
[2026-08-04 03:45:03] Outback Climbing Center: 0% (Closed) people=0 capacity=30 is_open=False hour_summary=Closed until 2:00pm
[2026-08-04 03:45:03] RIMAC Fitness Gym: 0% (Closed) people=0 capacity=50 is_open=False hour_summary=Closed until 6:00am
[2026-08-04 03:45:03] Triton Esports Center: 0% (Closed) people=0 capacity=35 is_open=False hour_summary=closed
[2026-08-04 03:45:03] === SCRAPE END OK ===
[2026-08-04 04:00:02] === SCRAPE START ===
[2026-08-04 04:00:02] Fetching https://waitz.io/live/ucsd-rec
[2026-08-04 04:00:04] Saved 4 rows to ucsd_occupancy_history.csv
[2026-08-04 04:00:04] Main Gym Fitness Gym: 0% (Closed) people=0 capacity=72 is_open=False hour_summary=closed
[2026-08-04 04:00:04] Outback Climbing Center: 0% (Closed) people=0 capacity=30 is_open=False hour_summary=Closed until 2:00pm
[2026-08-04 04:00:04] RIMAC Fitness Gym: 0% (Closed) people=0 capacity=50 is_open=False hour_summary=Closed until 6:00am
[2026-08-04 04:00:04] Triton Esports Center: 0% (Closed) people=0 capacity=35 is_open=False hour_summary=closed
[2026-08-04 04:00:04] === SCRAPE END OK ===
[2026-08-04 04:15:02] === SCRAPE START ===
[2026-08-04 04:15:02] Fetching https://waitz.io/live/ucsd-rec
[2026-08-04 04:15:03] Saved 4 rows to ucsd_occupancy_history.csv
[2026-08-04 04:15:03] Main Gym Fitness Gym: 0% (Closed) people=0 capacity=72 is_open=False hour_summary=closed
[2026-08-04 04:15:03] Outback Climbing Center: 0% (Closed) people=0 capacity=30 is_open=False hour_summary=Closed until 2:00pm
[2026-08-04 04:15:03] RIMAC Fitness Gym: 2% (Closed) people=1 capacity=50 is_open=False hour_summary=Closed until 6:00am
[2026-08-04 04:15:03] Triton Esports Center: 0% (Closed) people=0 capacity=35 is_open=False hour_summary=closed
[2026-08-04 04:15:03] === SCRAPE END OK ===
[2026-08-04 04:30:02] === SCRAPE START ===
[2026-08-04 04:30:02] Fetching https://waitz.io/live/ucsd-rec
[2026-08-04 04:30:03] Saved 4 rows to ucsd_occupancy_history.csv
[2026-08-04 04:30:03] Main Gym Fitness Gym: 0% (Closed) people=0 capacity=72 is_open=False hour_summary=closed
[2026-08-04 04:30:03] Outback Climbing Center: 0% (Closed) people=0 capacity=30 is_open=False hour_summary=Closed until 2:00pm
[2026-08-04 04:30:03] RIMAC Fitness Gym: 2% (Closed) people=1 capacity=50 is_open=False hour_summary=Closed until 6:00am
[2026-08-04 04:30:03] Triton Esports Center: 0% (Closed) people=0 capacity=35 is_open=False hour_summary=closed
[2026-08-04 04:30:03] === SCRAPE END OK ===
[2026-08-04 04:45:03] === SCRAPE START ===
[2026-08-04 04:45:03] Fetching https://waitz.io/live/ucsd-rec
[2026-08-04 04:45:04] Saved 4 rows to ucsd_occupancy_history.csv
[2026-08-04 04:45:04] Main Gym Fitness Gym: 1% (Closed) people=1 capacity=72 is_open=False hour_summary=closed
[2026-08-04 04:45:04] Outback Climbing Center: 0% (Closed) people=0 capacity=30 is_open=False hour_summary=Closed until 2:00pm
[2026-08-04 04:45:04] RIMAC Fitness Gym: 2% (Closed) people=1 capacity=50 is_open=False hour_summary=Closed until 6:00am
[2026-08-04 04:45:04] Triton Esports Center: 0% (Closed) people=0 capacity=35 is_open=False hour_summary=closed
[2026-08-04 04:45:04] === SCRAPE END OK ===
[2026-08-04 05:00:02] === SCRAPE START ===
[2026-08-04 05:00:02] Fetching https://waitz.io/live/ucsd-rec
[2026-08-04 05:00:04] Saved 4 rows to ucsd_occupancy_history.csv
[2026-08-04 05:00:04] Main Gym Fitness Gym: 1% (Closed) people=1 capacity=72 is_open=False hour_summary=closed
[2026-08-04 05:00:04] Outback Climbing Center: 0% (Closed) people=0 capacity=30 is_open=False hour_summary=Closed until 2:00pm
[2026-08-04 05:00:04] RIMAC Fitness Gym: 6% (Closed) people=3 capacity=50 is_open=False hour_summary=Closed until 6:00am
[2026-08-04 05:00:04] Triton Esports Center: 0% (Closed) people=0 capacity=35 is_open=False hour_summary=closed
[2026-08-04 05:00:04] === SCRAPE END OK ===
[2026-08-04 05:15:02] === SCRAPE START ===
[2026-08-04 05:15:02] Fetching https://waitz.io/live/ucsd-rec
[2026-08-04 05:15:02] Saved 4 rows to ucsd_occupancy_history.csv
[2026-08-04 05:15:02] Main Gym Fitness Gym: 0% (Closed) people=0 capacity=72 is_open=False hour_summary=closed
[2026-08-04 05:15:02] Outback Climbing Center: 0% (Closed) people=0 capacity=30 is_open=False hour_summary=Closed until 2:00pm
[2026-08-04 05:15:02] RIMAC Fitness Gym: 4% (Closed) people=2 capacity=50 is_open=False hour_summary=Closed until 6:00am
[2026-08-04 05:15:02] Triton Esports Center: 0% (Closed) people=0 capacity=35 is_open=False hour_summary=closed
[2026-08-04 05:15:02] === SCRAPE END OK ===
[2026-08-04 05:30:02] === SCRAPE START ===
[2026-08-04 05:30:02] Fetching https://waitz.io/live/ucsd-rec
[2026-08-04 05:30:03] Saved 4 rows to ucsd_occupancy_history.csv
[2026-08-04 05:30:03] Main Gym Fitness Gym: 1% (Closed) people=1 capacity=72 is_open=False hour_summary=closed
[2026-08-04 05:30:03] Outback Climbing Center: 0% (Closed) people=0 capacity=30 is_open=False hour_summary=Closed until 2:00pm
[2026-08-04 05:30:03] RIMAC Fitness Gym: 2% (Closed) people=1 capacity=50 is_open=False hour_summary=Closed until 6:00am
[2026-08-04 05:30:03] Triton Esports Center: 0% (Closed) people=0 capacity=35 is_open=False hour_summary=closed
[2026-08-04 05:30:03] === SCRAPE END OK ===
[2026-08-04 05:45:02] === SCRAPE START ===
[2026-08-04 05:45:02] Fetching https://waitz.io/live/ucsd-rec
[2026-08-04 05:45:02] Saved 4 rows to ucsd_occupancy_history.csv
[2026-08-04 05:45:02] Main Gym Fitness Gym: 1% (Closed) people=1 capacity=72 is_open=False hour_summary=closed
[2026-08-04 05:45:02] Outback Climbing Center: 0% (Closed) people=0 capacity=30 is_open=False hour_summary=Closed until 2:00pm
[2026-08-04 05:45:02] RIMAC Fitness Gym: 4% (Closed) people=2 capacity=50 is_open=False hour_summary=Closed until 6:00am
[2026-08-04 05:45:02] Triton Esports Center: 0% (Closed) people=0 capacity=35 is_open=False hour_summary=closed
[2026-08-04 05:45:02] === SCRAPE END OK ===
[2026-08-04 06:00:02] === SCRAPE START ===
[2026-08-04 06:00:02] Fetching https://waitz.io/live/ucsd-rec
[2026-08-04 06:00:03] Saved 4 rows to ucsd_occupancy_history.csv
[2026-08-04 06:00:03] Main Gym Fitness Gym: 1% (Closed) people=1 capacity=72 is_open=False hour_summary=closed
[2026-08-04 06:00:03] Outback Climbing Center: 0% (Closed) people=0 capacity=30 is_open=False hour_summary=Closed until 2:00pm
[2026-08-04 06:00:03] RIMAC Fitness Gym: 4% (Not Busy) people=2 capacity=50 is_open=True hour_summary=open
[2026-08-04 06:00:03] Triton Esports Center: 0% (Closed) people=0 capacity=35 is_open=False hour_summary=closed
[2026-08-04 06:00:03] === SCRAPE END OK ===
[2026-08-04 06:15:02] === SCRAPE START ===
[2026-08-04 06:15:02] Fetching https://waitz.io/live/ucsd-rec
[2026-08-04 06:15:03] Saved 4 rows to ucsd_occupancy_history.csv
[2026-08-04 06:15:03] Main Gym Fitness Gym: 1% (Closed) people=1 capacity=72 is_open=False hour_summary=closed
[2026-08-04 06:15:03] Outback Climbing Center: 0% (Closed) people=0 capacity=30 is_open=False hour_summary=Closed until 2:00pm
[2026-08-04 06:15:03] RIMAC Fitness Gym: 42% (Not Busy) people=21 capacity=50 is_open=True hour_summary=open
[2026-08-04 06:15:03] Triton Esports Center: 0% (Closed) people=0 capacity=35 is_open=False hour_summary=closed
[2026-08-04 06:15:03] === SCRAPE END OK ===
[2026-08-04 06:30:02] === SCRAPE START ===
[2026-08-04 06:30:02] Fetching https://waitz.io/live/ucsd-rec
[2026-08-04 06:30:04] Saved 4 rows to ucsd_occupancy_history.csv
[2026-08-04 06:30:04] Main Gym Fitness Gym: 1% (Closed) people=1 capacity=72 is_open=False hour_summary=closed
[2026-08-04 06:30:04] Outback Climbing Center: 0% (Closed) people=0 capacity=30 is_open=False hour_summary=Closed until 2:00pm
[2026-08-04 06:30:04] RIMAC Fitness Gym: 40% (Not Busy) people=20 capacity=50 is_open=True hour_summary=open
[2026-08-04 06:30:04] Triton Esports Center: 0% (Closed) people=0 capacity=35 is_open=False hour_summary=closed
[2026-08-04 06:30:04] === SCRAPE END OK ===
[2026-08-04 06:45:02] === SCRAPE START ===
[2026-08-04 06:45:02] Fetching https://waitz.io/live/ucsd-rec
[2026-08-04 06:45:03] Saved 4 rows to ucsd_occupancy_history.csv
[2026-08-04 06:45:03] Main Gym Fitness Gym: 0% (Closed) people=0 capacity=72 is_open=False hour_summary=closed
[2026-08-04 06:45:03] Outback Climbing Center: 0% (Closed) people=0 capacity=30 is_open=False hour_summary=Closed until 2:00pm
[2026-08-04 06:45:03] RIMAC Fitness Gym: 42% (Not Busy) people=21 capacity=50 is_open=True hour_summary=open
[2026-08-04 06:45:03] Triton Esports Center: 0% (Closed) people=0 capacity=35 is_open=False hour_summary=closed
[2026-08-04 06:45:03] === SCRAPE END OK ===
[2026-08-04 07:00:02] === SCRAPE START ===
[2026-08-04 07:00:02] Fetching https://waitz.io/live/ucsd-rec
[2026-08-04 07:00:04] Saved 4 rows to ucsd_occupancy_history.csv
[2026-08-04 07:00:04] Main Gym Fitness Gym: 1% (Closed) people=1 capacity=72 is_open=False hour_summary=closed
[2026-08-04 07:00:04] Outback Climbing Center: 0% (Closed) people=0 capacity=30 is_open=False hour_summary=Closed until 2:00pm
[2026-08-04 07:00:04] RIMAC Fitness Gym: 40% (Not Busy) people=20 capacity=50 is_open=True hour_summary=open
[2026-08-04 07:00:04] Triton Esports Center: 0% (Closed) people=0 capacity=35 is_open=False hour_summary=closed
[2026-08-04 07:00:04] === SCRAPE END OK ===
[2026-08-04 07:15:02] === SCRAPE START ===
[2026-08-04 07:15:02] Fetching https://waitz.io/live/ucsd-rec
[2026-08-04 07:15:03] Saved 4 rows to ucsd_occupancy_history.csv
[2026-08-04 07:15:03] Main Gym Fitness Gym: 1% (Closed) people=1 capacity=72 is_open=False hour_summary=closed
[2026-08-04 07:15:03] Outback Climbing Center: 0% (Closed) people=0 capacity=30 is_open=False hour_summary=Closed until 2:00pm
[2026-08-04 07:15:03] RIMAC Fitness Gym: 48% (Busy) people=24 capacity=50 is_open=True hour_summary=open
[2026-08-04 07:15:03] Triton Esports Center: 0% (Closed) people=0 capacity=35 is_open=False hour_summary=closed
[2026-08-04 07:15:03] === SCRAPE END OK ===
[2026-08-04 07:30:02] === SCRAPE START ===
[2026-08-04 07:30:02] Fetching https://waitz.io/live/ucsd-rec
[2026-08-04 07:30:03] Saved 4 rows to ucsd_occupancy_history.csv
[2026-08-04 07:30:03] Main Gym Fitness Gym: 1% (Closed) people=1 capacity=72 is_open=False hour_summary=closed
[2026-08-04 07:30:03] Outback Climbing Center: 0% (Closed) people=0 capacity=30 is_open=False hour_summary=Closed until 2:00pm
[2026-08-04 07:30:03] RIMAC Fitness Gym: 70% (Busy) people=35 capacity=50 is_open=True hour_summary=open
[2026-08-04 07:30:03] Triton Esports Center: 0% (Closed) people=0 capacity=35 is_open=False hour_summary=closed
[2026-08-04 07:30:03] === SCRAPE END OK ===
[2026-08-04 07:45:02] === SCRAPE START ===
[2026-08-04 07:45:02] Fetching https://waitz.io/live/ucsd-rec
[2026-08-04 07:45:03] Saved 4 rows to ucsd_occupancy_history.csv
[2026-08-04 07:45:03] Main Gym Fitness Gym: 1% (Closed) people=1 capacity=72 is_open=False hour_summary=closed
[2026-08-04 07:45:03] Outback Climbing Center: 0% (Closed) people=0 capacity=30 is_open=False hour_summary=Closed until 2:00pm
[2026-08-04 07:45:03] RIMAC Fitness Gym: 62% (Busy) people=31 capacity=50 is_open=True hour_summary=open
[2026-08-04 07:45:03] Triton Esports Center: 0% (Closed) people=0 capacity=35 is_open=False hour_summary=closed
[2026-08-04 07:45:03] === SCRAPE END OK ===
[2026-08-04 08:00:02] === SCRAPE START ===
[2026-08-04 08:00:02] Fetching https://waitz.io/live/ucsd-rec
[2026-08-04 08:00:03] Saved 4 rows to ucsd_occupancy_history.csv
[2026-08-04 08:00:03] Main Gym Fitness Gym: 3% (Closed) people=2 capacity=72 is_open=False hour_summary=closed
[2026-08-04 08:00:03] Outback Climbing Center: 0% (Closed) people=0 capacity=30 is_open=False hour_summary=Closed until 2:00pm
[2026-08-04 08:00:03] RIMAC Fitness Gym: 46% (Busy) people=23 capacity=50 is_open=True hour_summary=open
[2026-08-04 08:00:03] Triton Esports Center: 0% (Closed) people=0 capacity=35 is_open=False hour_summary=closed
[2026-08-04 08:00:03] === SCRAPE END OK ===
[2026-08-04 08:15:02] === SCRAPE START ===
[2026-08-04 08:15:02] Fetching https://waitz.io/live/ucsd-rec
[2026-08-04 08:15:03] Saved 4 rows to ucsd_occupancy_history.csv
[2026-08-04 08:15:03] Main Gym Fitness Gym: 1% (Closed) people=1 capacity=72 is_open=False hour_summary=closed
[2026-08-04 08:15:03] Outback Climbing Center: 0% (Closed) people=0 capacity=30 is_open=False hour_summary=Closed until 2:00pm
[2026-08-04 08:15:03] RIMAC Fitness Gym: 42% (Not Busy) people=21 capacity=50 is_open=True hour_summary=open
[2026-08-04 08:15:03] Triton Esports Center: 0% (Closed) people=0 capacity=35 is_open=False hour_summary=closed
[2026-08-04 08:15:03] === SCRAPE END OK ===
[2026-08-04 08:30:02] === SCRAPE START ===
[2026-08-04 08:30:02] Fetching https://waitz.io/live/ucsd-rec
[2026-08-04 08:30:03] Saved 4 rows to ucsd_occupancy_history.csv
[2026-08-04 08:30:03] Main Gym Fitness Gym: 1% (Closed) people=1 capacity=72 is_open=False hour_summary=closed
[2026-08-04 08:30:03] Outback Climbing Center: 0% (Closed) people=0 capacity=30 is_open=False hour_summary=Closed until 2:00pm
[2026-08-04 08:30:03] RIMAC Fitness Gym: 36% (Not Busy) people=18 capacity=50 is_open=True hour_summary=open
[2026-08-04 08:30:03] Triton Esports Center: 0% (Closed) people=0 capacity=35 is_open=False hour_summary=closed
[2026-08-04 08:30:03] === SCRAPE END OK ===
[2026-08-04 08:45:02] === SCRAPE START ===
[2026-08-04 08:45:02] Fetching https://waitz.io/live/ucsd-rec
[2026-08-04 08:45:03] Saved 4 rows to ucsd_occupancy_history.csv
[2026-08-04 08:45:03] Main Gym Fitness Gym: 4% (Closed) people=3 capacity=72 is_open=False hour_summary=closed
[2026-08-04 08:45:03] Outback Climbing Center: 0% (Closed) people=0 capacity=30 is_open=False hour_summary=Closed until 2:00pm
[2026-08-04 08:45:03] RIMAC Fitness Gym: 0% (Data Unavailable) people=0 capacity=50 is_open=True hour_summary=open
[2026-08-04 08:45:03] Triton Esports Center: 0% (Closed) people=0 capacity=35 is_open=False hour_summary=closed
[2026-08-04 08:45:03] === SCRAPE END OK ===
[2026-08-04 09:00:02] === SCRAPE START ===
[2026-08-04 09:00:02] Fetching https://waitz.io/live/ucsd-rec
[2026-08-04 09:00:04] Saved 4 rows to ucsd_occupancy_history.csv
[2026-08-04 09:00:04] Main Gym Fitness Gym: 11% (Closed) people=8 capacity=72 is_open=False hour_summary=closed
[2026-08-04 09:00:04] Outback Climbing Center: 0% (Closed) people=0 capacity=30 is_open=False hour_summary=Closed until 2:00pm
[2026-08-04 09:00:04] RIMAC Fitness Gym: 52% (Busy) people=26 capacity=50 is_open=True hour_summary=open
[2026-08-04 09:00:04] Triton Esports Center: 0% (Closed) people=0 capacity=35 is_open=False hour_summary=closed
[2026-08-04 09:00:04] === SCRAPE END OK ===
[2026-08-04 09:15:02] === SCRAPE START ===
[2026-08-04 09:15:02] Fetching https://waitz.io/live/ucsd-rec
[2026-08-04 09:15:03] Saved 4 rows to ucsd_occupancy_history.csv
[2026-08-04 09:15:03] Main Gym Fitness Gym: 33% (Closed) people=24 capacity=72 is_open=False hour_summary=closed
[2026-08-04 09:15:03] Outback Climbing Center: 0% (Closed) people=0 capacity=30 is_open=False hour_summary=Closed until 2:00pm
[2026-08-04 09:15:03] RIMAC Fitness Gym: 64% (Busy) people=32 capacity=50 is_open=True hour_summary=open
[2026-08-04 09:15:03] Triton Esports Center: 0% (Closed) people=0 capacity=35 is_open=False hour_summary=closed
[2026-08-04 09:15:03] === SCRAPE END OK ===
[2026-08-04 09:30:02] === SCRAPE START ===
[2026-08-04 09:30:02] Fetching https://waitz.io/live/ucsd-rec
[2026-08-04 09:30:04] Saved 4 rows to ucsd_occupancy_history.csv
[2026-08-04 09:30:04] Main Gym Fitness Gym: 22% (Closed) people=16 capacity=72 is_open=False hour_summary=closed
[2026-08-04 09:30:04] Outback Climbing Center: 0% (Closed) people=0 capacity=30 is_open=False hour_summary=Closed until 2:00pm
[2026-08-04 09:30:04] RIMAC Fitness Gym: 52% (Busy) people=26 capacity=50 is_open=True hour_summary=open
[2026-08-04 09:30:04] Triton Esports Center: 0% (Closed) people=0 capacity=35 is_open=False hour_summary=closed
[2026-08-04 09:30:04] === SCRAPE END OK ===
[2026-08-04 09:45:02] === SCRAPE START ===
[2026-08-04 09:45:02] Fetching https://waitz.io/live/ucsd-rec
[2026-08-04 09:45:02] Saved 4 rows to ucsd_occupancy_history.csv
[2026-08-04 09:45:02] Main Gym Fitness Gym: 17% (Closed) people=12 capacity=72 is_open=False hour_summary=closed
[2026-08-04 09:45:02] Outback Climbing Center: 0% (Closed) people=0 capacity=30 is_open=False hour_summary=Closed until 2:00pm
[2026-08-04 09:45:02] RIMAC Fitness Gym: 54% (Busy) people=27 capacity=50 is_open=True hour_summary=open
[2026-08-04 09:45:02] Triton Esports Center: 0% (Closed) people=0 capacity=35 is_open=False hour_summary=closed
[2026-08-04 09:45:02] === SCRAPE END OK ===
[2026-08-04 10:00:02] === SCRAPE START ===
[2026-08-04 10:00:02] Fetching https://waitz.io/live/ucsd-rec
[2026-08-04 10:00:04] Saved 4 rows to ucsd_occupancy_history.csv
[2026-08-04 10:00:04] Main Gym Fitness Gym: 25% (Closed) people=18 capacity=72 is_open=False hour_summary=closed
[2026-08-04 10:00:04] Outback Climbing Center: 0% (Closed) people=0 capacity=30 is_open=False hour_summary=Closed until 2:00pm
[2026-08-04 10:00:04] RIMAC Fitness Gym: 52% (Busy) people=26 capacity=50 is_open=True hour_summary=open
[2026-08-04 10:00:04] Triton Esports Center: 0% (Closed) people=0 capacity=35 is_open=False hour_summary=closed
[2026-08-04 10:00:04] === SCRAPE END OK ===
[2026-08-04 10:15:02] === SCRAPE START ===
[2026-08-04 10:15:02] Fetching https://waitz.io/live/ucsd-rec
[2026-08-04 10:15:03] Saved 4 rows to ucsd_occupancy_history.csv
[2026-08-04 10:15:03] Main Gym Fitness Gym: 36% (Closed) people=26 capacity=72 is_open=False hour_summary=closed
[2026-08-04 10:15:03] Outback Climbing Center: 0% (Closed) people=0 capacity=30 is_open=False hour_summary=Closed until 2:00pm
[2026-08-04 10:15:03] RIMAC Fitness Gym: 52% (Busy) people=26 capacity=50 is_open=True hour_summary=open
[2026-08-04 10:15:03] Triton Esports Center: 0% (Closed) people=0 capacity=35 is_open=False hour_summary=closed
[2026-08-04 10:15:03] === SCRAPE END OK ===
[2026-08-04 10:30:02] === SCRAPE START ===
[2026-08-04 10:30:02] Fetching https://waitz.io/live/ucsd-rec
[2026-08-04 10:30:04] Saved 4 rows to ucsd_occupancy_history.csv
[2026-08-04 10:30:04] Main Gym Fitness Gym: 47% (Closed) people=34 capacity=72 is_open=False hour_summary=closed
[2026-08-04 10:30:04] Outback Climbing Center: 0% (Closed) people=0 capacity=30 is_open=False hour_summary=Closed until 2:00pm
[2026-08-04 10:30:04] RIMAC Fitness Gym: 68% (Busy) people=34 capacity=50 is_open=True hour_summary=open
[2026-08-04 10:30:04] Triton Esports Center: 0% (Closed) people=0 capacity=35 is_open=False hour_summary=closed
[2026-08-04 10:30:04] === SCRAPE END OK ===
[2026-08-04 10:45:02] === SCRAPE START ===
[2026-08-04 10:45:02] Fetching https://waitz.io/live/ucsd-rec
[2026-08-04 10:45:03] Saved 4 rows to ucsd_occupancy_history.csv
[2026-08-04 10:45:03] Main Gym Fitness Gym: 56% (Closed) people=40 capacity=72 is_open=False hour_summary=closed
[2026-08-04 10:45:03] Outback Climbing Center: 0% (Closed) people=0 capacity=30 is_open=False hour_summary=Closed until 2:00pm
[2026-08-04 10:45:03] RIMAC Fitness Gym: 64% (Busy) people=32 capacity=50 is_open=True hour_summary=open
[2026-08-04 10:45:03] Triton Esports Center: 0% (Closed) people=0 capacity=35 is_open=False hour_summary=closed
[2026-08-04 10:45:03] === SCRAPE END OK ===
[2026-08-04 11:00:02] === SCRAPE START ===
[2026-08-04 11:00:02] Fetching https://waitz.io/live/ucsd-rec
[2026-08-04 11:00:04] Saved 4 rows to ucsd_occupancy_history.csv
[2026-08-04 11:00:04] Main Gym Fitness Gym: 54% (Closed) people=39 capacity=72 is_open=False hour_summary=closed
[2026-08-04 11:00:04] Outback Climbing Center: 0% (Closed) people=0 capacity=30 is_open=False hour_summary=Closed until 2:00pm
[2026-08-04 11:00:04] RIMAC Fitness Gym: 58% (Busy) people=29 capacity=50 is_open=True hour_summary=open
[2026-08-04 11:00:04] Triton Esports Center: 0% (Closed) people=0 capacity=35 is_open=False hour_summary=closed
[2026-08-04 11:00:04] === SCRAPE END OK ===
[2026-08-04 11:15:02] === SCRAPE START ===
[2026-08-04 11:15:02] Fetching https://waitz.io/live/ucsd-rec
[2026-08-04 11:15:03] Saved 4 rows to ucsd_occupancy_history.csv
[2026-08-04 11:15:03] Main Gym Fitness Gym: 40% (Closed) people=29 capacity=72 is_open=False hour_summary=closed
[2026-08-04 11:15:03] Outback Climbing Center: 0% (Closed) people=0 capacity=30 is_open=False hour_summary=Closed until 2:00pm
[2026-08-04 11:15:03] RIMAC Fitness Gym: 48% (Busy) people=24 capacity=50 is_open=True hour_summary=open
[2026-08-04 11:15:03] Triton Esports Center: 0% (Closed) people=0 capacity=35 is_open=False hour_summary=closed
[2026-08-04 11:15:03] === SCRAPE END OK ===
[2026-08-04 11:30:02] === SCRAPE START ===
[2026-08-04 11:30:02] Fetching https://waitz.io/live/ucsd-rec
[2026-08-04 11:30:03] Saved 4 rows to ucsd_occupancy_history.csv
[2026-08-04 11:30:03] Main Gym Fitness Gym: 39% (Closed) people=28 capacity=72 is_open=False hour_summary=closed
[2026-08-04 11:30:03] Outback Climbing Center: 0% (Closed) people=0 capacity=30 is_open=False hour_summary=Closed until 2:00pm
[2026-08-04 11:30:03] RIMAC Fitness Gym: 48% (Busy) people=24 capacity=50 is_open=True hour_summary=open
[2026-08-04 11:30:03] Triton Esports Center: 0% (Closed) people=0 capacity=35 is_open=False hour_summary=closed
[2026-08-04 11:30:03] === SCRAPE END OK ===
[2026-08-04 11:45:02] === SCRAPE START ===
[2026-08-04 11:45:02] Fetching https://waitz.io/live/ucsd-rec
[2026-08-04 11:45:03] Saved 4 rows to ucsd_occupancy_history.csv
[2026-08-04 11:45:03] Main Gym Fitness Gym: 36% (Closed) people=26 capacity=72 is_open=False hour_summary=closed
[2026-08-04 11:45:03] Outback Climbing Center: 0% (Closed) people=0 capacity=30 is_open=False hour_summary=Closed until 2:00pm
[2026-08-04 11:45:03] RIMAC Fitness Gym: 48% (Busy) people=24 capacity=50 is_open=True hour_summary=open
[2026-08-04 11:45:03] Triton Esports Center: 0% (Closed) people=0 capacity=35 is_open=False hour_summary=closed
[2026-08-04 11:45:03] === SCRAPE END OK ===
[2026-08-04 12:00:02] === SCRAPE START ===
[2026-08-04 12:00:02] Fetching https://waitz.io/live/ucsd-rec
[2026-08-04 12:00:03] Saved 4 rows to ucsd_occupancy_history.csv
[2026-08-04 12:00:03] Main Gym Fitness Gym: 39% (Closed) people=28 capacity=72 is_open=False hour_summary=closed
[2026-08-04 12:00:03] Outback Climbing Center: 0% (Closed) people=0 capacity=30 is_open=False hour_summary=Closed until 2:00pm
[2026-08-04 12:00:03] RIMAC Fitness Gym: 58% (Busy) people=29 capacity=50 is_open=True hour_summary=open
[2026-08-04 12:00:03] Triton Esports Center: 0% (Closed) people=0 capacity=35 is_open=False hour_summary=closed
[2026-08-04 12:00:03] === SCRAPE END OK ===
[2026-08-04 12:15:02] === SCRAPE START ===
[2026-08-04 12:15:02] Fetching https://waitz.io/live/ucsd-rec
[2026-08-04 12:15:05] Saved 4 rows to ucsd_occupancy_history.csv
[2026-08-04 12:15:05] Main Gym Fitness Gym: 21% (Closed) people=15 capacity=72 is_open=False hour_summary=closed
[2026-08-04 12:15:05] Outback Climbing Center: 0% (Closed) people=0 capacity=30 is_open=False hour_summary=Closed until 2:00pm
[2026-08-04 12:15:05] RIMAC Fitness Gym: 58% (Busy) people=29 capacity=50 is_open=True hour_summary=open
[2026-08-04 12:15:05] Triton Esports Center: 0% (Closed) people=0 capacity=35 is_open=False hour_summary=closed
[2026-08-04 12:15:05] === SCRAPE END OK ===
[2026-08-04 12:30:02] === SCRAPE START ===
[2026-08-04 12:30:02] Fetching https://waitz.io/live/ucsd-rec
[2026-08-04 12:30:04] Saved 4 rows to ucsd_occupancy_history.csv
[2026-08-04 12:30:04] Main Gym Fitness Gym: 14% (Closed) people=10 capacity=72 is_open=False hour_summary=closed
[2026-08-04 12:30:04] Outback Climbing Center: 0% (Closed) people=0 capacity=30 is_open=False hour_summary=Closed until 2:00pm
[2026-08-04 12:30:04] RIMAC Fitness Gym: 58% (Busy) people=29 capacity=50 is_open=True hour_summary=open
[2026-08-04 12:30:04] Triton Esports Center: 0% (Closed) people=0 capacity=35 is_open=False hour_summary=closed
[2026-08-04 12:30:04] === SCRAPE END OK ===
[2026-08-04 12:45:02] === SCRAPE START ===
[2026-08-04 12:45:02] Fetching https://waitz.io/live/ucsd-rec
[2026-08-04 12:45:03] Saved 4 rows to ucsd_occupancy_history.csv
[2026-08-04 12:45:03] Main Gym Fitness Gym: 18% (Closed) people=13 capacity=72 is_open=False hour_summary=closed
[2026-08-04 12:45:03] Outback Climbing Center: 0% (Closed) people=0 capacity=30 is_open=False hour_summary=Closed until 2:00pm
[2026-08-04 12:45:03] RIMAC Fitness Gym: 58% (Busy) people=29 capacity=50 is_open=True hour_summary=open
[2026-08-04 12:45:03] Triton Esports Center: 0% (Closed) people=0 capacity=35 is_open=False hour_summary=closed
[2026-08-04 12:45:03] === SCRAPE END OK ===
[2026-08-04 13:00:02] === SCRAPE START ===
[2026-08-04 13:00:02] Fetching https://waitz.io/live/ucsd-rec
[2026-08-04 13:00:04] Saved 4 rows to ucsd_occupancy_history.csv
[2026-08-04 13:00:04] Main Gym Fitness Gym: 19% (Closed) people=14 capacity=72 is_open=False hour_summary=closed
[2026-08-04 13:00:04] Outback Climbing Center: 0% (Closed) people=0 capacity=30 is_open=False hour_summary=Closed until 2:00pm
[2026-08-04 13:00:04] RIMAC Fitness Gym: 52% (Busy) people=26 capacity=50 is_open=True hour_summary=open
[2026-08-04 13:00:04] Triton Esports Center: 0% (Closed) people=0 capacity=35 is_open=False hour_summary=closed
[2026-08-04 13:00:04] === SCRAPE END OK ===
[2026-08-04 13:15:02] === SCRAPE START ===
[2026-08-04 13:15:02] Fetching https://waitz.io/live/ucsd-rec
[2026-08-04 13:15:03] Saved 4 rows to ucsd_occupancy_history.csv
[2026-08-04 13:15:03] Main Gym Fitness Gym: 14% (Closed) people=10 capacity=72 is_open=False hour_summary=closed
[2026-08-04 13:15:03] Outback Climbing Center: 0% (Closed) people=0 capacity=30 is_open=False hour_summary=Closed until 2:00pm
[2026-08-04 13:15:03] RIMAC Fitness Gym: 66% (Busy) people=33 capacity=50 is_open=True hour_summary=open
[2026-08-04 13:15:03] Triton Esports Center: 0% (Closed) people=0 capacity=35 is_open=False hour_summary=closed
[2026-08-04 13:15:03] === SCRAPE END OK ===
[2026-08-04 13:30:02] === SCRAPE START ===
[2026-08-04 13:30:02] Fetching https://waitz.io/live/ucsd-rec
[2026-08-04 13:30:04] Saved 4 rows to ucsd_occupancy_history.csv
[2026-08-04 13:30:04] Main Gym Fitness Gym: 14% (Closed) people=10 capacity=72 is_open=False hour_summary=closed
[2026-08-04 13:30:04] Outback Climbing Center: 0% (Closed) people=0 capacity=30 is_open=False hour_summary=Closed until 2:00pm
[2026-08-04 13:30:04] RIMAC Fitness Gym: 58% (Busy) people=29 capacity=50 is_open=True hour_summary=open
[2026-08-04 13:30:04] Triton Esports Center: 0% (Closed) people=0 capacity=35 is_open=False hour_summary=closed
[2026-08-04 13:30:04] === SCRAPE END OK ===
[2026-08-04 15:46:50] === SCRAPE START ===
[2026-08-04 15:46:50] Fetching https://waitz.io/live/ucsd-rec
[2026-08-04 15:46:51] Saved 4 rows to ucsd_occupancy_history.csv
[2026-08-04 15:46:51] Main Gym Fitness Gym: 14% (Closed) people=10 capacity=72 is_open=False hour_summary=closed
[2026-08-04 15:46:51] Outback Climbing Center: 0% (Data Unavailable) people=0 capacity=30 is_open=True hour_summary=open
[2026-08-04 15:46:51] RIMAC Fitness Gym: 64% (Busy) people=32 capacity=50 is_open=True hour_summary=open
[2026-08-04 15:46:51] Triton Esports Center: 0% (Closed) people=0 capacity=35 is_open=False hour_summary=closed
[2026-08-04 15:46:51] === SCRAPE END OK ===
[2026-08-04 16:00:02] === SCRAPE START ===
[2026-08-04 16:00:02] Fetching https://waitz.io/live/ucsd-rec
[2026-08-04 16:00:03] Saved 4 rows to ucsd_occupancy_history.csv
[2026-08-04 16:00:03] Main Gym Fitness Gym: 13% (Closed) people=9 capacity=72 is_open=False hour_summary=closed
[2026-08-04 16:00:03] Outback Climbing Center: 0% (Data Unavailable) people=0 capacity=30 is_open=True hour_summary=open
[2026-08-04 16:00:03] RIMAC Fitness Gym: 74% (Busy) people=37 capacity=50 is_open=True hour_summary=open
[2026-08-04 16:00:03] Triton Esports Center: 0% (Closed) people=0 capacity=35 is_open=False hour_summary=closed
[2026-08-04 16:00:03] === SCRAPE END OK ===
[2026-08-04 16:15:02] === SCRAPE START ===
[2026-08-04 16:15:02] Fetching https://waitz.io/live/ucsd-rec
[2026-08-04 16:15:03] Saved 4 rows to ucsd_occupancy_history.csv
[2026-08-04 16:15:03] Main Gym Fitness Gym: 15% (Closed) people=11 capacity=72 is_open=False hour_summary=closed
[2026-08-04 16:15:03] Outback Climbing Center: 0% (Data Unavailable) people=0 capacity=30 is_open=True hour_summary=open
[2026-08-04 16:15:03] RIMAC Fitness Gym: 70% (Busy) people=35 capacity=50 is_open=True hour_summary=open
[2026-08-04 16:15:03] Triton Esports Center: 0% (Closed) people=0 capacity=35 is_open=False hour_summary=closed
[2026-08-04 16:15:03] === SCRAPE END OK ===
[2026-08-04 16:30:02] === SCRAPE START ===
[2026-08-04 16:30:02] Fetching https://waitz.io/live/ucsd-rec
[2026-08-04 16:30:03] Saved 4 rows to ucsd_occupancy_history.csv
[2026-08-04 16:30:03] Main Gym Fitness Gym: 15% (Closed) people=11 capacity=72 is_open=False hour_summary=closed
[2026-08-04 16:30:03] Outback Climbing Center: 0% (Data Unavailable) people=0 capacity=30 is_open=True hour_summary=open
[2026-08-04 16:30:03] RIMAC Fitness Gym: 84% (Very Active) people=42 capacity=50 is_open=True hour_summary=open
[2026-08-04 16:30:03] Triton Esports Center: 0% (Closed) people=0 capacity=35 is_open=False hour_summary=closed
[2026-08-04 16:30:03] === SCRAPE END OK ===
[2026-08-04 16:45:02] === SCRAPE START ===
[2026-08-04 16:45:02] Fetching https://waitz.io/live/ucsd-rec
[2026-08-04 16:45:03] Saved 4 rows to ucsd_occupancy_history.csv
[2026-08-04 16:45:03] Main Gym Fitness Gym: 17% (Closed) people=12 capacity=72 is_open=False hour_summary=closed
[2026-08-04 16:45:03] Outback Climbing Center: 0% (Data Unavailable) people=0 capacity=30 is_open=True hour_summary=open
[2026-08-04 16:45:03] RIMAC Fitness Gym: 0% (Data Unavailable) people=0 capacity=50 is_open=True hour_summary=open
[2026-08-04 16:45:03] Triton Esports Center: 0% (Closed) people=0 capacity=35 is_open=False hour_summary=closed
[2026-08-04 16:45:03] === SCRAPE END OK ===
[2026-08-04 17:00:02] === SCRAPE START ===
[2026-08-04 17:00:02] Fetching https://waitz.io/live/ucsd-rec
[2026-08-04 17:00:04] Saved 4 rows to ucsd_occupancy_history.csv
[2026-08-04 17:00:04] Main Gym Fitness Gym: 21% (Closed) people=15 capacity=72 is_open=False hour_summary=closed
[2026-08-04 17:00:04] Outback Climbing Center: 0% (Data Unavailable) people=0 capacity=30 is_open=True hour_summary=open
[2026-08-04 17:00:04] RIMAC Fitness Gym: 99% (Very Active) people=50 capacity=50 is_open=True hour_summary=open
[2026-08-04 17:00:04] Triton Esports Center: 0% (Closed) people=0 capacity=35 is_open=False hour_summary=closed
[2026-08-04 17:00:04] === SCRAPE END OK ===
[2026-08-04 17:15:02] === SCRAPE START ===
[2026-08-04 17:15:02] Fetching https://waitz.io/live/ucsd-rec
[2026-08-04 17:15:03] Saved 4 rows to ucsd_occupancy_history.csv
[2026-08-04 17:15:03] Main Gym Fitness Gym: 11% (Closed) people=8 capacity=72 is_open=False hour_summary=closed
[2026-08-04 17:15:03] Outback Climbing Center: 0% (Data Unavailable) people=0 capacity=30 is_open=True hour_summary=open
[2026-08-04 17:15:03] RIMAC Fitness Gym: 99% (Very Active) people=50 capacity=50 is_open=True hour_summary=open
[2026-08-04 17:15:03] Triton Esports Center: 0% (Closed) people=0 capacity=35 is_open=False hour_summary=closed
[2026-08-04 17:15:03] === SCRAPE END OK ===
[2026-08-04 17:30:02] === SCRAPE START ===
[2026-08-04 17:30:02] Fetching https://waitz.io/live/ucsd-rec
[2026-08-04 17:30:02] Saved 4 rows to ucsd_occupancy_history.csv
[2026-08-04 17:30:02] Main Gym Fitness Gym: 13% (Closed) people=9 capacity=72 is_open=False hour_summary=closed
[2026-08-04 17:30:02] Outback Climbing Center: 0% (Data Unavailable) people=0 capacity=30 is_open=True hour_summary=open
[2026-08-04 17:30:02] RIMAC Fitness Gym: 99% (Very Active) people=50 capacity=50 is_open=True hour_summary=open
[2026-08-04 17:30:02] Triton Esports Center: 0% (Closed) people=0 capacity=35 is_open=False hour_summary=closed
[2026-08-04 17:30:02] === SCRAPE END OK ===
[2026-08-04 17:45:02] === SCRAPE START ===
[2026-08-04 17:45:02] Fetching https://waitz.io/live/ucsd-rec
[2026-08-04 17:45:03] Saved 4 rows to ucsd_occupancy_history.csv
[2026-08-04 17:45:03] Main Gym Fitness Gym: 3% (Closed) people=2 capacity=72 is_open=False hour_summary=closed
[2026-08-04 17:45:03] Outback Climbing Center: 0% (Data Unavailable) people=0 capacity=30 is_open=True hour_summary=open
[2026-08-04 17:45:03] RIMAC Fitness Gym: 99% (Very Active) people=50 capacity=50 is_open=True hour_summary=open
[2026-08-04 17:45:03] Triton Esports Center: 0% (Closed) people=0 capacity=35 is_open=False hour_summary=closed
[2026-08-04 17:45:03] === SCRAPE END OK ===
[2026-08-04 18:00:02] === SCRAPE START ===
[2026-08-04 18:00:02] Fetching https://waitz.io/live/ucsd-rec
[2026-08-04 18:00:04] Saved 4 rows to ucsd_occupancy_history.csv
[2026-08-04 18:00:04] Main Gym Fitness Gym: 10% (Closed) people=7 capacity=72 is_open=False hour_summary=closed
[2026-08-04 18:00:04] Outback Climbing Center: 0% (Data Unavailable) people=0 capacity=30 is_open=True hour_summary=open
[2026-08-04 18:00:04] RIMAC Fitness Gym: 99% (Very Active) people=50 capacity=50 is_open=True hour_summary=open
[2026-08-04 18:00:04] Triton Esports Center: 0% (Closed) people=0 capacity=35 is_open=False hour_summary=closed
[2026-08-04 18:00:04] === SCRAPE END OK ===
[2026-08-04 18:15:02] === SCRAPE START ===
[2026-08-04 18:15:02] Fetching https://waitz.io/live/ucsd-rec
[2026-08-04 18:15:03] Saved 4 rows to ucsd_occupancy_history.csv
[2026-08-04 18:15:03] Main Gym Fitness Gym: 18% (Closed) people=13 capacity=72 is_open=False hour_summary=closed
[2026-08-04 18:15:03] Outback Climbing Center: 0% (Data Unavailable) people=0 capacity=30 is_open=True hour_summary=open
[2026-08-04 18:15:03] RIMAC Fitness Gym: 82% (Very Active) people=41 capacity=50 is_open=True hour_summary=open
[2026-08-04 18:15:03] Triton Esports Center: 0% (Closed) people=0 capacity=35 is_open=False hour_summary=closed
[2026-08-04 18:15:03] === SCRAPE END OK ===
[2026-08-04 18:30:02] === SCRAPE START ===
[2026-08-04 18:30:02] Fetching https://waitz.io/live/ucsd-rec
[2026-08-04 18:30:02] Saved 4 rows to ucsd_occupancy_history.csv
[2026-08-04 18:30:02] Main Gym Fitness Gym: 18% (Closed) people=13 capacity=72 is_open=False hour_summary=closed
[2026-08-04 18:30:02] Outback Climbing Center: 0% (Data Unavailable) people=0 capacity=30 is_open=True hour_summary=open
[2026-08-04 18:30:02] RIMAC Fitness Gym: 68% (Busy) people=34 capacity=50 is_open=True hour_summary=open
[2026-08-04 18:30:02] Triton Esports Center: 0% (Closed) people=0 capacity=35 is_open=False hour_summary=closed
[2026-08-04 18:30:02] === SCRAPE END OK ===
[2026-08-04 18:45:02] === SCRAPE START ===
[2026-08-04 18:45:02] Fetching https://waitz.io/live/ucsd-rec
[2026-08-04 18:45:03] Saved 4 rows to ucsd_occupancy_history.csv
[2026-08-04 18:45:03] Main Gym Fitness Gym: 29% (Closed) people=21 capacity=72 is_open=False hour_summary=closed
[2026-08-04 18:45:03] Outback Climbing Center: 0% (Data Unavailable) people=0 capacity=30 is_open=True hour_summary=open
[2026-08-04 18:45:03] RIMAC Fitness Gym: 82% (Very Active) people=41 capacity=50 is_open=True hour_summary=open
[2026-08-04 18:45:03] Triton Esports Center: 0% (Closed) people=0 capacity=35 is_open=False hour_summary=closed
[2026-08-04 18:45:03] === SCRAPE END OK ===
[2026-08-04 19:00:02] === SCRAPE START ===
[2026-08-04 19:00:02] Fetching https://waitz.io/live/ucsd-rec
[2026-08-04 19:00:04] Saved 4 rows to ucsd_occupancy_history.csv
[2026-08-04 19:00:04] Main Gym Fitness Gym: 28% (Closed) people=20 capacity=72 is_open=False hour_summary=closed
[2026-08-04 19:00:04] Outback Climbing Center: 0% (Data Unavailable) people=0 capacity=30 is_open=True hour_summary=open
[2026-08-04 19:00:04] RIMAC Fitness Gym: 82% (Very Active) people=41 capacity=50 is_open=True hour_summary=open
[2026-08-04 19:00:04] Triton Esports Center: 0% (Closed) people=0 capacity=35 is_open=False hour_summary=closed
[2026-08-04 19:00:04] === SCRAPE END OK ===
[2026-08-04 19:15:02] === SCRAPE START ===
[2026-08-04 19:15:02] Fetching https://waitz.io/live/ucsd-rec
[2026-08-04 19:15:03] Saved 4 rows to ucsd_occupancy_history.csv
[2026-08-04 19:15:03] Main Gym Fitness Gym: 24% (Closed) people=17 capacity=72 is_open=False hour_summary=closed
[2026-08-04 19:15:03] Outback Climbing Center: 0% (Data Unavailable) people=0 capacity=30 is_open=True hour_summary=open
[2026-08-04 19:15:03] RIMAC Fitness Gym: 74% (Busy) people=37 capacity=50 is_open=True hour_summary=open
[2026-08-04 19:15:03] Triton Esports Center: 0% (Closed) people=0 capacity=35 is_open=False hour_summary=closed
[2026-08-04 19:15:03] === SCRAPE END OK ===
[2026-08-04 19:30:02] === SCRAPE START ===
[2026-08-04 19:30:02] Fetching https://waitz.io/live/ucsd-rec
[2026-08-04 19:30:03] Saved 4 rows to ucsd_occupancy_history.csv
[2026-08-04 19:30:03] Main Gym Fitness Gym: 31% (Closed) people=22 capacity=72 is_open=False hour_summary=closed
[2026-08-04 19:30:03] Outback Climbing Center: 0% (Data Unavailable) people=0 capacity=30 is_open=True hour_summary=open
[2026-08-04 19:30:03] RIMAC Fitness Gym: 68% (Busy) people=34 capacity=50 is_open=True hour_summary=open
[2026-08-04 19:30:03] Triton Esports Center: 0% (Closed) people=0 capacity=35 is_open=False hour_summary=closed
[2026-08-04 19:30:03] === SCRAPE END OK ===
[2026-08-04 19:45:02] === SCRAPE START ===
[2026-08-04 19:45:02] Fetching https://waitz.io/live/ucsd-rec
[2026-08-04 19:45:03] Saved 4 rows to ucsd_occupancy_history.csv
[2026-08-04 19:45:03] Main Gym Fitness Gym: 17% (Closed) people=12 capacity=72 is_open=False hour_summary=closed
[2026-08-04 19:45:03] Outback Climbing Center: 0% (Data Unavailable) people=0 capacity=30 is_open=True hour_summary=open
[2026-08-04 19:45:03] RIMAC Fitness Gym: 99% (Very Active) people=50 capacity=50 is_open=True hour_summary=open
[2026-08-04 19:45:03] Triton Esports Center: 0% (Closed) people=0 capacity=35 is_open=False hour_summary=closed
[2026-08-04 19:45:03] === SCRAPE END OK ===
[2026-08-04 20:00:02] === SCRAPE START ===
[2026-08-04 20:00:02] Fetching https://waitz.io/live/ucsd-rec
[2026-08-04 20:00:02] Saved 4 rows to ucsd_occupancy_history.csv
[2026-08-04 20:00:02] Main Gym Fitness Gym: 15% (Closed) people=11 capacity=72 is_open=False hour_summary=closed
[2026-08-04 20:00:02] Outback Climbing Center: 0% (Closed) people=0 capacity=30 is_open=False hour_summary=Closed until 2:00pm
[2026-08-04 20:00:02] RIMAC Fitness Gym: 96% (Very Active) people=48 capacity=50 is_open=True hour_summary=open
[2026-08-04 20:00:02] Triton Esports Center: 0% (Closed) people=0 capacity=35 is_open=False hour_summary=closed
[2026-08-04 20:00:02] === SCRAPE END OK ===
[2026-08-04 20:15:02] === SCRAPE START ===
[2026-08-04 20:15:02] Fetching https://waitz.io/live/ucsd-rec
[2026-08-04 20:15:03] Saved 4 rows to ucsd_occupancy_history.csv
[2026-08-04 20:15:03] Main Gym Fitness Gym: 3% (Closed) people=2 capacity=72 is_open=False hour_summary=closed
[2026-08-04 20:15:03] Outback Climbing Center: 0% (Closed) people=0 capacity=30 is_open=False hour_summary=Closed until 2:00pm
[2026-08-04 20:15:03] RIMAC Fitness Gym: 96% (Very Active) people=48 capacity=50 is_open=True hour_summary=open
[2026-08-04 20:15:03] Triton Esports Center: 0% (Closed) people=0 capacity=35 is_open=False hour_summary=closed
[2026-08-04 20:15:03] === SCRAPE END OK ===
[2026-08-04 20:30:02] === SCRAPE START ===
[2026-08-04 20:30:02] Fetching https://waitz.io/live/ucsd-rec
[2026-08-04 20:30:03] Saved 4 rows to ucsd_occupancy_history.csv
[2026-08-04 20:30:03] Main Gym Fitness Gym: 1% (Closed) people=1 capacity=72 is_open=False hour_summary=closed
[2026-08-04 20:30:03] Outback Climbing Center: 0% (Closed) people=0 capacity=30 is_open=False hour_summary=Closed until 2:00pm
[2026-08-04 20:30:03] RIMAC Fitness Gym: 84% (Very Active) people=42 capacity=50 is_open=True hour_summary=open
[2026-08-04 20:30:03] Triton Esports Center: 0% (Closed) people=0 capacity=35 is_open=False hour_summary=closed
[2026-08-04 20:30:03] === SCRAPE END OK ===
[2026-08-04 20:45:02] === SCRAPE START ===
[2026-08-04 20:45:02] Fetching https://waitz.io/live/ucsd-rec
[2026-08-04 20:45:03] Saved 4 rows to ucsd_occupancy_history.csv
[2026-08-04 20:45:03] Main Gym Fitness Gym: 10% (Closed) people=7 capacity=72 is_open=False hour_summary=closed
[2026-08-04 20:45:03] Outback Climbing Center: 0% (Closed) people=0 capacity=30 is_open=False hour_summary=Closed until 2:00pm
[2026-08-04 20:45:03] RIMAC Fitness Gym: 0% (Data Unavailable) people=0 capacity=50 is_open=True hour_summary=open
[2026-08-04 20:45:03] Triton Esports Center: 0% (Closed) people=0 capacity=35 is_open=False hour_summary=closed
[2026-08-04 20:45:03] === SCRAPE END OK ===
[2026-08-04 21:00:02] === SCRAPE START ===
[2026-08-04 21:00:02] Fetching https://waitz.io/live/ucsd-rec
[2026-08-04 21:00:03] Saved 4 rows to ucsd_occupancy_history.csv
[2026-08-04 21:00:03] Main Gym Fitness Gym: 1% (Closed) people=1 capacity=72 is_open=False hour_summary=closed
[2026-08-04 21:00:03] Outback Climbing Center: 0% (Closed) people=0 capacity=30 is_open=False hour_summary=Closed until 2:00pm
[2026-08-04 21:00:03] RIMAC Fitness Gym: 18% (Closed) people=9 capacity=50 is_open=False hour_summary=Closed until 6:00am
[2026-08-04 21:00:03] Triton Esports Center: 0% (Closed) people=0 capacity=35 is_open=False hour_summary=closed
[2026-08-04 21:00:03] === SCRAPE END OK ===
[2026-08-04 21:15:02] === SCRAPE START ===
[2026-08-04 21:15:02] Fetching https://waitz.io/live/ucsd-rec
[2026-08-04 21:15:03] Saved 4 rows to ucsd_occupancy_history.csv
[2026-08-04 21:15:03] Main Gym Fitness Gym: 1% (Closed) people=1 capacity=72 is_open=False hour_summary=closed
[2026-08-04 21:15:03] Outback Climbing Center: 0% (Closed) people=0 capacity=30 is_open=False hour_summary=Closed until 2:00pm
[2026-08-04 21:15:03] RIMAC Fitness Gym: 0% (Closed) people=0 capacity=50 is_open=False hour_summary=Closed until 6:00am
[2026-08-04 21:15:03] Triton Esports Center: 0% (Closed) people=0 capacity=35 is_open=False hour_summary=closed
[2026-08-04 21:15:03] === SCRAPE END OK ===
[2026-08-04 21:30:02] === SCRAPE START ===
[2026-08-04 21:30:02] Fetching https://waitz.io/live/ucsd-rec
[2026-08-04 21:30:03] Saved 4 rows to ucsd_occupancy_history.csv
[2026-08-04 21:30:03] Main Gym Fitness Gym: 1% (Closed) people=1 capacity=72 is_open=False hour_summary=closed
[2026-08-04 21:30:03] Outback Climbing Center: 0% (Closed) people=0 capacity=30 is_open=False hour_summary=Closed until 2:00pm
[2026-08-04 21:30:03] RIMAC Fitness Gym: 0% (Closed) people=0 capacity=50 is_open=False hour_summary=Closed until 6:00am
[2026-08-04 21:30:03] Triton Esports Center: 0% (Closed) people=0 capacity=35 is_open=False hour_summary=closed
[2026-08-04 21:30:03] === SCRAPE END OK ===
[2026-08-04 21:45:02] === SCRAPE START ===
[2026-08-04 21:45:02] Fetching https://waitz.io/live/ucsd-rec
[2026-08-04 21:45:03] Saved 4 rows to ucsd_occupancy_history.csv
[2026-08-04 21:45:03] Main Gym Fitness Gym: 3% (Closed) people=2 capacity=72 is_open=False hour_summary=closed
[2026-08-04 21:45:03] Outback Climbing Center: 0% (Closed) people=0 capacity=30 is_open=False hour_summary=Closed until 2:00pm
[2026-08-04 21:45:03] RIMAC Fitness Gym: 0% (Closed) people=0 capacity=50 is_open=False hour_summary=Closed until 6:00am
[2026-08-04 21:45:03] Triton Esports Center: 0% (Closed) people=0 capacity=35 is_open=False hour_summary=closed
[2026-08-04 21:45:03] === SCRAPE END OK ===
[2026-08-04 22:00:02] === SCRAPE START ===
[2026-08-04 22:00:02] Fetching https://waitz.io/live/ucsd-rec
[2026-08-04 22:00:03] Saved 4 rows to ucsd_occupancy_history.csv
[2026-08-04 22:00:03] Main Gym Fitness Gym: 1% (Closed) people=1 capacity=72 is_open=False hour_summary=closed
[2026-08-04 22:00:03] Outback Climbing Center: 0% (Closed) people=0 capacity=30 is_open=False hour_summary=Closed until 2:00pm
[2026-08-04 22:00:03] RIMAC Fitness Gym: 0% (Closed) people=0 capacity=50 is_open=False hour_summary=Closed until 6:00am
[2026-08-04 22:00:03] Triton Esports Center: 0% (Closed) people=0 capacity=35 is_open=False hour_summary=closed
[2026-08-04 22:00:03] === SCRAPE END OK ===
[2026-08-04 22:15:02] === SCRAPE START ===
[2026-08-04 22:15:02] Fetching https://waitz.io/live/ucsd-rec
[2026-08-04 22:15:03] Saved 4 rows to ucsd_occupancy_history.csv
[2026-08-04 22:15:03] Main Gym Fitness Gym: 1% (Closed) people=1 capacity=72 is_open=False hour_summary=closed
[2026-08-04 22:15:03] Outback Climbing Center: 0% (Closed) people=0 capacity=30 is_open=False hour_summary=Closed until 2:00pm
[2026-08-04 22:15:03] RIMAC Fitness Gym: 0% (Closed) people=0 capacity=50 is_open=False hour_summary=Closed until 6:00am
[2026-08-04 22:15:03] Triton Esports Center: 0% (Closed) people=0 capacity=35 is_open=False hour_summary=closed
[2026-08-04 22:15:03] === SCRAPE END OK ===
[2026-08-04 22:30:02] === SCRAPE START ===
[2026-08-04 22:30:02] Fetching https://waitz.io/live/ucsd-rec
[2026-08-04 22:30:03] Saved 4 rows to ucsd_occupancy_history.csv
[2026-08-04 22:30:03] Main Gym Fitness Gym: 0% (Closed) people=0 capacity=72 is_open=False hour_summary=closed
[2026-08-04 22:30:03] Outback Climbing Center: 0% (Closed) people=0 capacity=30 is_open=False hour_summary=Closed until 2:00pm
[2026-08-04 22:30:03] RIMAC Fitness Gym: 0% (Closed) people=0 capacity=50 is_open=False hour_summary=Closed until 6:00am
[2026-08-04 22:30:03] Triton Esports Center: 0% (Closed) people=0 capacity=35 is_open=False hour_summary=closed
[2026-08-04 22:30:03] === SCRAPE END OK ===
[2026-08-04 22:45:02] === SCRAPE START ===
[2026-08-04 22:45:02] Fetching https://waitz.io/live/ucsd-rec
[2026-08-04 22:45:03] Saved 4 rows to ucsd_occupancy_history.csv
[2026-08-04 22:45:03] Main Gym Fitness Gym: 1% (Closed) people=1 capacity=72 is_open=False hour_summary=closed
[2026-08-04 22:45:03] Outback Climbing Center: 0% (Closed) people=0 capacity=30 is_open=False hour_summary=Closed until 2:00pm
[2026-08-04 22:45:03] RIMAC Fitness Gym: 0% (Closed) people=0 capacity=50 is_open=False hour_summary=Closed until 6:00am
[2026-08-04 22:45:03] Triton Esports Center: 0% (Closed) people=0 capacity=35 is_open=False hour_summary=closed
[2026-08-04 22:45:03] === SCRAPE END OK ===
[2026-08-04 23:00:02] === SCRAPE START ===
[2026-08-04 23:00:02] Fetching https://waitz.io/live/ucsd-rec
[2026-08-04 23:00:03] Saved 4 rows to ucsd_occupancy_history.csv
[2026-08-04 23:00:03] Main Gym Fitness Gym: 1% (Closed) people=1 capacity=72 is_open=False hour_summary=closed
[2026-08-04 23:00:03] Outback Climbing Center: 0% (Closed) people=0 capacity=30 is_open=False hour_summary=Closed until 2:00pm
[2026-08-04 23:00:03] RIMAC Fitness Gym: 0% (Closed) people=0 capacity=50 is_open=False hour_summary=Closed until 6:00am
[2026-08-04 23:00:03] Triton Esports Center: 0% (Closed) people=0 capacity=35 is_open=False hour_summary=closed
[2026-08-04 23:00:03] === SCRAPE END OK ===
[2026-08-04 23:15:02] === SCRAPE START ===
[2026-08-04 23:15:02] Fetching https://waitz.io/live/ucsd-rec
[2026-08-04 23:15:03] Saved 4 rows to ucsd_occupancy_history.csv
[2026-08-04 23:15:03] Main Gym Fitness Gym: 1% (Closed) people=1 capacity=72 is_open=False hour_summary=closed
[2026-08-04 23:15:03] Outback Climbing Center: 0% (Closed) people=0 capacity=30 is_open=False hour_summary=Closed until 2:00pm
[2026-08-04 23:15:03] RIMAC Fitness Gym: 0% (Closed) people=0 capacity=50 is_open=False hour_summary=Closed until 6:00am
[2026-08-04 23:15:03] Triton Esports Center: 0% (Closed) people=0 capacity=35 is_open=False hour_summary=closed
[2026-08-04 23:15:03] === SCRAPE END OK ===
[2026-08-04 23:30:02] === SCRAPE START ===
[2026-08-04 23:30:02] Fetching https://waitz.io/live/ucsd-rec
[2026-08-04 23:30:03] Saved 4 rows to ucsd_occupancy_history.csv
[2026-08-04 23:30:03] Main Gym Fitness Gym: 1% (Closed) people=1 capacity=72 is_open=False hour_summary=closed
[2026-08-04 23:30:03] Outback Climbing Center: 0% (Closed) people=0 capacity=30 is_open=False hour_summary=Closed until 2:00pm
[2026-08-04 23:30:03] RIMAC Fitness Gym: 0% (Closed) people=0 capacity=50 is_open=False hour_summary=Closed until 6:00am
[2026-08-04 23:30:03] Triton Esports Center: 0% (Closed) people=0 capacity=35 is_open=False hour_summary=closed
[2026-08-04 23:30:03] === SCRAPE END OK ===
[2026-08-04 23:45:02] === SCRAPE START ===
[2026-08-04 23:45:02] Fetching https://waitz.io/live/ucsd-rec
[2026-08-04 23:45:03] Saved 4 rows to ucsd_occupancy_history.csv
[2026-08-04 23:45:03] Main Gym Fitness Gym: 1% (Closed) people=1 capacity=72 is_open=False hour_summary=closed
[2026-08-04 23:45:03] Outback Climbing Center: 0% (Closed) people=0 capacity=30 is_open=False hour_summary=Closed until 2:00pm
[2026-08-04 23:45:03] RIMAC Fitness Gym: 0% (Closed) people=0 capacity=50 is_open=False hour_summary=Closed until 6:00am
[2026-08-04 23:45:03] Triton Esports Center: 0% (Closed) people=0 capacity=35 is_open=False hour_summary=closed
[2026-08-04 23:45:03] === SCRAPE END OK ===
