[2026-09-24 00:00:03] === SCRAPE START ===
[2026-09-24 00:00:03] Fetching https://waitz.io/live/ucsd-rec
[2026-09-24 00:00:04] Saved 4 rows to ucsd_occupancy_history.csv
[2026-09-24 00:00:04] Main Gym Fitness Gym: 1% (Closed) people=1 capacity=72 is_open=False hour_summary=Closed until 6:00am
[2026-09-24 00:00:04] Outback Climbing Center: 10% (Closed) people=3 capacity=30 is_open=False hour_summary=Closed until 2:00pm
[2026-09-24 00:00:04] RIMAC Fitness Gym: 0% (Closed) people=0 capacity=65 is_open=False hour_summary=Closed until 6:00am
[2026-09-24 00:00:04] Triton Esports Center: 0% (Closed) people=0 capacity=35 is_open=False hour_summary=closed
[2026-09-24 00:00:04] === SCRAPE END OK ===
[2026-09-24 00:15:03] === SCRAPE START ===
[2026-09-24 00:15:03] Fetching https://waitz.io/live/ucsd-rec
[2026-09-24 00:15:04] Saved 4 rows to ucsd_occupancy_history.csv
[2026-09-24 00:15:04] Main Gym Fitness Gym: 1% (Closed) people=1 capacity=72 is_open=False hour_summary=Closed until 6:00am
[2026-09-24 00:15:04] Outback Climbing Center: 10% (Closed) people=3 capacity=30 is_open=False hour_summary=Closed until 2:00pm
[2026-09-24 00:15:04] RIMAC Fitness Gym: 0% (Closed) people=0 capacity=65 is_open=False hour_summary=Closed until 6:00am
[2026-09-24 00:15:04] Triton Esports Center: 0% (Closed) people=0 capacity=35 is_open=False hour_summary=closed
[2026-09-24 00:15:04] === SCRAPE END OK ===
[2026-09-24 00:30:03] === SCRAPE START ===
[2026-09-24 00:30:03] Fetching https://waitz.io/live/ucsd-rec
[2026-09-24 00:30:04] Saved 4 rows to ucsd_occupancy_history.csv
[2026-09-24 00:30:04] Main Gym Fitness Gym: 1% (Closed) people=1 capacity=72 is_open=False hour_summary=Closed until 6:00am
[2026-09-24 00:30:04] Outback Climbing Center: 7% (Closed) people=2 capacity=30 is_open=False hour_summary=Closed until 2:00pm
[2026-09-24 00:30:04] RIMAC Fitness Gym: 0% (Closed) people=0 capacity=65 is_open=False hour_summary=Closed until 6:00am
[2026-09-24 00:30:04] Triton Esports Center: 0% (Closed) people=0 capacity=35 is_open=False hour_summary=closed
[2026-09-24 00:30:04] === SCRAPE END OK ===
[2026-09-24 00:45:03] === SCRAPE START ===
[2026-09-24 00:45:03] Fetching https://waitz.io/live/ucsd-rec
[2026-09-24 00:45:03] Saved 4 rows to ucsd_occupancy_history.csv
[2026-09-24 00:45:03] Main Gym Fitness Gym: 1% (Closed) people=1 capacity=72 is_open=False hour_summary=Closed until 6:00am
[2026-09-24 00:45:03] Outback Climbing Center: 7% (Closed) people=2 capacity=30 is_open=False hour_summary=Closed until 2:00pm
[2026-09-24 00:45:03] RIMAC Fitness Gym: 0% (Closed) people=0 capacity=65 is_open=False hour_summary=Closed until 6:00am
[2026-09-24 00:45:03] Triton Esports Center: 0% (Closed) people=0 capacity=35 is_open=False hour_summary=closed
[2026-09-24 00:45:03] === SCRAPE END OK ===
[2026-09-24 01:00:03] === SCRAPE START ===
[2026-09-24 01:00:03] Fetching https://waitz.io/live/ucsd-rec
[2026-09-24 01:00:05] Saved 4 rows to ucsd_occupancy_history.csv
[2026-09-24 01:00:05] Main Gym Fitness Gym: 1% (Closed) people=1 capacity=72 is_open=False hour_summary=Closed until 6:00am
[2026-09-24 01:00:05] Outback Climbing Center: 10% (Closed) people=3 capacity=30 is_open=False hour_summary=Closed until 2:00pm
[2026-09-24 01:00:05] RIMAC Fitness Gym: 0% (Closed) people=0 capacity=65 is_open=False hour_summary=Closed until 6:00am
[2026-09-24 01:00:05] Triton Esports Center: 0% (Closed) people=0 capacity=35 is_open=False hour_summary=closed
[2026-09-24 01:00:05] === SCRAPE END OK ===
[2026-09-24 01:15:03] === SCRAPE START ===
[2026-09-24 01:15:03] Fetching https://waitz.io/live/ucsd-rec
[2026-09-24 01:15:03] Saved 4 rows to ucsd_occupancy_history.csv
[2026-09-24 01:15:03] Main Gym Fitness Gym: 1% (Closed) people=1 capacity=72 is_open=False hour_summary=Closed until 6:00am
[2026-09-24 01:15:03] Outback Climbing Center: 3% (Closed) people=1 capacity=30 is_open=False hour_summary=Closed until 2:00pm
[2026-09-24 01:15:03] RIMAC Fitness Gym: 0% (Closed) people=0 capacity=65 is_open=False hour_summary=Closed until 6:00am
[2026-09-24 01:15:03] Triton Esports Center: 0% (Closed) people=0 capacity=35 is_open=False hour_summary=closed
[2026-09-24 01:15:03] === SCRAPE END OK ===
[2026-09-24 01:30:03] === SCRAPE START ===
[2026-09-24 01:30:03] Fetching https://waitz.io/live/ucsd-rec
[2026-09-24 01:30:03] Saved 4 rows to ucsd_occupancy_history.csv
[2026-09-24 01:30:03] Main Gym Fitness Gym: 1% (Closed) people=1 capacity=72 is_open=False hour_summary=Closed until 6:00am
[2026-09-24 01:30:03] Outback Climbing Center: 7% (Closed) people=2 capacity=30 is_open=False hour_summary=Closed until 2:00pm
[2026-09-24 01:30:03] RIMAC Fitness Gym: 0% (Closed) people=0 capacity=65 is_open=False hour_summary=Closed until 6:00am
[2026-09-24 01:30:03] Triton Esports Center: 0% (Closed) people=0 capacity=35 is_open=False hour_summary=closed
[2026-09-24 01:30:03] === SCRAPE END OK ===
[2026-09-24 01:45:03] === SCRAPE START ===
[2026-09-24 01:45:03] Fetching https://waitz.io/live/ucsd-rec
[2026-09-24 01:45:03] Saved 4 rows to ucsd_occupancy_history.csv
[2026-09-24 01:45:03] Main Gym Fitness Gym: 1% (Closed) people=1 capacity=72 is_open=False hour_summary=Closed until 6:00am
[2026-09-24 01:45:03] Outback Climbing Center: 10% (Closed) people=3 capacity=30 is_open=False hour_summary=Closed until 2:00pm
[2026-09-24 01:45:03] RIMAC Fitness Gym: 0% (Closed) people=0 capacity=65 is_open=False hour_summary=Closed until 6:00am
[2026-09-24 01:45:03] Triton Esports Center: 0% (Closed) people=0 capacity=35 is_open=False hour_summary=closed
[2026-09-24 01:45:03] === SCRAPE END OK ===
[2026-09-24 02:00:03] === SCRAPE START ===
[2026-09-24 02:00:03] Fetching https://waitz.io/live/ucsd-rec
[2026-09-24 02:00:04] Saved 4 rows to ucsd_occupancy_history.csv
[2026-09-24 02:00:04] Main Gym Fitness Gym: 1% (Closed) people=1 capacity=72 is_open=False hour_summary=Closed until 6:00am
[2026-09-24 02:00:04] Outback Climbing Center: 10% (Closed) people=3 capacity=30 is_open=False hour_summary=Closed until 2:00pm
[2026-09-24 02:00:04] RIMAC Fitness Gym: 0% (Closed) people=0 capacity=65 is_open=False hour_summary=Closed until 6:00am
[2026-09-24 02:00:04] Triton Esports Center: 0% (Closed) people=0 capacity=35 is_open=False hour_summary=closed
[2026-09-24 02:00:04] === SCRAPE END OK ===
[2026-09-24 02:15:03] === SCRAPE START ===
[2026-09-24 02:15:03] Fetching https://waitz.io/live/ucsd-rec
[2026-09-24 02:15:04] Saved 4 rows to ucsd_occupancy_history.csv
[2026-09-24 02:15:04] Main Gym Fitness Gym: 1% (Closed) people=1 capacity=72 is_open=False hour_summary=Closed until 6:00am
[2026-09-24 02:15:04] Outback Climbing Center: 10% (Closed) people=3 capacity=30 is_open=False hour_summary=Closed until 2:00pm
[2026-09-24 02:15:04] RIMAC Fitness Gym: 0% (Closed) people=0 capacity=65 is_open=False hour_summary=Closed until 6:00am
[2026-09-24 02:15:04] Triton Esports Center: 0% (Closed) people=0 capacity=35 is_open=False hour_summary=closed
[2026-09-24 02:15:04] === SCRAPE END OK ===
[2026-09-24 02:30:03] === SCRAPE START ===
[2026-09-24 02:30:03] Fetching https://waitz.io/live/ucsd-rec
[2026-09-24 02:30:03] Saved 4 rows to ucsd_occupancy_history.csv
[2026-09-24 02:30:03] Main Gym Fitness Gym: 1% (Closed) people=1 capacity=72 is_open=False hour_summary=Closed until 6:00am
[2026-09-24 02:30:03] Outback Climbing Center: 10% (Closed) people=3 capacity=30 is_open=False hour_summary=Closed until 2:00pm
[2026-09-24 02:30:03] RIMAC Fitness Gym: 0% (Closed) people=0 capacity=65 is_open=False hour_summary=Closed until 6:00am
[2026-09-24 02:30:03] Triton Esports Center: 0% (Closed) people=0 capacity=35 is_open=False hour_summary=closed
[2026-09-24 02:30:03] === SCRAPE END OK ===
[2026-09-24 02:45:03] === SCRAPE START ===
[2026-09-24 02:45:03] Fetching https://waitz.io/live/ucsd-rec
[2026-09-24 02:45:03] Saved 4 rows to ucsd_occupancy_history.csv
[2026-09-24 02:45:03] Main Gym Fitness Gym: 1% (Closed) people=1 capacity=72 is_open=False hour_summary=Closed until 6:00am
[2026-09-24 02:45:03] Outback Climbing Center: 10% (Closed) people=3 capacity=30 is_open=False hour_summary=Closed until 2:00pm
[2026-09-24 02:45:03] RIMAC Fitness Gym: 0% (Closed) people=0 capacity=65 is_open=False hour_summary=Closed until 6:00am
[2026-09-24 02:45:03] Triton Esports Center: 0% (Closed) people=0 capacity=35 is_open=False hour_summary=closed
[2026-09-24 02:45:03] === SCRAPE END OK ===
[2026-09-24 03:00:03] === SCRAPE START ===
[2026-09-24 03:00:03] Fetching https://waitz.io/live/ucsd-rec
[2026-09-24 03:00:04] Saved 4 rows to ucsd_occupancy_history.csv
[2026-09-24 03:00:04] Main Gym Fitness Gym: 1% (Closed) people=1 capacity=72 is_open=False hour_summary=Closed until 6:00am
[2026-09-24 03:00:04] Outback Climbing Center: 10% (Closed) people=3 capacity=30 is_open=False hour_summary=Closed until 2:00pm
[2026-09-24 03:00:04] RIMAC Fitness Gym: 0% (Closed) people=0 capacity=65 is_open=False hour_summary=Closed until 6:00am
[2026-09-24 03:00:04] Triton Esports Center: 0% (Closed) people=0 capacity=35 is_open=False hour_summary=closed
[2026-09-24 03:00:04] === SCRAPE END OK ===
[2026-09-24 03:15:03] === SCRAPE START ===
[2026-09-24 03:15:03] Fetching https://waitz.io/live/ucsd-rec
[2026-09-24 03:15:04] Saved 4 rows to ucsd_occupancy_history.csv
[2026-09-24 03:15:04] Main Gym Fitness Gym: 1% (Closed) people=1 capacity=72 is_open=False hour_summary=Closed until 6:00am
[2026-09-24 03:15:04] Outback Climbing Center: 7% (Closed) people=2 capacity=30 is_open=False hour_summary=Closed until 2:00pm
[2026-09-24 03:15:04] RIMAC Fitness Gym: 0% (Closed) people=0 capacity=65 is_open=False hour_summary=Closed until 6:00am
[2026-09-24 03:15:04] Triton Esports Center: 0% (Closed) people=0 capacity=35 is_open=False hour_summary=closed
[2026-09-24 03:15:04] === SCRAPE END OK ===
[2026-09-24 03:30:03] === SCRAPE START ===
[2026-09-24 03:30:03] Fetching https://waitz.io/live/ucsd-rec
[2026-09-24 03:30:04] Saved 4 rows to ucsd_occupancy_history.csv
[2026-09-24 03:30:04] Main Gym Fitness Gym: 1% (Closed) people=1 capacity=72 is_open=False hour_summary=Closed until 6:00am
[2026-09-24 03:30:04] Outback Climbing Center: 7% (Closed) people=2 capacity=30 is_open=False hour_summary=Closed until 2:00pm
[2026-09-24 03:30:04] RIMAC Fitness Gym: 0% (Closed) people=0 capacity=65 is_open=False hour_summary=Closed until 6:00am
[2026-09-24 03:30:04] Triton Esports Center: 0% (Closed) people=0 capacity=35 is_open=False hour_summary=closed
[2026-09-24 03:30:04] === SCRAPE END OK ===
[2026-09-24 03:45:05] === SCRAPE START ===
[2026-09-24 03:45:05] Fetching https://waitz.io/live/ucsd-rec
[2026-09-24 03:45:07] Saved 4 rows to ucsd_occupancy_history.csv
[2026-09-24 03:45:07] Main Gym Fitness Gym: 1% (Closed) people=1 capacity=72 is_open=False hour_summary=Closed until 6:00am
[2026-09-24 03:45:07] Outback Climbing Center: 10% (Closed) people=3 capacity=30 is_open=False hour_summary=Closed until 2:00pm
[2026-09-24 03:45:07] RIMAC Fitness Gym: 0% (Closed) people=0 capacity=65 is_open=False hour_summary=Closed until 6:00am
[2026-09-24 03:45:07] Triton Esports Center: 0% (Closed) people=0 capacity=35 is_open=False hour_summary=closed
[2026-09-24 03:45:07] === SCRAPE END OK ===
[2026-09-24 04:00:02] === SCRAPE START ===
[2026-09-24 04:00:02] Fetching https://waitz.io/live/ucsd-rec
[2026-09-24 04:00:04] Saved 4 rows to ucsd_occupancy_history.csv
[2026-09-24 04:00:04] Main Gym Fitness Gym: 1% (Closed) people=1 capacity=72 is_open=False hour_summary=Closed until 6:00am
[2026-09-24 04:00:04] Outback Climbing Center: 7% (Closed) people=2 capacity=30 is_open=False hour_summary=Closed until 2:00pm
[2026-09-24 04:00:04] RIMAC Fitness Gym: 0% (Closed) people=0 capacity=65 is_open=False hour_summary=Closed until 6:00am
[2026-09-24 04:00:04] Triton Esports Center: 0% (Closed) people=0 capacity=35 is_open=False hour_summary=closed
[2026-09-24 04:00:04] === SCRAPE END OK ===
[2026-09-24 04:15:02] === SCRAPE START ===
[2026-09-24 04:15:02] Fetching https://waitz.io/live/ucsd-rec
[2026-09-24 04:15:03] Saved 4 rows to ucsd_occupancy_history.csv
[2026-09-24 04:15:03] Main Gym Fitness Gym: 1% (Closed) people=1 capacity=72 is_open=False hour_summary=Closed until 6:00am
[2026-09-24 04:15:03] Outback Climbing Center: 10% (Closed) people=3 capacity=30 is_open=False hour_summary=Closed until 2:00pm
[2026-09-24 04:15:03] RIMAC Fitness Gym: 0% (Closed) people=0 capacity=65 is_open=False hour_summary=Closed until 6:00am
[2026-09-24 04:15:03] Triton Esports Center: 0% (Closed) people=0 capacity=35 is_open=False hour_summary=closed
[2026-09-24 04:15:03] === SCRAPE END OK ===
[2026-09-24 04:30:02] === SCRAPE START ===
[2026-09-24 04:30:02] Fetching https://waitz.io/live/ucsd-rec
[2026-09-24 04:30:04] Saved 4 rows to ucsd_occupancy_history.csv
[2026-09-24 04:30:04] Main Gym Fitness Gym: 1% (Closed) people=1 capacity=72 is_open=False hour_summary=Closed until 6:00am
[2026-09-24 04:30:04] Outback Climbing Center: 7% (Closed) people=2 capacity=30 is_open=False hour_summary=Closed until 2:00pm
[2026-09-24 04:30:04] RIMAC Fitness Gym: 0% (Closed) people=0 capacity=65 is_open=False hour_summary=Closed until 6:00am
[2026-09-24 04:30:04] Triton Esports Center: 0% (Closed) people=0 capacity=35 is_open=False hour_summary=closed
[2026-09-24 04:30:04] === SCRAPE END OK ===
[2026-09-24 04:45:02] === SCRAPE START ===
[2026-09-24 04:45:02] Fetching https://waitz.io/live/ucsd-rec
[2026-09-24 04:45:03] Saved 4 rows to ucsd_occupancy_history.csv
[2026-09-24 04:45:03] Main Gym Fitness Gym: 1% (Closed) people=1 capacity=72 is_open=False hour_summary=Closed until 6:00am
[2026-09-24 04:45:03] Outback Climbing Center: 10% (Closed) people=3 capacity=30 is_open=False hour_summary=Closed until 2:00pm
[2026-09-24 04:45:03] RIMAC Fitness Gym: 0% (Closed) people=0 capacity=65 is_open=False hour_summary=Closed until 6:00am
[2026-09-24 04:45:03] Triton Esports Center: 0% (Closed) people=0 capacity=35 is_open=False hour_summary=closed
[2026-09-24 04:45:03] === SCRAPE END OK ===
[2026-09-24 05:00:02] === SCRAPE START ===
[2026-09-24 05:00:02] Fetching https://waitz.io/live/ucsd-rec
[2026-09-24 05:00:03] Saved 4 rows to ucsd_occupancy_history.csv
[2026-09-24 05:00:03] Main Gym Fitness Gym: 1% (Closed) people=1 capacity=72 is_open=False hour_summary=Closed until 6:00am
[2026-09-24 05:00:03] Outback Climbing Center: 10% (Closed) people=3 capacity=30 is_open=False hour_summary=Closed until 2:00pm
[2026-09-24 05:00:03] RIMAC Fitness Gym: 0% (Closed) people=0 capacity=65 is_open=False hour_summary=Closed until 6:00am
[2026-09-24 05:00:03] Triton Esports Center: 0% (Closed) people=0 capacity=35 is_open=False hour_summary=closed
[2026-09-24 05:00:03] === SCRAPE END OK ===
[2026-09-24 05:15:02] === SCRAPE START ===
[2026-09-24 05:15:02] Fetching https://waitz.io/live/ucsd-rec
[2026-09-24 05:15:03] Saved 4 rows to ucsd_occupancy_history.csv
[2026-09-24 05:15:03] Main Gym Fitness Gym: 1% (Closed) people=1 capacity=72 is_open=False hour_summary=Closed until 6:00am
[2026-09-24 05:15:03] Outback Climbing Center: 10% (Closed) people=3 capacity=30 is_open=False hour_summary=Closed until 2:00pm
[2026-09-24 05:15:03] RIMAC Fitness Gym: 2% (Closed) people=1 capacity=65 is_open=False hour_summary=Closed until 6:00am
[2026-09-24 05:15:03] Triton Esports Center: 0% (Closed) people=0 capacity=35 is_open=False hour_summary=closed
[2026-09-24 05:15:03] === SCRAPE END OK ===
[2026-09-24 05:30:03] === SCRAPE START ===
[2026-09-24 05:30:03] Fetching https://waitz.io/live/ucsd-rec
[2026-09-24 05:30:04] Saved 4 rows to ucsd_occupancy_history.csv
[2026-09-24 05:30:04] Main Gym Fitness Gym: 1% (Closed) people=1 capacity=72 is_open=False hour_summary=Closed until 6:00am
[2026-09-24 05:30:04] Outback Climbing Center: 3% (Closed) people=1 capacity=30 is_open=False hour_summary=Closed until 2:00pm
[2026-09-24 05:30:04] RIMAC Fitness Gym: 2% (Closed) people=1 capacity=65 is_open=False hour_summary=Closed until 6:00am
[2026-09-24 05:30:04] Triton Esports Center: 0% (Closed) people=0 capacity=35 is_open=False hour_summary=closed
[2026-09-24 05:30:04] === SCRAPE END OK ===
[2026-09-24 05:45:02] === SCRAPE START ===
[2026-09-24 05:45:02] Fetching https://waitz.io/live/ucsd-rec
[2026-09-24 05:45:03] Saved 4 rows to ucsd_occupancy_history.csv
[2026-09-24 05:45:03] Main Gym Fitness Gym: 1% (Closed) people=1 capacity=72 is_open=False hour_summary=Closed until 6:00am
[2026-09-24 05:45:03] Outback Climbing Center: 7% (Closed) people=2 capacity=30 is_open=False hour_summary=Closed until 2:00pm
[2026-09-24 05:45:03] RIMAC Fitness Gym: 2% (Closed) people=1 capacity=65 is_open=False hour_summary=Closed until 6:00am
[2026-09-24 05:45:03] Triton Esports Center: 0% (Closed) people=0 capacity=35 is_open=False hour_summary=closed
[2026-09-24 05:45:03] === SCRAPE END OK ===
[2026-09-24 06:00:02] === SCRAPE START ===
[2026-09-24 06:00:02] Fetching https://waitz.io/live/ucsd-rec
[2026-09-24 06:00:04] Saved 4 rows to ucsd_occupancy_history.csv
[2026-09-24 06:00:04] Main Gym Fitness Gym: 1% (Not Busy) people=1 capacity=72 is_open=True hour_summary=open
[2026-09-24 06:00:04] Outback Climbing Center: 10% (Closed) people=3 capacity=30 is_open=False hour_summary=Closed until 2:00pm
[2026-09-24 06:00:04] RIMAC Fitness Gym: 2% (Not Busy) people=1 capacity=65 is_open=True hour_summary=open
[2026-09-24 06:00:04] Triton Esports Center: 0% (Closed) people=0 capacity=35 is_open=False hour_summary=closed
[2026-09-24 06:00:04] === SCRAPE END OK ===
[2026-09-24 06:15:02] === SCRAPE START ===
[2026-09-24 06:15:02] Fetching https://waitz.io/live/ucsd-rec
[2026-09-24 06:15:03] Saved 4 rows to ucsd_occupancy_history.csv
[2026-09-24 06:15:03] Main Gym Fitness Gym: 10% (Not Busy) people=7 capacity=72 is_open=True hour_summary=open
[2026-09-24 06:15:03] Outback Climbing Center: 13% (Closed) people=4 capacity=30 is_open=False hour_summary=Closed until 2:00pm
[2026-09-24 06:15:03] RIMAC Fitness Gym: 71% (Busy) people=46 capacity=65 is_open=True hour_summary=open
[2026-09-24 06:15:03] Triton Esports Center: 0% (Closed) people=0 capacity=35 is_open=False hour_summary=closed
[2026-09-24 06:15:03] === SCRAPE END OK ===
[2026-09-24 06:30:02] === SCRAPE START ===
[2026-09-24 06:30:02] Fetching https://waitz.io/live/ucsd-rec
[2026-09-24 06:30:04] Saved 4 rows to ucsd_occupancy_history.csv
[2026-09-24 06:30:04] Main Gym Fitness Gym: 17% (Not Busy) people=12 capacity=72 is_open=True hour_summary=open
[2026-09-24 06:30:04] Outback Climbing Center: 17% (Closed) people=5 capacity=30 is_open=False hour_summary=Closed until 2:00pm
[2026-09-24 06:30:04] RIMAC Fitness Gym: 92% (Very Active) people=60 capacity=65 is_open=True hour_summary=open
[2026-09-24 06:30:04] Triton Esports Center: 0% (Closed) people=0 capacity=35 is_open=False hour_summary=closed
[2026-09-24 06:30:04] === SCRAPE END OK ===
[2026-09-24 06:45:02] === SCRAPE START ===
[2026-09-24 06:45:02] Fetching https://waitz.io/live/ucsd-rec
[2026-09-24 06:45:03] Saved 4 rows to ucsd_occupancy_history.csv
[2026-09-24 06:45:03] Main Gym Fitness Gym: 11% (Not Busy) people=8 capacity=72 is_open=True hour_summary=open
[2026-09-24 06:45:03] Outback Climbing Center: 13% (Closed) people=4 capacity=30 is_open=False hour_summary=Closed until 2:00pm
[2026-09-24 06:45:03] RIMAC Fitness Gym: 99% (Very Active) people=64 capacity=65 is_open=True hour_summary=open
[2026-09-24 06:45:03] Triton Esports Center: 0% (Closed) people=0 capacity=35 is_open=False hour_summary=closed
[2026-09-24 06:45:03] === SCRAPE END OK ===
[2026-09-24 07:00:02] === SCRAPE START ===
[2026-09-24 07:00:02] Fetching https://waitz.io/live/ucsd-rec
[2026-09-24 07:00:03] Saved 4 rows to ucsd_occupancy_history.csv
[2026-09-24 07:00:03] Main Gym Fitness Gym: 19% (Not Busy) people=14 capacity=72 is_open=True hour_summary=open
[2026-09-24 07:00:03] Outback Climbing Center: 13% (Closed) people=4 capacity=30 is_open=False hour_summary=Closed until 2:00pm
[2026-09-24 07:00:03] RIMAC Fitness Gym: 99% (Very Active) people=64 capacity=65 is_open=True hour_summary=open
[2026-09-24 07:00:03] Triton Esports Center: 0% (Closed) people=0 capacity=35 is_open=False hour_summary=closed
[2026-09-24 07:00:03] === SCRAPE END OK ===
[2026-09-24 07:15:02] === SCRAPE START ===
[2026-09-24 07:15:02] Fetching https://waitz.io/live/ucsd-rec
[2026-09-24 07:15:03] Saved 4 rows to ucsd_occupancy_history.csv
[2026-09-24 07:15:03] Main Gym Fitness Gym: 11% (Not Busy) people=8 capacity=72 is_open=True hour_summary=open
[2026-09-24 07:15:03] Outback Climbing Center: 13% (Closed) people=4 capacity=30 is_open=False hour_summary=Closed until 2:00pm
[2026-09-24 07:15:03] RIMAC Fitness Gym: 99% (Very Active) people=64 capacity=65 is_open=True hour_summary=open
[2026-09-24 07:15:03] Triton Esports Center: 0% (Closed) people=0 capacity=35 is_open=False hour_summary=closed
[2026-09-24 07:15:03] === SCRAPE END OK ===
[2026-09-24 07:30:02] === SCRAPE START ===
[2026-09-24 07:30:02] Fetching https://waitz.io/live/ucsd-rec
[2026-09-24 07:30:03] Saved 4 rows to ucsd_occupancy_history.csv
[2026-09-24 07:30:03] Main Gym Fitness Gym: 36% (Not Busy) people=26 capacity=72 is_open=True hour_summary=open
[2026-09-24 07:30:03] Outback Climbing Center: 13% (Closed) people=4 capacity=30 is_open=False hour_summary=Closed until 2:00pm
[2026-09-24 07:30:03] RIMAC Fitness Gym: 99% (Very Active) people=64 capacity=65 is_open=True hour_summary=open
[2026-09-24 07:30:03] Triton Esports Center: 0% (Closed) people=0 capacity=35 is_open=False hour_summary=closed
[2026-09-24 07:30:03] === SCRAPE END OK ===
[2026-09-24 07:45:02] === SCRAPE START ===
[2026-09-24 07:45:02] Fetching https://waitz.io/live/ucsd-rec
[2026-09-24 07:45:03] Saved 4 rows to ucsd_occupancy_history.csv
[2026-09-24 07:45:03] Main Gym Fitness Gym: 33% (Not Busy) people=24 capacity=72 is_open=True hour_summary=open
[2026-09-24 07:45:03] Outback Climbing Center: 13% (Closed) people=4 capacity=30 is_open=False hour_summary=Closed until 2:00pm
[2026-09-24 07:45:03] RIMAC Fitness Gym: 99% (Very Active) people=64 capacity=65 is_open=True hour_summary=open
[2026-09-24 07:45:03] Triton Esports Center: 0% (Closed) people=0 capacity=35 is_open=False hour_summary=closed
[2026-09-24 07:45:03] === SCRAPE END OK ===
[2026-09-24 08:00:02] === SCRAPE START ===
[2026-09-24 08:00:02] Fetching https://waitz.io/live/ucsd-rec
[2026-09-24 08:00:03] Saved 4 rows to ucsd_occupancy_history.csv
[2026-09-24 08:00:03] Main Gym Fitness Gym: 24% (Not Busy) people=17 capacity=72 is_open=True hour_summary=open
[2026-09-24 08:00:03] Outback Climbing Center: 13% (Closed) people=4 capacity=30 is_open=False hour_summary=Closed until 2:00pm
[2026-09-24 08:00:03] RIMAC Fitness Gym: 99% (Very Active) people=64 capacity=65 is_open=True hour_summary=open
[2026-09-24 08:00:03] Triton Esports Center: 0% (Closed) people=0 capacity=35 is_open=False hour_summary=closed
[2026-09-24 08:00:03] === SCRAPE END OK ===
[2026-09-24 08:15:02] === SCRAPE START ===
[2026-09-24 08:15:02] Fetching https://waitz.io/live/ucsd-rec
[2026-09-24 08:15:03] Saved 4 rows to ucsd_occupancy_history.csv
[2026-09-24 08:15:03] Main Gym Fitness Gym: 29% (Not Busy) people=21 capacity=72 is_open=True hour_summary=open
[2026-09-24 08:15:03] Outback Climbing Center: 13% (Closed) people=4 capacity=30 is_open=False hour_summary=Closed until 2:00pm
[2026-09-24 08:15:03] RIMAC Fitness Gym: 99% (Very Active) people=64 capacity=65 is_open=True hour_summary=open
[2026-09-24 08:15:03] Triton Esports Center: 0% (Closed) people=0 capacity=35 is_open=False hour_summary=closed
[2026-09-24 08:15:03] === SCRAPE END OK ===
[2026-09-24 08:30:02] === SCRAPE START ===
[2026-09-24 08:30:02] Fetching https://waitz.io/live/ucsd-rec
[2026-09-24 08:30:03] Saved 4 rows to ucsd_occupancy_history.csv
[2026-09-24 08:30:03] Main Gym Fitness Gym: 32% (Not Busy) people=23 capacity=72 is_open=True hour_summary=open
[2026-09-24 08:30:03] Outback Climbing Center: 13% (Closed) people=4 capacity=30 is_open=False hour_summary=Closed until 2:00pm
[2026-09-24 08:30:03] RIMAC Fitness Gym: 99% (Very Active) people=64 capacity=65 is_open=True hour_summary=open
[2026-09-24 08:30:03] Triton Esports Center: 0% (Closed) people=0 capacity=35 is_open=False hour_summary=closed
[2026-09-24 08:30:03] === SCRAPE END OK ===
[2026-09-24 08:45:02] === SCRAPE START ===
[2026-09-24 08:45:02] Fetching https://waitz.io/live/ucsd-rec
[2026-09-24 08:45:03] Saved 4 rows to ucsd_occupancy_history.csv
[2026-09-24 08:45:03] Main Gym Fitness Gym: 28% (Not Busy) people=20 capacity=72 is_open=True hour_summary=open
[2026-09-24 08:45:03] Outback Climbing Center: 13% (Closed) people=4 capacity=30 is_open=False hour_summary=Closed until 2:00pm
[2026-09-24 08:45:03] RIMAC Fitness Gym: 99% (Very Active) people=64 capacity=65 is_open=True hour_summary=open
[2026-09-24 08:45:03] Triton Esports Center: 0% (Closed) people=0 capacity=35 is_open=False hour_summary=closed
[2026-09-24 08:45:03] === SCRAPE END OK ===
[2026-09-24 09:00:02] === SCRAPE START ===
[2026-09-24 09:00:02] Fetching https://waitz.io/live/ucsd-rec
[2026-09-24 09:00:04] Saved 4 rows to ucsd_occupancy_history.csv
[2026-09-24 09:00:04] Main Gym Fitness Gym: 24% (Not Busy) people=17 capacity=72 is_open=True hour_summary=open
[2026-09-24 09:00:04] Outback Climbing Center: 13% (Closed) people=4 capacity=30 is_open=False hour_summary=Closed until 2:00pm
[2026-09-24 09:00:04] RIMAC Fitness Gym: 99% (Very Active) people=64 capacity=65 is_open=True hour_summary=open
[2026-09-24 09:00:04] Triton Esports Center: 0% (Closed) people=0 capacity=35 is_open=False hour_summary=closed
[2026-09-24 09:00:04] === SCRAPE END OK ===
[2026-09-24 09:15:02] === SCRAPE START ===
[2026-09-24 09:15:02] Fetching https://waitz.io/live/ucsd-rec
[2026-09-24 09:15:03] Saved 4 rows to ucsd_occupancy_history.csv
[2026-09-24 09:15:03] Main Gym Fitness Gym: 32% (Not Busy) people=23 capacity=72 is_open=True hour_summary=open
[2026-09-24 09:15:03] Outback Climbing Center: 10% (Closed) people=3 capacity=30 is_open=False hour_summary=Closed until 2:00pm
[2026-09-24 09:15:03] RIMAC Fitness Gym: 99% (Very Active) people=64 capacity=65 is_open=True hour_summary=open
[2026-09-24 09:15:03] Triton Esports Center: 0% (Closed) people=0 capacity=35 is_open=False hour_summary=closed
[2026-09-24 09:15:03] === SCRAPE END OK ===
[2026-09-24 09:30:02] === SCRAPE START ===
[2026-09-24 09:30:02] Fetching https://waitz.io/live/ucsd-rec
[2026-09-24 09:30:04] Saved 4 rows to ucsd_occupancy_history.csv
[2026-09-24 09:30:04] Main Gym Fitness Gym: 46% (Busy) people=33 capacity=72 is_open=True hour_summary=open
[2026-09-24 09:30:04] Outback Climbing Center: 13% (Closed) people=4 capacity=30 is_open=False hour_summary=Closed until 2:00pm
[2026-09-24 09:30:04] RIMAC Fitness Gym: 99% (Very Active) people=64 capacity=65 is_open=True hour_summary=open
[2026-09-24 09:30:04] Triton Esports Center: 0% (Closed) people=0 capacity=35 is_open=False hour_summary=closed
[2026-09-24 09:30:04] === SCRAPE END OK ===
[2026-09-24 09:45:02] === SCRAPE START ===
[2026-09-24 09:45:02] Fetching https://waitz.io/live/ucsd-rec
[2026-09-24 09:45:03] Saved 4 rows to ucsd_occupancy_history.csv
[2026-09-24 09:45:03] Main Gym Fitness Gym: 65% (Busy) people=47 capacity=72 is_open=True hour_summary=open
[2026-09-24 09:45:03] Outback Climbing Center: 13% (Closed) people=4 capacity=30 is_open=False hour_summary=Closed until 2:00pm
[2026-09-24 09:45:03] RIMAC Fitness Gym: 99% (Very Active) people=64 capacity=65 is_open=True hour_summary=open
[2026-09-24 09:45:03] Triton Esports Center: 0% (Closed) people=0 capacity=35 is_open=False hour_summary=closed
[2026-09-24 09:45:03] === SCRAPE END OK ===
[2026-09-24 10:00:02] === SCRAPE START ===
[2026-09-24 10:00:02] Fetching https://waitz.io/live/ucsd-rec
[2026-09-24 10:00:04] Saved 4 rows to ucsd_occupancy_history.csv
[2026-09-24 10:00:04] Main Gym Fitness Gym: 79% (Busy) people=57 capacity=72 is_open=True hour_summary=open
[2026-09-24 10:00:04] Outback Climbing Center: 33% (Closed) people=10 capacity=30 is_open=False hour_summary=Closed until 2:00pm
[2026-09-24 10:00:04] RIMAC Fitness Gym: 99% (Very Active) people=64 capacity=65 is_open=True hour_summary=open
[2026-09-24 10:00:04] Triton Esports Center: 0% (Closed) people=0 capacity=35 is_open=False hour_summary=closed
[2026-09-24 10:00:04] === SCRAPE END OK ===
[2026-09-24 10:15:02] === SCRAPE START ===
[2026-09-24 10:15:02] Fetching https://waitz.io/live/ucsd-rec
[2026-09-24 10:15:03] Saved 4 rows to ucsd_occupancy_history.csv
[2026-09-24 10:15:03] Main Gym Fitness Gym: 74% (Busy) people=53 capacity=72 is_open=True hour_summary=open
[2026-09-24 10:15:03] Outback Climbing Center: 93% (Closed) people=28 capacity=30 is_open=False hour_summary=Closed until 2:00pm
[2026-09-24 10:15:03] RIMAC Fitness Gym: 99% (Very Active) people=64 capacity=65 is_open=True hour_summary=open
[2026-09-24 10:15:03] Triton Esports Center: 0% (Closed) people=0 capacity=35 is_open=False hour_summary=closed
[2026-09-24 10:15:03] === SCRAPE END OK ===
[2026-09-24 10:30:02] === SCRAPE START ===
[2026-09-24 10:30:02] Fetching https://waitz.io/live/ucsd-rec
[2026-09-24 10:30:04] Saved 4 rows to ucsd_occupancy_history.csv
[2026-09-24 10:30:04] Main Gym Fitness Gym: 28% (Not Busy) people=20 capacity=72 is_open=True hour_summary=open
[2026-09-24 10:30:04] Outback Climbing Center: 93% (Closed) people=28 capacity=30 is_open=False hour_summary=Closed until 2:00pm
[2026-09-24 10:30:04] RIMAC Fitness Gym: 99% (Very Active) people=64 capacity=65 is_open=True hour_summary=open
[2026-09-24 10:30:04] Triton Esports Center: 0% (Closed) people=0 capacity=35 is_open=False hour_summary=closed
[2026-09-24 10:30:04] === SCRAPE END OK ===
[2026-09-24 11:45:02] === SCRAPE START ===
[2026-09-24 11:45:02] Fetching https://waitz.io/live/ucsd-rec
[2026-09-24 11:45:04] Saved 4 rows to ucsd_occupancy_history.csv
[2026-09-24 11:45:04] Main Gym Fitness Gym: 99% (Very Active) people=71 capacity=72 is_open=True hour_summary=open
[2026-09-24 11:45:04] Outback Climbing Center: 99% (Closed) people=30 capacity=30 is_open=False hour_summary=Closed until 2:00pm
[2026-09-24 11:45:04] RIMAC Fitness Gym: 99% (Very Active) people=64 capacity=65 is_open=True hour_summary=open
[2026-09-24 11:45:04] Triton Esports Center: 0% (Closed) people=0 capacity=35 is_open=False hour_summary=closed
[2026-09-24 11:45:04] === SCRAPE END OK ===
[2026-09-24 12:00:02] === SCRAPE START ===
[2026-09-24 12:00:02] Fetching https://waitz.io/live/ucsd-rec
[2026-09-24 12:00:04] Saved 4 rows to ucsd_occupancy_history.csv
[2026-09-24 12:00:04] Main Gym Fitness Gym: 39% (Not Busy) people=28 capacity=72 is_open=True hour_summary=open
[2026-09-24 12:00:04] Outback Climbing Center: 99% (Closed) people=30 capacity=30 is_open=False hour_summary=Closed until 2:00pm
[2026-09-24 12:00:04] RIMAC Fitness Gym: 99% (Very Active) people=64 capacity=65 is_open=True hour_summary=open
[2026-09-24 12:00:04] Triton Esports Center: 0% (Closed) people=0 capacity=35 is_open=False hour_summary=closed
[2026-09-24 12:00:04] === SCRAPE END OK ===
[2026-09-24 12:15:02] === SCRAPE START ===
[2026-09-24 12:15:02] Fetching https://waitz.io/live/ucsd-rec
[2026-09-24 12:15:03] Saved 4 rows to ucsd_occupancy_history.csv
[2026-09-24 12:15:03] Main Gym Fitness Gym: 43% (Not Busy) people=31 capacity=72 is_open=True hour_summary=open
[2026-09-24 12:15:03] Outback Climbing Center: 99% (Closed) people=30 capacity=30 is_open=False hour_summary=Closed until 2:00pm
[2026-09-24 12:15:03] RIMAC Fitness Gym: 99% (Very Active) people=64 capacity=65 is_open=True hour_summary=open
[2026-09-24 12:15:03] Triton Esports Center: 11% (Closed) people=4 capacity=35 is_open=False hour_summary=closed
[2026-09-24 12:15:03] === SCRAPE END OK ===
