[2026-10-01 00:00:01] === SCRAPE START ===
[2026-10-01 00:00:01] Fetching https://waitz.io/live/ucsd-rec
[2026-10-01 00:00:03] Saved 4 rows to ucsd_occupancy_history.csv
[2026-10-01 00:00:03] Main Gym Fitness Gym: 8% (Closed) people=6 capacity=72 is_open=False hour_summary=Closed until 6:00am
[2026-10-01 00:00:03] Outback Climbing Center: 17% (Closed) people=5 capacity=30 is_open=False hour_summary=Closed until 2:00pm
[2026-10-01 00:00:03] RIMAC Fitness Gym: 0% (Closed) people=0 capacity=65 is_open=False hour_summary=Closed until 6:00am
[2026-10-01 00:00:03] Triton Esports Center: 0% (Closed) people=0 capacity=35 is_open=False hour_summary=closed
[2026-10-01 00:00:03] === SCRAPE END OK ===
[2026-10-01 00:15:02] === SCRAPE START ===
[2026-10-01 00:15:02] Fetching https://waitz.io/live/ucsd-rec
[2026-10-01 00:15:03] Saved 4 rows to ucsd_occupancy_history.csv
[2026-10-01 00:15:03] Main Gym Fitness Gym: 3% (Closed) people=2 capacity=72 is_open=False hour_summary=Closed until 6:00am
[2026-10-01 00:15:03] Outback Climbing Center: 13% (Closed) people=4 capacity=30 is_open=False hour_summary=Closed until 2:00pm
[2026-10-01 00:15:03] RIMAC Fitness Gym: 0% (Closed) people=0 capacity=65 is_open=False hour_summary=Closed until 6:00am
[2026-10-01 00:15:03] Triton Esports Center: 0% (Closed) people=0 capacity=35 is_open=False hour_summary=closed
[2026-10-01 00:15:03] === SCRAPE END OK ===
[2026-10-01 00:30:02] === SCRAPE START ===
[2026-10-01 00:30:02] Fetching https://waitz.io/live/ucsd-rec
[2026-10-01 00:30:03] Saved 4 rows to ucsd_occupancy_history.csv
[2026-10-01 00:30:03] Main Gym Fitness Gym: 3% (Closed) people=2 capacity=72 is_open=False hour_summary=Closed until 6:00am
[2026-10-01 00:30:03] Outback Climbing Center: 13% (Closed) people=4 capacity=30 is_open=False hour_summary=Closed until 2:00pm
[2026-10-01 00:30:03] RIMAC Fitness Gym: 0% (Closed) people=0 capacity=65 is_open=False hour_summary=Closed until 6:00am
[2026-10-01 00:30:03] Triton Esports Center: 0% (Closed) people=0 capacity=35 is_open=False hour_summary=closed
[2026-10-01 00:30:03] === SCRAPE END OK ===
[2026-10-01 00:45:02] === SCRAPE START ===
[2026-10-01 00:45:02] Fetching https://waitz.io/live/ucsd-rec
[2026-10-01 00:45:03] Saved 4 rows to ucsd_occupancy_history.csv
[2026-10-01 00:45:03] Main Gym Fitness Gym: 1% (Closed) people=1 capacity=72 is_open=False hour_summary=Closed until 6:00am
[2026-10-01 00:45:03] Outback Climbing Center: 13% (Closed) people=4 capacity=30 is_open=False hour_summary=Closed until 2:00pm
[2026-10-01 00:45:03] RIMAC Fitness Gym: 0% (Closed) people=0 capacity=65 is_open=False hour_summary=Closed until 6:00am
[2026-10-01 00:45:03] Triton Esports Center: 0% (Closed) people=0 capacity=35 is_open=False hour_summary=closed
[2026-10-01 00:45:03] === SCRAPE END OK ===
[2026-10-01 01:00:02] === SCRAPE START ===
[2026-10-01 01:00:02] Fetching https://waitz.io/live/ucsd-rec
[2026-10-01 01:00:04] Saved 4 rows to ucsd_occupancy_history.csv
[2026-10-01 01:00:04] Main Gym Fitness Gym: 3% (Closed) people=2 capacity=72 is_open=False hour_summary=Closed until 6:00am
[2026-10-01 01:00:04] Outback Climbing Center: 13% (Closed) people=4 capacity=30 is_open=False hour_summary=Closed until 2:00pm
[2026-10-01 01:00:04] RIMAC Fitness Gym: 0% (Closed) people=0 capacity=65 is_open=False hour_summary=Closed until 6:00am
[2026-10-01 01:00:04] Triton Esports Center: 0% (Closed) people=0 capacity=35 is_open=False hour_summary=closed
[2026-10-01 01:00:04] === SCRAPE END OK ===
[2026-10-01 01:15:02] === SCRAPE START ===
[2026-10-01 01:15:02] Fetching https://waitz.io/live/ucsd-rec
[2026-10-01 01:15:03] Saved 4 rows to ucsd_occupancy_history.csv
[2026-10-01 01:15:03] Main Gym Fitness Gym: 3% (Closed) people=2 capacity=72 is_open=False hour_summary=Closed until 6:00am
[2026-10-01 01:15:03] Outback Climbing Center: 13% (Closed) people=4 capacity=30 is_open=False hour_summary=Closed until 2:00pm
[2026-10-01 01:15:03] RIMAC Fitness Gym: 0% (Closed) people=0 capacity=65 is_open=False hour_summary=Closed until 6:00am
[2026-10-01 01:15:03] Triton Esports Center: 0% (Closed) people=0 capacity=35 is_open=False hour_summary=closed
[2026-10-01 01:15:03] === SCRAPE END OK ===
[2026-10-01 01:30:02] === SCRAPE START ===
[2026-10-01 01:30:02] Fetching https://waitz.io/live/ucsd-rec
[2026-10-01 01:30:03] Saved 4 rows to ucsd_occupancy_history.csv
[2026-10-01 01:30:03] Main Gym Fitness Gym: 1% (Closed) people=1 capacity=72 is_open=False hour_summary=Closed until 6:00am
[2026-10-01 01:30:03] Outback Climbing Center: 13% (Closed) people=4 capacity=30 is_open=False hour_summary=Closed until 2:00pm
[2026-10-01 01:30:03] RIMAC Fitness Gym: 0% (Closed) people=0 capacity=65 is_open=False hour_summary=Closed until 6:00am
[2026-10-01 01:30:03] Triton Esports Center: 0% (Closed) people=0 capacity=35 is_open=False hour_summary=closed
[2026-10-01 01:30:03] === SCRAPE END OK ===
[2026-10-01 01:45:02] === SCRAPE START ===
[2026-10-01 01:45:02] Fetching https://waitz.io/live/ucsd-rec
[2026-10-01 01:45:03] Saved 4 rows to ucsd_occupancy_history.csv
[2026-10-01 01:45:03] Main Gym Fitness Gym: 0% (Closed) people=0 capacity=72 is_open=False hour_summary=Closed until 6:00am
[2026-10-01 01:45:03] Outback Climbing Center: 13% (Closed) people=4 capacity=30 is_open=False hour_summary=Closed until 2:00pm
[2026-10-01 01:45:03] RIMAC Fitness Gym: 0% (Closed) people=0 capacity=65 is_open=False hour_summary=Closed until 6:00am
[2026-10-01 01:45:03] Triton Esports Center: 0% (Closed) people=0 capacity=35 is_open=False hour_summary=closed
[2026-10-01 01:45:03] === SCRAPE END OK ===
[2026-10-01 02:00:02] === SCRAPE START ===
[2026-10-01 02:00:02] Fetching https://waitz.io/live/ucsd-rec
[2026-10-01 02:00:03] Saved 4 rows to ucsd_occupancy_history.csv
[2026-10-01 02:00:03] Main Gym Fitness Gym: 1% (Closed) people=1 capacity=72 is_open=False hour_summary=Closed until 6:00am
[2026-10-01 02:00:03] Outback Climbing Center: 13% (Closed) people=4 capacity=30 is_open=False hour_summary=Closed until 2:00pm
[2026-10-01 02:00:03] RIMAC Fitness Gym: 0% (Closed) people=0 capacity=65 is_open=False hour_summary=Closed until 6:00am
[2026-10-01 02:00:03] Triton Esports Center: 0% (Closed) people=0 capacity=35 is_open=False hour_summary=closed
[2026-10-01 02:00:03] === SCRAPE END OK ===
[2026-10-01 02:15:02] === SCRAPE START ===
[2026-10-01 02:15:02] Fetching https://waitz.io/live/ucsd-rec
[2026-10-01 02:15:03] Saved 4 rows to ucsd_occupancy_history.csv
[2026-10-01 02:15:03] Main Gym Fitness Gym: 1% (Closed) people=1 capacity=72 is_open=False hour_summary=Closed until 6:00am
[2026-10-01 02:15:03] Outback Climbing Center: 10% (Closed) people=3 capacity=30 is_open=False hour_summary=Closed until 2:00pm
[2026-10-01 02:15:03] RIMAC Fitness Gym: 0% (Closed) people=0 capacity=65 is_open=False hour_summary=Closed until 6:00am
[2026-10-01 02:15:03] Triton Esports Center: 0% (Closed) people=0 capacity=35 is_open=False hour_summary=closed
[2026-10-01 02:15:03] === SCRAPE END OK ===
[2026-10-01 11:25:15] === SCRAPE START ===
[2026-10-01 11:25:15] Fetching https://waitz.io/live/ucsd-rec
[2026-10-01 11:25:15] HTTP ERROR: HTTPSConnectionPool(host='waitz.io', port=443): Max retries exceeded with url: /live/ucsd-rec (Caused by NameResolutionError("HTTPSConnection(host='waitz.io', port=443): Failed to resolve 'waitz.io' ([Errno 11001] getaddrinfo failed)"))
[2026-10-01 11:30:02] === SCRAPE START ===
[2026-10-01 11:30:02] Fetching https://waitz.io/live/ucsd-rec
[2026-10-01 11:30:03] Saved 4 rows to ucsd_occupancy_history.csv
[2026-10-01 11:30:03] Main Gym Fitness Gym: 99% (Very Active) people=71 capacity=72 is_open=True hour_summary=open
[2026-10-01 11:30:03] Outback Climbing Center: 99% (Closed) people=30 capacity=30 is_open=False hour_summary=Closed until 2:00pm
[2026-10-01 11:30:03] RIMAC Fitness Gym: 99% (Very Active) people=64 capacity=65 is_open=True hour_summary=open
[2026-10-01 11:30:03] Triton Esports Center: 0% (Closed) people=0 capacity=35 is_open=False hour_summary=closed
[2026-10-01 11:30:03] === SCRAPE END OK ===
[2026-10-01 11:45:03] === SCRAPE START ===
[2026-10-01 11:45:03] Fetching https://waitz.io/live/ucsd-rec
[2026-10-01 11:45:04] Saved 4 rows to ucsd_occupancy_history.csv
[2026-10-01 11:45:04] Main Gym Fitness Gym: 99% (Very Active) people=71 capacity=72 is_open=True hour_summary=open
[2026-10-01 11:45:04] Outback Climbing Center: 87% (Closed) people=26 capacity=30 is_open=False hour_summary=Closed until 2:00pm
[2026-10-01 11:45:04] RIMAC Fitness Gym: 99% (Very Active) people=64 capacity=65 is_open=True hour_summary=open
[2026-10-01 11:45:04] Triton Esports Center: 0% (Closed) people=0 capacity=35 is_open=False hour_summary=closed
[2026-10-01 11:45:04] === SCRAPE END OK ===
[2026-10-01 12:00:03] === SCRAPE START ===
[2026-10-01 12:00:03] Fetching https://waitz.io/live/ucsd-rec
[2026-10-01 12:00:05] Saved 4 rows to ucsd_occupancy_history.csv
[2026-10-01 12:00:05] Main Gym Fitness Gym: 99% (Very Active) people=71 capacity=72 is_open=True hour_summary=open
[2026-10-01 12:00:05] Outback Climbing Center: 93% (Closed) people=28 capacity=30 is_open=False hour_summary=Closed until 2:00pm
[2026-10-01 12:00:05] RIMAC Fitness Gym: 99% (Very Active) people=64 capacity=65 is_open=True hour_summary=open
[2026-10-01 12:00:05] Triton Esports Center: 0% (Closed) people=0 capacity=35 is_open=False hour_summary=closed
[2026-10-01 12:00:05] === SCRAPE END OK ===
[2026-10-01 12:15:02] === SCRAPE START ===
[2026-10-01 12:15:02] Fetching https://waitz.io/live/ucsd-rec
[2026-10-01 12:15:03] Saved 4 rows to ucsd_occupancy_history.csv
[2026-10-01 12:15:03] Main Gym Fitness Gym: 99% (Very Active) people=71 capacity=72 is_open=True hour_summary=open
[2026-10-01 12:15:03] Outback Climbing Center: 80% (Closed) people=24 capacity=30 is_open=False hour_summary=Closed until 2:00pm
[2026-10-01 12:15:03] RIMAC Fitness Gym: 99% (Very Active) people=64 capacity=65 is_open=True hour_summary=open
[2026-10-01 12:15:03] Triton Esports Center: 0% (Closed) people=0 capacity=35 is_open=False hour_summary=closed
[2026-10-01 12:15:03] === SCRAPE END OK ===
[2026-10-01 12:30:02] === SCRAPE START ===
[2026-10-01 12:30:02] Fetching https://waitz.io/live/ucsd-rec
[2026-10-01 12:30:03] Saved 4 rows to ucsd_occupancy_history.csv
[2026-10-01 12:30:03] Main Gym Fitness Gym: 99% (Very Active) people=71 capacity=72 is_open=True hour_summary=open
[2026-10-01 12:30:03] Outback Climbing Center: 87% (Closed) people=26 capacity=30 is_open=False hour_summary=Closed until 2:00pm
[2026-10-01 12:30:03] RIMAC Fitness Gym: 99% (Very Active) people=64 capacity=65 is_open=True hour_summary=open
[2026-10-01 12:30:03] Triton Esports Center: 3% (Closed) people=1 capacity=35 is_open=False hour_summary=closed
[2026-10-01 12:30:03] === SCRAPE END OK ===
[2026-10-01 12:45:02] === SCRAPE START ===
[2026-10-01 12:45:02] Fetching https://waitz.io/live/ucsd-rec
[2026-10-01 12:45:03] Saved 4 rows to ucsd_occupancy_history.csv
[2026-10-01 12:45:03] Main Gym Fitness Gym: 99% (Very Active) people=71 capacity=72 is_open=True hour_summary=open
[2026-10-01 12:45:03] Outback Climbing Center: 83% (Closed) people=25 capacity=30 is_open=False hour_summary=Closed until 2:00pm
[2026-10-01 12:45:03] RIMAC Fitness Gym: 99% (Very Active) people=64 capacity=65 is_open=True hour_summary=open
[2026-10-01 12:45:03] Triton Esports Center: 0% (Closed) people=0 capacity=35 is_open=False hour_summary=closed
[2026-10-01 12:45:03] === SCRAPE END OK ===
[2026-10-01 13:00:02] === SCRAPE START ===
[2026-10-01 13:00:02] Fetching https://waitz.io/live/ucsd-rec
[2026-10-01 13:00:04] Saved 4 rows to ucsd_occupancy_history.csv
[2026-10-01 13:00:04] Main Gym Fitness Gym: 99% (Very Active) people=71 capacity=72 is_open=True hour_summary=open
[2026-10-01 13:00:04] Outback Climbing Center: 63% (Closed) people=19 capacity=30 is_open=False hour_summary=Closed until 2:00pm
[2026-10-01 13:00:04] RIMAC Fitness Gym: 99% (Very Active) people=64 capacity=65 is_open=True hour_summary=open
[2026-10-01 13:00:04] Triton Esports Center: 9% (Closed) people=3 capacity=35 is_open=False hour_summary=closed
[2026-10-01 13:00:04] === SCRAPE END OK ===
[2026-10-01 13:15:02] === SCRAPE START ===
[2026-10-01 13:15:02] Fetching https://waitz.io/live/ucsd-rec
[2026-10-01 13:15:03] Saved 4 rows to ucsd_occupancy_history.csv
[2026-10-01 13:15:03] Main Gym Fitness Gym: 99% (Very Active) people=71 capacity=72 is_open=True hour_summary=open
[2026-10-01 13:15:03] Outback Climbing Center: 67% (Closed) people=20 capacity=30 is_open=False hour_summary=Closed until 2:00pm
[2026-10-01 13:15:03] RIMAC Fitness Gym: 99% (Very Active) people=64 capacity=65 is_open=True hour_summary=open
[2026-10-01 13:15:03] Triton Esports Center: 29% (Closed) people=10 capacity=35 is_open=False hour_summary=closed
[2026-10-01 13:15:03] === SCRAPE END OK ===
[2026-10-01 13:30:02] === SCRAPE START ===
[2026-10-01 13:30:02] Fetching https://waitz.io/live/ucsd-rec
[2026-10-01 13:30:03] Saved 4 rows to ucsd_occupancy_history.csv
[2026-10-01 13:30:03] Main Gym Fitness Gym: 99% (Very Active) people=71 capacity=72 is_open=True hour_summary=open
[2026-10-01 13:30:03] Outback Climbing Center: 63% (Closed) people=19 capacity=30 is_open=False hour_summary=Closed until 2:00pm
[2026-10-01 13:30:03] RIMAC Fitness Gym: 99% (Very Active) people=64 capacity=65 is_open=True hour_summary=open
[2026-10-01 13:30:03] Triton Esports Center: 34% (Closed) people=12 capacity=35 is_open=False hour_summary=closed
[2026-10-01 13:30:03] === SCRAPE END OK ===
[2026-10-01 13:45:02] === SCRAPE START ===
[2026-10-01 13:45:02] Fetching https://waitz.io/live/ucsd-rec
[2026-10-01 13:45:03] Saved 4 rows to ucsd_occupancy_history.csv
[2026-10-01 13:45:03] Main Gym Fitness Gym: 99% (Very Active) people=71 capacity=72 is_open=True hour_summary=open
[2026-10-01 13:45:03] Outback Climbing Center: 60% (Closed) people=18 capacity=30 is_open=False hour_summary=Closed until 2:00pm
[2026-10-01 13:45:03] RIMAC Fitness Gym: 0% (Data Unavailable) people=0 capacity=65 is_open=True hour_summary=open
[2026-10-01 13:45:03] Triton Esports Center: 43% (Closed) people=15 capacity=35 is_open=False hour_summary=closed
[2026-10-01 13:45:03] === SCRAPE END OK ===
[2026-10-01 14:00:02] === SCRAPE START ===
[2026-10-01 14:00:02] Fetching https://waitz.io/live/ucsd-rec
[2026-10-01 14:00:04] Saved 4 rows to ucsd_occupancy_history.csv
[2026-10-01 14:00:04] Main Gym Fitness Gym: 99% (Very Active) people=71 capacity=72 is_open=True hour_summary=open
[2026-10-01 14:00:04] Outback Climbing Center: 43% (Not Busy) people=13 capacity=30 is_open=True hour_summary=open
[2026-10-01 14:00:04] RIMAC Fitness Gym: 99% (Very Active) people=64 capacity=65 is_open=True hour_summary=open
[2026-10-01 14:00:04] Triton Esports Center: 37% (Closed) people=13 capacity=35 is_open=False hour_summary=closed
[2026-10-01 14:00:04] === SCRAPE END OK ===
[2026-10-01 14:15:02] === SCRAPE START ===
[2026-10-01 14:15:02] Fetching https://waitz.io/live/ucsd-rec
[2026-10-01 14:15:03] Saved 4 rows to ucsd_occupancy_history.csv
[2026-10-01 14:15:03] Main Gym Fitness Gym: 99% (Very Active) people=71 capacity=72 is_open=True hour_summary=open
[2026-10-01 14:15:03] Outback Climbing Center: 90% (Very Active) people=27 capacity=30 is_open=True hour_summary=open
[2026-10-01 14:15:03] RIMAC Fitness Gym: 99% (Very Active) people=64 capacity=65 is_open=True hour_summary=open
[2026-10-01 14:15:03] Triton Esports Center: 37% (Closed) people=13 capacity=35 is_open=False hour_summary=closed
[2026-10-01 14:15:03] === SCRAPE END OK ===
[2026-10-01 14:30:02] === SCRAPE START ===
[2026-10-01 14:30:02] Fetching https://waitz.io/live/ucsd-rec
[2026-10-01 14:30:03] Saved 4 rows to ucsd_occupancy_history.csv
[2026-10-01 14:30:03] Main Gym Fitness Gym: 99% (Very Active) people=71 capacity=72 is_open=True hour_summary=open
[2026-10-01 14:30:03] Outback Climbing Center: 99% (Very Active) people=30 capacity=30 is_open=True hour_summary=open
[2026-10-01 14:30:03] RIMAC Fitness Gym: 99% (Very Active) people=64 capacity=65 is_open=True hour_summary=open
[2026-10-01 14:30:03] Triton Esports Center: 49% (Closed) people=17 capacity=35 is_open=False hour_summary=closed
[2026-10-01 14:30:03] === SCRAPE END OK ===
[2026-10-01 14:45:02] === SCRAPE START ===
[2026-10-01 14:45:02] Fetching https://waitz.io/live/ucsd-rec
[2026-10-01 14:45:04] Saved 4 rows to ucsd_occupancy_history.csv
[2026-10-01 14:45:04] Main Gym Fitness Gym: 99% (Very Active) people=71 capacity=72 is_open=True hour_summary=open
[2026-10-01 14:45:04] Outback Climbing Center: 99% (Very Active) people=30 capacity=30 is_open=True hour_summary=open
[2026-10-01 14:45:04] RIMAC Fitness Gym: 99% (Very Active) people=64 capacity=65 is_open=True hour_summary=open
[2026-10-01 14:45:04] Triton Esports Center: 49% (Closed) people=17 capacity=35 is_open=False hour_summary=closed
[2026-10-01 14:45:04] === SCRAPE END OK ===
[2026-10-01 15:00:02] === SCRAPE START ===
[2026-10-01 15:00:02] Fetching https://waitz.io/live/ucsd-rec
[2026-10-01 15:00:04] Saved 4 rows to ucsd_occupancy_history.csv
[2026-10-01 15:00:04] Main Gym Fitness Gym: 99% (Very Active) people=71 capacity=72 is_open=True hour_summary=open
[2026-10-01 15:00:04] Outback Climbing Center: 99% (Very Active) people=30 capacity=30 is_open=True hour_summary=open
[2026-10-01 15:00:04] RIMAC Fitness Gym: 99% (Very Active) people=64 capacity=65 is_open=True hour_summary=open
[2026-10-01 15:00:04] Triton Esports Center: 51% (Closed) people=18 capacity=35 is_open=False hour_summary=closed
[2026-10-01 15:00:04] === SCRAPE END OK ===
[2026-10-01 15:15:02] === SCRAPE START ===
[2026-10-01 15:15:02] Fetching https://waitz.io/live/ucsd-rec
[2026-10-01 15:15:03] Saved 4 rows to ucsd_occupancy_history.csv
[2026-10-01 15:15:03] Main Gym Fitness Gym: 99% (Very Active) people=71 capacity=72 is_open=True hour_summary=open
[2026-10-01 15:15:03] Outback Climbing Center: 97% (Very Active) people=29 capacity=30 is_open=True hour_summary=open
[2026-10-01 15:15:03] RIMAC Fitness Gym: 99% (Very Active) people=64 capacity=65 is_open=True hour_summary=open
[2026-10-01 15:15:03] Triton Esports Center: 49% (Closed) people=17 capacity=35 is_open=False hour_summary=closed
[2026-10-01 15:15:03] === SCRAPE END OK ===
[2026-10-01 15:30:02] === SCRAPE START ===
[2026-10-01 15:30:02] Fetching https://waitz.io/live/ucsd-rec
[2026-10-01 15:30:03] Saved 4 rows to ucsd_occupancy_history.csv
[2026-10-01 15:30:03] Main Gym Fitness Gym: 99% (Very Active) people=71 capacity=72 is_open=True hour_summary=open
[2026-10-01 15:30:03] Outback Climbing Center: 99% (Very Active) people=30 capacity=30 is_open=True hour_summary=open
[2026-10-01 15:30:03] RIMAC Fitness Gym: 99% (Very Active) people=64 capacity=65 is_open=True hour_summary=open
[2026-10-01 15:30:03] Triton Esports Center: 51% (Closed) people=18 capacity=35 is_open=False hour_summary=closed
[2026-10-01 15:30:03] === SCRAPE END OK ===
[2026-10-01 15:45:02] === SCRAPE START ===
[2026-10-01 15:45:02] Fetching https://waitz.io/live/ucsd-rec
[2026-10-01 15:45:05] Saved 4 rows to ucsd_occupancy_history.csv
[2026-10-01 15:45:05] Main Gym Fitness Gym: 99% (Very Active) people=71 capacity=72 is_open=True hour_summary=open
[2026-10-01 15:45:05] Outback Climbing Center: 99% (Very Active) people=30 capacity=30 is_open=True hour_summary=open
[2026-10-01 15:45:05] RIMAC Fitness Gym: 99% (Very Active) people=64 capacity=65 is_open=True hour_summary=open
[2026-10-01 15:45:05] Triton Esports Center: 54% (Closed) people=19 capacity=35 is_open=False hour_summary=closed
[2026-10-01 15:45:05] === SCRAPE END OK ===
[2026-10-01 16:00:03] === SCRAPE START ===
[2026-10-01 16:00:03] Fetching https://waitz.io/live/ucsd-rec
[2026-10-01 16:00:05] Saved 4 rows to ucsd_occupancy_history.csv
[2026-10-01 16:00:05] Main Gym Fitness Gym: 99% (Very Active) people=71 capacity=72 is_open=True hour_summary=open
[2026-10-01 16:00:05] Outback Climbing Center: 99% (Very Active) people=30 capacity=30 is_open=True hour_summary=open
[2026-10-01 16:00:05] RIMAC Fitness Gym: 99% (Very Active) people=64 capacity=65 is_open=True hour_summary=open
[2026-10-01 16:00:05] Triton Esports Center: 54% (Closed) people=19 capacity=35 is_open=False hour_summary=closed
[2026-10-01 16:00:05] === SCRAPE END OK ===
[2026-10-01 16:15:02] === SCRAPE START ===
[2026-10-01 16:15:02] Fetching https://waitz.io/live/ucsd-rec
[2026-10-01 16:15:03] Saved 4 rows to ucsd_occupancy_history.csv
[2026-10-01 16:15:03] Main Gym Fitness Gym: 99% (Very Active) people=71 capacity=72 is_open=True hour_summary=open
[2026-10-01 16:15:03] Outback Climbing Center: 99% (Very Active) people=30 capacity=30 is_open=True hour_summary=open
[2026-10-01 16:15:03] RIMAC Fitness Gym: 99% (Very Active) people=64 capacity=65 is_open=True hour_summary=open
[2026-10-01 16:15:03] Triton Esports Center: 57% (Closed) people=20 capacity=35 is_open=False hour_summary=closed
[2026-10-01 16:15:03] === SCRAPE END OK ===
[2026-10-01 16:30:02] === SCRAPE START ===
[2026-10-01 16:30:02] Fetching https://waitz.io/live/ucsd-rec
[2026-10-01 16:30:04] Saved 4 rows to ucsd_occupancy_history.csv
[2026-10-01 16:30:04] Main Gym Fitness Gym: 99% (Very Active) people=71 capacity=72 is_open=True hour_summary=open
[2026-10-01 16:30:04] Outback Climbing Center: 99% (Very Active) people=30 capacity=30 is_open=True hour_summary=open
[2026-10-01 16:30:04] RIMAC Fitness Gym: 99% (Very Active) people=64 capacity=65 is_open=True hour_summary=open
[2026-10-01 16:30:04] Triton Esports Center: 51% (Closed) people=18 capacity=35 is_open=False hour_summary=closed
[2026-10-01 16:30:04] === SCRAPE END OK ===
[2026-10-01 16:45:02] === SCRAPE START ===
[2026-10-01 16:45:02] Fetching https://waitz.io/live/ucsd-rec
[2026-10-01 16:45:03] Saved 4 rows to ucsd_occupancy_history.csv
[2026-10-01 16:45:03] Main Gym Fitness Gym: 99% (Very Active) people=71 capacity=72 is_open=True hour_summary=open
[2026-10-01 16:45:03] Outback Climbing Center: 99% (Very Active) people=30 capacity=30 is_open=True hour_summary=open
[2026-10-01 16:45:03] RIMAC Fitness Gym: 99% (Very Active) people=64 capacity=65 is_open=True hour_summary=open
[2026-10-01 16:45:03] Triton Esports Center: 54% (Closed) people=19 capacity=35 is_open=False hour_summary=closed
[2026-10-01 16:45:03] === SCRAPE END OK ===
[2026-10-01 17:00:02] === SCRAPE START ===
[2026-10-01 17:00:02] Fetching https://waitz.io/live/ucsd-rec
[2026-10-01 17:00:04] Saved 4 rows to ucsd_occupancy_history.csv
[2026-10-01 17:00:04] Main Gym Fitness Gym: 99% (Very Active) people=71 capacity=72 is_open=True hour_summary=open
[2026-10-01 17:00:04] Outback Climbing Center: 99% (Very Active) people=30 capacity=30 is_open=True hour_summary=open
[2026-10-01 17:00:04] RIMAC Fitness Gym: 99% (Very Active) people=64 capacity=65 is_open=True hour_summary=open
[2026-10-01 17:00:04] Triton Esports Center: 49% (Closed) people=17 capacity=35 is_open=False hour_summary=closed
[2026-10-01 17:00:04] === SCRAPE END OK ===
[2026-10-01 17:15:02] === SCRAPE START ===
[2026-10-01 17:15:02] Fetching https://waitz.io/live/ucsd-rec
[2026-10-01 17:15:03] Saved 4 rows to ucsd_occupancy_history.csv
[2026-10-01 17:15:03] Main Gym Fitness Gym: 99% (Very Active) people=71 capacity=72 is_open=True hour_summary=open
[2026-10-01 17:15:03] Outback Climbing Center: 99% (Very Active) people=30 capacity=30 is_open=True hour_summary=open
[2026-10-01 17:15:03] RIMAC Fitness Gym: 99% (Very Active) people=64 capacity=65 is_open=True hour_summary=open
[2026-10-01 17:15:03] Triton Esports Center: 46% (Closed) people=16 capacity=35 is_open=False hour_summary=closed
[2026-10-01 17:15:03] === SCRAPE END OK ===
[2026-10-01 17:30:02] === SCRAPE START ===
[2026-10-01 17:30:02] Fetching https://waitz.io/live/ucsd-rec
[2026-10-01 17:30:03] Saved 4 rows to ucsd_occupancy_history.csv
[2026-10-01 17:30:03] Main Gym Fitness Gym: 99% (Very Active) people=71 capacity=72 is_open=True hour_summary=open
[2026-10-01 17:30:03] Outback Climbing Center: 99% (Very Active) people=30 capacity=30 is_open=True hour_summary=open
[2026-10-01 17:30:03] RIMAC Fitness Gym: 99% (Very Active) people=64 capacity=65 is_open=True hour_summary=open
[2026-10-01 17:30:03] Triton Esports Center: 46% (Closed) people=16 capacity=35 is_open=False hour_summary=closed
[2026-10-01 17:30:03] === SCRAPE END OK ===
[2026-10-01 17:45:02] === SCRAPE START ===
[2026-10-01 17:45:02] Fetching https://waitz.io/live/ucsd-rec
[2026-10-01 17:45:04] Saved 4 rows to ucsd_occupancy_history.csv
[2026-10-01 17:45:04] Main Gym Fitness Gym: 99% (Very Active) people=71 capacity=72 is_open=True hour_summary=open
[2026-10-01 17:45:04] Outback Climbing Center: 99% (Very Active) people=30 capacity=30 is_open=True hour_summary=open
[2026-10-01 17:45:04] RIMAC Fitness Gym: 0% (Data Unavailable) people=0 capacity=65 is_open=True hour_summary=open
[2026-10-01 17:45:04] Triton Esports Center: 46% (Closed) people=16 capacity=35 is_open=False hour_summary=closed
[2026-10-01 17:45:04] === SCRAPE END OK ===
[2026-10-01 18:00:01] === SCRAPE START ===
[2026-10-01 18:00:01] Fetching https://waitz.io/live/ucsd-rec
[2026-10-01 18:00:03] Saved 4 rows to ucsd_occupancy_history.csv
[2026-10-01 18:00:03] Main Gym Fitness Gym: 99% (Very Active) people=71 capacity=72 is_open=True hour_summary=open
[2026-10-01 18:00:03] Outback Climbing Center: 99% (Very Active) people=30 capacity=30 is_open=True hour_summary=open
[2026-10-01 18:00:03] RIMAC Fitness Gym: 99% (Very Active) people=64 capacity=65 is_open=True hour_summary=open
[2026-10-01 18:00:03] Triton Esports Center: 37% (Closed) people=13 capacity=35 is_open=False hour_summary=closed
[2026-10-01 18:00:03] === SCRAPE END OK ===
[2026-10-01 18:15:02] === SCRAPE START ===
[2026-10-01 18:15:02] Fetching https://waitz.io/live/ucsd-rec
[2026-10-01 18:15:04] Saved 4 rows to ucsd_occupancy_history.csv
[2026-10-01 18:15:04] Main Gym Fitness Gym: 99% (Very Active) people=71 capacity=72 is_open=True hour_summary=open
[2026-10-01 18:15:04] Outback Climbing Center: 99% (Very Active) people=30 capacity=30 is_open=True hour_summary=open
[2026-10-01 18:15:04] RIMAC Fitness Gym: 99% (Very Active) people=64 capacity=65 is_open=True hour_summary=open
[2026-10-01 18:15:04] Triton Esports Center: 31% (Closed) people=11 capacity=35 is_open=False hour_summary=closed
[2026-10-01 18:15:04] === SCRAPE END OK ===
[2026-10-01 18:30:02] === SCRAPE START ===
[2026-10-01 18:30:02] Fetching https://waitz.io/live/ucsd-rec
[2026-10-01 18:30:04] Saved 4 rows to ucsd_occupancy_history.csv
[2026-10-01 18:30:04] Main Gym Fitness Gym: 99% (Very Active) people=71 capacity=72 is_open=True hour_summary=open
[2026-10-01 18:30:04] Outback Climbing Center: 99% (Very Active) people=30 capacity=30 is_open=True hour_summary=open
[2026-10-01 18:30:04] RIMAC Fitness Gym: 99% (Very Active) people=64 capacity=65 is_open=True hour_summary=open
[2026-10-01 18:30:04] Triton Esports Center: 31% (Closed) people=11 capacity=35 is_open=False hour_summary=closed
[2026-10-01 18:30:04] === SCRAPE END OK ===
[2026-10-01 18:45:02] === SCRAPE START ===
[2026-10-01 18:45:02] Fetching https://waitz.io/live/ucsd-rec
[2026-10-01 18:45:03] Saved 4 rows to ucsd_occupancy_history.csv
[2026-10-01 18:45:03] Main Gym Fitness Gym: 99% (Very Active) people=71 capacity=72 is_open=True hour_summary=open
[2026-10-01 18:45:03] Outback Climbing Center: 99% (Very Active) people=30 capacity=30 is_open=True hour_summary=open
[2026-10-01 18:45:03] RIMAC Fitness Gym: 99% (Very Active) people=64 capacity=65 is_open=True hour_summary=open
[2026-10-01 18:45:03] Triton Esports Center: 34% (Closed) people=12 capacity=35 is_open=False hour_summary=closed
[2026-10-01 18:45:03] === SCRAPE END OK ===
[2026-10-01 19:00:02] === SCRAPE START ===
[2026-10-01 19:00:02] Fetching https://waitz.io/live/ucsd-rec
[2026-10-01 19:00:04] Saved 4 rows to ucsd_occupancy_history.csv
[2026-10-01 19:00:04] Main Gym Fitness Gym: 99% (Very Active) people=71 capacity=72 is_open=True hour_summary=open
[2026-10-01 19:00:04] Outback Climbing Center: 99% (Very Active) people=30 capacity=30 is_open=True hour_summary=open
[2026-10-01 19:00:04] RIMAC Fitness Gym: 99% (Very Active) people=64 capacity=65 is_open=True hour_summary=open
[2026-10-01 19:00:04] Triton Esports Center: 49% (Closed) people=17 capacity=35 is_open=False hour_summary=closed
[2026-10-01 19:00:04] === SCRAPE END OK ===
[2026-10-01 19:15:02] === SCRAPE START ===
[2026-10-01 19:15:02] Fetching https://waitz.io/live/ucsd-rec
[2026-10-01 19:15:03] Saved 4 rows to ucsd_occupancy_history.csv
[2026-10-01 19:15:03] Main Gym Fitness Gym: 99% (Very Active) people=71 capacity=72 is_open=True hour_summary=open
[2026-10-01 19:15:03] Outback Climbing Center: 77% (Busy) people=23 capacity=30 is_open=True hour_summary=open
[2026-10-01 19:15:03] RIMAC Fitness Gym: 99% (Very Active) people=64 capacity=65 is_open=True hour_summary=open
[2026-10-01 19:15:03] Triton Esports Center: 51% (Closed) people=18 capacity=35 is_open=False hour_summary=closed
[2026-10-01 19:15:03] === SCRAPE END OK ===
[2026-10-01 19:30:02] === SCRAPE START ===
[2026-10-01 19:30:02] Fetching https://waitz.io/live/ucsd-rec
[2026-10-01 19:30:04] Saved 4 rows to ucsd_occupancy_history.csv
[2026-10-01 19:30:04] Main Gym Fitness Gym: 99% (Very Active) people=71 capacity=72 is_open=True hour_summary=open
[2026-10-01 19:30:04] Outback Climbing Center: 99% (Very Active) people=30 capacity=30 is_open=True hour_summary=open
[2026-10-01 19:30:04] RIMAC Fitness Gym: 99% (Very Active) people=64 capacity=65 is_open=True hour_summary=open
[2026-10-01 19:30:04] Triton Esports Center: 54% (Closed) people=19 capacity=35 is_open=False hour_summary=closed
[2026-10-01 19:30:04] === SCRAPE END OK ===
[2026-10-01 19:45:02] === SCRAPE START ===
[2026-10-01 19:45:02] Fetching https://waitz.io/live/ucsd-rec
[2026-10-01 19:45:03] Saved 4 rows to ucsd_occupancy_history.csv
[2026-10-01 19:45:03] Main Gym Fitness Gym: 99% (Very Active) people=71 capacity=72 is_open=True hour_summary=open
[2026-10-01 19:45:03] Outback Climbing Center: 99% (Very Active) people=30 capacity=30 is_open=True hour_summary=open
[2026-10-01 19:45:03] RIMAC Fitness Gym: 99% (Very Active) people=64 capacity=65 is_open=True hour_summary=open
[2026-10-01 19:45:03] Triton Esports Center: 49% (Closed) people=17 capacity=35 is_open=False hour_summary=closed
[2026-10-01 19:45:03] === SCRAPE END OK ===
[2026-10-01 20:00:02] === SCRAPE START ===
[2026-10-01 20:00:02] Fetching https://waitz.io/live/ucsd-rec
[2026-10-01 20:00:04] Saved 4 rows to ucsd_occupancy_history.csv
[2026-10-01 20:00:04] Main Gym Fitness Gym: 99% (Very Active) people=71 capacity=72 is_open=True hour_summary=open
[2026-10-01 20:00:04] Outback Climbing Center: 93% (Closed) people=28 capacity=30 is_open=False hour_summary=Closed until 2:00pm
[2026-10-01 20:00:04] RIMAC Fitness Gym: 99% (Very Active) people=64 capacity=65 is_open=True hour_summary=open
[2026-10-01 20:00:04] Triton Esports Center: 51% (Closed) people=18 capacity=35 is_open=False hour_summary=closed
[2026-10-01 20:00:04] === SCRAPE END OK ===
[2026-10-01 20:15:02] === SCRAPE START ===
[2026-10-01 20:15:02] Fetching https://waitz.io/live/ucsd-rec
[2026-10-01 20:15:03] Saved 4 rows to ucsd_occupancy_history.csv
[2026-10-01 20:15:03] Main Gym Fitness Gym: 99% (Very Active) people=71 capacity=72 is_open=True hour_summary=open
[2026-10-01 20:15:03] Outback Climbing Center: 99% (Closed) people=30 capacity=30 is_open=False hour_summary=Closed until 2:00pm
[2026-10-01 20:15:03] RIMAC Fitness Gym: 99% (Very Active) people=64 capacity=65 is_open=True hour_summary=open
[2026-10-01 20:15:03] Triton Esports Center: 46% (Closed) people=16 capacity=35 is_open=False hour_summary=closed
[2026-10-01 20:15:03] === SCRAPE END OK ===
[2026-10-01 20:30:02] === SCRAPE START ===
[2026-10-01 20:30:02] Fetching https://waitz.io/live/ucsd-rec
[2026-10-01 20:30:03] Saved 4 rows to ucsd_occupancy_history.csv
[2026-10-01 20:30:03] Main Gym Fitness Gym: 99% (Very Active) people=71 capacity=72 is_open=True hour_summary=open
[2026-10-01 20:30:03] Outback Climbing Center: 99% (Closed) people=30 capacity=30 is_open=False hour_summary=Closed until 2:00pm
[2026-10-01 20:30:03] RIMAC Fitness Gym: 99% (Very Active) people=64 capacity=65 is_open=True hour_summary=open
[2026-10-01 20:30:03] Triton Esports Center: 40% (Closed) people=14 capacity=35 is_open=False hour_summary=closed
[2026-10-01 20:30:03] === SCRAPE END OK ===
[2026-10-01 20:45:02] === SCRAPE START ===
[2026-10-01 20:45:02] Fetching https://waitz.io/live/ucsd-rec
[2026-10-01 20:45:03] Saved 4 rows to ucsd_occupancy_history.csv
[2026-10-01 20:45:03] Main Gym Fitness Gym: 99% (Very Active) people=71 capacity=72 is_open=True hour_summary=open
[2026-10-01 20:45:03] Outback Climbing Center: 99% (Closed) people=30 capacity=30 is_open=False hour_summary=Closed until 2:00pm
[2026-10-01 20:45:03] RIMAC Fitness Gym: 99% (Very Active) people=64 capacity=65 is_open=True hour_summary=open
[2026-10-01 20:45:03] Triton Esports Center: 37% (Closed) people=13 capacity=35 is_open=False hour_summary=closed
[2026-10-01 20:45:03] === SCRAPE END OK ===
[2026-10-01 21:00:02] === SCRAPE START ===
[2026-10-01 21:00:02] Fetching https://waitz.io/live/ucsd-rec
[2026-10-01 21:00:04] Saved 4 rows to ucsd_occupancy_history.csv
[2026-10-01 21:00:04] Main Gym Fitness Gym: 99% (Very Active) people=71 capacity=72 is_open=True hour_summary=open
[2026-10-01 21:00:04] Outback Climbing Center: 99% (Closed) people=30 capacity=30 is_open=False hour_summary=Closed until 2:00pm
[2026-10-01 21:00:04] RIMAC Fitness Gym: 99% (Closed) people=64 capacity=65 is_open=False hour_summary=Closed until 6:00am
[2026-10-01 21:00:04] Triton Esports Center: 29% (Closed) people=10 capacity=35 is_open=False hour_summary=closed
[2026-10-01 21:00:04] === SCRAPE END OK ===
[2026-10-01 21:15:02] === SCRAPE START ===
[2026-10-01 21:15:02] Fetching https://waitz.io/live/ucsd-rec
[2026-10-01 21:15:03] Saved 4 rows to ucsd_occupancy_history.csv
[2026-10-01 21:15:03] Main Gym Fitness Gym: 99% (Very Active) people=71 capacity=72 is_open=True hour_summary=open
[2026-10-01 21:15:03] Outback Climbing Center: 99% (Closed) people=30 capacity=30 is_open=False hour_summary=Closed until 2:00pm
[2026-10-01 21:15:03] RIMAC Fitness Gym: 99% (Closed) people=64 capacity=65 is_open=False hour_summary=Closed until 6:00am
[2026-10-01 21:15:03] Triton Esports Center: 26% (Closed) people=9 capacity=35 is_open=False hour_summary=closed
[2026-10-01 21:15:03] === SCRAPE END OK ===
