[2026-10-09 00:00:01] === SCRAPE START ===
[2026-10-09 00:00:01] Fetching https://waitz.io/live/ucsd-rec
[2026-10-09 00:00:02] Saved 4 rows to ucsd_occupancy_history.csv
[2026-10-09 00:00:02] Main Gym Fitness Gym: 15% (Closed) people=11 capacity=72 is_open=False hour_summary=Closed until 6:00am
[2026-10-09 00:00:02] Outback Climbing Center: 0% (Closed) people=0 capacity=30 is_open=False hour_summary=Closed until 2:00pm
[2026-10-09 00:00:02] RIMAC Fitness Gym: 0% (Closed) people=0 capacity=65 is_open=False hour_summary=Closed until 6:00am
[2026-10-09 00:00:02] Triton Esports Center: 0% (Closed) people=0 capacity=35 is_open=False hour_summary=closed
[2026-10-09 00:00:02] === SCRAPE END OK ===
[2026-10-09 00:15:02] === SCRAPE START ===
[2026-10-09 00:15:02] Fetching https://waitz.io/live/ucsd-rec
[2026-10-09 00:15:03] Saved 4 rows to ucsd_occupancy_history.csv
[2026-10-09 00:15:03] Main Gym Fitness Gym: 15% (Closed) people=11 capacity=72 is_open=False hour_summary=Closed until 6:00am
[2026-10-09 00:15:03] Outback Climbing Center: 0% (Closed) people=0 capacity=30 is_open=False hour_summary=Closed until 2:00pm
[2026-10-09 00:15:03] RIMAC Fitness Gym: 0% (Closed) people=0 capacity=65 is_open=False hour_summary=Closed until 6:00am
[2026-10-09 00:15:03] Triton Esports Center: 0% (Closed) people=0 capacity=35 is_open=False hour_summary=closed
[2026-10-09 00:15:03] === SCRAPE END OK ===
[2026-10-09 00:30:02] === SCRAPE START ===
[2026-10-09 00:30:02] Fetching https://waitz.io/live/ucsd-rec
[2026-10-09 00:30:03] Saved 4 rows to ucsd_occupancy_history.csv
[2026-10-09 00:30:03] Main Gym Fitness Gym: 8% (Closed) people=6 capacity=72 is_open=False hour_summary=Closed until 6:00am
[2026-10-09 00:30:03] Outback Climbing Center: 0% (Closed) people=0 capacity=30 is_open=False hour_summary=Closed until 2:00pm
[2026-10-09 00:30:03] RIMAC Fitness Gym: 0% (Closed) people=0 capacity=65 is_open=False hour_summary=Closed until 6:00am
[2026-10-09 00:30:03] Triton Esports Center: 0% (Closed) people=0 capacity=35 is_open=False hour_summary=closed
[2026-10-09 00:30:03] === SCRAPE END OK ===
[2026-10-09 00:45:02] === SCRAPE START ===
[2026-10-09 00:45:02] Fetching https://waitz.io/live/ucsd-rec
[2026-10-09 00:45:03] Saved 4 rows to ucsd_occupancy_history.csv
[2026-10-09 00:45:03] Main Gym Fitness Gym: 14% (Closed) people=10 capacity=72 is_open=False hour_summary=Closed until 6:00am
[2026-10-09 00:45:03] Outback Climbing Center: 0% (Closed) people=0 capacity=30 is_open=False hour_summary=Closed until 2:00pm
[2026-10-09 00:45:03] RIMAC Fitness Gym: 0% (Closed) people=0 capacity=65 is_open=False hour_summary=Closed until 6:00am
[2026-10-09 00:45:03] Triton Esports Center: 0% (Closed) people=0 capacity=35 is_open=False hour_summary=closed
[2026-10-09 00:45:03] === SCRAPE END OK ===
[2026-10-09 11:22:44] === SCRAPE START ===
[2026-10-09 11:22:44] Fetching https://waitz.io/live/ucsd-rec
[2026-10-09 11:22:44] HTTP ERROR: HTTPSConnectionPool(host='waitz.io', port=443): Max retries exceeded with url: /live/ucsd-rec (Caused by NameResolutionError("HTTPSConnection(host='waitz.io', port=443): Failed to resolve 'waitz.io' ([Errno 11001] getaddrinfo failed)"))
[2026-10-09 11:30:03] === SCRAPE START ===
[2026-10-09 11:30:03] Fetching https://waitz.io/live/ucsd-rec
[2026-10-09 11:30:06] Saved 4 rows to ucsd_occupancy_history.csv
[2026-10-09 11:30:06] Main Gym Fitness Gym: 99% (Very Active) people=71 capacity=72 is_open=True hour_summary=open
[2026-10-09 11:30:06] Outback Climbing Center: 0% (Closed) people=0 capacity=30 is_open=False hour_summary=Closed until 2:00pm
[2026-10-09 11:30:06] RIMAC Fitness Gym: 99% (Very Active) people=64 capacity=65 is_open=True hour_summary=open
[2026-10-09 11:30:06] Triton Esports Center: 0% (Closed) people=0 capacity=35 is_open=False hour_summary=closed
[2026-10-09 11:30:06] === SCRAPE END OK ===
[2026-10-09 11:45:02] === SCRAPE START ===
[2026-10-09 11:45:02] Fetching https://waitz.io/live/ucsd-rec
[2026-10-09 11:45:04] Saved 4 rows to ucsd_occupancy_history.csv
[2026-10-09 11:45:04] Main Gym Fitness Gym: 99% (Very Active) people=71 capacity=72 is_open=True hour_summary=open
[2026-10-09 11:45:04] Outback Climbing Center: 0% (Closed) people=0 capacity=30 is_open=False hour_summary=Closed until 2:00pm
[2026-10-09 11:45:04] RIMAC Fitness Gym: 99% (Very Active) people=64 capacity=65 is_open=True hour_summary=open
[2026-10-09 11:45:04] Triton Esports Center: 0% (Closed) people=0 capacity=35 is_open=False hour_summary=closed
[2026-10-09 11:45:04] === SCRAPE END OK ===
[2026-10-09 12:00:02] === SCRAPE START ===
[2026-10-09 12:00:02] Fetching https://waitz.io/live/ucsd-rec
[2026-10-09 12:00:04] Saved 4 rows to ucsd_occupancy_history.csv
[2026-10-09 12:00:04] Main Gym Fitness Gym: 99% (Very Active) people=71 capacity=72 is_open=True hour_summary=open
[2026-10-09 12:00:04] Outback Climbing Center: 0% (Closed) people=0 capacity=30 is_open=False hour_summary=Closed until 2:00pm
[2026-10-09 12:00:04] RIMAC Fitness Gym: 99% (Very Active) people=64 capacity=65 is_open=True hour_summary=open
[2026-10-09 12:00:04] Triton Esports Center: 0% (Closed) people=0 capacity=35 is_open=False hour_summary=closed
[2026-10-09 12:00:04] === SCRAPE END OK ===
[2026-10-09 12:15:02] === SCRAPE START ===
[2026-10-09 12:15:02] Fetching https://waitz.io/live/ucsd-rec
[2026-10-09 12:15:04] Saved 4 rows to ucsd_occupancy_history.csv
[2026-10-09 12:15:04] Main Gym Fitness Gym: 0% (Data Unavailable) people=0 capacity=72 is_open=True hour_summary=open
[2026-10-09 12:15:04] Outback Climbing Center: 0% (Closed) people=0 capacity=30 is_open=False hour_summary=Closed until 2:00pm
[2026-10-09 12:15:04] RIMAC Fitness Gym: 0% (Data Unavailable) people=0 capacity=65 is_open=True hour_summary=open
[2026-10-09 12:15:04] Triton Esports Center: 0% (Closed) people=0 capacity=35 is_open=False hour_summary=closed
[2026-10-09 12:15:04] === SCRAPE END OK ===
[2026-10-09 12:30:02] === SCRAPE START ===
[2026-10-09 12:30:02] Fetching https://waitz.io/live/ucsd-rec
[2026-10-09 12:30:04] Saved 4 rows to ucsd_occupancy_history.csv
[2026-10-09 12:30:04] Main Gym Fitness Gym: 99% (Very Active) people=71 capacity=72 is_open=True hour_summary=open
[2026-10-09 12:30:04] Outback Climbing Center: 0% (Closed) people=0 capacity=30 is_open=False hour_summary=Closed until 2:00pm
[2026-10-09 12:30:04] RIMAC Fitness Gym: 99% (Very Active) people=64 capacity=65 is_open=True hour_summary=open
[2026-10-09 12:30:04] Triton Esports Center: 0% (Closed) people=0 capacity=35 is_open=False hour_summary=closed
[2026-10-09 12:30:05] === SCRAPE END OK ===
[2026-10-09 12:45:02] === SCRAPE START ===
[2026-10-09 12:45:02] Fetching https://waitz.io/live/ucsd-rec
[2026-10-09 12:45:03] Saved 4 rows to ucsd_occupancy_history.csv
[2026-10-09 12:45:03] Main Gym Fitness Gym: 99% (Very Active) people=71 capacity=72 is_open=True hour_summary=open
[2026-10-09 12:45:03] Outback Climbing Center: 0% (Closed) people=0 capacity=30 is_open=False hour_summary=Closed until 2:00pm
[2026-10-09 12:45:03] RIMAC Fitness Gym: 99% (Very Active) people=64 capacity=65 is_open=True hour_summary=open
[2026-10-09 12:45:03] Triton Esports Center: 0% (Closed) people=0 capacity=35 is_open=False hour_summary=closed
[2026-10-09 12:45:03] === SCRAPE END OK ===
[2026-10-09 13:00:02] === SCRAPE START ===
[2026-10-09 13:00:02] Fetching https://waitz.io/live/ucsd-rec
[2026-10-09 13:00:04] Saved 4 rows to ucsd_occupancy_history.csv
[2026-10-09 13:00:04] Main Gym Fitness Gym: 99% (Very Active) people=71 capacity=72 is_open=True hour_summary=open
[2026-10-09 13:00:04] Outback Climbing Center: 0% (Closed) people=0 capacity=30 is_open=False hour_summary=Closed until 2:00pm
[2026-10-09 13:00:04] RIMAC Fitness Gym: 92% (Very Active) people=60 capacity=65 is_open=True hour_summary=open
[2026-10-09 13:00:04] Triton Esports Center: 6% (Closed) people=2 capacity=35 is_open=False hour_summary=closed
[2026-10-09 13:00:04] === SCRAPE END OK ===
[2026-10-09 13:15:02] === SCRAPE START ===
[2026-10-09 13:15:02] Fetching https://waitz.io/live/ucsd-rec
[2026-10-09 13:15:03] Saved 4 rows to ucsd_occupancy_history.csv
[2026-10-09 13:15:03] Main Gym Fitness Gym: 99% (Very Active) people=71 capacity=72 is_open=True hour_summary=open
[2026-10-09 13:15:03] Outback Climbing Center: 0% (Closed) people=0 capacity=30 is_open=False hour_summary=Closed until 2:00pm
[2026-10-09 13:15:03] RIMAC Fitness Gym: 99% (Very Active) people=64 capacity=65 is_open=True hour_summary=open
[2026-10-09 13:15:03] Triton Esports Center: 11% (Closed) people=4 capacity=35 is_open=False hour_summary=closed
[2026-10-09 13:15:03] === SCRAPE END OK ===
[2026-10-09 13:30:02] === SCRAPE START ===
[2026-10-09 13:30:02] Fetching https://waitz.io/live/ucsd-rec
[2026-10-09 13:30:04] Saved 4 rows to ucsd_occupancy_history.csv
[2026-10-09 13:30:04] Main Gym Fitness Gym: 99% (Very Active) people=71 capacity=72 is_open=True hour_summary=open
[2026-10-09 13:30:04] Outback Climbing Center: 0% (Closed) people=0 capacity=30 is_open=False hour_summary=Closed until 2:00pm
[2026-10-09 13:30:04] RIMAC Fitness Gym: 99% (Very Active) people=64 capacity=65 is_open=True hour_summary=open
[2026-10-09 13:30:04] Triton Esports Center: 9% (Closed) people=3 capacity=35 is_open=False hour_summary=closed
[2026-10-09 13:30:04] === SCRAPE END OK ===
[2026-10-09 13:45:02] === SCRAPE START ===
[2026-10-09 13:45:02] Fetching https://waitz.io/live/ucsd-rec
[2026-10-09 13:45:03] Saved 4 rows to ucsd_occupancy_history.csv
[2026-10-09 13:45:03] Main Gym Fitness Gym: 99% (Very Active) people=71 capacity=72 is_open=True hour_summary=open
[2026-10-09 13:45:03] Outback Climbing Center: 0% (Closed) people=0 capacity=30 is_open=False hour_summary=Closed until 2:00pm
[2026-10-09 13:45:03] RIMAC Fitness Gym: 99% (Very Active) people=64 capacity=65 is_open=True hour_summary=open
[2026-10-09 13:45:03] Triton Esports Center: 14% (Closed) people=5 capacity=35 is_open=False hour_summary=closed
[2026-10-09 13:45:03] === SCRAPE END OK ===
[2026-10-09 14:00:02] === SCRAPE START ===
[2026-10-09 14:00:02] Fetching https://waitz.io/live/ucsd-rec
[2026-10-09 14:00:04] Saved 4 rows to ucsd_occupancy_history.csv
[2026-10-09 14:00:04] Main Gym Fitness Gym: 99% (Very Active) people=71 capacity=72 is_open=True hour_summary=open
[2026-10-09 14:00:04] Outback Climbing Center: 0% (Data Unavailable) people=0 capacity=30 is_open=True hour_summary=open
[2026-10-09 14:00:04] RIMAC Fitness Gym: 82% (Very Active) people=53 capacity=65 is_open=True hour_summary=open
[2026-10-09 14:00:04] Triton Esports Center: 20% (Closed) people=7 capacity=35 is_open=False hour_summary=closed
[2026-10-09 14:00:04] === SCRAPE END OK ===
[2026-10-09 14:15:02] === SCRAPE START ===
[2026-10-09 14:15:02] Fetching https://waitz.io/live/ucsd-rec
[2026-10-09 14:15:03] Saved 4 rows to ucsd_occupancy_history.csv
[2026-10-09 14:15:03] Main Gym Fitness Gym: 99% (Very Active) people=71 capacity=72 is_open=True hour_summary=open
[2026-10-09 14:15:03] Outback Climbing Center: 0% (Data Unavailable) people=0 capacity=30 is_open=True hour_summary=open
[2026-10-09 14:15:03] RIMAC Fitness Gym: 85% (Very Active) people=55 capacity=65 is_open=True hour_summary=open
[2026-10-09 14:15:03] Triton Esports Center: 69% (Closed) people=24 capacity=35 is_open=False hour_summary=closed
[2026-10-09 14:15:03] === SCRAPE END OK ===
[2026-10-09 14:30:02] === SCRAPE START ===
[2026-10-09 14:30:02] Fetching https://waitz.io/live/ucsd-rec
[2026-10-09 14:30:04] Saved 4 rows to ucsd_occupancy_history.csv
[2026-10-09 14:30:04] Main Gym Fitness Gym: 99% (Very Active) people=71 capacity=72 is_open=True hour_summary=open
[2026-10-09 14:30:04] Outback Climbing Center: 0% (Data Unavailable) people=0 capacity=30 is_open=True hour_summary=open
[2026-10-09 14:30:04] RIMAC Fitness Gym: 89% (Very Active) people=58 capacity=65 is_open=True hour_summary=open
[2026-10-09 14:30:04] Triton Esports Center: 49% (Closed) people=17 capacity=35 is_open=False hour_summary=closed
[2026-10-09 14:30:04] === SCRAPE END OK ===
[2026-10-09 14:45:02] === SCRAPE START ===
[2026-10-09 14:45:02] Fetching https://waitz.io/live/ucsd-rec
[2026-10-09 14:45:03] Saved 4 rows to ucsd_occupancy_history.csv
[2026-10-09 14:45:03] Main Gym Fitness Gym: 99% (Very Active) people=71 capacity=72 is_open=True hour_summary=open
[2026-10-09 14:45:03] Outback Climbing Center: 0% (Data Unavailable) people=0 capacity=30 is_open=True hour_summary=open
[2026-10-09 14:45:03] RIMAC Fitness Gym: 99% (Very Active) people=64 capacity=65 is_open=True hour_summary=open
[2026-10-09 14:45:03] Triton Esports Center: 60% (Closed) people=21 capacity=35 is_open=False hour_summary=closed
[2026-10-09 14:45:03] === SCRAPE END OK ===
[2026-10-09 15:00:02] === SCRAPE START ===
[2026-10-09 15:00:02] Fetching https://waitz.io/live/ucsd-rec
[2026-10-09 15:00:03] Saved 4 rows to ucsd_occupancy_history.csv
[2026-10-09 15:00:03] Main Gym Fitness Gym: 99% (Very Active) people=71 capacity=72 is_open=True hour_summary=open
[2026-10-09 15:00:03] Outback Climbing Center: 0% (Data Unavailable) people=0 capacity=30 is_open=True hour_summary=open
[2026-10-09 15:00:03] RIMAC Fitness Gym: 99% (Very Active) people=64 capacity=65 is_open=True hour_summary=open
[2026-10-09 15:00:03] Triton Esports Center: 20% (Closed) people=7 capacity=35 is_open=False hour_summary=closed
[2026-10-09 15:00:03] === SCRAPE END OK ===
[2026-10-09 15:15:02] === SCRAPE START ===
[2026-10-09 15:15:02] Fetching https://waitz.io/live/ucsd-rec
[2026-10-09 15:15:03] Saved 4 rows to ucsd_occupancy_history.csv
[2026-10-09 15:15:03] Main Gym Fitness Gym: 99% (Very Active) people=71 capacity=72 is_open=True hour_summary=open
[2026-10-09 15:15:03] Outback Climbing Center: 0% (Data Unavailable) people=0 capacity=30 is_open=True hour_summary=open
[2026-10-09 15:15:03] RIMAC Fitness Gym: 99% (Very Active) people=64 capacity=65 is_open=True hour_summary=open
[2026-10-09 15:15:03] Triton Esports Center: 40% (Closed) people=14 capacity=35 is_open=False hour_summary=closed
[2026-10-09 15:15:03] === SCRAPE END OK ===
[2026-10-09 15:30:02] === SCRAPE START ===
[2026-10-09 15:30:02] Fetching https://waitz.io/live/ucsd-rec
[2026-10-09 15:30:04] Saved 4 rows to ucsd_occupancy_history.csv
[2026-10-09 15:30:04] Main Gym Fitness Gym: 99% (Very Active) people=71 capacity=72 is_open=True hour_summary=open
[2026-10-09 15:30:04] Outback Climbing Center: 0% (Data Unavailable) people=0 capacity=30 is_open=True hour_summary=open
[2026-10-09 15:30:04] RIMAC Fitness Gym: 99% (Very Active) people=64 capacity=65 is_open=True hour_summary=open
[2026-10-09 15:30:04] Triton Esports Center: 49% (Closed) people=17 capacity=35 is_open=False hour_summary=closed
[2026-10-09 15:30:04] === SCRAPE END OK ===
[2026-10-09 15:45:02] === SCRAPE START ===
[2026-10-09 15:45:02] Fetching https://waitz.io/live/ucsd-rec
[2026-10-09 15:45:03] Saved 4 rows to ucsd_occupancy_history.csv
[2026-10-09 15:45:03] Main Gym Fitness Gym: 99% (Very Active) people=71 capacity=72 is_open=True hour_summary=open
[2026-10-09 15:45:03] Outback Climbing Center: 0% (Data Unavailable) people=0 capacity=30 is_open=True hour_summary=open
[2026-10-09 15:45:03] RIMAC Fitness Gym: 99% (Very Active) people=64 capacity=65 is_open=True hour_summary=open
[2026-10-09 15:45:03] Triton Esports Center: 69% (Closed) people=24 capacity=35 is_open=False hour_summary=closed
[2026-10-09 15:45:03] === SCRAPE END OK ===
[2026-10-09 16:00:02] === SCRAPE START ===
[2026-10-09 16:00:02] Fetching https://waitz.io/live/ucsd-rec
[2026-10-09 16:00:04] Saved 4 rows to ucsd_occupancy_history.csv
[2026-10-09 16:00:04] Main Gym Fitness Gym: 99% (Very Active) people=71 capacity=72 is_open=True hour_summary=open
[2026-10-09 16:00:04] Outback Climbing Center: 0% (Data Unavailable) people=0 capacity=30 is_open=True hour_summary=open
[2026-10-09 16:00:04] RIMAC Fitness Gym: 99% (Very Active) people=64 capacity=65 is_open=True hour_summary=open
[2026-10-09 16:00:04] Triton Esports Center: 60% (Closed) people=21 capacity=35 is_open=False hour_summary=closed
[2026-10-09 16:00:04] === SCRAPE END OK ===
[2026-10-09 16:15:02] === SCRAPE START ===
[2026-10-09 16:15:02] Fetching https://waitz.io/live/ucsd-rec
[2026-10-09 16:15:03] Saved 4 rows to ucsd_occupancy_history.csv
[2026-10-09 16:15:03] Main Gym Fitness Gym: 0% (Data Unavailable) people=0 capacity=72 is_open=True hour_summary=open
[2026-10-09 16:15:03] Outback Climbing Center: 0% (Data Unavailable) people=0 capacity=30 is_open=True hour_summary=open
[2026-10-09 16:15:03] RIMAC Fitness Gym: 0% (Data Unavailable) people=0 capacity=65 is_open=True hour_summary=open
[2026-10-09 16:15:03] Triton Esports Center: 51% (Closed) people=18 capacity=35 is_open=False hour_summary=closed
[2026-10-09 16:15:03] === SCRAPE END OK ===
[2026-10-09 16:30:02] === SCRAPE START ===
[2026-10-09 16:30:02] Fetching https://waitz.io/live/ucsd-rec
[2026-10-09 16:30:05] Saved 4 rows to ucsd_occupancy_history.csv
[2026-10-09 16:30:05] Main Gym Fitness Gym: 99% (Very Active) people=71 capacity=72 is_open=True hour_summary=open
[2026-10-09 16:30:05] Outback Climbing Center: 0% (Data Unavailable) people=0 capacity=30 is_open=True hour_summary=open
[2026-10-09 16:30:05] RIMAC Fitness Gym: 99% (Very Active) people=64 capacity=65 is_open=True hour_summary=open
[2026-10-09 16:30:05] Triton Esports Center: 60% (Closed) people=21 capacity=35 is_open=False hour_summary=closed
[2026-10-09 16:30:05] === SCRAPE END OK ===
[2026-10-09 16:45:02] === SCRAPE START ===
[2026-10-09 16:45:02] Fetching https://waitz.io/live/ucsd-rec
[2026-10-09 16:45:03] Saved 4 rows to ucsd_occupancy_history.csv
[2026-10-09 16:45:03] Main Gym Fitness Gym: 99% (Very Active) people=71 capacity=72 is_open=True hour_summary=open
[2026-10-09 16:45:03] Outback Climbing Center: 0% (Data Unavailable) people=0 capacity=30 is_open=True hour_summary=open
[2026-10-09 16:45:03] RIMAC Fitness Gym: 99% (Very Active) people=64 capacity=65 is_open=True hour_summary=open
[2026-10-09 16:45:03] Triton Esports Center: 57% (Closed) people=20 capacity=35 is_open=False hour_summary=closed
[2026-10-09 16:45:03] === SCRAPE END OK ===
[2026-10-09 17:00:02] === SCRAPE START ===
[2026-10-09 17:00:02] Fetching https://waitz.io/live/ucsd-rec
[2026-10-09 17:00:04] Saved 4 rows to ucsd_occupancy_history.csv
[2026-10-09 17:00:04] Main Gym Fitness Gym: 99% (Very Active) people=71 capacity=72 is_open=True hour_summary=open
[2026-10-09 17:00:04] Outback Climbing Center: 0% (Data Unavailable) people=0 capacity=30 is_open=True hour_summary=open
[2026-10-09 17:00:04] RIMAC Fitness Gym: 99% (Very Active) people=64 capacity=65 is_open=True hour_summary=open
[2026-10-09 17:00:04] Triton Esports Center: 54% (Closed) people=19 capacity=35 is_open=False hour_summary=closed
[2026-10-09 17:00:04] === SCRAPE END OK ===
[2026-10-09 17:15:02] === SCRAPE START ===
[2026-10-09 17:15:02] Fetching https://waitz.io/live/ucsd-rec
[2026-10-09 17:15:03] Saved 4 rows to ucsd_occupancy_history.csv
[2026-10-09 17:15:03] Main Gym Fitness Gym: 99% (Very Active) people=71 capacity=72 is_open=True hour_summary=open
[2026-10-09 17:15:03] Outback Climbing Center: 0% (Data Unavailable) people=0 capacity=30 is_open=True hour_summary=open
[2026-10-09 17:15:03] RIMAC Fitness Gym: 99% (Very Active) people=64 capacity=65 is_open=True hour_summary=open
[2026-10-09 17:15:03] Triton Esports Center: 63% (Closed) people=22 capacity=35 is_open=False hour_summary=closed
[2026-10-09 17:15:03] === SCRAPE END OK ===
[2026-10-09 17:30:02] === SCRAPE START ===
[2026-10-09 17:30:02] Fetching https://waitz.io/live/ucsd-rec
[2026-10-09 17:30:04] Saved 4 rows to ucsd_occupancy_history.csv
[2026-10-09 17:30:04] Main Gym Fitness Gym: 99% (Very Active) people=71 capacity=72 is_open=True hour_summary=open
[2026-10-09 17:30:04] Outback Climbing Center: 0% (Data Unavailable) people=0 capacity=30 is_open=True hour_summary=open
[2026-10-09 17:30:04] RIMAC Fitness Gym: 99% (Very Active) people=64 capacity=65 is_open=True hour_summary=open
[2026-10-09 17:30:04] Triton Esports Center: 60% (Closed) people=21 capacity=35 is_open=False hour_summary=closed
[2026-10-09 17:30:04] === SCRAPE END OK ===
[2026-10-09 17:45:02] === SCRAPE START ===
[2026-10-09 17:45:02] Fetching https://waitz.io/live/ucsd-rec
[2026-10-09 17:45:03] Saved 4 rows to ucsd_occupancy_history.csv
[2026-10-09 17:45:03] Main Gym Fitness Gym: 99% (Very Active) people=71 capacity=72 is_open=True hour_summary=open
[2026-10-09 17:45:03] Outback Climbing Center: 0% (Data Unavailable) people=0 capacity=30 is_open=True hour_summary=open
[2026-10-09 17:45:03] RIMAC Fitness Gym: 99% (Very Active) people=64 capacity=65 is_open=True hour_summary=open
[2026-10-09 17:45:03] Triton Esports Center: 43% (Closed) people=15 capacity=35 is_open=False hour_summary=closed
[2026-10-09 17:45:03] === SCRAPE END OK ===
[2026-10-09 18:00:01] === SCRAPE START ===
[2026-10-09 18:00:01] Fetching https://waitz.io/live/ucsd-rec
[2026-10-09 18:00:04] Saved 4 rows to ucsd_occupancy_history.csv
[2026-10-09 18:00:04] Main Gym Fitness Gym: 99% (Very Active) people=71 capacity=72 is_open=True hour_summary=open
[2026-10-09 18:00:04] Outback Climbing Center: 0% (Data Unavailable) people=0 capacity=30 is_open=True hour_summary=open
[2026-10-09 18:00:04] RIMAC Fitness Gym: 99% (Very Active) people=64 capacity=65 is_open=True hour_summary=open
[2026-10-09 18:00:04] Triton Esports Center: 37% (Closed) people=13 capacity=35 is_open=False hour_summary=closed
[2026-10-09 18:00:04] === SCRAPE END OK ===
[2026-10-09 18:15:02] === SCRAPE START ===
[2026-10-09 18:15:02] Fetching https://waitz.io/live/ucsd-rec
[2026-10-09 18:15:03] Saved 4 rows to ucsd_occupancy_history.csv
[2026-10-09 18:15:03] Main Gym Fitness Gym: 99% (Very Active) people=71 capacity=72 is_open=True hour_summary=open
[2026-10-09 18:15:03] Outback Climbing Center: 0% (Data Unavailable) people=0 capacity=30 is_open=True hour_summary=open
[2026-10-09 18:15:03] RIMAC Fitness Gym: 99% (Very Active) people=64 capacity=65 is_open=True hour_summary=open
[2026-10-09 18:15:03] Triton Esports Center: 23% (Closed) people=8 capacity=35 is_open=False hour_summary=closed
[2026-10-09 18:15:03] === SCRAPE END OK ===
[2026-10-09 18:30:02] === SCRAPE START ===
[2026-10-09 18:30:02] Fetching https://waitz.io/live/ucsd-rec
[2026-10-09 18:30:04] Saved 4 rows to ucsd_occupancy_history.csv
[2026-10-09 18:30:04] Main Gym Fitness Gym: 99% (Very Active) people=71 capacity=72 is_open=True hour_summary=open
[2026-10-09 18:30:04] Outback Climbing Center: 0% (Data Unavailable) people=0 capacity=30 is_open=True hour_summary=open
[2026-10-09 18:30:04] RIMAC Fitness Gym: 99% (Very Active) people=64 capacity=65 is_open=True hour_summary=open
[2026-10-09 18:30:04] Triton Esports Center: 31% (Closed) people=11 capacity=35 is_open=False hour_summary=closed
[2026-10-09 18:30:04] === SCRAPE END OK ===
[2026-10-09 18:45:02] === SCRAPE START ===
[2026-10-09 18:45:02] Fetching https://waitz.io/live/ucsd-rec
[2026-10-09 18:45:03] Saved 4 rows to ucsd_occupancy_history.csv
[2026-10-09 18:45:03] Main Gym Fitness Gym: 99% (Very Active) people=71 capacity=72 is_open=True hour_summary=open
[2026-10-09 18:45:03] Outback Climbing Center: 0% (Data Unavailable) people=0 capacity=30 is_open=True hour_summary=open
[2026-10-09 18:45:03] RIMAC Fitness Gym: 99% (Very Active) people=64 capacity=65 is_open=True hour_summary=open
[2026-10-09 18:45:03] Triton Esports Center: 29% (Closed) people=10 capacity=35 is_open=False hour_summary=closed
[2026-10-09 18:45:03] === SCRAPE END OK ===
[2026-10-09 19:00:02] === SCRAPE START ===
[2026-10-09 19:00:02] Fetching https://waitz.io/live/ucsd-rec
[2026-10-09 19:00:03] Saved 4 rows to ucsd_occupancy_history.csv
[2026-10-09 19:00:03] Main Gym Fitness Gym: 99% (Very Active) people=71 capacity=72 is_open=True hour_summary=open
[2026-10-09 19:00:03] Outback Climbing Center: 0% (Data Unavailable) people=0 capacity=30 is_open=True hour_summary=open
[2026-10-09 19:00:03] RIMAC Fitness Gym: 99% (Very Active) people=64 capacity=65 is_open=True hour_summary=open
[2026-10-09 19:00:03] Triton Esports Center: 31% (Closed) people=11 capacity=35 is_open=False hour_summary=closed
[2026-10-09 19:00:03] === SCRAPE END OK ===
[2026-10-09 19:15:02] === SCRAPE START ===
[2026-10-09 19:15:02] Fetching https://waitz.io/live/ucsd-rec
[2026-10-09 19:15:03] Saved 4 rows to ucsd_occupancy_history.csv
[2026-10-09 19:15:03] Main Gym Fitness Gym: 99% (Very Active) people=71 capacity=72 is_open=True hour_summary=open
[2026-10-09 19:15:03] Outback Climbing Center: 0% (Data Unavailable) people=0 capacity=30 is_open=True hour_summary=open
[2026-10-09 19:15:03] RIMAC Fitness Gym: 85% (Very Active) people=55 capacity=65 is_open=True hour_summary=open
[2026-10-09 19:15:03] Triton Esports Center: 34% (Closed) people=12 capacity=35 is_open=False hour_summary=closed
[2026-10-09 19:15:03] === SCRAPE END OK ===
[2026-10-09 19:30:02] === SCRAPE START ===
[2026-10-09 19:30:02] Fetching https://waitz.io/live/ucsd-rec
[2026-10-09 19:30:04] Saved 4 rows to ucsd_occupancy_history.csv
[2026-10-09 19:30:04] Main Gym Fitness Gym: 99% (Very Active) people=71 capacity=72 is_open=True hour_summary=open
[2026-10-09 19:30:04] Outback Climbing Center: 0% (Data Unavailable) people=0 capacity=30 is_open=True hour_summary=open
[2026-10-09 19:30:04] RIMAC Fitness Gym: 99% (Very Active) people=64 capacity=65 is_open=True hour_summary=open
[2026-10-09 19:30:04] Triton Esports Center: 37% (Closed) people=13 capacity=35 is_open=False hour_summary=closed
[2026-10-09 19:30:04] === SCRAPE END OK ===
[2026-10-09 19:45:02] === SCRAPE START ===
[2026-10-09 19:45:02] Fetching https://waitz.io/live/ucsd-rec
[2026-10-09 19:45:03] Saved 4 rows to ucsd_occupancy_history.csv
[2026-10-09 19:45:03] Main Gym Fitness Gym: 99% (Very Active) people=71 capacity=72 is_open=True hour_summary=open
[2026-10-09 19:45:03] Outback Climbing Center: 0% (Data Unavailable) people=0 capacity=30 is_open=True hour_summary=open
[2026-10-09 19:45:03] RIMAC Fitness Gym: 99% (Very Active) people=64 capacity=65 is_open=True hour_summary=open
[2026-10-09 19:45:03] Triton Esports Center: 40% (Closed) people=14 capacity=35 is_open=False hour_summary=closed
[2026-10-09 19:45:03] === SCRAPE END OK ===
[2026-10-09 20:00:02] === SCRAPE START ===
[2026-10-09 20:00:02] Fetching https://waitz.io/live/ucsd-rec
[2026-10-09 20:00:04] Saved 4 rows to ucsd_occupancy_history.csv
[2026-10-09 20:00:04] Main Gym Fitness Gym: 99% (Very Active) people=71 capacity=72 is_open=True hour_summary=open
[2026-10-09 20:00:04] Outback Climbing Center: 0% (Closed) people=0 capacity=30 is_open=False hour_summary=Closed until 2:00pm
[2026-10-09 20:00:04] RIMAC Fitness Gym: 99% (Very Active) people=64 capacity=65 is_open=True hour_summary=open
[2026-10-09 20:00:04] Triton Esports Center: 43% (Closed) people=15 capacity=35 is_open=False hour_summary=closed
[2026-10-09 20:00:04] === SCRAPE END OK ===
[2026-10-09 20:15:02] === SCRAPE START ===
[2026-10-09 20:15:02] Fetching https://waitz.io/live/ucsd-rec
[2026-10-09 20:15:03] Saved 4 rows to ucsd_occupancy_history.csv
[2026-10-09 20:15:03] Main Gym Fitness Gym: 0% (Data Unavailable) people=0 capacity=72 is_open=True hour_summary=open
[2026-10-09 20:15:03] Outback Climbing Center: 0% (Closed) people=0 capacity=30 is_open=False hour_summary=Closed until 2:00pm
[2026-10-09 20:15:03] RIMAC Fitness Gym: 99% (Very Active) people=64 capacity=65 is_open=True hour_summary=open
[2026-10-09 20:15:03] Triton Esports Center: 0% (Closed) people=0 capacity=35 is_open=False hour_summary=closed
[2026-10-09 20:15:03] === SCRAPE END OK ===
