[2026-09-28 00:00:01] === SCRAPE START ===
[2026-09-28 00:00:01] Fetching https://waitz.io/live/ucsd-rec
[2026-09-28 00:00:02] Saved 4 rows to ucsd_occupancy_history.csv
[2026-09-28 00:00:02] Main Gym Fitness Gym: 1% (Closed) people=1 capacity=72 is_open=False hour_summary=Closed until 6:00am
[2026-09-28 00:00:02] Outback Climbing Center: 13% (Closed) people=4 capacity=30 is_open=False hour_summary=Closed until 2:00pm
[2026-09-28 00:00:02] RIMAC Fitness Gym: 0% (Closed) people=0 capacity=65 is_open=False hour_summary=Closed until 6:00am
[2026-09-28 00:00:02] Triton Esports Center: 0% (Closed) people=0 capacity=35 is_open=False hour_summary=closed
[2026-09-28 00:00:02] === SCRAPE END OK ===
[2026-09-28 00:15:01] === SCRAPE START ===
[2026-09-28 00:15:01] Fetching https://waitz.io/live/ucsd-rec
[2026-09-28 00:15:03] Saved 4 rows to ucsd_occupancy_history.csv
[2026-09-28 00:15:03] Main Gym Fitness Gym: 1% (Closed) people=1 capacity=72 is_open=False hour_summary=Closed until 6:00am
[2026-09-28 00:15:03] Outback Climbing Center: 13% (Closed) people=4 capacity=30 is_open=False hour_summary=Closed until 2:00pm
[2026-09-28 00:15:03] RIMAC Fitness Gym: 0% (Closed) people=0 capacity=65 is_open=False hour_summary=Closed until 6:00am
[2026-09-28 00:15:03] Triton Esports Center: 0% (Closed) people=0 capacity=35 is_open=False hour_summary=closed
[2026-09-28 00:15:03] === SCRAPE END OK ===
[2026-09-28 00:30:01] === SCRAPE START ===
[2026-09-28 00:30:01] Fetching https://waitz.io/live/ucsd-rec
[2026-09-28 00:30:03] Saved 4 rows to ucsd_occupancy_history.csv
[2026-09-28 00:30:03] Main Gym Fitness Gym: 1% (Closed) people=1 capacity=72 is_open=False hour_summary=Closed until 6:00am
[2026-09-28 00:30:03] Outback Climbing Center: 13% (Closed) people=4 capacity=30 is_open=False hour_summary=Closed until 2:00pm
[2026-09-28 00:30:03] RIMAC Fitness Gym: 0% (Closed) people=0 capacity=65 is_open=False hour_summary=Closed until 6:00am
[2026-09-28 00:30:03] Triton Esports Center: 0% (Closed) people=0 capacity=35 is_open=False hour_summary=closed
[2026-09-28 00:30:03] === SCRAPE END OK ===
[2026-09-28 00:45:01] === SCRAPE START ===
[2026-09-28 00:45:01] Fetching https://waitz.io/live/ucsd-rec
[2026-09-28 00:45:02] Saved 4 rows to ucsd_occupancy_history.csv
[2026-09-28 00:45:02] Main Gym Fitness Gym: 1% (Closed) people=1 capacity=72 is_open=False hour_summary=Closed until 6:00am
[2026-09-28 00:45:02] Outback Climbing Center: 13% (Closed) people=4 capacity=30 is_open=False hour_summary=Closed until 2:00pm
[2026-09-28 00:45:02] RIMAC Fitness Gym: 0% (Closed) people=0 capacity=65 is_open=False hour_summary=Closed until 6:00am
[2026-09-28 00:45:02] Triton Esports Center: 0% (Closed) people=0 capacity=35 is_open=False hour_summary=closed
[2026-09-28 00:45:02] === SCRAPE END OK ===
[2026-09-28 01:00:01] === SCRAPE START ===
[2026-09-28 01:00:01] Fetching https://waitz.io/live/ucsd-rec
[2026-09-28 01:00:03] Saved 4 rows to ucsd_occupancy_history.csv
[2026-09-28 01:00:03] Main Gym Fitness Gym: 1% (Closed) people=1 capacity=72 is_open=False hour_summary=Closed until 6:00am
[2026-09-28 01:00:03] Outback Climbing Center: 13% (Closed) people=4 capacity=30 is_open=False hour_summary=Closed until 2:00pm
[2026-09-28 01:00:03] RIMAC Fitness Gym: 0% (Closed) people=0 capacity=65 is_open=False hour_summary=Closed until 6:00am
[2026-09-28 01:00:03] Triton Esports Center: 0% (Closed) people=0 capacity=35 is_open=False hour_summary=closed
[2026-09-28 01:00:03] === SCRAPE END OK ===
[2026-09-28 01:15:01] === SCRAPE START ===
[2026-09-28 01:15:01] Fetching https://waitz.io/live/ucsd-rec
[2026-09-28 01:15:03] Saved 4 rows to ucsd_occupancy_history.csv
[2026-09-28 01:15:03] Main Gym Fitness Gym: 1% (Closed) people=1 capacity=72 is_open=False hour_summary=Closed until 6:00am
[2026-09-28 01:15:03] Outback Climbing Center: 13% (Closed) people=4 capacity=30 is_open=False hour_summary=Closed until 2:00pm
[2026-09-28 01:15:03] RIMAC Fitness Gym: 0% (Closed) people=0 capacity=65 is_open=False hour_summary=Closed until 6:00am
[2026-09-28 01:15:03] Triton Esports Center: 0% (Closed) people=0 capacity=35 is_open=False hour_summary=closed
[2026-09-28 01:15:03] === SCRAPE END OK ===
[2026-09-28 01:30:01] === SCRAPE START ===
[2026-09-28 01:30:01] Fetching https://waitz.io/live/ucsd-rec
[2026-09-28 01:30:03] Saved 4 rows to ucsd_occupancy_history.csv
[2026-09-28 01:30:03] Main Gym Fitness Gym: 1% (Closed) people=1 capacity=72 is_open=False hour_summary=Closed until 6:00am
[2026-09-28 01:30:03] Outback Climbing Center: 13% (Closed) people=4 capacity=30 is_open=False hour_summary=Closed until 2:00pm
[2026-09-28 01:30:03] RIMAC Fitness Gym: 0% (Closed) people=0 capacity=65 is_open=False hour_summary=Closed until 6:00am
[2026-09-28 01:30:03] Triton Esports Center: 0% (Closed) people=0 capacity=35 is_open=False hour_summary=closed
[2026-09-28 01:30:03] === SCRAPE END OK ===
[2026-09-28 01:45:01] === SCRAPE START ===
[2026-09-28 01:45:01] Fetching https://waitz.io/live/ucsd-rec
[2026-09-28 01:45:02] Saved 4 rows to ucsd_occupancy_history.csv
[2026-09-28 01:45:02] Main Gym Fitness Gym: 1% (Closed) people=1 capacity=72 is_open=False hour_summary=Closed until 6:00am
[2026-09-28 01:45:02] Outback Climbing Center: 13% (Closed) people=4 capacity=30 is_open=False hour_summary=Closed until 2:00pm
[2026-09-28 01:45:02] RIMAC Fitness Gym: 0% (Closed) people=0 capacity=65 is_open=False hour_summary=Closed until 6:00am
[2026-09-28 01:45:02] Triton Esports Center: 0% (Closed) people=0 capacity=35 is_open=False hour_summary=closed
[2026-09-28 01:45:02] === SCRAPE END OK ===
[2026-09-28 02:00:01] === SCRAPE START ===
[2026-09-28 02:00:01] Fetching https://waitz.io/live/ucsd-rec
[2026-09-28 02:00:03] Saved 4 rows to ucsd_occupancy_history.csv
[2026-09-28 02:00:03] Main Gym Fitness Gym: 3% (Closed) people=2 capacity=72 is_open=False hour_summary=Closed until 6:00am
[2026-09-28 02:00:03] Outback Climbing Center: 17% (Closed) people=5 capacity=30 is_open=False hour_summary=Closed until 2:00pm
[2026-09-28 02:00:03] RIMAC Fitness Gym: 0% (Closed) people=0 capacity=65 is_open=False hour_summary=Closed until 6:00am
[2026-09-28 02:00:03] Triton Esports Center: 0% (Closed) people=0 capacity=35 is_open=False hour_summary=closed
[2026-09-28 02:00:03] === SCRAPE END OK ===
[2026-09-28 02:15:01] === SCRAPE START ===
[2026-09-28 02:15:01] Fetching https://waitz.io/live/ucsd-rec
[2026-09-28 02:15:02] Saved 4 rows to ucsd_occupancy_history.csv
[2026-09-28 02:15:02] Main Gym Fitness Gym: 1% (Closed) people=1 capacity=72 is_open=False hour_summary=Closed until 6:00am
[2026-09-28 02:15:02] Outback Climbing Center: 13% (Closed) people=4 capacity=30 is_open=False hour_summary=Closed until 2:00pm
[2026-09-28 02:15:02] RIMAC Fitness Gym: 0% (Closed) people=0 capacity=65 is_open=False hour_summary=Closed until 6:00am
[2026-09-28 02:15:02] Triton Esports Center: 0% (Closed) people=0 capacity=35 is_open=False hour_summary=closed
[2026-09-28 02:15:02] === SCRAPE END OK ===
[2026-09-28 02:30:01] === SCRAPE START ===
[2026-09-28 02:30:01] Fetching https://waitz.io/live/ucsd-rec
[2026-09-28 02:30:03] Saved 4 rows to ucsd_occupancy_history.csv
[2026-09-28 02:30:03] Main Gym Fitness Gym: 1% (Closed) people=1 capacity=72 is_open=False hour_summary=Closed until 6:00am
[2026-09-28 02:30:03] Outback Climbing Center: 13% (Closed) people=4 capacity=30 is_open=False hour_summary=Closed until 2:00pm
[2026-09-28 02:30:03] RIMAC Fitness Gym: 0% (Closed) people=0 capacity=65 is_open=False hour_summary=Closed until 6:00am
[2026-09-28 02:30:03] Triton Esports Center: 0% (Closed) people=0 capacity=35 is_open=False hour_summary=closed
[2026-09-28 02:30:03] === SCRAPE END OK ===
[2026-09-28 02:45:01] === SCRAPE START ===
[2026-09-28 02:45:01] Fetching https://waitz.io/live/ucsd-rec
[2026-09-28 02:45:02] Saved 4 rows to ucsd_occupancy_history.csv
[2026-09-28 02:45:02] Main Gym Fitness Gym: 3% (Closed) people=2 capacity=72 is_open=False hour_summary=Closed until 6:00am
[2026-09-28 02:45:02] Outback Climbing Center: 13% (Closed) people=4 capacity=30 is_open=False hour_summary=Closed until 2:00pm
[2026-09-28 02:45:02] RIMAC Fitness Gym: 0% (Closed) people=0 capacity=65 is_open=False hour_summary=Closed until 6:00am
[2026-09-28 02:45:02] Triton Esports Center: 0% (Closed) people=0 capacity=35 is_open=False hour_summary=closed
[2026-09-28 02:45:02] === SCRAPE END OK ===
[2026-09-28 03:00:01] === SCRAPE START ===
[2026-09-28 03:00:01] Fetching https://waitz.io/live/ucsd-rec
[2026-09-28 03:00:03] Saved 4 rows to ucsd_occupancy_history.csv
[2026-09-28 03:00:03] Main Gym Fitness Gym: 4% (Closed) people=3 capacity=72 is_open=False hour_summary=Closed until 6:00am
[2026-09-28 03:00:03] Outback Climbing Center: 17% (Closed) people=5 capacity=30 is_open=False hour_summary=Closed until 2:00pm
[2026-09-28 03:00:03] RIMAC Fitness Gym: 0% (Closed) people=0 capacity=65 is_open=False hour_summary=Closed until 6:00am
[2026-09-28 03:00:03] Triton Esports Center: 0% (Closed) people=0 capacity=35 is_open=False hour_summary=closed
[2026-09-28 03:00:03] === SCRAPE END OK ===
[2026-09-28 03:15:01] === SCRAPE START ===
[2026-09-28 03:15:01] Fetching https://waitz.io/live/ucsd-rec
[2026-09-28 03:15:02] Saved 4 rows to ucsd_occupancy_history.csv
[2026-09-28 03:15:02] Main Gym Fitness Gym: 4% (Closed) people=3 capacity=72 is_open=False hour_summary=Closed until 6:00am
[2026-09-28 03:15:02] Outback Climbing Center: 13% (Closed) people=4 capacity=30 is_open=False hour_summary=Closed until 2:00pm
[2026-09-28 03:15:02] RIMAC Fitness Gym: 0% (Closed) people=0 capacity=65 is_open=False hour_summary=Closed until 6:00am
[2026-09-28 03:15:02] Triton Esports Center: 0% (Closed) people=0 capacity=35 is_open=False hour_summary=closed
[2026-09-28 03:15:02] === SCRAPE END OK ===
[2026-09-28 03:30:01] === SCRAPE START ===
[2026-09-28 03:30:01] Fetching https://waitz.io/live/ucsd-rec
[2026-09-28 03:30:03] Saved 4 rows to ucsd_occupancy_history.csv
[2026-09-28 03:30:03] Main Gym Fitness Gym: 3% (Closed) people=2 capacity=72 is_open=False hour_summary=Closed until 6:00am
[2026-09-28 03:30:03] Outback Climbing Center: 13% (Closed) people=4 capacity=30 is_open=False hour_summary=Closed until 2:00pm
[2026-09-28 03:30:03] RIMAC Fitness Gym: 0% (Closed) people=0 capacity=65 is_open=False hour_summary=Closed until 6:00am
[2026-09-28 03:30:03] Triton Esports Center: 0% (Closed) people=0 capacity=35 is_open=False hour_summary=closed
[2026-09-28 03:30:03] === SCRAPE END OK ===
[2026-09-28 03:45:03] === SCRAPE START ===
[2026-09-28 03:45:03] Fetching https://waitz.io/live/ucsd-rec
[2026-09-28 03:45:04] Saved 4 rows to ucsd_occupancy_history.csv
[2026-09-28 03:45:04] Main Gym Fitness Gym: 3% (Closed) people=2 capacity=72 is_open=False hour_summary=Closed until 6:00am
[2026-09-28 03:45:04] Outback Climbing Center: 10% (Closed) people=3 capacity=30 is_open=False hour_summary=Closed until 2:00pm
[2026-09-28 03:45:04] RIMAC Fitness Gym: 0% (Closed) people=0 capacity=65 is_open=False hour_summary=Closed until 6:00am
[2026-09-28 03:45:04] Triton Esports Center: 0% (Closed) people=0 capacity=35 is_open=False hour_summary=closed
[2026-09-28 03:45:04] === SCRAPE END OK ===
[2026-09-28 04:00:01] === SCRAPE START ===
[2026-09-28 04:00:01] Fetching https://waitz.io/live/ucsd-rec
[2026-09-28 04:00:03] Saved 4 rows to ucsd_occupancy_history.csv
[2026-09-28 04:00:03] Main Gym Fitness Gym: 1% (Closed) people=1 capacity=72 is_open=False hour_summary=Closed until 6:00am
[2026-09-28 04:00:03] Outback Climbing Center: 13% (Closed) people=4 capacity=30 is_open=False hour_summary=Closed until 2:00pm
[2026-09-28 04:00:03] RIMAC Fitness Gym: 0% (Closed) people=0 capacity=65 is_open=False hour_summary=Closed until 6:00am
[2026-09-28 04:00:03] Triton Esports Center: 0% (Closed) people=0 capacity=35 is_open=False hour_summary=closed
[2026-09-28 04:00:03] === SCRAPE END OK ===
[2026-09-28 04:15:01] === SCRAPE START ===
[2026-09-28 04:15:01] Fetching https://waitz.io/live/ucsd-rec
[2026-09-28 04:15:02] Saved 4 rows to ucsd_occupancy_history.csv
[2026-09-28 04:15:02] Main Gym Fitness Gym: 3% (Closed) people=2 capacity=72 is_open=False hour_summary=Closed until 6:00am
[2026-09-28 04:15:02] Outback Climbing Center: 13% (Closed) people=4 capacity=30 is_open=False hour_summary=Closed until 2:00pm
[2026-09-28 04:15:02] RIMAC Fitness Gym: 0% (Closed) people=0 capacity=65 is_open=False hour_summary=Closed until 6:00am
[2026-09-28 04:15:02] Triton Esports Center: 0% (Closed) people=0 capacity=35 is_open=False hour_summary=closed
[2026-09-28 04:15:02] === SCRAPE END OK ===
[2026-09-28 04:30:01] === SCRAPE START ===
[2026-09-28 04:30:01] Fetching https://waitz.io/live/ucsd-rec
[2026-09-28 04:30:03] Saved 4 rows to ucsd_occupancy_history.csv
[2026-09-28 04:30:03] Main Gym Fitness Gym: 1% (Closed) people=1 capacity=72 is_open=False hour_summary=Closed until 6:00am
[2026-09-28 04:30:03] Outback Climbing Center: 13% (Closed) people=4 capacity=30 is_open=False hour_summary=Closed until 2:00pm
[2026-09-28 04:30:03] RIMAC Fitness Gym: 0% (Closed) people=0 capacity=65 is_open=False hour_summary=Closed until 6:00am
[2026-09-28 04:30:03] Triton Esports Center: 0% (Closed) people=0 capacity=35 is_open=False hour_summary=closed
[2026-09-28 04:30:03] === SCRAPE END OK ===
[2026-09-28 04:45:01] === SCRAPE START ===
[2026-09-28 04:45:01] Fetching https://waitz.io/live/ucsd-rec
[2026-09-28 04:45:02] Saved 4 rows to ucsd_occupancy_history.csv
[2026-09-28 04:45:02] Main Gym Fitness Gym: 1% (Closed) people=1 capacity=72 is_open=False hour_summary=Closed until 6:00am
[2026-09-28 04:45:02] Outback Climbing Center: 13% (Closed) people=4 capacity=30 is_open=False hour_summary=Closed until 2:00pm
[2026-09-28 04:45:02] RIMAC Fitness Gym: 0% (Closed) people=0 capacity=65 is_open=False hour_summary=Closed until 6:00am
[2026-09-28 04:45:02] Triton Esports Center: 0% (Closed) people=0 capacity=35 is_open=False hour_summary=closed
[2026-09-28 04:45:02] === SCRAPE END OK ===
[2026-09-28 05:00:01] === SCRAPE START ===
[2026-09-28 05:00:01] Fetching https://waitz.io/live/ucsd-rec
[2026-09-28 05:00:03] Saved 4 rows to ucsd_occupancy_history.csv
[2026-09-28 05:00:03] Main Gym Fitness Gym: 1% (Closed) people=1 capacity=72 is_open=False hour_summary=Closed until 6:00am
[2026-09-28 05:00:03] Outback Climbing Center: 17% (Closed) people=5 capacity=30 is_open=False hour_summary=Closed until 2:00pm
[2026-09-28 05:00:03] RIMAC Fitness Gym: 2% (Closed) people=1 capacity=65 is_open=False hour_summary=Closed until 6:00am
[2026-09-28 05:00:03] Triton Esports Center: 0% (Closed) people=0 capacity=35 is_open=False hour_summary=closed
[2026-09-28 05:00:03] === SCRAPE END OK ===
[2026-09-28 05:15:01] === SCRAPE START ===
[2026-09-28 05:15:01] Fetching https://waitz.io/live/ucsd-rec
[2026-09-28 05:15:03] Saved 4 rows to ucsd_occupancy_history.csv
[2026-09-28 05:15:03] Main Gym Fitness Gym: 1% (Closed) people=1 capacity=72 is_open=False hour_summary=Closed until 6:00am
[2026-09-28 05:15:03] Outback Climbing Center: 13% (Closed) people=4 capacity=30 is_open=False hour_summary=Closed until 2:00pm
[2026-09-28 05:15:03] RIMAC Fitness Gym: 2% (Closed) people=1 capacity=65 is_open=False hour_summary=Closed until 6:00am
[2026-09-28 05:15:03] Triton Esports Center: 0% (Closed) people=0 capacity=35 is_open=False hour_summary=closed
[2026-09-28 05:15:03] === SCRAPE END OK ===
[2026-09-28 05:30:01] === SCRAPE START ===
[2026-09-28 05:30:01] Fetching https://waitz.io/live/ucsd-rec
[2026-09-28 05:30:03] Saved 4 rows to ucsd_occupancy_history.csv
[2026-09-28 05:30:03] Main Gym Fitness Gym: 1% (Closed) people=1 capacity=72 is_open=False hour_summary=Closed until 6:00am
[2026-09-28 05:30:03] Outback Climbing Center: 13% (Closed) people=4 capacity=30 is_open=False hour_summary=Closed until 2:00pm
[2026-09-28 05:30:03] RIMAC Fitness Gym: 3% (Closed) people=2 capacity=65 is_open=False hour_summary=Closed until 6:00am
[2026-09-28 05:30:03] Triton Esports Center: 0% (Closed) people=0 capacity=35 is_open=False hour_summary=closed
[2026-09-28 05:30:03] === SCRAPE END OK ===
[2026-09-28 05:45:01] === SCRAPE START ===
[2026-09-28 05:45:01] Fetching https://waitz.io/live/ucsd-rec
[2026-09-28 05:45:03] Saved 4 rows to ucsd_occupancy_history.csv
[2026-09-28 05:45:03] Main Gym Fitness Gym: 1% (Closed) people=1 capacity=72 is_open=False hour_summary=Closed until 6:00am
[2026-09-28 05:45:03] Outback Climbing Center: 13% (Closed) people=4 capacity=30 is_open=False hour_summary=Closed until 2:00pm
[2026-09-28 05:45:03] RIMAC Fitness Gym: 5% (Closed) people=3 capacity=65 is_open=False hour_summary=Closed until 6:00am
[2026-09-28 05:45:03] Triton Esports Center: 0% (Closed) people=0 capacity=35 is_open=False hour_summary=closed
[2026-09-28 05:45:03] === SCRAPE END OK ===
[2026-09-28 06:00:01] === SCRAPE START ===
[2026-09-28 06:00:01] Fetching https://waitz.io/live/ucsd-rec
[2026-09-28 06:00:03] Saved 4 rows to ucsd_occupancy_history.csv
[2026-09-28 06:00:03] Main Gym Fitness Gym: 3% (Not Busy) people=2 capacity=72 is_open=True hour_summary=open
[2026-09-28 06:00:03] Outback Climbing Center: 13% (Closed) people=4 capacity=30 is_open=False hour_summary=Closed until 2:00pm
[2026-09-28 06:00:03] RIMAC Fitness Gym: 0% (Not Busy) people=0 capacity=65 is_open=True hour_summary=open
[2026-09-28 06:00:03] Triton Esports Center: 0% (Closed) people=0 capacity=35 is_open=False hour_summary=closed
[2026-09-28 06:00:03] === SCRAPE END OK ===
[2026-09-28 06:15:01] === SCRAPE START ===
[2026-09-28 06:15:01] Fetching https://waitz.io/live/ucsd-rec
[2026-09-28 06:15:02] Saved 4 rows to ucsd_occupancy_history.csv
[2026-09-28 06:15:02] Main Gym Fitness Gym: 24% (Not Busy) people=17 capacity=72 is_open=True hour_summary=open
[2026-09-28 06:15:02] Outback Climbing Center: 10% (Closed) people=3 capacity=30 is_open=False hour_summary=Closed until 2:00pm
[2026-09-28 06:15:02] RIMAC Fitness Gym: 75% (Busy) people=49 capacity=65 is_open=True hour_summary=open
[2026-09-28 06:15:02] Triton Esports Center: 0% (Closed) people=0 capacity=35 is_open=False hour_summary=closed
[2026-09-28 06:15:02] === SCRAPE END OK ===
[2026-09-28 06:30:01] === SCRAPE START ===
[2026-09-28 06:30:01] Fetching https://waitz.io/live/ucsd-rec
[2026-09-28 06:30:03] Saved 4 rows to ucsd_occupancy_history.csv
[2026-09-28 06:30:03] Main Gym Fitness Gym: 33% (Not Busy) people=24 capacity=72 is_open=True hour_summary=open
[2026-09-28 06:30:03] Outback Climbing Center: 10% (Closed) people=3 capacity=30 is_open=False hour_summary=Closed until 2:00pm
[2026-09-28 06:30:03] RIMAC Fitness Gym: 98% (Very Active) people=64 capacity=65 is_open=True hour_summary=open
[2026-09-28 06:30:03] Triton Esports Center: 0% (Closed) people=0 capacity=35 is_open=False hour_summary=closed
[2026-09-28 06:30:03] === SCRAPE END OK ===
[2026-09-28 06:45:01] === SCRAPE START ===
[2026-09-28 06:45:01] Fetching https://waitz.io/live/ucsd-rec
[2026-09-28 06:45:02] Saved 4 rows to ucsd_occupancy_history.csv
[2026-09-28 06:45:02] Main Gym Fitness Gym: 32% (Not Busy) people=23 capacity=72 is_open=True hour_summary=open
[2026-09-28 06:45:02] Outback Climbing Center: 13% (Closed) people=4 capacity=30 is_open=False hour_summary=Closed until 2:00pm
[2026-09-28 06:45:02] RIMAC Fitness Gym: 99% (Very Active) people=64 capacity=65 is_open=True hour_summary=open
[2026-09-28 06:45:02] Triton Esports Center: 0% (Closed) people=0 capacity=35 is_open=False hour_summary=closed
[2026-09-28 06:45:02] === SCRAPE END OK ===
[2026-09-28 07:00:01] === SCRAPE START ===
[2026-09-28 07:00:01] Fetching https://waitz.io/live/ucsd-rec
[2026-09-28 07:00:03] Saved 4 rows to ucsd_occupancy_history.csv
[2026-09-28 07:00:03] Main Gym Fitness Gym: 26% (Not Busy) people=19 capacity=72 is_open=True hour_summary=open
[2026-09-28 07:00:03] Outback Climbing Center: 13% (Closed) people=4 capacity=30 is_open=False hour_summary=Closed until 2:00pm
[2026-09-28 07:00:03] RIMAC Fitness Gym: 99% (Very Active) people=64 capacity=65 is_open=True hour_summary=open
[2026-09-28 07:00:03] Triton Esports Center: 0% (Closed) people=0 capacity=35 is_open=False hour_summary=closed
[2026-09-28 07:00:03] === SCRAPE END OK ===
[2026-09-28 07:15:01] === SCRAPE START ===
[2026-09-28 07:15:01] Fetching https://waitz.io/live/ucsd-rec
[2026-09-28 07:15:02] Saved 4 rows to ucsd_occupancy_history.csv
[2026-09-28 07:15:02] Main Gym Fitness Gym: 11% (Not Busy) people=8 capacity=72 is_open=True hour_summary=open
[2026-09-28 07:15:02] Outback Climbing Center: 13% (Closed) people=4 capacity=30 is_open=False hour_summary=Closed until 2:00pm
[2026-09-28 07:15:02] RIMAC Fitness Gym: 99% (Very Active) people=64 capacity=65 is_open=True hour_summary=open
[2026-09-28 07:15:02] Triton Esports Center: 0% (Closed) people=0 capacity=35 is_open=False hour_summary=closed
[2026-09-28 07:15:02] === SCRAPE END OK ===
[2026-09-28 07:30:01] === SCRAPE START ===
[2026-09-28 07:30:01] Fetching https://waitz.io/live/ucsd-rec
[2026-09-28 07:30:03] Saved 4 rows to ucsd_occupancy_history.csv
[2026-09-28 07:30:03] Main Gym Fitness Gym: 15% (Not Busy) people=11 capacity=72 is_open=True hour_summary=open
[2026-09-28 07:30:03] Outback Climbing Center: 13% (Closed) people=4 capacity=30 is_open=False hour_summary=Closed until 2:00pm
[2026-09-28 07:30:03] RIMAC Fitness Gym: 99% (Very Active) people=64 capacity=65 is_open=True hour_summary=open
[2026-09-28 07:30:03] Triton Esports Center: 0% (Closed) people=0 capacity=35 is_open=False hour_summary=closed
[2026-09-28 07:30:03] === SCRAPE END OK ===
[2026-09-28 07:45:01] === SCRAPE START ===
[2026-09-28 07:45:01] Fetching https://waitz.io/live/ucsd-rec
[2026-09-28 07:45:02] Saved 4 rows to ucsd_occupancy_history.csv
[2026-09-28 07:45:02] Main Gym Fitness Gym: 36% (Not Busy) people=26 capacity=72 is_open=True hour_summary=open
[2026-09-28 07:45:02] Outback Climbing Center: 17% (Closed) people=5 capacity=30 is_open=False hour_summary=Closed until 2:00pm
[2026-09-28 07:45:02] RIMAC Fitness Gym: 99% (Very Active) people=64 capacity=65 is_open=True hour_summary=open
[2026-09-28 07:45:02] Triton Esports Center: 0% (Closed) people=0 capacity=35 is_open=False hour_summary=closed
[2026-09-28 07:45:02] === SCRAPE END OK ===
[2026-09-28 08:00:01] === SCRAPE START ===
[2026-09-28 08:00:01] Fetching https://waitz.io/live/ucsd-rec
[2026-09-28 08:00:03] Saved 4 rows to ucsd_occupancy_history.csv
[2026-09-28 08:00:03] Main Gym Fitness Gym: 35% (Not Busy) people=25 capacity=72 is_open=True hour_summary=open
[2026-09-28 08:00:03] Outback Climbing Center: 13% (Closed) people=4 capacity=30 is_open=False hour_summary=Closed until 2:00pm
[2026-09-28 08:00:03] RIMAC Fitness Gym: 99% (Very Active) people=64 capacity=65 is_open=True hour_summary=open
[2026-09-28 08:00:03] Triton Esports Center: 0% (Closed) people=0 capacity=35 is_open=False hour_summary=closed
[2026-09-28 08:00:03] === SCRAPE END OK ===
[2026-09-28 08:15:01] === SCRAPE START ===
[2026-09-28 08:15:01] Fetching https://waitz.io/live/ucsd-rec
[2026-09-28 08:15:02] Saved 4 rows to ucsd_occupancy_history.csv
[2026-09-28 08:15:02] Main Gym Fitness Gym: 35% (Not Busy) people=25 capacity=72 is_open=True hour_summary=open
[2026-09-28 08:15:02] Outback Climbing Center: 13% (Closed) people=4 capacity=30 is_open=False hour_summary=Closed until 2:00pm
[2026-09-28 08:15:02] RIMAC Fitness Gym: 99% (Very Active) people=64 capacity=65 is_open=True hour_summary=open
[2026-09-28 08:15:02] Triton Esports Center: 0% (Closed) people=0 capacity=35 is_open=False hour_summary=closed
[2026-09-28 08:15:02] === SCRAPE END OK ===
[2026-09-28 08:30:01] === SCRAPE START ===
[2026-09-28 08:30:01] Fetching https://waitz.io/live/ucsd-rec
[2026-09-28 08:30:03] Saved 4 rows to ucsd_occupancy_history.csv
[2026-09-28 08:30:03] Main Gym Fitness Gym: 51% (Busy) people=37 capacity=72 is_open=True hour_summary=open
[2026-09-28 08:30:03] Outback Climbing Center: 13% (Closed) people=4 capacity=30 is_open=False hour_summary=Closed until 2:00pm
[2026-09-28 08:30:03] RIMAC Fitness Gym: 99% (Very Active) people=64 capacity=65 is_open=True hour_summary=open
[2026-09-28 08:30:03] Triton Esports Center: 0% (Closed) people=0 capacity=35 is_open=False hour_summary=closed
[2026-09-28 08:30:03] === SCRAPE END OK ===
[2026-09-28 08:45:01] === SCRAPE START ===
[2026-09-28 08:45:01] Fetching https://waitz.io/live/ucsd-rec
[2026-09-28 08:45:02] Saved 4 rows to ucsd_occupancy_history.csv
[2026-09-28 08:45:02] Main Gym Fitness Gym: 31% (Not Busy) people=22 capacity=72 is_open=True hour_summary=open
[2026-09-28 08:45:02] Outback Climbing Center: 13% (Closed) people=4 capacity=30 is_open=False hour_summary=Closed until 2:00pm
[2026-09-28 08:45:02] RIMAC Fitness Gym: 99% (Very Active) people=64 capacity=65 is_open=True hour_summary=open
[2026-09-28 08:45:02] Triton Esports Center: 3% (Closed) people=1 capacity=35 is_open=False hour_summary=closed
[2026-09-28 08:45:02] === SCRAPE END OK ===
[2026-09-28 09:00:01] === SCRAPE START ===
[2026-09-28 09:00:01] Fetching https://waitz.io/live/ucsd-rec
[2026-09-28 09:00:03] Saved 4 rows to ucsd_occupancy_history.csv
[2026-09-28 09:00:03] Main Gym Fitness Gym: 60% (Busy) people=43 capacity=72 is_open=True hour_summary=open
[2026-09-28 09:00:03] Outback Climbing Center: 23% (Closed) people=7 capacity=30 is_open=False hour_summary=Closed until 2:00pm
[2026-09-28 09:00:03] RIMAC Fitness Gym: 99% (Very Active) people=64 capacity=65 is_open=True hour_summary=open
[2026-09-28 09:00:03] Triton Esports Center: 0% (Closed) people=0 capacity=35 is_open=False hour_summary=closed
[2026-09-28 09:00:03] === SCRAPE END OK ===
[2026-09-28 09:15:01] === SCRAPE START ===
[2026-09-28 09:15:01] Fetching https://waitz.io/live/ucsd-rec
[2026-09-28 09:15:03] Saved 4 rows to ucsd_occupancy_history.csv
[2026-09-28 09:15:03] Main Gym Fitness Gym: 28% (Not Busy) people=20 capacity=72 is_open=True hour_summary=open
[2026-09-28 09:15:03] Outback Climbing Center: 13% (Closed) people=4 capacity=30 is_open=False hour_summary=Closed until 2:00pm
[2026-09-28 09:15:03] RIMAC Fitness Gym: 99% (Very Active) people=64 capacity=65 is_open=True hour_summary=open
[2026-09-28 09:15:03] Triton Esports Center: 0% (Closed) people=0 capacity=35 is_open=False hour_summary=closed
[2026-09-28 09:15:03] === SCRAPE END OK ===
[2026-09-28 09:30:01] === SCRAPE START ===
[2026-09-28 09:30:01] Fetching https://waitz.io/live/ucsd-rec
[2026-09-28 09:30:03] Saved 4 rows to ucsd_occupancy_history.csv
[2026-09-28 09:30:03] Main Gym Fitness Gym: 53% (Busy) people=38 capacity=72 is_open=True hour_summary=open
[2026-09-28 09:30:03] Outback Climbing Center: 17% (Closed) people=5 capacity=30 is_open=False hour_summary=Closed until 2:00pm
[2026-09-28 09:30:03] RIMAC Fitness Gym: 99% (Very Active) people=64 capacity=65 is_open=True hour_summary=open
[2026-09-28 09:30:03] Triton Esports Center: 3% (Closed) people=1 capacity=35 is_open=False hour_summary=closed
[2026-09-28 09:30:03] === SCRAPE END OK ===
[2026-09-28 09:45:01] === SCRAPE START ===
[2026-09-28 09:45:01] Fetching https://waitz.io/live/ucsd-rec
[2026-09-28 09:45:02] Saved 4 rows to ucsd_occupancy_history.csv
[2026-09-28 09:45:02] Main Gym Fitness Gym: 99% (Very Active) people=71 capacity=72 is_open=True hour_summary=open
[2026-09-28 09:45:02] Outback Climbing Center: 13% (Closed) people=4 capacity=30 is_open=False hour_summary=Closed until 2:00pm
[2026-09-28 09:45:02] RIMAC Fitness Gym: 99% (Very Active) people=64 capacity=65 is_open=True hour_summary=open
[2026-09-28 09:45:02] Triton Esports Center: 3% (Closed) people=1 capacity=35 is_open=False hour_summary=closed
[2026-09-28 09:45:02] === SCRAPE END OK ===
[2026-09-28 10:00:02] === SCRAPE START ===
[2026-09-28 10:00:02] Fetching https://waitz.io/live/ucsd-rec
[2026-09-28 10:00:04] Saved 4 rows to ucsd_occupancy_history.csv
[2026-09-28 10:00:04] Main Gym Fitness Gym: 99% (Very Active) people=71 capacity=72 is_open=True hour_summary=open
[2026-09-28 10:00:04] Outback Climbing Center: 43% (Closed) people=13 capacity=30 is_open=False hour_summary=Closed until 2:00pm
[2026-09-28 10:00:04] RIMAC Fitness Gym: 99% (Very Active) people=64 capacity=65 is_open=True hour_summary=open
[2026-09-28 10:00:04] Triton Esports Center: 0% (Closed) people=0 capacity=35 is_open=False hour_summary=closed
[2026-09-28 10:00:04] === SCRAPE END OK ===
[2026-09-28 10:15:01] === SCRAPE START ===
[2026-09-28 10:15:01] Fetching https://waitz.io/live/ucsd-rec
[2026-09-28 10:15:02] Saved 4 rows to ucsd_occupancy_history.csv
[2026-09-28 10:15:02] Main Gym Fitness Gym: 99% (Very Active) people=71 capacity=72 is_open=True hour_summary=open
[2026-09-28 10:15:02] Outback Climbing Center: 80% (Closed) people=24 capacity=30 is_open=False hour_summary=Closed until 2:00pm
[2026-09-28 10:15:02] RIMAC Fitness Gym: 99% (Very Active) people=64 capacity=65 is_open=True hour_summary=open
[2026-09-28 10:15:02] Triton Esports Center: 0% (Closed) people=0 capacity=35 is_open=False hour_summary=closed
[2026-09-28 10:15:02] === SCRAPE END OK ===
[2026-09-28 10:30:01] === SCRAPE START ===
[2026-09-28 10:30:01] Fetching https://waitz.io/live/ucsd-rec
[2026-09-28 10:30:03] Saved 4 rows to ucsd_occupancy_history.csv
[2026-09-28 10:30:03] Main Gym Fitness Gym: 99% (Very Active) people=71 capacity=72 is_open=True hour_summary=open
[2026-09-28 10:30:03] Outback Climbing Center: 99% (Closed) people=30 capacity=30 is_open=False hour_summary=Closed until 2:00pm
[2026-09-28 10:30:03] RIMAC Fitness Gym: 99% (Very Active) people=64 capacity=65 is_open=True hour_summary=open
[2026-09-28 10:30:03] Triton Esports Center: 0% (Closed) people=0 capacity=35 is_open=False hour_summary=closed
[2026-09-28 10:30:03] === SCRAPE END OK ===
[2026-09-28 10:45:01] === SCRAPE START ===
[2026-09-28 10:45:01] Fetching https://waitz.io/live/ucsd-rec
[2026-09-28 10:45:02] Saved 4 rows to ucsd_occupancy_history.csv
[2026-09-28 10:45:02] Main Gym Fitness Gym: 99% (Very Active) people=71 capacity=72 is_open=True hour_summary=open
[2026-09-28 10:45:02] Outback Climbing Center: 99% (Closed) people=30 capacity=30 is_open=False hour_summary=Closed until 2:00pm
[2026-09-28 10:45:02] RIMAC Fitness Gym: 99% (Very Active) people=64 capacity=65 is_open=True hour_summary=open
[2026-09-28 10:45:02] Triton Esports Center: 0% (Closed) people=0 capacity=35 is_open=False hour_summary=closed
[2026-09-28 10:45:02] === SCRAPE END OK ===
[2026-09-28 11:00:01] === SCRAPE START ===
[2026-09-28 11:00:01] Fetching https://waitz.io/live/ucsd-rec
[2026-09-28 11:00:03] Saved 4 rows to ucsd_occupancy_history.csv
[2026-09-28 11:00:03] Main Gym Fitness Gym: 99% (Very Active) people=71 capacity=72 is_open=True hour_summary=open
[2026-09-28 11:00:03] Outback Climbing Center: 99% (Closed) people=30 capacity=30 is_open=False hour_summary=Closed until 2:00pm
[2026-09-28 11:00:03] RIMAC Fitness Gym: 99% (Very Active) people=64 capacity=65 is_open=True hour_summary=open
[2026-09-28 11:00:03] Triton Esports Center: 6% (Closed) people=2 capacity=35 is_open=False hour_summary=closed
[2026-09-28 11:00:03] === SCRAPE END OK ===
[2026-09-28 11:15:01] === SCRAPE START ===
[2026-09-28 11:15:01] Fetching https://waitz.io/live/ucsd-rec
[2026-09-28 11:15:03] Saved 4 rows to ucsd_occupancy_history.csv
[2026-09-28 11:15:03] Main Gym Fitness Gym: 99% (Very Active) people=71 capacity=72 is_open=True hour_summary=open
[2026-09-28 11:15:03] Outback Climbing Center: 99% (Closed) people=30 capacity=30 is_open=False hour_summary=Closed until 2:00pm
[2026-09-28 11:15:03] RIMAC Fitness Gym: 99% (Very Active) people=64 capacity=65 is_open=True hour_summary=open
[2026-09-28 11:15:03] Triton Esports Center: 3% (Closed) people=1 capacity=35 is_open=False hour_summary=closed
[2026-09-28 11:15:03] === SCRAPE END OK ===
[2026-09-28 11:30:01] === SCRAPE START ===
[2026-09-28 11:30:01] Fetching https://waitz.io/live/ucsd-rec
[2026-09-28 11:30:03] Saved 4 rows to ucsd_occupancy_history.csv
[2026-09-28 11:30:03] Main Gym Fitness Gym: 99% (Very Active) people=71 capacity=72 is_open=True hour_summary=open
[2026-09-28 11:30:03] Outback Climbing Center: 77% (Closed) people=23 capacity=30 is_open=False hour_summary=Closed until 2:00pm
[2026-09-28 11:30:03] RIMAC Fitness Gym: 99% (Very Active) people=64 capacity=65 is_open=True hour_summary=open
[2026-09-28 11:30:03] Triton Esports Center: 0% (Closed) people=0 capacity=35 is_open=False hour_summary=closed
[2026-09-28 11:30:03] === SCRAPE END OK ===
[2026-09-28 11:45:01] === SCRAPE START ===
[2026-09-28 11:45:01] Fetching https://waitz.io/live/ucsd-rec
[2026-09-28 11:45:02] Saved 4 rows to ucsd_occupancy_history.csv
[2026-09-28 11:45:02] Main Gym Fitness Gym: 99% (Very Active) people=71 capacity=72 is_open=True hour_summary=open
[2026-09-28 11:45:02] Outback Climbing Center: 77% (Closed) people=23 capacity=30 is_open=False hour_summary=Closed until 2:00pm
[2026-09-28 11:45:02] RIMAC Fitness Gym: 99% (Very Active) people=64 capacity=65 is_open=True hour_summary=open
[2026-09-28 11:45:02] Triton Esports Center: 3% (Closed) people=1 capacity=35 is_open=False hour_summary=closed
[2026-09-28 11:45:02] === SCRAPE END OK ===
[2026-09-28 12:00:01] === SCRAPE START ===
[2026-09-28 12:00:01] Fetching https://waitz.io/live/ucsd-rec
[2026-09-28 12:00:03] Saved 4 rows to ucsd_occupancy_history.csv
[2026-09-28 12:00:03] Main Gym Fitness Gym: 99% (Very Active) people=71 capacity=72 is_open=True hour_summary=open
[2026-09-28 12:00:03] Outback Climbing Center: 57% (Closed) people=17 capacity=30 is_open=False hour_summary=Closed until 2:00pm
[2026-09-28 12:00:03] RIMAC Fitness Gym: 0% (Data Unavailable) people=0 capacity=65 is_open=True hour_summary=open
[2026-09-28 12:00:03] Triton Esports Center: 3% (Closed) people=1 capacity=35 is_open=False hour_summary=closed
[2026-09-28 12:00:03] === SCRAPE END OK ===
[2026-09-28 12:15:01] === SCRAPE START ===
[2026-09-28 12:15:01] Fetching https://waitz.io/live/ucsd-rec
[2026-09-28 12:15:03] Saved 4 rows to ucsd_occupancy_history.csv
[2026-09-28 12:15:03] Main Gym Fitness Gym: 0% (Data Unavailable) people=0 capacity=72 is_open=True hour_summary=open
[2026-09-28 12:15:03] Outback Climbing Center: 83% (Closed) people=25 capacity=30 is_open=False hour_summary=Closed until 2:00pm
[2026-09-28 12:15:03] RIMAC Fitness Gym: 99% (Very Active) people=64 capacity=65 is_open=True hour_summary=open
[2026-09-28 12:15:03] Triton Esports Center: 9% (Closed) people=3 capacity=35 is_open=False hour_summary=closed
[2026-09-28 12:15:03] === SCRAPE END OK ===
[2026-09-28 12:30:01] === SCRAPE START ===
[2026-09-28 12:30:01] Fetching https://waitz.io/live/ucsd-rec
[2026-09-28 12:30:02] Saved 4 rows to ucsd_occupancy_history.csv
[2026-09-28 12:30:02] Main Gym Fitness Gym: 99% (Very Active) people=71 capacity=72 is_open=True hour_summary=open
[2026-09-28 12:30:02] Outback Climbing Center: 99% (Closed) people=30 capacity=30 is_open=False hour_summary=Closed until 2:00pm
[2026-09-28 12:30:02] RIMAC Fitness Gym: 99% (Very Active) people=64 capacity=65 is_open=True hour_summary=open
[2026-09-28 12:30:02] Triton Esports Center: 11% (Closed) people=4 capacity=35 is_open=False hour_summary=closed
[2026-09-28 12:30:02] === SCRAPE END OK ===
[2026-09-28 12:45:01] === SCRAPE START ===
[2026-09-28 12:45:01] Fetching https://waitz.io/live/ucsd-rec
[2026-09-28 12:45:02] Saved 4 rows to ucsd_occupancy_history.csv
[2026-09-28 12:45:02] Main Gym Fitness Gym: 99% (Very Active) people=71 capacity=72 is_open=True hour_summary=open
[2026-09-28 12:45:02] Outback Climbing Center: 99% (Closed) people=30 capacity=30 is_open=False hour_summary=Closed until 2:00pm
[2026-09-28 12:45:02] RIMAC Fitness Gym: 99% (Very Active) people=64 capacity=65 is_open=True hour_summary=open
[2026-09-28 12:45:02] Triton Esports Center: 11% (Closed) people=4 capacity=35 is_open=False hour_summary=closed
[2026-09-28 12:45:02] === SCRAPE END OK ===
[2026-09-28 13:00:01] === SCRAPE START ===
[2026-09-28 13:00:01] Fetching https://waitz.io/live/ucsd-rec
[2026-09-28 13:00:03] Saved 4 rows to ucsd_occupancy_history.csv
[2026-09-28 13:00:03] Main Gym Fitness Gym: 99% (Very Active) people=71 capacity=72 is_open=True hour_summary=open
[2026-09-28 13:00:03] Outback Climbing Center: 99% (Closed) people=30 capacity=30 is_open=False hour_summary=Closed until 2:00pm
[2026-09-28 13:00:03] RIMAC Fitness Gym: 99% (Very Active) people=64 capacity=65 is_open=True hour_summary=open
[2026-09-28 13:00:03] Triton Esports Center: 26% (Closed) people=9 capacity=35 is_open=False hour_summary=closed
[2026-09-28 13:00:03] === SCRAPE END OK ===
[2026-09-28 13:15:01] === SCRAPE START ===
[2026-09-28 13:15:01] Fetching https://waitz.io/live/ucsd-rec
[2026-09-28 13:15:02] Saved 4 rows to ucsd_occupancy_history.csv
[2026-09-28 13:15:02] Main Gym Fitness Gym: 99% (Very Active) people=71 capacity=72 is_open=True hour_summary=open
[2026-09-28 13:15:02] Outback Climbing Center: 99% (Closed) people=30 capacity=30 is_open=False hour_summary=Closed until 2:00pm
[2026-09-28 13:15:02] RIMAC Fitness Gym: 99% (Very Active) people=64 capacity=65 is_open=True hour_summary=open
[2026-09-28 13:15:02] Triton Esports Center: 40% (Closed) people=14 capacity=35 is_open=False hour_summary=closed
[2026-09-28 13:15:02] === SCRAPE END OK ===
[2026-09-28 13:30:01] === SCRAPE START ===
[2026-09-28 13:30:01] Fetching https://waitz.io/live/ucsd-rec
[2026-09-28 13:30:03] Saved 4 rows to ucsd_occupancy_history.csv
[2026-09-28 13:30:03] Main Gym Fitness Gym: 99% (Very Active) people=71 capacity=72 is_open=True hour_summary=open
[2026-09-28 13:30:03] Outback Climbing Center: 99% (Closed) people=30 capacity=30 is_open=False hour_summary=Closed until 2:00pm
[2026-09-28 13:30:03] RIMAC Fitness Gym: 99% (Very Active) people=64 capacity=65 is_open=True hour_summary=open
[2026-09-28 13:30:03] Triton Esports Center: 37% (Closed) people=13 capacity=35 is_open=False hour_summary=closed
[2026-09-28 13:30:03] === SCRAPE END OK ===
[2026-09-28 13:45:01] === SCRAPE START ===
[2026-09-28 13:45:01] Fetching https://waitz.io/live/ucsd-rec
[2026-09-28 13:45:02] Saved 4 rows to ucsd_occupancy_history.csv
[2026-09-28 13:45:02] Main Gym Fitness Gym: 99% (Very Active) people=71 capacity=72 is_open=True hour_summary=open
[2026-09-28 13:45:02] Outback Climbing Center: 99% (Closed) people=30 capacity=30 is_open=False hour_summary=Closed until 2:00pm
[2026-09-28 13:45:02] RIMAC Fitness Gym: 99% (Very Active) people=64 capacity=65 is_open=True hour_summary=open
[2026-09-28 13:45:02] Triton Esports Center: 43% (Closed) people=15 capacity=35 is_open=False hour_summary=closed
[2026-09-28 13:45:02] === SCRAPE END OK ===
[2026-09-28 14:00:01] === SCRAPE START ===
[2026-09-28 14:00:01] Fetching https://waitz.io/live/ucsd-rec
[2026-09-28 14:00:03] Saved 4 rows to ucsd_occupancy_history.csv
[2026-09-28 14:00:03] Main Gym Fitness Gym: 99% (Very Active) people=71 capacity=72 is_open=True hour_summary=open
[2026-09-28 14:00:03] Outback Climbing Center: 99% (Very Active) people=30 capacity=30 is_open=True hour_summary=open
[2026-09-28 14:00:03] RIMAC Fitness Gym: 99% (Very Active) people=64 capacity=65 is_open=True hour_summary=open
[2026-09-28 14:00:03] Triton Esports Center: 43% (Closed) people=15 capacity=35 is_open=False hour_summary=closed
[2026-09-28 14:00:03] === SCRAPE END OK ===
[2026-09-28 14:15:01] === SCRAPE START ===
[2026-09-28 14:15:01] Fetching https://waitz.io/live/ucsd-rec
[2026-09-28 14:15:03] Saved 4 rows to ucsd_occupancy_history.csv
[2026-09-28 14:15:03] Main Gym Fitness Gym: 99% (Very Active) people=71 capacity=72 is_open=True hour_summary=open
[2026-09-28 14:15:03] Outback Climbing Center: 99% (Very Active) people=30 capacity=30 is_open=True hour_summary=open
[2026-09-28 14:15:03] RIMAC Fitness Gym: 99% (Very Active) people=64 capacity=65 is_open=True hour_summary=open
[2026-09-28 14:15:03] Triton Esports Center: 43% (Closed) people=15 capacity=35 is_open=False hour_summary=closed
[2026-09-28 14:15:03] === SCRAPE END OK ===
[2026-09-28 14:30:01] === SCRAPE START ===
[2026-09-28 14:30:01] Fetching https://waitz.io/live/ucsd-rec
[2026-09-28 14:30:03] Saved 4 rows to ucsd_occupancy_history.csv
[2026-09-28 14:30:03] Main Gym Fitness Gym: 99% (Very Active) people=71 capacity=72 is_open=True hour_summary=open
[2026-09-28 14:30:03] Outback Climbing Center: 99% (Very Active) people=30 capacity=30 is_open=True hour_summary=open
[2026-09-28 14:30:03] RIMAC Fitness Gym: 99% (Very Active) people=64 capacity=65 is_open=True hour_summary=open
[2026-09-28 14:30:03] Triton Esports Center: 54% (Closed) people=19 capacity=35 is_open=False hour_summary=closed
[2026-09-28 14:30:03] === SCRAPE END OK ===
[2026-09-28 14:45:01] === SCRAPE START ===
[2026-09-28 14:45:01] Fetching https://waitz.io/live/ucsd-rec
[2026-09-28 14:45:02] Saved 4 rows to ucsd_occupancy_history.csv
[2026-09-28 14:45:02] Main Gym Fitness Gym: 99% (Very Active) people=71 capacity=72 is_open=True hour_summary=open
[2026-09-28 14:45:02] Outback Climbing Center: 99% (Very Active) people=30 capacity=30 is_open=True hour_summary=open
[2026-09-28 14:45:02] RIMAC Fitness Gym: 99% (Very Active) people=64 capacity=65 is_open=True hour_summary=open
[2026-09-28 14:45:02] Triton Esports Center: 54% (Closed) people=19 capacity=35 is_open=False hour_summary=closed
[2026-09-28 14:45:02] === SCRAPE END OK ===
[2026-09-28 15:00:01] === SCRAPE START ===
[2026-09-28 15:00:01] Fetching https://waitz.io/live/ucsd-rec
[2026-09-28 15:00:03] Saved 4 rows to ucsd_occupancy_history.csv
[2026-09-28 15:00:03] Main Gym Fitness Gym: 99% (Very Active) people=71 capacity=72 is_open=True hour_summary=open
[2026-09-28 15:00:03] Outback Climbing Center: 99% (Very Active) people=30 capacity=30 is_open=True hour_summary=open
[2026-09-28 15:00:03] RIMAC Fitness Gym: 99% (Very Active) people=64 capacity=65 is_open=True hour_summary=open
[2026-09-28 15:00:03] Triton Esports Center: 49% (Closed) people=17 capacity=35 is_open=False hour_summary=closed
[2026-09-28 15:00:03] === SCRAPE END OK ===
[2026-09-28 15:15:01] === SCRAPE START ===
[2026-09-28 15:15:01] Fetching https://waitz.io/live/ucsd-rec
[2026-09-28 15:15:03] Saved 4 rows to ucsd_occupancy_history.csv
[2026-09-28 15:15:03] Main Gym Fitness Gym: 99% (Very Active) people=71 capacity=72 is_open=True hour_summary=open
[2026-09-28 15:15:03] Outback Climbing Center: 99% (Very Active) people=30 capacity=30 is_open=True hour_summary=open
[2026-09-28 15:15:03] RIMAC Fitness Gym: 99% (Very Active) people=64 capacity=65 is_open=True hour_summary=open
[2026-09-28 15:15:03] Triton Esports Center: 57% (Closed) people=20 capacity=35 is_open=False hour_summary=closed
[2026-09-28 15:15:03] === SCRAPE END OK ===
[2026-09-28 15:30:01] === SCRAPE START ===
[2026-09-28 15:30:01] Fetching https://waitz.io/live/ucsd-rec
[2026-09-28 15:30:03] Saved 4 rows to ucsd_occupancy_history.csv
[2026-09-28 15:30:03] Main Gym Fitness Gym: 99% (Very Active) people=71 capacity=72 is_open=True hour_summary=open
[2026-09-28 15:30:03] Outback Climbing Center: 99% (Very Active) people=30 capacity=30 is_open=True hour_summary=open
[2026-09-28 15:30:03] RIMAC Fitness Gym: 99% (Very Active) people=64 capacity=65 is_open=True hour_summary=open
[2026-09-28 15:30:03] Triton Esports Center: 66% (Closed) people=23 capacity=35 is_open=False hour_summary=closed
[2026-09-28 15:30:03] === SCRAPE END OK ===
[2026-09-28 15:45:01] === SCRAPE START ===
[2026-09-28 15:45:01] Fetching https://waitz.io/live/ucsd-rec
[2026-09-28 15:45:02] Saved 4 rows to ucsd_occupancy_history.csv
[2026-09-28 15:45:02] Main Gym Fitness Gym: 99% (Very Active) people=71 capacity=72 is_open=True hour_summary=open
[2026-09-28 15:45:02] Outback Climbing Center: 99% (Very Active) people=30 capacity=30 is_open=True hour_summary=open
[2026-09-28 15:45:02] RIMAC Fitness Gym: 99% (Very Active) people=64 capacity=65 is_open=True hour_summary=open
[2026-09-28 15:45:02] Triton Esports Center: 66% (Closed) people=23 capacity=35 is_open=False hour_summary=closed
[2026-09-28 15:45:02] === SCRAPE END OK ===
[2026-09-28 16:00:01] === SCRAPE START ===
[2026-09-28 16:00:01] Fetching https://waitz.io/live/ucsd-rec
[2026-09-28 16:00:03] Saved 4 rows to ucsd_occupancy_history.csv
[2026-09-28 16:00:03] Main Gym Fitness Gym: 99% (Very Active) people=71 capacity=72 is_open=True hour_summary=open
[2026-09-28 16:00:03] Outback Climbing Center: 99% (Very Active) people=30 capacity=30 is_open=True hour_summary=open
[2026-09-28 16:00:03] RIMAC Fitness Gym: 0% (Data Unavailable) people=0 capacity=65 is_open=True hour_summary=open
[2026-09-28 16:00:03] Triton Esports Center: 60% (Closed) people=21 capacity=35 is_open=False hour_summary=closed
[2026-09-28 16:00:03] === SCRAPE END OK ===
[2026-09-28 16:15:01] === SCRAPE START ===
[2026-09-28 16:15:01] Fetching https://waitz.io/live/ucsd-rec
[2026-09-28 16:15:03] Saved 4 rows to ucsd_occupancy_history.csv
[2026-09-28 16:15:03] Main Gym Fitness Gym: 0% (Data Unavailable) people=0 capacity=72 is_open=True hour_summary=open
[2026-09-28 16:15:03] Outback Climbing Center: 99% (Very Active) people=30 capacity=30 is_open=True hour_summary=open
[2026-09-28 16:15:03] RIMAC Fitness Gym: 99% (Very Active) people=64 capacity=65 is_open=True hour_summary=open
[2026-09-28 16:15:03] Triton Esports Center: 57% (Closed) people=20 capacity=35 is_open=False hour_summary=closed
[2026-09-28 16:15:03] === SCRAPE END OK ===
[2026-09-28 16:30:01] === SCRAPE START ===
[2026-09-28 16:30:01] Fetching https://waitz.io/live/ucsd-rec
[2026-09-28 16:30:03] Saved 4 rows to ucsd_occupancy_history.csv
[2026-09-28 16:30:03] Main Gym Fitness Gym: 99% (Very Active) people=71 capacity=72 is_open=True hour_summary=open
[2026-09-28 16:30:03] Outback Climbing Center: 99% (Very Active) people=30 capacity=30 is_open=True hour_summary=open
[2026-09-28 16:30:03] RIMAC Fitness Gym: 99% (Very Active) people=64 capacity=65 is_open=True hour_summary=open
[2026-09-28 16:30:03] Triton Esports Center: 57% (Closed) people=20 capacity=35 is_open=False hour_summary=closed
[2026-09-28 16:30:03] === SCRAPE END OK ===
[2026-09-28 16:45:01] === SCRAPE START ===
[2026-09-28 16:45:01] Fetching https://waitz.io/live/ucsd-rec
[2026-09-28 16:45:02] Saved 4 rows to ucsd_occupancy_history.csv
[2026-09-28 16:45:02] Main Gym Fitness Gym: 99% (Very Active) people=71 capacity=72 is_open=True hour_summary=open
[2026-09-28 16:45:02] Outback Climbing Center: 99% (Very Active) people=30 capacity=30 is_open=True hour_summary=open
[2026-09-28 16:45:02] RIMAC Fitness Gym: 99% (Very Active) people=64 capacity=65 is_open=True hour_summary=open
[2026-09-28 16:45:02] Triton Esports Center: 60% (Closed) people=21 capacity=35 is_open=False hour_summary=closed
[2026-09-28 16:45:02] === SCRAPE END OK ===
[2026-09-28 17:00:01] === SCRAPE START ===
[2026-09-28 17:00:01] Fetching https://waitz.io/live/ucsd-rec
[2026-09-28 17:00:03] Saved 4 rows to ucsd_occupancy_history.csv
[2026-09-28 17:00:03] Main Gym Fitness Gym: 99% (Very Active) people=71 capacity=72 is_open=True hour_summary=open
[2026-09-28 17:00:03] Outback Climbing Center: 99% (Very Active) people=30 capacity=30 is_open=True hour_summary=open
[2026-09-28 17:00:03] RIMAC Fitness Gym: 99% (Very Active) people=64 capacity=65 is_open=True hour_summary=open
[2026-09-28 17:00:03] Triton Esports Center: 46% (Closed) people=16 capacity=35 is_open=False hour_summary=closed
[2026-09-28 17:00:03] === SCRAPE END OK ===
[2026-09-28 17:15:01] === SCRAPE START ===
[2026-09-28 17:15:01] Fetching https://waitz.io/live/ucsd-rec
[2026-09-28 17:15:03] Saved 4 rows to ucsd_occupancy_history.csv
[2026-09-28 17:15:03] Main Gym Fitness Gym: 99% (Very Active) people=71 capacity=72 is_open=True hour_summary=open
[2026-09-28 17:15:03] Outback Climbing Center: 99% (Very Active) people=30 capacity=30 is_open=True hour_summary=open
[2026-09-28 17:15:03] RIMAC Fitness Gym: 99% (Very Active) people=64 capacity=65 is_open=True hour_summary=open
[2026-09-28 17:15:03] Triton Esports Center: 49% (Closed) people=17 capacity=35 is_open=False hour_summary=closed
[2026-09-28 17:15:03] === SCRAPE END OK ===
[2026-09-28 17:30:01] === SCRAPE START ===
[2026-09-28 17:30:01] Fetching https://waitz.io/live/ucsd-rec
[2026-09-28 17:30:03] Saved 4 rows to ucsd_occupancy_history.csv
[2026-09-28 17:30:03] Main Gym Fitness Gym: 99% (Very Active) people=71 capacity=72 is_open=True hour_summary=open
[2026-09-28 17:30:03] Outback Climbing Center: 99% (Very Active) people=30 capacity=30 is_open=True hour_summary=open
[2026-09-28 17:30:03] RIMAC Fitness Gym: 99% (Very Active) people=64 capacity=65 is_open=True hour_summary=open
[2026-09-28 17:30:03] Triton Esports Center: 54% (Closed) people=19 capacity=35 is_open=False hour_summary=closed
[2026-09-28 17:30:03] === SCRAPE END OK ===
[2026-09-28 17:45:01] === SCRAPE START ===
[2026-09-28 17:45:01] Fetching https://waitz.io/live/ucsd-rec
[2026-09-28 17:45:02] Saved 4 rows to ucsd_occupancy_history.csv
[2026-09-28 17:45:02] Main Gym Fitness Gym: 99% (Very Active) people=71 capacity=72 is_open=True hour_summary=open
[2026-09-28 17:45:02] Outback Climbing Center: 99% (Very Active) people=30 capacity=30 is_open=True hour_summary=open
[2026-09-28 17:45:02] RIMAC Fitness Gym: 99% (Very Active) people=64 capacity=65 is_open=True hour_summary=open
[2026-09-28 17:45:02] Triton Esports Center: 40% (Closed) people=14 capacity=35 is_open=False hour_summary=closed
[2026-09-28 17:45:02] === SCRAPE END OK ===
[2026-09-28 18:00:01] === SCRAPE START ===
[2026-09-28 18:00:01] Fetching https://waitz.io/live/ucsd-rec
[2026-09-28 18:00:03] Saved 4 rows to ucsd_occupancy_history.csv
[2026-09-28 18:00:03] Main Gym Fitness Gym: 99% (Very Active) people=71 capacity=72 is_open=True hour_summary=open
[2026-09-28 18:00:03] Outback Climbing Center: 99% (Very Active) people=30 capacity=30 is_open=True hour_summary=open
[2026-09-28 18:00:03] RIMAC Fitness Gym: 99% (Very Active) people=64 capacity=65 is_open=True hour_summary=open
[2026-09-28 18:00:03] Triton Esports Center: 46% (Closed) people=16 capacity=35 is_open=False hour_summary=closed
[2026-09-28 18:00:03] === SCRAPE END OK ===
[2026-09-28 18:15:01] === SCRAPE START ===
[2026-09-28 18:15:01] Fetching https://waitz.io/live/ucsd-rec
[2026-09-28 18:15:03] Saved 4 rows to ucsd_occupancy_history.csv
[2026-09-28 18:15:03] Main Gym Fitness Gym: 99% (Very Active) people=71 capacity=72 is_open=True hour_summary=open
[2026-09-28 18:15:03] Outback Climbing Center: 99% (Very Active) people=30 capacity=30 is_open=True hour_summary=open
[2026-09-28 18:15:03] RIMAC Fitness Gym: 99% (Very Active) people=64 capacity=65 is_open=True hour_summary=open
[2026-09-28 18:15:03] Triton Esports Center: 46% (Closed) people=16 capacity=35 is_open=False hour_summary=closed
[2026-09-28 18:15:03] === SCRAPE END OK ===
