[2026-07-22 00:00:02] === SCRAPE START ===
[2026-07-22 00:00:02] Fetching https://waitz.io/live/ucsd-rec
[2026-07-22 00:00:04] Saved 4 rows to ucsd_occupancy_history.csv
[2026-07-22 00:00:04] Main Gym Fitness Gym: 0% (Closed) people=0 capacity=72 is_open=False hour_summary=closed
[2026-07-22 00:00:04] Outback Climbing Center: 0% (Closed) people=0 capacity=30 is_open=False hour_summary=Closed until 2:00pm
[2026-07-22 00:00:04] RIMAC Fitness Gym: 0% (Closed) people=0 capacity=150 is_open=False hour_summary=Closed until 6:00am
[2026-07-22 00:00:04] Triton Esports Center: 0% (Closed) people=0 capacity=35 is_open=False hour_summary=closed
[2026-07-22 00:00:04] === SCRAPE END OK ===
[2026-07-22 00:07:01] === SCRAPE START ===
[2026-07-22 00:07:01] Fetching https://waitz.io/live/ucsd-rec
[2026-07-22 00:07:02] Saved 4 rows to ucsd_occupancy_history.csv
[2026-07-22 00:07:02] Main Gym Fitness Gym: 1% (Closed) people=1 capacity=72 is_open=False hour_summary=closed
[2026-07-22 00:07:02] Outback Climbing Center: 0% (Closed) people=0 capacity=30 is_open=False hour_summary=Closed until 2:00pm
[2026-07-22 00:07:02] RIMAC Fitness Gym: 1% (Closed) people=2 capacity=150 is_open=False hour_summary=Closed until 6:00am
[2026-07-22 00:07:02] Triton Esports Center: 0% (Closed) people=0 capacity=35 is_open=False hour_summary=closed
[2026-07-22 00:07:02] === SCRAPE END OK ===
[2026-07-22 00:15:03] === SCRAPE START ===
[2026-07-22 00:15:03] Fetching https://waitz.io/live/ucsd-rec
[2026-07-22 00:15:04] Saved 4 rows to ucsd_occupancy_history.csv
[2026-07-22 00:15:04] Main Gym Fitness Gym: 0% (Closed) people=0 capacity=72 is_open=False hour_summary=closed
[2026-07-22 00:15:04] Outback Climbing Center: 0% (Closed) people=0 capacity=30 is_open=False hour_summary=Closed until 2:00pm
[2026-07-22 00:15:04] RIMAC Fitness Gym: 0% (Closed) people=0 capacity=150 is_open=False hour_summary=Closed until 6:00am
[2026-07-22 00:15:04] Triton Esports Center: 0% (Closed) people=0 capacity=35 is_open=False hour_summary=closed
[2026-07-22 00:15:04] === SCRAPE END OK ===
[2026-07-22 00:22:00] === SCRAPE START ===
[2026-07-22 00:22:00] Fetching https://waitz.io/live/ucsd-rec
[2026-07-22 00:22:02] Saved 4 rows to ucsd_occupancy_history.csv
[2026-07-22 00:22:02] Main Gym Fitness Gym: 0% (Closed) people=0 capacity=72 is_open=False hour_summary=closed
[2026-07-22 00:22:02] Outback Climbing Center: 0% (Closed) people=0 capacity=30 is_open=False hour_summary=Closed until 2:00pm
[2026-07-22 00:22:02] RIMAC Fitness Gym: 0% (Closed) people=0 capacity=150 is_open=False hour_summary=Closed until 6:00am
[2026-07-22 00:22:02] Triton Esports Center: 0% (Closed) people=0 capacity=35 is_open=False hour_summary=closed
[2026-07-22 00:22:02] === SCRAPE END OK ===
[2026-07-22 00:30:03] === SCRAPE START ===
[2026-07-22 00:30:03] Fetching https://waitz.io/live/ucsd-rec
[2026-07-22 00:30:09] Saved 4 rows to ucsd_occupancy_history.csv
[2026-07-22 00:30:09] Main Gym Fitness Gym: 0% (Closed) people=0 capacity=72 is_open=False hour_summary=closed
[2026-07-22 00:30:09] Outback Climbing Center: 3% (Closed) people=1 capacity=30 is_open=False hour_summary=Closed until 2:00pm
[2026-07-22 00:30:09] RIMAC Fitness Gym: 0% (Closed) people=0 capacity=150 is_open=False hour_summary=Closed until 6:00am
[2026-07-22 00:30:09] Triton Esports Center: 0% (Closed) people=0 capacity=35 is_open=False hour_summary=closed
[2026-07-22 00:30:09] === SCRAPE END OK ===
[2026-07-22 00:37:01] === SCRAPE START ===
[2026-07-22 00:37:01] Fetching https://waitz.io/live/ucsd-rec
[2026-07-22 00:37:01] Saved 4 rows to ucsd_occupancy_history.csv
[2026-07-22 00:37:01] Main Gym Fitness Gym: 0% (Closed) people=0 capacity=72 is_open=False hour_summary=closed
[2026-07-22 00:37:01] Outback Climbing Center: 0% (Closed) people=0 capacity=30 is_open=False hour_summary=Closed until 2:00pm
[2026-07-22 00:37:01] RIMAC Fitness Gym: 0% (Closed) people=0 capacity=150 is_open=False hour_summary=Closed until 6:00am
[2026-07-22 00:37:01] Triton Esports Center: 0% (Closed) people=0 capacity=35 is_open=False hour_summary=closed
[2026-07-22 00:37:01] === SCRAPE END OK ===
[2026-07-22 00:45:03] === SCRAPE START ===
[2026-07-22 00:45:03] Fetching https://waitz.io/live/ucsd-rec
[2026-07-22 00:45:04] Saved 4 rows to ucsd_occupancy_history.csv
[2026-07-22 00:45:04] Main Gym Fitness Gym: 0% (Closed) people=0 capacity=72 is_open=False hour_summary=closed
[2026-07-22 00:45:04] Outback Climbing Center: 0% (Closed) people=0 capacity=30 is_open=False hour_summary=Closed until 2:00pm
[2026-07-22 00:45:04] RIMAC Fitness Gym: 0% (Closed) people=0 capacity=150 is_open=False hour_summary=Closed until 6:00am
[2026-07-22 00:45:04] Triton Esports Center: 0% (Closed) people=0 capacity=35 is_open=False hour_summary=closed
[2026-07-22 00:45:04] === SCRAPE END OK ===
[2026-07-22 00:52:00] === SCRAPE START ===
[2026-07-22 00:52:00] Fetching https://waitz.io/live/ucsd-rec
[2026-07-22 00:52:02] Saved 4 rows to ucsd_occupancy_history.csv
[2026-07-22 00:52:02] Main Gym Fitness Gym: 0% (Closed) people=0 capacity=72 is_open=False hour_summary=closed
[2026-07-22 00:52:02] Outback Climbing Center: 0% (Closed) people=0 capacity=30 is_open=False hour_summary=Closed until 2:00pm
[2026-07-22 00:52:02] RIMAC Fitness Gym: 0% (Closed) people=0 capacity=150 is_open=False hour_summary=Closed until 6:00am
[2026-07-22 00:52:02] Triton Esports Center: 0% (Closed) people=0 capacity=35 is_open=False hour_summary=closed
[2026-07-22 00:52:02] === SCRAPE END OK ===
[2026-07-22 01:00:03] === SCRAPE START ===
[2026-07-22 01:00:03] Fetching https://waitz.io/live/ucsd-rec
[2026-07-22 01:00:05] Saved 4 rows to ucsd_occupancy_history.csv
[2026-07-22 01:00:05] Main Gym Fitness Gym: 0% (Closed) people=0 capacity=72 is_open=False hour_summary=closed
[2026-07-22 01:00:05] Outback Climbing Center: 0% (Closed) people=0 capacity=30 is_open=False hour_summary=Closed until 2:00pm
[2026-07-22 01:00:05] RIMAC Fitness Gym: 0% (Closed) people=0 capacity=150 is_open=False hour_summary=Closed until 6:00am
[2026-07-22 01:00:05] Triton Esports Center: 0% (Closed) people=0 capacity=35 is_open=False hour_summary=closed
[2026-07-22 01:00:05] === SCRAPE END OK ===
[2026-07-22 01:07:00] === SCRAPE START ===
[2026-07-22 01:07:00] Fetching https://waitz.io/live/ucsd-rec
[2026-07-22 01:07:02] Saved 4 rows to ucsd_occupancy_history.csv
[2026-07-22 01:07:02] Main Gym Fitness Gym: 0% (Closed) people=0 capacity=72 is_open=False hour_summary=closed
[2026-07-22 01:07:02] Outback Climbing Center: 0% (Closed) people=0 capacity=30 is_open=False hour_summary=Closed until 2:00pm
[2026-07-22 01:07:02] RIMAC Fitness Gym: 0% (Closed) people=0 capacity=150 is_open=False hour_summary=Closed until 6:00am
[2026-07-22 01:07:02] Triton Esports Center: 0% (Closed) people=0 capacity=35 is_open=False hour_summary=closed
[2026-07-22 01:07:02] === SCRAPE END OK ===
[2026-07-22 01:15:03] === SCRAPE START ===
[2026-07-22 01:15:03] Fetching https://waitz.io/live/ucsd-rec
[2026-07-22 01:15:05] Saved 4 rows to ucsd_occupancy_history.csv
[2026-07-22 01:15:05] Main Gym Fitness Gym: 0% (Closed) people=0 capacity=72 is_open=False hour_summary=closed
[2026-07-22 01:15:05] Outback Climbing Center: 0% (Closed) people=0 capacity=30 is_open=False hour_summary=Closed until 2:00pm
[2026-07-22 01:15:05] RIMAC Fitness Gym: 0% (Closed) people=0 capacity=150 is_open=False hour_summary=Closed until 6:00am
[2026-07-22 01:15:05] Triton Esports Center: 0% (Closed) people=0 capacity=35 is_open=False hour_summary=closed
[2026-07-22 01:15:05] === SCRAPE END OK ===
[2026-07-22 01:22:00] === SCRAPE START ===
[2026-07-22 01:22:00] Fetching https://waitz.io/live/ucsd-rec
[2026-07-22 01:22:02] Saved 4 rows to ucsd_occupancy_history.csv
[2026-07-22 01:22:02] Main Gym Fitness Gym: 0% (Closed) people=0 capacity=72 is_open=False hour_summary=closed
[2026-07-22 01:22:02] Outback Climbing Center: 3% (Closed) people=1 capacity=30 is_open=False hour_summary=Closed until 2:00pm
[2026-07-22 01:22:02] RIMAC Fitness Gym: 0% (Closed) people=0 capacity=150 is_open=False hour_summary=Closed until 6:00am
[2026-07-22 01:22:02] Triton Esports Center: 0% (Closed) people=0 capacity=35 is_open=False hour_summary=closed
[2026-07-22 01:22:02] === SCRAPE END OK ===
[2026-07-22 01:30:03] === SCRAPE START ===
[2026-07-22 01:30:03] Fetching https://waitz.io/live/ucsd-rec
[2026-07-22 01:30:05] Saved 4 rows to ucsd_occupancy_history.csv
[2026-07-22 01:30:05] Main Gym Fitness Gym: 0% (Closed) people=0 capacity=72 is_open=False hour_summary=closed
[2026-07-22 01:30:05] Outback Climbing Center: 0% (Closed) people=0 capacity=30 is_open=False hour_summary=Closed until 2:00pm
[2026-07-22 01:30:05] RIMAC Fitness Gym: 0% (Closed) people=0 capacity=150 is_open=False hour_summary=Closed until 6:00am
[2026-07-22 01:30:05] Triton Esports Center: 0% (Closed) people=0 capacity=35 is_open=False hour_summary=closed
[2026-07-22 01:30:05] === SCRAPE END OK ===
[2026-07-22 01:37:00] === SCRAPE START ===
[2026-07-22 01:37:00] Fetching https://waitz.io/live/ucsd-rec
[2026-07-22 01:37:01] Saved 4 rows to ucsd_occupancy_history.csv
[2026-07-22 01:37:01] Main Gym Fitness Gym: 0% (Closed) people=0 capacity=72 is_open=False hour_summary=closed
[2026-07-22 01:37:01] Outback Climbing Center: 0% (Closed) people=0 capacity=30 is_open=False hour_summary=Closed until 2:00pm
[2026-07-22 01:37:01] RIMAC Fitness Gym: 0% (Closed) people=0 capacity=150 is_open=False hour_summary=Closed until 6:00am
[2026-07-22 01:37:01] Triton Esports Center: 0% (Closed) people=0 capacity=35 is_open=False hour_summary=closed
[2026-07-22 01:37:01] === SCRAPE END OK ===
[2026-07-22 01:45:02] === SCRAPE START ===
[2026-07-22 01:45:02] Fetching https://waitz.io/live/ucsd-rec
[2026-07-22 01:45:04] Saved 4 rows to ucsd_occupancy_history.csv
[2026-07-22 01:45:04] Main Gym Fitness Gym: 0% (Closed) people=0 capacity=72 is_open=False hour_summary=closed
[2026-07-22 01:45:04] Outback Climbing Center: 0% (Closed) people=0 capacity=30 is_open=False hour_summary=Closed until 2:00pm
[2026-07-22 01:45:04] RIMAC Fitness Gym: 0% (Closed) people=0 capacity=150 is_open=False hour_summary=Closed until 6:00am
[2026-07-22 01:45:04] Triton Esports Center: 0% (Closed) people=0 capacity=35 is_open=False hour_summary=closed
[2026-07-22 01:45:04] === SCRAPE END OK ===
[2026-07-22 01:52:00] === SCRAPE START ===
[2026-07-22 01:52:00] Fetching https://waitz.io/live/ucsd-rec
[2026-07-22 01:52:01] Saved 4 rows to ucsd_occupancy_history.csv
[2026-07-22 01:52:01] Main Gym Fitness Gym: 0% (Closed) people=0 capacity=72 is_open=False hour_summary=closed
[2026-07-22 01:52:01] Outback Climbing Center: 3% (Closed) people=1 capacity=30 is_open=False hour_summary=Closed until 2:00pm
[2026-07-22 01:52:01] RIMAC Fitness Gym: 0% (Closed) people=0 capacity=150 is_open=False hour_summary=Closed until 6:00am
[2026-07-22 01:52:01] Triton Esports Center: 0% (Closed) people=0 capacity=35 is_open=False hour_summary=closed
[2026-07-22 01:52:01] === SCRAPE END OK ===
[2026-07-22 02:00:03] === SCRAPE START ===
[2026-07-22 02:00:03] Fetching https://waitz.io/live/ucsd-rec
[2026-07-22 02:00:04] Saved 4 rows to ucsd_occupancy_history.csv
[2026-07-22 02:00:04] Main Gym Fitness Gym: 0% (Closed) people=0 capacity=72 is_open=False hour_summary=closed
[2026-07-22 02:00:04] Outback Climbing Center: 3% (Closed) people=1 capacity=30 is_open=False hour_summary=Closed until 2:00pm
[2026-07-22 02:00:04] RIMAC Fitness Gym: 0% (Closed) people=0 capacity=150 is_open=False hour_summary=Closed until 6:00am
[2026-07-22 02:00:04] Triton Esports Center: 0% (Closed) people=0 capacity=35 is_open=False hour_summary=closed
[2026-07-22 02:00:04] === SCRAPE END OK ===
[2026-07-22 02:07:00] === SCRAPE START ===
[2026-07-22 02:07:00] Fetching https://waitz.io/live/ucsd-rec
[2026-07-22 02:07:01] Saved 4 rows to ucsd_occupancy_history.csv
[2026-07-22 02:07:01] Main Gym Fitness Gym: 1% (Closed) people=1 capacity=72 is_open=False hour_summary=closed
[2026-07-22 02:07:01] Outback Climbing Center: 3% (Closed) people=1 capacity=30 is_open=False hour_summary=Closed until 2:00pm
[2026-07-22 02:07:01] RIMAC Fitness Gym: 0% (Closed) people=0 capacity=150 is_open=False hour_summary=Closed until 6:00am
[2026-07-22 02:07:01] Triton Esports Center: 0% (Closed) people=0 capacity=35 is_open=False hour_summary=closed
[2026-07-22 02:07:01] === SCRAPE END OK ===
[2026-07-22 02:15:02] === SCRAPE START ===
[2026-07-22 02:15:02] Fetching https://waitz.io/live/ucsd-rec
[2026-07-22 02:15:04] Saved 4 rows to ucsd_occupancy_history.csv
[2026-07-22 02:15:04] Main Gym Fitness Gym: 0% (Closed) people=0 capacity=72 is_open=False hour_summary=closed
[2026-07-22 02:15:04] Outback Climbing Center: 0% (Closed) people=0 capacity=30 is_open=False hour_summary=Closed until 2:00pm
[2026-07-22 02:15:04] RIMAC Fitness Gym: 0% (Closed) people=0 capacity=150 is_open=False hour_summary=Closed until 6:00am
[2026-07-22 02:15:04] Triton Esports Center: 0% (Closed) people=0 capacity=35 is_open=False hour_summary=closed
[2026-07-22 02:15:04] === SCRAPE END OK ===
[2026-07-22 02:22:00] === SCRAPE START ===
[2026-07-22 02:22:00] Fetching https://waitz.io/live/ucsd-rec
[2026-07-22 02:22:01] Saved 4 rows to ucsd_occupancy_history.csv
[2026-07-22 02:22:01] Main Gym Fitness Gym: 0% (Closed) people=0 capacity=72 is_open=False hour_summary=closed
[2026-07-22 02:22:01] Outback Climbing Center: 3% (Closed) people=1 capacity=30 is_open=False hour_summary=Closed until 2:00pm
[2026-07-22 02:22:01] RIMAC Fitness Gym: 0% (Closed) people=0 capacity=150 is_open=False hour_summary=Closed until 6:00am
[2026-07-22 02:22:01] Triton Esports Center: 0% (Closed) people=0 capacity=35 is_open=False hour_summary=closed
[2026-07-22 02:22:01] === SCRAPE END OK ===
[2026-07-22 02:30:03] === SCRAPE START ===
[2026-07-22 02:30:03] Fetching https://waitz.io/live/ucsd-rec
[2026-07-22 02:30:05] Saved 4 rows to ucsd_occupancy_history.csv
[2026-07-22 02:30:05] Main Gym Fitness Gym: 0% (Closed) people=0 capacity=72 is_open=False hour_summary=closed
[2026-07-22 02:30:05] Outback Climbing Center: 0% (Closed) people=0 capacity=30 is_open=False hour_summary=Closed until 2:00pm
[2026-07-22 02:30:05] RIMAC Fitness Gym: 0% (Closed) people=0 capacity=150 is_open=False hour_summary=Closed until 6:00am
[2026-07-22 02:30:05] Triton Esports Center: 0% (Closed) people=0 capacity=35 is_open=False hour_summary=closed
[2026-07-22 02:30:05] === SCRAPE END OK ===
[2026-07-22 02:37:00] === SCRAPE START ===
[2026-07-22 02:37:00] Fetching https://waitz.io/live/ucsd-rec
[2026-07-22 02:37:00] HTTP ERROR: HTTPSConnectionPool(host='waitz.io', port=443): Max retries exceeded with url: /live/ucsd-rec (Caused by NameResolutionError("HTTPSConnection(host='waitz.io', port=443): Failed to resolve 'waitz.io' ([Errno 11001] getaddrinfo failed)"))
[2026-07-22 02:45:02] === SCRAPE START ===
[2026-07-22 02:45:02] Fetching https://waitz.io/live/ucsd-rec
[2026-07-22 02:45:04] Saved 4 rows to ucsd_occupancy_history.csv
[2026-07-22 02:45:04] Main Gym Fitness Gym: 0% (Closed) people=0 capacity=72 is_open=False hour_summary=closed
[2026-07-22 02:45:04] Outback Climbing Center: 0% (Closed) people=0 capacity=30 is_open=False hour_summary=Closed until 2:00pm
[2026-07-22 02:45:04] RIMAC Fitness Gym: 0% (Closed) people=0 capacity=150 is_open=False hour_summary=Closed until 6:00am
[2026-07-22 02:45:04] Triton Esports Center: 0% (Closed) people=0 capacity=35 is_open=False hour_summary=closed
[2026-07-22 02:45:04] === SCRAPE END OK ===
[2026-07-22 02:52:00] === SCRAPE START ===
[2026-07-22 02:52:00] Fetching https://waitz.io/live/ucsd-rec
[2026-07-22 02:52:00] Saved 4 rows to ucsd_occupancy_history.csv
[2026-07-22 02:52:00] Main Gym Fitness Gym: 0% (Closed) people=0 capacity=72 is_open=False hour_summary=closed
[2026-07-22 02:52:00] Outback Climbing Center: 3% (Closed) people=1 capacity=30 is_open=False hour_summary=Closed until 2:00pm
[2026-07-22 02:52:00] RIMAC Fitness Gym: 0% (Closed) people=0 capacity=150 is_open=False hour_summary=Closed until 6:00am
[2026-07-22 02:52:00] Triton Esports Center: 0% (Closed) people=0 capacity=35 is_open=False hour_summary=closed
[2026-07-22 02:52:00] === SCRAPE END OK ===
[2026-07-22 03:00:02] === SCRAPE START ===
[2026-07-22 03:00:02] Fetching https://waitz.io/live/ucsd-rec
[2026-07-22 03:00:04] Saved 4 rows to ucsd_occupancy_history.csv
[2026-07-22 03:00:04] Main Gym Fitness Gym: 0% (Closed) people=0 capacity=72 is_open=False hour_summary=closed
[2026-07-22 03:00:04] Outback Climbing Center: 3% (Closed) people=1 capacity=30 is_open=False hour_summary=Closed until 2:00pm
[2026-07-22 03:00:04] RIMAC Fitness Gym: 0% (Closed) people=0 capacity=150 is_open=False hour_summary=Closed until 6:00am
[2026-07-22 03:00:04] Triton Esports Center: 0% (Closed) people=0 capacity=35 is_open=False hour_summary=closed
[2026-07-22 03:00:04] === SCRAPE END OK ===
[2026-07-22 03:07:00] === SCRAPE START ===
[2026-07-22 03:07:00] Fetching https://waitz.io/live/ucsd-rec
[2026-07-22 03:07:01] Saved 4 rows to ucsd_occupancy_history.csv
[2026-07-22 03:07:01] Main Gym Fitness Gym: 0% (Closed) people=0 capacity=72 is_open=False hour_summary=closed
[2026-07-22 03:07:01] Outback Climbing Center: 3% (Closed) people=1 capacity=30 is_open=False hour_summary=Closed until 2:00pm
[2026-07-22 03:07:01] RIMAC Fitness Gym: 0% (Closed) people=0 capacity=150 is_open=False hour_summary=Closed until 6:00am
[2026-07-22 03:07:01] Triton Esports Center: 0% (Closed) people=0 capacity=35 is_open=False hour_summary=closed
[2026-07-22 03:07:01] === SCRAPE END OK ===
[2026-07-22 03:15:02] === SCRAPE START ===
[2026-07-22 03:15:02] Fetching https://waitz.io/live/ucsd-rec
[2026-07-22 03:15:04] Saved 4 rows to ucsd_occupancy_history.csv
[2026-07-22 03:15:04] Main Gym Fitness Gym: 0% (Closed) people=0 capacity=72 is_open=False hour_summary=closed
[2026-07-22 03:15:04] Outback Climbing Center: 0% (Closed) people=0 capacity=30 is_open=False hour_summary=Closed until 2:00pm
[2026-07-22 03:15:04] RIMAC Fitness Gym: 0% (Closed) people=0 capacity=150 is_open=False hour_summary=Closed until 6:00am
[2026-07-22 03:15:04] Triton Esports Center: 0% (Closed) people=0 capacity=35 is_open=False hour_summary=closed
[2026-07-22 03:15:04] === SCRAPE END OK ===
[2026-07-22 03:22:00] === SCRAPE START ===
[2026-07-22 03:22:00] Fetching https://waitz.io/live/ucsd-rec
[2026-07-22 03:22:00] Saved 4 rows to ucsd_occupancy_history.csv
[2026-07-22 03:22:00] Main Gym Fitness Gym: 0% (Closed) people=0 capacity=72 is_open=False hour_summary=closed
[2026-07-22 03:22:00] Outback Climbing Center: 3% (Closed) people=1 capacity=30 is_open=False hour_summary=Closed until 2:00pm
[2026-07-22 03:22:00] RIMAC Fitness Gym: 0% (Closed) people=0 capacity=150 is_open=False hour_summary=Closed until 6:00am
[2026-07-22 03:22:00] Triton Esports Center: 0% (Closed) people=0 capacity=35 is_open=False hour_summary=closed
[2026-07-22 03:22:00] === SCRAPE END OK ===
[2026-07-22 03:30:02] === SCRAPE START ===
[2026-07-22 03:30:02] Fetching https://waitz.io/live/ucsd-rec
[2026-07-22 03:30:06] Saved 4 rows to ucsd_occupancy_history.csv
[2026-07-22 03:30:06] Main Gym Fitness Gym: 0% (Closed) people=0 capacity=72 is_open=False hour_summary=closed
[2026-07-22 03:30:06] Outback Climbing Center: 0% (Closed) people=0 capacity=30 is_open=False hour_summary=Closed until 2:00pm
[2026-07-22 03:30:06] RIMAC Fitness Gym: 0% (Closed) people=0 capacity=150 is_open=False hour_summary=Closed until 6:00am
[2026-07-22 03:30:06] Triton Esports Center: 0% (Closed) people=0 capacity=35 is_open=False hour_summary=closed
[2026-07-22 03:30:06] === SCRAPE END OK ===
[2026-07-22 03:37:00] === SCRAPE START ===
[2026-07-22 03:37:00] Fetching https://waitz.io/live/ucsd-rec
[2026-07-22 03:37:00] Saved 4 rows to ucsd_occupancy_history.csv
[2026-07-22 03:37:00] Main Gym Fitness Gym: 0% (Closed) people=0 capacity=72 is_open=False hour_summary=closed
[2026-07-22 03:37:00] Outback Climbing Center: 3% (Closed) people=1 capacity=30 is_open=False hour_summary=Closed until 2:00pm
[2026-07-22 03:37:00] RIMAC Fitness Gym: 0% (Closed) people=0 capacity=150 is_open=False hour_summary=Closed until 6:00am
[2026-07-22 03:37:00] Triton Esports Center: 0% (Closed) people=0 capacity=35 is_open=False hour_summary=closed
[2026-07-22 03:37:00] === SCRAPE END OK ===
[2026-07-22 03:45:02] === SCRAPE START ===
[2026-07-22 03:45:02] Fetching https://waitz.io/live/ucsd-rec
[2026-07-22 03:45:04] Saved 4 rows to ucsd_occupancy_history.csv
[2026-07-22 03:45:04] Main Gym Fitness Gym: 0% (Closed) people=0 capacity=72 is_open=False hour_summary=closed
[2026-07-22 03:45:04] Outback Climbing Center: 0% (Closed) people=0 capacity=30 is_open=False hour_summary=Closed until 2:00pm
[2026-07-22 03:45:04] RIMAC Fitness Gym: 0% (Closed) people=0 capacity=150 is_open=False hour_summary=Closed until 6:00am
[2026-07-22 03:45:04] Triton Esports Center: 0% (Closed) people=0 capacity=35 is_open=False hour_summary=closed
[2026-07-22 03:45:04] === SCRAPE END OK ===
[2026-07-22 03:52:00] === SCRAPE START ===
[2026-07-22 03:52:00] Fetching https://waitz.io/live/ucsd-rec
[2026-07-22 03:52:00] Saved 4 rows to ucsd_occupancy_history.csv
[2026-07-22 03:52:00] Main Gym Fitness Gym: 0% (Closed) people=0 capacity=72 is_open=False hour_summary=closed
[2026-07-22 03:52:00] Outback Climbing Center: 3% (Closed) people=1 capacity=30 is_open=False hour_summary=Closed until 2:00pm
[2026-07-22 03:52:00] RIMAC Fitness Gym: 0% (Closed) people=0 capacity=150 is_open=False hour_summary=Closed until 6:00am
[2026-07-22 03:52:00] Triton Esports Center: 0% (Closed) people=0 capacity=35 is_open=False hour_summary=closed
[2026-07-22 03:52:00] === SCRAPE END OK ===
[2026-07-22 04:00:02] === SCRAPE START ===
[2026-07-22 04:00:02] Fetching https://waitz.io/live/ucsd-rec
[2026-07-22 04:00:03] Saved 4 rows to ucsd_occupancy_history.csv
[2026-07-22 04:00:03] Main Gym Fitness Gym: 0% (Closed) people=0 capacity=72 is_open=False hour_summary=closed
[2026-07-22 04:00:03] Outback Climbing Center: 0% (Closed) people=0 capacity=30 is_open=False hour_summary=Closed until 2:00pm
[2026-07-22 04:00:03] RIMAC Fitness Gym: 0% (Closed) people=0 capacity=150 is_open=False hour_summary=Closed until 6:00am
[2026-07-22 04:00:03] Triton Esports Center: 0% (Closed) people=0 capacity=35 is_open=False hour_summary=closed
[2026-07-22 04:00:03] === SCRAPE END OK ===
[2026-07-22 04:07:00] === SCRAPE START ===
[2026-07-22 04:07:00] Fetching https://waitz.io/live/ucsd-rec
[2026-07-22 04:07:00] Saved 4 rows to ucsd_occupancy_history.csv
[2026-07-22 04:07:00] Main Gym Fitness Gym: 0% (Closed) people=0 capacity=72 is_open=False hour_summary=closed
[2026-07-22 04:07:00] Outback Climbing Center: 3% (Closed) people=1 capacity=30 is_open=False hour_summary=Closed until 2:00pm
[2026-07-22 04:07:00] RIMAC Fitness Gym: 0% (Closed) people=0 capacity=150 is_open=False hour_summary=Closed until 6:00am
[2026-07-22 04:07:00] Triton Esports Center: 0% (Closed) people=0 capacity=35 is_open=False hour_summary=closed
[2026-07-22 04:07:00] === SCRAPE END OK ===
[2026-07-22 04:15:02] === SCRAPE START ===
[2026-07-22 04:15:02] Fetching https://waitz.io/live/ucsd-rec
[2026-07-22 04:15:03] Saved 4 rows to ucsd_occupancy_history.csv
[2026-07-22 04:15:03] Main Gym Fitness Gym: 0% (Closed) people=0 capacity=72 is_open=False hour_summary=closed
[2026-07-22 04:15:03] Outback Climbing Center: 0% (Closed) people=0 capacity=30 is_open=False hour_summary=Closed until 2:00pm
[2026-07-22 04:15:03] RIMAC Fitness Gym: 0% (Closed) people=0 capacity=150 is_open=False hour_summary=Closed until 6:00am
[2026-07-22 04:15:03] Triton Esports Center: 0% (Closed) people=0 capacity=35 is_open=False hour_summary=closed
[2026-07-22 04:15:03] === SCRAPE END OK ===
[2026-07-22 04:22:00] === SCRAPE START ===
[2026-07-22 04:22:00] Fetching https://waitz.io/live/ucsd-rec
[2026-07-22 04:22:01] Saved 4 rows to ucsd_occupancy_history.csv
[2026-07-22 04:22:01] Main Gym Fitness Gym: 0% (Closed) people=0 capacity=72 is_open=False hour_summary=closed
[2026-07-22 04:22:01] Outback Climbing Center: 3% (Closed) people=1 capacity=30 is_open=False hour_summary=Closed until 2:00pm
[2026-07-22 04:22:01] RIMAC Fitness Gym: 0% (Closed) people=0 capacity=150 is_open=False hour_summary=Closed until 6:00am
[2026-07-22 04:22:01] Triton Esports Center: 0% (Closed) people=0 capacity=35 is_open=False hour_summary=closed
[2026-07-22 04:22:01] === SCRAPE END OK ===
[2026-07-22 04:30:02] === SCRAPE START ===
[2026-07-22 04:30:02] Fetching https://waitz.io/live/ucsd-rec
[2026-07-22 04:30:05] Saved 4 rows to ucsd_occupancy_history.csv
[2026-07-22 04:30:05] Main Gym Fitness Gym: 0% (Closed) people=0 capacity=72 is_open=False hour_summary=closed
[2026-07-22 04:30:05] Outback Climbing Center: 0% (Closed) people=0 capacity=30 is_open=False hour_summary=Closed until 2:00pm
[2026-07-22 04:30:05] RIMAC Fitness Gym: 0% (Closed) people=0 capacity=150 is_open=False hour_summary=Closed until 6:00am
[2026-07-22 04:30:05] Triton Esports Center: 0% (Closed) people=0 capacity=35 is_open=False hour_summary=closed
[2026-07-22 04:30:05] === SCRAPE END OK ===
[2026-07-22 04:37:00] === SCRAPE START ===
[2026-07-22 04:37:00] Fetching https://waitz.io/live/ucsd-rec
[2026-07-22 04:37:01] Saved 4 rows to ucsd_occupancy_history.csv
[2026-07-22 04:37:01] Main Gym Fitness Gym: 0% (Closed) people=0 capacity=72 is_open=False hour_summary=closed
[2026-07-22 04:37:01] Outback Climbing Center: 0% (Closed) people=0 capacity=30 is_open=False hour_summary=Closed until 2:00pm
[2026-07-22 04:37:01] RIMAC Fitness Gym: 0% (Closed) people=0 capacity=150 is_open=False hour_summary=Closed until 6:00am
[2026-07-22 04:37:01] Triton Esports Center: 0% (Closed) people=0 capacity=35 is_open=False hour_summary=closed
[2026-07-22 04:37:01] === SCRAPE END OK ===
[2026-07-22 04:45:02] === SCRAPE START ===
[2026-07-22 04:45:02] Fetching https://waitz.io/live/ucsd-rec
[2026-07-22 04:45:03] Saved 4 rows to ucsd_occupancy_history.csv
[2026-07-22 04:45:03] Main Gym Fitness Gym: 0% (Closed) people=0 capacity=72 is_open=False hour_summary=closed
[2026-07-22 04:45:03] Outback Climbing Center: 3% (Closed) people=1 capacity=30 is_open=False hour_summary=Closed until 2:00pm
[2026-07-22 04:45:03] RIMAC Fitness Gym: 0% (Closed) people=0 capacity=150 is_open=False hour_summary=Closed until 6:00am
[2026-07-22 04:45:03] Triton Esports Center: 0% (Closed) people=0 capacity=35 is_open=False hour_summary=closed
[2026-07-22 04:45:03] === SCRAPE END OK ===
[2026-07-22 04:52:00] === SCRAPE START ===
[2026-07-22 04:52:00] Fetching https://waitz.io/live/ucsd-rec
[2026-07-22 04:52:01] Saved 4 rows to ucsd_occupancy_history.csv
[2026-07-22 04:52:01] Main Gym Fitness Gym: 0% (Closed) people=0 capacity=72 is_open=False hour_summary=closed
[2026-07-22 04:52:01] Outback Climbing Center: 3% (Closed) people=1 capacity=30 is_open=False hour_summary=Closed until 2:00pm
[2026-07-22 04:52:01] RIMAC Fitness Gym: 0% (Closed) people=0 capacity=150 is_open=False hour_summary=Closed until 6:00am
[2026-07-22 04:52:01] Triton Esports Center: 0% (Closed) people=0 capacity=35 is_open=False hour_summary=closed
[2026-07-22 04:52:01] === SCRAPE END OK ===
[2026-07-22 05:00:02] === SCRAPE START ===
[2026-07-22 05:00:02] Fetching https://waitz.io/live/ucsd-rec
[2026-07-22 05:00:03] Saved 4 rows to ucsd_occupancy_history.csv
[2026-07-22 05:00:03] Main Gym Fitness Gym: 0% (Closed) people=0 capacity=72 is_open=False hour_summary=closed
[2026-07-22 05:00:03] Outback Climbing Center: 0% (Closed) people=0 capacity=30 is_open=False hour_summary=Closed until 2:00pm
[2026-07-22 05:00:04] RIMAC Fitness Gym: 0% (Closed) people=0 capacity=150 is_open=False hour_summary=Closed until 6:00am
[2026-07-22 05:00:04] Triton Esports Center: 0% (Closed) people=0 capacity=35 is_open=False hour_summary=closed
[2026-07-22 05:00:04] === SCRAPE END OK ===
[2026-07-22 05:07:00] === SCRAPE START ===
[2026-07-22 05:07:00] Fetching https://waitz.io/live/ucsd-rec
[2026-07-22 05:07:00] Saved 4 rows to ucsd_occupancy_history.csv
[2026-07-22 05:07:00] Main Gym Fitness Gym: 0% (Closed) people=0 capacity=72 is_open=False hour_summary=closed
[2026-07-22 05:07:00] Outback Climbing Center: 3% (Closed) people=1 capacity=30 is_open=False hour_summary=Closed until 2:00pm
[2026-07-22 05:07:00] RIMAC Fitness Gym: 1% (Closed) people=2 capacity=150 is_open=False hour_summary=Closed until 6:00am
[2026-07-22 05:07:00] Triton Esports Center: 0% (Closed) people=0 capacity=35 is_open=False hour_summary=closed
[2026-07-22 05:07:00] === SCRAPE END OK ===
