[2026-10-03 00:00:01] === SCRAPE START ===
[2026-10-03 00:00:01] Fetching https://waitz.io/live/ucsd-rec
[2026-10-03 00:00:03] Saved 4 rows to ucsd_occupancy_history.csv
[2026-10-03 00:00:03] Main Gym Fitness Gym: 1% (Closed) people=1 capacity=72 is_open=False hour_summary=Closed until 8:00am
[2026-10-03 00:00:03] Outback Climbing Center: 17% (Closed) people=5 capacity=30 is_open=False hour_summary=Closed until 2:00pm
[2026-10-03 00:00:03] RIMAC Fitness Gym: 0% (Closed) people=0 capacity=65 is_open=False hour_summary=Closed until 8:00am
[2026-10-03 00:00:03] Triton Esports Center: 0% (Closed) people=0 capacity=35 is_open=False hour_summary=closed
[2026-10-03 00:00:03] === SCRAPE END OK ===
[2026-10-03 00:15:02] === SCRAPE START ===
[2026-10-03 00:15:02] Fetching https://waitz.io/live/ucsd-rec
[2026-10-03 00:15:03] Saved 4 rows to ucsd_occupancy_history.csv
[2026-10-03 00:15:03] Main Gym Fitness Gym: 1% (Closed) people=1 capacity=72 is_open=False hour_summary=Closed until 8:00am
[2026-10-03 00:15:03] Outback Climbing Center: 20% (Closed) people=6 capacity=30 is_open=False hour_summary=Closed until 2:00pm
[2026-10-03 00:15:03] RIMAC Fitness Gym: 0% (Closed) people=0 capacity=65 is_open=False hour_summary=Closed until 8:00am
[2026-10-03 00:15:03] Triton Esports Center: 0% (Closed) people=0 capacity=35 is_open=False hour_summary=closed
[2026-10-03 00:15:03] === SCRAPE END OK ===
[2026-10-03 10:01:37] === SCRAPE START ===
[2026-10-03 10:01:37] Fetching https://waitz.io/live/ucsd-rec
[2026-10-03 10:01:37] HTTP ERROR: HTTPSConnectionPool(host='waitz.io', port=443): Max retries exceeded with url: /live/ucsd-rec (Caused by NameResolutionError("HTTPSConnection(host='waitz.io', port=443): Failed to resolve 'waitz.io' ([Errno 11001] getaddrinfo failed)"))
[2026-10-03 10:15:03] === SCRAPE START ===
[2026-10-03 10:15:03] Fetching https://waitz.io/live/ucsd-rec
[2026-10-03 10:15:04] Saved 4 rows to ucsd_occupancy_history.csv
[2026-10-03 10:15:04] Main Gym Fitness Gym: 24% (Not Busy) people=17 capacity=72 is_open=True hour_summary=open
[2026-10-03 10:15:04] Outback Climbing Center: 27% (Closed) people=8 capacity=30 is_open=False hour_summary=Closed until 2:00pm
[2026-10-03 10:15:04] RIMAC Fitness Gym: 86% (Very Active) people=56 capacity=65 is_open=True hour_summary=open
[2026-10-03 10:15:04] Triton Esports Center: 0% (Closed) people=0 capacity=35 is_open=False hour_summary=closed
[2026-10-03 10:15:04] === SCRAPE END OK ===
[2026-10-03 10:30:02] === SCRAPE START ===
[2026-10-03 10:30:02] Fetching https://waitz.io/live/ucsd-rec
[2026-10-03 10:30:04] Saved 4 rows to ucsd_occupancy_history.csv
[2026-10-03 10:30:04] Main Gym Fitness Gym: 35% (Not Busy) people=25 capacity=72 is_open=True hour_summary=open
[2026-10-03 10:30:04] Outback Climbing Center: 30% (Closed) people=9 capacity=30 is_open=False hour_summary=Closed until 2:00pm
[2026-10-03 10:30:04] RIMAC Fitness Gym: 69% (Busy) people=45 capacity=65 is_open=True hour_summary=open
[2026-10-03 10:30:04] Triton Esports Center: 0% (Closed) people=0 capacity=35 is_open=False hour_summary=closed
[2026-10-03 10:30:04] === SCRAPE END OK ===
[2026-10-03 10:45:02] === SCRAPE START ===
[2026-10-03 10:45:02] Fetching https://waitz.io/live/ucsd-rec
[2026-10-03 10:45:03] Saved 4 rows to ucsd_occupancy_history.csv
[2026-10-03 10:45:03] Main Gym Fitness Gym: 17% (Not Busy) people=12 capacity=72 is_open=True hour_summary=open
[2026-10-03 10:45:03] Outback Climbing Center: 33% (Closed) people=10 capacity=30 is_open=False hour_summary=Closed until 2:00pm
[2026-10-03 10:45:03] RIMAC Fitness Gym: 95% (Very Active) people=62 capacity=65 is_open=True hour_summary=open
[2026-10-03 10:45:03] Triton Esports Center: 0% (Closed) people=0 capacity=35 is_open=False hour_summary=closed
[2026-10-03 10:45:03] === SCRAPE END OK ===
[2026-10-03 11:00:02] === SCRAPE START ===
[2026-10-03 11:00:02] Fetching https://waitz.io/live/ucsd-rec
[2026-10-03 11:00:04] Saved 4 rows to ucsd_occupancy_history.csv
[2026-10-03 11:00:04] Main Gym Fitness Gym: 25% (Not Busy) people=18 capacity=72 is_open=True hour_summary=open
[2026-10-03 11:00:04] Outback Climbing Center: 47% (Closed) people=14 capacity=30 is_open=False hour_summary=Closed until 2:00pm
[2026-10-03 11:00:04] RIMAC Fitness Gym: 99% (Very Active) people=64 capacity=65 is_open=True hour_summary=open
[2026-10-03 11:00:04] Triton Esports Center: 0% (Closed) people=0 capacity=35 is_open=False hour_summary=closed
[2026-10-03 11:00:04] === SCRAPE END OK ===
[2026-10-03 11:15:02] === SCRAPE START ===
[2026-10-03 11:15:02] Fetching https://waitz.io/live/ucsd-rec
[2026-10-03 11:15:03] Saved 4 rows to ucsd_occupancy_history.csv
[2026-10-03 11:15:03] Main Gym Fitness Gym: 99% (Very Active) people=71 capacity=72 is_open=True hour_summary=open
[2026-10-03 11:15:03] Outback Climbing Center: 99% (Closed) people=30 capacity=30 is_open=False hour_summary=Closed until 2:00pm
[2026-10-03 11:15:03] RIMAC Fitness Gym: 99% (Very Active) people=64 capacity=65 is_open=True hour_summary=open
[2026-10-03 11:15:03] Triton Esports Center: 0% (Closed) people=0 capacity=35 is_open=False hour_summary=closed
[2026-10-03 11:15:03] === SCRAPE END OK ===
