[2026-10-04 00:00:01] === SCRAPE START ===
[2026-10-04 00:00:01] Fetching https://waitz.io/live/ucsd-rec
[2026-10-04 00:00:03] Saved 4 rows to ucsd_occupancy_history.csv
[2026-10-04 00:00:03] Main Gym Fitness Gym: 10% (Closed) people=7 capacity=72 is_open=False hour_summary=Closed until 8:00am
[2026-10-04 00:00:03] Outback Climbing Center: 0% (Closed) people=0 capacity=30 is_open=False hour_summary=Closed until 2:00pm
[2026-10-04 00:00:03] RIMAC Fitness Gym: 0% (Closed) people=0 capacity=65 is_open=False hour_summary=Closed until 8:00am
[2026-10-04 00:00:03] Triton Esports Center: 0% (Closed) people=0 capacity=35 is_open=False hour_summary=closed
[2026-10-04 00:00:03] === SCRAPE END OK ===
[2026-10-04 00:15:02] === SCRAPE START ===
[2026-10-04 00:15:02] Fetching https://waitz.io/live/ucsd-rec
[2026-10-04 00:15:03] Saved 4 rows to ucsd_occupancy_history.csv
[2026-10-04 00:15:03] Main Gym Fitness Gym: 0% (Closed) people=0 capacity=72 is_open=False hour_summary=Closed until 8:00am
[2026-10-04 00:15:03] Outback Climbing Center: 0% (Closed) people=0 capacity=30 is_open=False hour_summary=Closed until 2:00pm
[2026-10-04 00:15:03] RIMAC Fitness Gym: 0% (Closed) people=0 capacity=65 is_open=False hour_summary=Closed until 8:00am
[2026-10-04 00:15:03] Triton Esports Center: 0% (Closed) people=0 capacity=35 is_open=False hour_summary=closed
[2026-10-04 00:15:03] === SCRAPE END OK ===
[2026-10-04 00:30:02] === SCRAPE START ===
[2026-10-04 00:30:02] Fetching https://waitz.io/live/ucsd-rec
[2026-10-04 00:30:03] Saved 4 rows to ucsd_occupancy_history.csv
[2026-10-04 00:30:03] Main Gym Fitness Gym: 10% (Closed) people=7 capacity=72 is_open=False hour_summary=Closed until 8:00am
[2026-10-04 00:30:03] Outback Climbing Center: 0% (Closed) people=0 capacity=30 is_open=False hour_summary=Closed until 2:00pm
[2026-10-04 00:30:03] RIMAC Fitness Gym: 0% (Closed) people=0 capacity=65 is_open=False hour_summary=Closed until 8:00am
[2026-10-04 00:30:03] Triton Esports Center: 0% (Closed) people=0 capacity=35 is_open=False hour_summary=closed
[2026-10-04 00:30:03] === SCRAPE END OK ===
[2026-10-04 11:17:34] === SCRAPE START ===
[2026-10-04 11:17:34] Fetching https://waitz.io/live/ucsd-rec
[2026-10-04 11:17:34] HTTP ERROR: HTTPSConnectionPool(host='waitz.io', port=443): Max retries exceeded with url: /live/ucsd-rec (Caused by NameResolutionError("HTTPSConnection(host='waitz.io', port=443): Failed to resolve 'waitz.io' ([Errno 11001] getaddrinfo failed)"))
[2026-10-04 11:30:03] === SCRAPE START ===
[2026-10-04 11:30:03] Fetching https://waitz.io/live/ucsd-rec
[2026-10-04 11:30:04] Saved 4 rows to ucsd_occupancy_history.csv
[2026-10-04 11:30:04] Main Gym Fitness Gym: 86% (Very Active) people=62 capacity=72 is_open=True hour_summary=open
[2026-10-04 11:30:04] Outback Climbing Center: 0% (Closed) people=0 capacity=30 is_open=False hour_summary=Closed until 2:00pm
[2026-10-04 11:30:04] RIMAC Fitness Gym: 99% (Very Active) people=64 capacity=65 is_open=True hour_summary=open
[2026-10-04 11:30:04] Triton Esports Center: 0% (Closed) people=0 capacity=35 is_open=False hour_summary=closed
[2026-10-04 11:30:04] === SCRAPE END OK ===
[2026-10-04 11:45:02] === SCRAPE START ===
[2026-10-04 11:45:02] Fetching https://waitz.io/live/ucsd-rec
[2026-10-04 11:45:03] Saved 4 rows to ucsd_occupancy_history.csv
[2026-10-04 11:45:03] Main Gym Fitness Gym: 83% (Very Active) people=60 capacity=72 is_open=True hour_summary=open
[2026-10-04 11:45:03] Outback Climbing Center: 0% (Closed) people=0 capacity=30 is_open=False hour_summary=Closed until 2:00pm
[2026-10-04 11:45:03] RIMAC Fitness Gym: 74% (Busy) people=48 capacity=65 is_open=True hour_summary=open
[2026-10-04 11:45:03] Triton Esports Center: 0% (Closed) people=0 capacity=35 is_open=False hour_summary=closed
[2026-10-04 11:45:03] === SCRAPE END OK ===
[2026-10-04 12:00:02] === SCRAPE START ===
[2026-10-04 12:00:02] Fetching https://waitz.io/live/ucsd-rec
[2026-10-04 12:00:04] Saved 4 rows to ucsd_occupancy_history.csv
[2026-10-04 12:00:04] Main Gym Fitness Gym: 75% (Busy) people=54 capacity=72 is_open=True hour_summary=open
[2026-10-04 12:00:04] Outback Climbing Center: 0% (Closed) people=0 capacity=30 is_open=False hour_summary=Closed until 2:00pm
[2026-10-04 12:00:04] RIMAC Fitness Gym: 63% (Busy) people=41 capacity=65 is_open=True hour_summary=open
[2026-10-04 12:00:04] Triton Esports Center: 0% (Closed) people=0 capacity=35 is_open=False hour_summary=closed
[2026-10-04 12:00:04] === SCRAPE END OK ===
[2026-10-04 12:15:02] === SCRAPE START ===
[2026-10-04 12:15:02] Fetching https://waitz.io/live/ucsd-rec
[2026-10-04 12:15:03] Saved 4 rows to ucsd_occupancy_history.csv
[2026-10-04 12:15:03] Main Gym Fitness Gym: 0% (Data Unavailable) people=0 capacity=72 is_open=True hour_summary=open
[2026-10-04 12:15:03] Outback Climbing Center: 0% (Closed) people=0 capacity=30 is_open=False hour_summary=Closed until 2:00pm
[2026-10-04 12:15:03] RIMAC Fitness Gym: 69% (Busy) people=45 capacity=65 is_open=True hour_summary=open
[2026-10-04 12:15:03] Triton Esports Center: 3% (Closed) people=1 capacity=35 is_open=False hour_summary=closed
[2026-10-04 12:15:03] === SCRAPE END OK ===
