[2026-09-11 00:00:01] === SCRAPE START ===
[2026-09-11 00:00:01] Fetching https://waitz.io/live/ucsd-rec
[2026-09-11 00:00:03] Saved 4 rows to ucsd_occupancy_history.csv
[2026-09-11 00:00:03] Main Gym Fitness Gym: 0% (Closed) people=0 capacity=72 is_open=False hour_summary=Closed until 6:00am
[2026-09-11 00:00:03] Outback Climbing Center: 3% (Closed) people=1 capacity=30 is_open=False hour_summary=Closed until 2:00pm
[2026-09-11 00:00:03] RIMAC Fitness Gym: 0% (Closed) people=0 capacity=65 is_open=False hour_summary=Closed until 6:00am
[2026-09-11 00:00:03] Triton Esports Center: 0% (Closed) people=0 capacity=35 is_open=False hour_summary=closed
[2026-09-11 00:00:03] === SCRAPE END OK ===
[2026-09-11 00:15:02] === SCRAPE START ===
[2026-09-11 00:15:02] Fetching https://waitz.io/live/ucsd-rec
[2026-09-11 00:15:03] Saved 4 rows to ucsd_occupancy_history.csv
[2026-09-11 00:15:03] Main Gym Fitness Gym: 0% (Closed) people=0 capacity=72 is_open=False hour_summary=Closed until 6:00am
[2026-09-11 00:15:03] Outback Climbing Center: 3% (Closed) people=1 capacity=30 is_open=False hour_summary=Closed until 2:00pm
[2026-09-11 00:15:03] RIMAC Fitness Gym: 0% (Closed) people=0 capacity=65 is_open=False hour_summary=Closed until 6:00am
[2026-09-11 00:15:03] Triton Esports Center: 0% (Closed) people=0 capacity=35 is_open=False hour_summary=closed
[2026-09-11 00:15:03] === SCRAPE END OK ===
[2026-09-11 00:30:02] === SCRAPE START ===
[2026-09-11 00:30:02] Fetching https://waitz.io/live/ucsd-rec
[2026-09-11 00:30:03] Saved 4 rows to ucsd_occupancy_history.csv
[2026-09-11 00:30:03] Main Gym Fitness Gym: 0% (Closed) people=0 capacity=72 is_open=False hour_summary=Closed until 6:00am
[2026-09-11 00:30:03] Outback Climbing Center: 3% (Closed) people=1 capacity=30 is_open=False hour_summary=Closed until 2:00pm
[2026-09-11 00:30:03] RIMAC Fitness Gym: 0% (Closed) people=0 capacity=65 is_open=False hour_summary=Closed until 6:00am
[2026-09-11 00:30:03] Triton Esports Center: 0% (Closed) people=0 capacity=35 is_open=False hour_summary=closed
[2026-09-11 00:30:03] === SCRAPE END OK ===
[2026-09-11 00:45:02] === SCRAPE START ===
[2026-09-11 00:45:02] Fetching https://waitz.io/live/ucsd-rec
[2026-09-11 00:45:03] Saved 4 rows to ucsd_occupancy_history.csv
[2026-09-11 00:45:03] Main Gym Fitness Gym: 0% (Closed) people=0 capacity=72 is_open=False hour_summary=Closed until 6:00am
[2026-09-11 00:45:03] Outback Climbing Center: 7% (Closed) people=2 capacity=30 is_open=False hour_summary=Closed until 2:00pm
[2026-09-11 00:45:03] RIMAC Fitness Gym: 0% (Closed) people=0 capacity=65 is_open=False hour_summary=Closed until 6:00am
[2026-09-11 00:45:03] Triton Esports Center: 0% (Closed) people=0 capacity=35 is_open=False hour_summary=closed
[2026-09-11 00:45:03] === SCRAPE END OK ===
[2026-09-11 01:00:02] === SCRAPE START ===
[2026-09-11 01:00:02] Fetching https://waitz.io/live/ucsd-rec
[2026-09-11 01:00:04] Saved 4 rows to ucsd_occupancy_history.csv
[2026-09-11 01:00:04] Main Gym Fitness Gym: 0% (Closed) people=0 capacity=72 is_open=False hour_summary=Closed until 6:00am
[2026-09-11 01:00:04] Outback Climbing Center: 7% (Closed) people=2 capacity=30 is_open=False hour_summary=Closed until 2:00pm
[2026-09-11 01:00:04] RIMAC Fitness Gym: 0% (Closed) people=0 capacity=65 is_open=False hour_summary=Closed until 6:00am
[2026-09-11 01:00:04] Triton Esports Center: 0% (Closed) people=0 capacity=35 is_open=False hour_summary=closed
[2026-09-11 01:00:04] === SCRAPE END OK ===
[2026-09-11 01:15:02] === SCRAPE START ===
[2026-09-11 01:15:02] Fetching https://waitz.io/live/ucsd-rec
[2026-09-11 01:15:03] Saved 4 rows to ucsd_occupancy_history.csv
[2026-09-11 01:15:03] Main Gym Fitness Gym: 0% (Closed) people=0 capacity=72 is_open=False hour_summary=Closed until 6:00am
[2026-09-11 01:15:03] Outback Climbing Center: 10% (Closed) people=3 capacity=30 is_open=False hour_summary=Closed until 2:00pm
[2026-09-11 01:15:03] RIMAC Fitness Gym: 0% (Closed) people=0 capacity=65 is_open=False hour_summary=Closed until 6:00am
[2026-09-11 01:15:03] Triton Esports Center: 0% (Closed) people=0 capacity=35 is_open=False hour_summary=closed
[2026-09-11 01:15:03] === SCRAPE END OK ===
[2026-09-11 01:30:02] === SCRAPE START ===
[2026-09-11 01:30:02] Fetching https://waitz.io/live/ucsd-rec
[2026-09-11 01:30:03] Saved 4 rows to ucsd_occupancy_history.csv
[2026-09-11 01:30:03] Main Gym Fitness Gym: 0% (Closed) people=0 capacity=72 is_open=False hour_summary=Closed until 6:00am
[2026-09-11 01:30:03] Outback Climbing Center: 7% (Closed) people=2 capacity=30 is_open=False hour_summary=Closed until 2:00pm
[2026-09-11 01:30:03] RIMAC Fitness Gym: 0% (Closed) people=0 capacity=65 is_open=False hour_summary=Closed until 6:00am
[2026-09-11 01:30:03] Triton Esports Center: 0% (Closed) people=0 capacity=35 is_open=False hour_summary=closed
[2026-09-11 01:30:03] === SCRAPE END OK ===
[2026-09-11 01:45:02] === SCRAPE START ===
[2026-09-11 01:45:02] Fetching https://waitz.io/live/ucsd-rec
[2026-09-11 01:45:03] Saved 4 rows to ucsd_occupancy_history.csv
[2026-09-11 01:45:03] Main Gym Fitness Gym: 0% (Closed) people=0 capacity=72 is_open=False hour_summary=Closed until 6:00am
[2026-09-11 01:45:03] Outback Climbing Center: 3% (Closed) people=1 capacity=30 is_open=False hour_summary=Closed until 2:00pm
[2026-09-11 01:45:03] RIMAC Fitness Gym: 0% (Closed) people=0 capacity=65 is_open=False hour_summary=Closed until 6:00am
[2026-09-11 01:45:03] Triton Esports Center: 0% (Closed) people=0 capacity=35 is_open=False hour_summary=closed
[2026-09-11 01:45:03] === SCRAPE END OK ===
[2026-09-11 02:00:02] === SCRAPE START ===
[2026-09-11 02:00:02] Fetching https://waitz.io/live/ucsd-rec
[2026-09-11 02:00:04] Saved 4 rows to ucsd_occupancy_history.csv
[2026-09-11 02:00:04] Main Gym Fitness Gym: 0% (Closed) people=0 capacity=72 is_open=False hour_summary=Closed until 6:00am
[2026-09-11 02:00:04] Outback Climbing Center: 7% (Closed) people=2 capacity=30 is_open=False hour_summary=Closed until 2:00pm
[2026-09-11 02:00:04] RIMAC Fitness Gym: 0% (Closed) people=0 capacity=65 is_open=False hour_summary=Closed until 6:00am
[2026-09-11 02:00:04] Triton Esports Center: 0% (Closed) people=0 capacity=35 is_open=False hour_summary=closed
[2026-09-11 02:00:04] === SCRAPE END OK ===
[2026-09-11 02:15:02] === SCRAPE START ===
[2026-09-11 02:15:02] Fetching https://waitz.io/live/ucsd-rec
[2026-09-11 02:15:03] Saved 4 rows to ucsd_occupancy_history.csv
[2026-09-11 02:15:03] Main Gym Fitness Gym: 0% (Closed) people=0 capacity=72 is_open=False hour_summary=Closed until 6:00am
[2026-09-11 02:15:03] Outback Climbing Center: 7% (Closed) people=2 capacity=30 is_open=False hour_summary=Closed until 2:00pm
[2026-09-11 02:15:03] RIMAC Fitness Gym: 0% (Closed) people=0 capacity=65 is_open=False hour_summary=Closed until 6:00am
[2026-09-11 02:15:03] Triton Esports Center: 0% (Closed) people=0 capacity=35 is_open=False hour_summary=closed
[2026-09-11 02:15:03] === SCRAPE END OK ===
[2026-09-11 02:30:02] === SCRAPE START ===
[2026-09-11 02:30:02] Fetching https://waitz.io/live/ucsd-rec
[2026-09-11 02:30:04] Saved 4 rows to ucsd_occupancy_history.csv
[2026-09-11 02:30:04] Main Gym Fitness Gym: 0% (Closed) people=0 capacity=72 is_open=False hour_summary=Closed until 6:00am
[2026-09-11 02:30:04] Outback Climbing Center: 7% (Closed) people=2 capacity=30 is_open=False hour_summary=Closed until 2:00pm
[2026-09-11 02:30:04] RIMAC Fitness Gym: 0% (Closed) people=0 capacity=65 is_open=False hour_summary=Closed until 6:00am
[2026-09-11 02:30:04] Triton Esports Center: 0% (Closed) people=0 capacity=35 is_open=False hour_summary=closed
[2026-09-11 02:30:04] === SCRAPE END OK ===
[2026-09-11 02:45:02] === SCRAPE START ===
[2026-09-11 02:45:02] Fetching https://waitz.io/live/ucsd-rec
[2026-09-11 02:45:03] Saved 4 rows to ucsd_occupancy_history.csv
[2026-09-11 02:45:03] Main Gym Fitness Gym: 0% (Closed) people=0 capacity=72 is_open=False hour_summary=Closed until 6:00am
[2026-09-11 02:45:03] Outback Climbing Center: 7% (Closed) people=2 capacity=30 is_open=False hour_summary=Closed until 2:00pm
[2026-09-11 02:45:03] RIMAC Fitness Gym: 0% (Closed) people=0 capacity=65 is_open=False hour_summary=Closed until 6:00am
[2026-09-11 02:45:03] Triton Esports Center: 0% (Closed) people=0 capacity=35 is_open=False hour_summary=closed
[2026-09-11 02:45:03] === SCRAPE END OK ===
[2026-09-11 03:00:02] === SCRAPE START ===
[2026-09-11 03:00:02] Fetching https://waitz.io/live/ucsd-rec
[2026-09-11 03:00:04] Saved 4 rows to ucsd_occupancy_history.csv
[2026-09-11 03:00:04] Main Gym Fitness Gym: 0% (Closed) people=0 capacity=72 is_open=False hour_summary=Closed until 6:00am
[2026-09-11 03:00:04] Outback Climbing Center: 7% (Closed) people=2 capacity=30 is_open=False hour_summary=Closed until 2:00pm
[2026-09-11 03:00:04] RIMAC Fitness Gym: 0% (Closed) people=0 capacity=65 is_open=False hour_summary=Closed until 6:00am
[2026-09-11 03:00:04] Triton Esports Center: 0% (Closed) people=0 capacity=35 is_open=False hour_summary=closed
[2026-09-11 03:00:04] === SCRAPE END OK ===
[2026-09-11 03:15:02] === SCRAPE START ===
[2026-09-11 03:15:02] Fetching https://waitz.io/live/ucsd-rec
[2026-09-11 03:15:04] Saved 4 rows to ucsd_occupancy_history.csv
[2026-09-11 03:15:04] Main Gym Fitness Gym: 1% (Closed) people=1 capacity=72 is_open=False hour_summary=Closed until 6:00am
[2026-09-11 03:15:04] Outback Climbing Center: 3% (Closed) people=1 capacity=30 is_open=False hour_summary=Closed until 2:00pm
[2026-09-11 03:15:04] RIMAC Fitness Gym: 0% (Closed) people=0 capacity=65 is_open=False hour_summary=Closed until 6:00am
[2026-09-11 03:15:04] Triton Esports Center: 0% (Closed) people=0 capacity=35 is_open=False hour_summary=closed
[2026-09-11 03:15:04] === SCRAPE END OK ===
[2026-09-11 03:30:02] === SCRAPE START ===
[2026-09-11 03:30:02] Fetching https://waitz.io/live/ucsd-rec
[2026-09-11 03:30:03] Saved 4 rows to ucsd_occupancy_history.csv
[2026-09-11 03:30:03] Main Gym Fitness Gym: 0% (Closed) people=0 capacity=72 is_open=False hour_summary=Closed until 6:00am
[2026-09-11 03:30:03] Outback Climbing Center: 3% (Closed) people=1 capacity=30 is_open=False hour_summary=Closed until 2:00pm
[2026-09-11 03:30:03] RIMAC Fitness Gym: 0% (Closed) people=0 capacity=65 is_open=False hour_summary=Closed until 6:00am
[2026-09-11 03:30:03] Triton Esports Center: 0% (Closed) people=0 capacity=35 is_open=False hour_summary=closed
[2026-09-11 03:30:03] === SCRAPE END OK ===
[2026-09-11 03:45:02] === SCRAPE START ===
[2026-09-11 03:45:02] Fetching https://waitz.io/live/ucsd-rec
[2026-09-11 03:45:03] Saved 4 rows to ucsd_occupancy_history.csv
[2026-09-11 03:45:03] Main Gym Fitness Gym: 0% (Closed) people=0 capacity=72 is_open=False hour_summary=Closed until 6:00am
[2026-09-11 03:45:03] Outback Climbing Center: 10% (Closed) people=3 capacity=30 is_open=False hour_summary=Closed until 2:00pm
[2026-09-11 03:45:03] RIMAC Fitness Gym: 0% (Closed) people=0 capacity=65 is_open=False hour_summary=Closed until 6:00am
[2026-09-11 03:45:03] Triton Esports Center: 0% (Closed) people=0 capacity=35 is_open=False hour_summary=closed
[2026-09-11 03:45:03] === SCRAPE END OK ===
[2026-09-11 04:00:02] === SCRAPE START ===
[2026-09-11 04:00:02] Fetching https://waitz.io/live/ucsd-rec
[2026-09-11 04:00:04] Saved 4 rows to ucsd_occupancy_history.csv
[2026-09-11 04:00:04] Main Gym Fitness Gym: 0% (Closed) people=0 capacity=72 is_open=False hour_summary=Closed until 6:00am
[2026-09-11 04:00:04] Outback Climbing Center: 3% (Closed) people=1 capacity=30 is_open=False hour_summary=Closed until 2:00pm
[2026-09-11 04:00:04] RIMAC Fitness Gym: 0% (Closed) people=0 capacity=65 is_open=False hour_summary=Closed until 6:00am
[2026-09-11 04:00:04] Triton Esports Center: 0% (Closed) people=0 capacity=35 is_open=False hour_summary=closed
[2026-09-11 04:00:04] === SCRAPE END OK ===
[2026-09-11 04:15:02] === SCRAPE START ===
[2026-09-11 04:15:02] Fetching https://waitz.io/live/ucsd-rec
[2026-09-11 04:15:03] Saved 4 rows to ucsd_occupancy_history.csv
[2026-09-11 04:15:03] Main Gym Fitness Gym: 0% (Closed) people=0 capacity=72 is_open=False hour_summary=Closed until 6:00am
[2026-09-11 04:15:03] Outback Climbing Center: 3% (Closed) people=1 capacity=30 is_open=False hour_summary=Closed until 2:00pm
[2026-09-11 04:15:03] RIMAC Fitness Gym: 0% (Closed) people=0 capacity=65 is_open=False hour_summary=Closed until 6:00am
[2026-09-11 04:15:03] Triton Esports Center: 0% (Closed) people=0 capacity=35 is_open=False hour_summary=closed
[2026-09-11 04:15:03] === SCRAPE END OK ===
[2026-09-11 04:30:02] === SCRAPE START ===
[2026-09-11 04:30:02] Fetching https://waitz.io/live/ucsd-rec
[2026-09-11 04:30:03] Saved 4 rows to ucsd_occupancy_history.csv
[2026-09-11 04:30:03] Main Gym Fitness Gym: 0% (Closed) people=0 capacity=72 is_open=False hour_summary=Closed until 6:00am
[2026-09-11 04:30:03] Outback Climbing Center: 10% (Closed) people=3 capacity=30 is_open=False hour_summary=Closed until 2:00pm
[2026-09-11 04:30:03] RIMAC Fitness Gym: 0% (Closed) people=0 capacity=65 is_open=False hour_summary=Closed until 6:00am
[2026-09-11 04:30:03] Triton Esports Center: 0% (Closed) people=0 capacity=35 is_open=False hour_summary=closed
[2026-09-11 04:30:03] === SCRAPE END OK ===
[2026-09-11 04:45:02] === SCRAPE START ===
[2026-09-11 04:45:02] Fetching https://waitz.io/live/ucsd-rec
[2026-09-11 04:45:03] Saved 4 rows to ucsd_occupancy_history.csv
[2026-09-11 04:45:03] Main Gym Fitness Gym: 0% (Closed) people=0 capacity=72 is_open=False hour_summary=Closed until 6:00am
[2026-09-11 04:45:03] Outback Climbing Center: 3% (Closed) people=1 capacity=30 is_open=False hour_summary=Closed until 2:00pm
[2026-09-11 04:45:03] RIMAC Fitness Gym: 0% (Closed) people=0 capacity=65 is_open=False hour_summary=Closed until 6:00am
[2026-09-11 04:45:03] Triton Esports Center: 0% (Closed) people=0 capacity=35 is_open=False hour_summary=closed
[2026-09-11 04:45:03] === SCRAPE END OK ===
[2026-09-11 05:00:02] === SCRAPE START ===
[2026-09-11 05:00:02] Fetching https://waitz.io/live/ucsd-rec
[2026-09-11 05:00:04] Saved 4 rows to ucsd_occupancy_history.csv
[2026-09-11 05:00:04] Main Gym Fitness Gym: 1% (Closed) people=1 capacity=72 is_open=False hour_summary=Closed until 6:00am
[2026-09-11 05:00:04] Outback Climbing Center: 3% (Closed) people=1 capacity=30 is_open=False hour_summary=Closed until 2:00pm
[2026-09-11 05:00:04] RIMAC Fitness Gym: 0% (Closed) people=0 capacity=65 is_open=False hour_summary=Closed until 6:00am
[2026-09-11 05:00:04] Triton Esports Center: 0% (Closed) people=0 capacity=35 is_open=False hour_summary=closed
[2026-09-11 05:00:04] === SCRAPE END OK ===
[2026-09-11 05:15:03] === SCRAPE START ===
[2026-09-11 05:15:03] Fetching https://waitz.io/live/ucsd-rec
[2026-09-11 05:15:04] Saved 4 rows to ucsd_occupancy_history.csv
[2026-09-11 05:15:04] Main Gym Fitness Gym: 0% (Closed) people=0 capacity=72 is_open=False hour_summary=Closed until 6:00am
[2026-09-11 05:15:04] Outback Climbing Center: 7% (Closed) people=2 capacity=30 is_open=False hour_summary=Closed until 2:00pm
[2026-09-11 05:15:04] RIMAC Fitness Gym: 0% (Closed) people=0 capacity=65 is_open=False hour_summary=Closed until 6:00am
[2026-09-11 05:15:04] Triton Esports Center: 0% (Closed) people=0 capacity=35 is_open=False hour_summary=closed
[2026-09-11 05:15:04] === SCRAPE END OK ===
[2026-09-11 05:30:03] === SCRAPE START ===
[2026-09-11 05:30:03] Fetching https://waitz.io/live/ucsd-rec
[2026-09-11 05:30:04] Saved 4 rows to ucsd_occupancy_history.csv
[2026-09-11 05:30:04] Main Gym Fitness Gym: 0% (Closed) people=0 capacity=72 is_open=False hour_summary=Closed until 6:00am
[2026-09-11 05:30:04] Outback Climbing Center: 7% (Closed) people=2 capacity=30 is_open=False hour_summary=Closed until 2:00pm
[2026-09-11 05:30:04] RIMAC Fitness Gym: 2% (Closed) people=1 capacity=65 is_open=False hour_summary=Closed until 6:00am
[2026-09-11 05:30:04] Triton Esports Center: 0% (Closed) people=0 capacity=35 is_open=False hour_summary=closed
[2026-09-11 05:30:04] === SCRAPE END OK ===
[2026-09-11 05:45:02] === SCRAPE START ===
[2026-09-11 05:45:02] Fetching https://waitz.io/live/ucsd-rec
[2026-09-11 05:45:03] Saved 4 rows to ucsd_occupancy_history.csv
[2026-09-11 05:45:03] Main Gym Fitness Gym: 0% (Closed) people=0 capacity=72 is_open=False hour_summary=Closed until 6:00am
[2026-09-11 05:45:03] Outback Climbing Center: 3% (Closed) people=1 capacity=30 is_open=False hour_summary=Closed until 2:00pm
[2026-09-11 05:45:03] RIMAC Fitness Gym: 0% (Closed) people=0 capacity=65 is_open=False hour_summary=Closed until 6:00am
[2026-09-11 05:45:03] Triton Esports Center: 0% (Closed) people=0 capacity=35 is_open=False hour_summary=closed
[2026-09-11 05:45:03] === SCRAPE END OK ===
[2026-09-11 06:00:02] === SCRAPE START ===
[2026-09-11 06:00:02] Fetching https://waitz.io/live/ucsd-rec
[2026-09-11 06:00:04] Saved 4 rows to ucsd_occupancy_history.csv
[2026-09-11 06:00:04] Main Gym Fitness Gym: 0% (Closed) people=0 capacity=72 is_open=False hour_summary=Closed until 6:00am
[2026-09-11 06:00:04] Outback Climbing Center: 3% (Closed) people=1 capacity=30 is_open=False hour_summary=Closed until 2:00pm
[2026-09-11 06:00:04] RIMAC Fitness Gym: 2% (Not Busy) people=1 capacity=65 is_open=True hour_summary=open
[2026-09-11 06:00:04] Triton Esports Center: 0% (Closed) people=0 capacity=35 is_open=False hour_summary=closed
[2026-09-11 06:00:04] === SCRAPE END OK ===
[2026-09-11 06:15:02] === SCRAPE START ===
[2026-09-11 06:15:02] Fetching https://waitz.io/live/ucsd-rec
[2026-09-11 06:15:03] Saved 4 rows to ucsd_occupancy_history.csv
[2026-09-11 06:15:03] Main Gym Fitness Gym: 1% (Closed) people=1 capacity=72 is_open=False hour_summary=Closed until 6:00am
[2026-09-11 06:15:03] Outback Climbing Center: 17% (Closed) people=5 capacity=30 is_open=False hour_summary=Closed until 2:00pm
[2026-09-11 06:15:03] RIMAC Fitness Gym: 9% (Not Busy) people=6 capacity=65 is_open=True hour_summary=open
[2026-09-11 06:15:03] Triton Esports Center: 0% (Closed) people=0 capacity=35 is_open=False hour_summary=closed
[2026-09-11 06:15:03] === SCRAPE END OK ===
[2026-09-11 06:30:02] === SCRAPE START ===
[2026-09-11 06:30:02] Fetching https://waitz.io/live/ucsd-rec
[2026-09-11 06:30:03] Saved 4 rows to ucsd_occupancy_history.csv
[2026-09-11 06:30:03] Main Gym Fitness Gym: 1% (Closed) people=1 capacity=72 is_open=False hour_summary=Closed until 6:00am
[2026-09-11 06:30:03] Outback Climbing Center: 13% (Closed) people=4 capacity=30 is_open=False hour_summary=Closed until 2:00pm
[2026-09-11 06:30:03] RIMAC Fitness Gym: 14% (Not Busy) people=9 capacity=65 is_open=True hour_summary=open
[2026-09-11 06:30:03] Triton Esports Center: 0% (Closed) people=0 capacity=35 is_open=False hour_summary=closed
[2026-09-11 06:30:03] === SCRAPE END OK ===
[2026-09-11 06:45:02] === SCRAPE START ===
[2026-09-11 06:45:02] Fetching https://waitz.io/live/ucsd-rec
[2026-09-11 06:45:03] Saved 4 rows to ucsd_occupancy_history.csv
[2026-09-11 06:45:03] Main Gym Fitness Gym: 3% (Closed) people=2 capacity=72 is_open=False hour_summary=Closed until 6:00am
[2026-09-11 06:45:03] Outback Climbing Center: 17% (Closed) people=5 capacity=30 is_open=False hour_summary=Closed until 2:00pm
[2026-09-11 06:45:03] RIMAC Fitness Gym: 12% (Not Busy) people=8 capacity=65 is_open=True hour_summary=open
[2026-09-11 06:45:03] Triton Esports Center: 0% (Closed) people=0 capacity=35 is_open=False hour_summary=closed
[2026-09-11 06:45:03] === SCRAPE END OK ===
[2026-09-11 07:00:02] === SCRAPE START ===
[2026-09-11 07:00:02] Fetching https://waitz.io/live/ucsd-rec
[2026-09-11 07:00:03] Saved 4 rows to ucsd_occupancy_history.csv
[2026-09-11 07:00:03] Main Gym Fitness Gym: 1% (Closed) people=1 capacity=72 is_open=False hour_summary=Closed until 6:00am
[2026-09-11 07:00:03] Outback Climbing Center: 13% (Closed) people=4 capacity=30 is_open=False hour_summary=Closed until 2:00pm
[2026-09-11 07:00:03] RIMAC Fitness Gym: 20% (Not Busy) people=13 capacity=65 is_open=True hour_summary=open
[2026-09-11 07:00:03] Triton Esports Center: 0% (Closed) people=0 capacity=35 is_open=False hour_summary=closed
[2026-09-11 07:00:03] === SCRAPE END OK ===
[2026-09-11 07:15:02] === SCRAPE START ===
[2026-09-11 07:15:02] Fetching https://waitz.io/live/ucsd-rec
[2026-09-11 07:15:03] Saved 4 rows to ucsd_occupancy_history.csv
[2026-09-11 07:15:03] Main Gym Fitness Gym: 1% (Closed) people=1 capacity=72 is_open=False hour_summary=Closed until 6:00am
[2026-09-11 07:15:03] Outback Climbing Center: 13% (Closed) people=4 capacity=30 is_open=False hour_summary=Closed until 2:00pm
[2026-09-11 07:15:03] RIMAC Fitness Gym: 22% (Not Busy) people=14 capacity=65 is_open=True hour_summary=open
[2026-09-11 07:15:03] Triton Esports Center: 0% (Closed) people=0 capacity=35 is_open=False hour_summary=closed
[2026-09-11 07:15:03] === SCRAPE END OK ===
[2026-09-11 07:30:02] === SCRAPE START ===
[2026-09-11 07:30:02] Fetching https://waitz.io/live/ucsd-rec
[2026-09-11 07:30:04] Saved 4 rows to ucsd_occupancy_history.csv
[2026-09-11 07:30:04] Main Gym Fitness Gym: 3% (Closed) people=2 capacity=72 is_open=False hour_summary=Closed until 6:00am
[2026-09-11 07:30:04] Outback Climbing Center: 20% (Closed) people=6 capacity=30 is_open=False hour_summary=Closed until 2:00pm
[2026-09-11 07:30:04] RIMAC Fitness Gym: 22% (Not Busy) people=14 capacity=65 is_open=True hour_summary=open
[2026-09-11 07:30:04] Triton Esports Center: 0% (Closed) people=0 capacity=35 is_open=False hour_summary=closed
[2026-09-11 07:30:04] === SCRAPE END OK ===
[2026-09-11 07:45:02] === SCRAPE START ===
[2026-09-11 07:45:02] Fetching https://waitz.io/live/ucsd-rec
[2026-09-11 07:45:03] Saved 4 rows to ucsd_occupancy_history.csv
[2026-09-11 07:45:03] Main Gym Fitness Gym: 3% (Closed) people=2 capacity=72 is_open=False hour_summary=Closed until 6:00am
[2026-09-11 07:45:03] Outback Climbing Center: 17% (Closed) people=5 capacity=30 is_open=False hour_summary=Closed until 2:00pm
[2026-09-11 07:45:03] RIMAC Fitness Gym: 17% (Not Busy) people=11 capacity=65 is_open=True hour_summary=open
[2026-09-11 07:45:03] Triton Esports Center: 0% (Closed) people=0 capacity=35 is_open=False hour_summary=closed
[2026-09-11 07:45:03] === SCRAPE END OK ===
[2026-09-11 08:00:02] === SCRAPE START ===
[2026-09-11 08:00:02] Fetching https://waitz.io/live/ucsd-rec
[2026-09-11 08:00:04] Saved 4 rows to ucsd_occupancy_history.csv
[2026-09-11 08:00:04] Main Gym Fitness Gym: 3% (Closed) people=2 capacity=72 is_open=False hour_summary=Closed until 6:00am
[2026-09-11 08:00:04] Outback Climbing Center: 7% (Closed) people=2 capacity=30 is_open=False hour_summary=Closed until 2:00pm
[2026-09-11 08:00:04] RIMAC Fitness Gym: 26% (Not Busy) people=17 capacity=65 is_open=True hour_summary=open
[2026-09-11 08:00:04] Triton Esports Center: 0% (Closed) people=0 capacity=35 is_open=False hour_summary=closed
[2026-09-11 08:00:04] === SCRAPE END OK ===
[2026-09-11 08:15:02] === SCRAPE START ===
[2026-09-11 08:15:02] Fetching https://waitz.io/live/ucsd-rec
[2026-09-11 08:15:03] Saved 4 rows to ucsd_occupancy_history.csv
[2026-09-11 08:15:03] Main Gym Fitness Gym: 4% (Closed) people=3 capacity=72 is_open=False hour_summary=Closed until 6:00am
[2026-09-11 08:15:03] Outback Climbing Center: 10% (Closed) people=3 capacity=30 is_open=False hour_summary=Closed until 2:00pm
[2026-09-11 08:15:03] RIMAC Fitness Gym: 17% (Not Busy) people=11 capacity=65 is_open=True hour_summary=open
[2026-09-11 08:15:03] Triton Esports Center: 0% (Closed) people=0 capacity=35 is_open=False hour_summary=closed
[2026-09-11 08:15:03] === SCRAPE END OK ===
[2026-09-11 08:30:02] === SCRAPE START ===
[2026-09-11 08:30:02] Fetching https://waitz.io/live/ucsd-rec
[2026-09-11 08:30:03] Saved 4 rows to ucsd_occupancy_history.csv
[2026-09-11 08:30:03] Main Gym Fitness Gym: 8% (Closed) people=6 capacity=72 is_open=False hour_summary=Closed until 6:00am
[2026-09-11 08:30:03] Outback Climbing Center: 13% (Closed) people=4 capacity=30 is_open=False hour_summary=Closed until 2:00pm
[2026-09-11 08:30:03] RIMAC Fitness Gym: 26% (Not Busy) people=17 capacity=65 is_open=True hour_summary=open
[2026-09-11 08:30:03] Triton Esports Center: 0% (Closed) people=0 capacity=35 is_open=False hour_summary=closed
[2026-09-11 08:30:03] === SCRAPE END OK ===
[2026-09-11 08:45:02] === SCRAPE START ===
[2026-09-11 08:45:02] Fetching https://waitz.io/live/ucsd-rec
[2026-09-11 08:45:03] Saved 4 rows to ucsd_occupancy_history.csv
[2026-09-11 08:45:03] Main Gym Fitness Gym: 1% (Closed) people=1 capacity=72 is_open=False hour_summary=Closed until 6:00am
[2026-09-11 08:45:03] Outback Climbing Center: 13% (Closed) people=4 capacity=30 is_open=False hour_summary=Closed until 2:00pm
[2026-09-11 08:45:03] RIMAC Fitness Gym: 18% (Not Busy) people=12 capacity=65 is_open=True hour_summary=open
[2026-09-11 08:45:03] Triton Esports Center: 0% (Closed) people=0 capacity=35 is_open=False hour_summary=closed
[2026-09-11 08:45:03] === SCRAPE END OK ===
[2026-09-11 09:00:02] === SCRAPE START ===
[2026-09-11 09:00:02] Fetching https://waitz.io/live/ucsd-rec
[2026-09-11 09:00:04] Saved 4 rows to ucsd_occupancy_history.csv
[2026-09-11 09:00:04] Main Gym Fitness Gym: 8% (Closed) people=6 capacity=72 is_open=False hour_summary=Closed until 6:00am
[2026-09-11 09:00:04] Outback Climbing Center: 7% (Closed) people=2 capacity=30 is_open=False hour_summary=Closed until 2:00pm
[2026-09-11 09:00:04] RIMAC Fitness Gym: 28% (Not Busy) people=18 capacity=65 is_open=True hour_summary=open
[2026-09-11 09:00:04] Triton Esports Center: 0% (Closed) people=0 capacity=35 is_open=False hour_summary=closed
[2026-09-11 09:00:04] === SCRAPE END OK ===
[2026-09-11 09:15:02] === SCRAPE START ===
[2026-09-11 09:15:02] Fetching https://waitz.io/live/ucsd-rec
[2026-09-11 09:15:03] Saved 4 rows to ucsd_occupancy_history.csv
[2026-09-11 09:15:03] Main Gym Fitness Gym: 4% (Closed) people=3 capacity=72 is_open=False hour_summary=Closed until 6:00am
[2026-09-11 09:15:03] Outback Climbing Center: 10% (Closed) people=3 capacity=30 is_open=False hour_summary=Closed until 2:00pm
[2026-09-11 09:15:03] RIMAC Fitness Gym: 28% (Not Busy) people=18 capacity=65 is_open=True hour_summary=open
[2026-09-11 09:15:03] Triton Esports Center: 0% (Closed) people=0 capacity=35 is_open=False hour_summary=closed
[2026-09-11 09:15:03] === SCRAPE END OK ===
[2026-09-11 09:30:02] === SCRAPE START ===
[2026-09-11 09:30:02] Fetching https://waitz.io/live/ucsd-rec
[2026-09-11 09:30:04] Saved 4 rows to ucsd_occupancy_history.csv
[2026-09-11 09:30:04] Main Gym Fitness Gym: 67% (Closed) people=48 capacity=72 is_open=False hour_summary=Closed until 6:00am
[2026-09-11 09:30:04] Outback Climbing Center: 10% (Closed) people=3 capacity=30 is_open=False hour_summary=Closed until 2:00pm
[2026-09-11 09:30:04] RIMAC Fitness Gym: 45% (Not Busy) people=29 capacity=65 is_open=True hour_summary=open
[2026-09-11 09:30:04] Triton Esports Center: 0% (Closed) people=0 capacity=35 is_open=False hour_summary=closed
[2026-09-11 09:30:04] === SCRAPE END OK ===
[2026-09-11 09:45:02] === SCRAPE START ===
[2026-09-11 09:45:02] Fetching https://waitz.io/live/ucsd-rec
[2026-09-11 09:45:03] Saved 4 rows to ucsd_occupancy_history.csv
[2026-09-11 09:45:03] Main Gym Fitness Gym: 86% (Closed) people=62 capacity=72 is_open=False hour_summary=Closed until 6:00am
[2026-09-11 09:45:03] Outback Climbing Center: 13% (Closed) people=4 capacity=30 is_open=False hour_summary=Closed until 2:00pm
[2026-09-11 09:45:03] RIMAC Fitness Gym: 37% (Not Busy) people=24 capacity=65 is_open=True hour_summary=open
[2026-09-11 09:45:03] Triton Esports Center: 0% (Closed) people=0 capacity=35 is_open=False hour_summary=closed
[2026-09-11 09:45:03] === SCRAPE END OK ===
[2026-09-11 10:00:02] === SCRAPE START ===
[2026-09-11 10:00:02] Fetching https://waitz.io/live/ucsd-rec
[2026-09-11 10:00:04] Saved 4 rows to ucsd_occupancy_history.csv
[2026-09-11 10:00:04] Main Gym Fitness Gym: 83% (Closed) people=60 capacity=72 is_open=False hour_summary=Closed until 6:00am
[2026-09-11 10:00:04] Outback Climbing Center: 10% (Closed) people=3 capacity=30 is_open=False hour_summary=Closed until 2:00pm
[2026-09-11 10:00:04] RIMAC Fitness Gym: 31% (Not Busy) people=20 capacity=65 is_open=True hour_summary=open
[2026-09-11 10:00:04] Triton Esports Center: 0% (Closed) people=0 capacity=35 is_open=False hour_summary=closed
[2026-09-11 10:00:04] === SCRAPE END OK ===
[2026-09-11 10:15:02] === SCRAPE START ===
[2026-09-11 10:15:02] Fetching https://waitz.io/live/ucsd-rec
[2026-09-11 10:15:03] Saved 4 rows to ucsd_occupancy_history.csv
[2026-09-11 10:15:03] Main Gym Fitness Gym: 90% (Closed) people=65 capacity=72 is_open=False hour_summary=Closed until 6:00am
[2026-09-11 10:15:03] Outback Climbing Center: 13% (Closed) people=4 capacity=30 is_open=False hour_summary=Closed until 2:00pm
[2026-09-11 10:15:03] RIMAC Fitness Gym: 40% (Not Busy) people=26 capacity=65 is_open=True hour_summary=open
[2026-09-11 10:15:03] Triton Esports Center: 0% (Closed) people=0 capacity=35 is_open=False hour_summary=closed
[2026-09-11 10:15:03] === SCRAPE END OK ===
[2026-09-11 10:30:02] === SCRAPE START ===
[2026-09-11 10:30:02] Fetching https://waitz.io/live/ucsd-rec
[2026-09-11 10:30:03] Saved 4 rows to ucsd_occupancy_history.csv
[2026-09-11 10:30:03] Main Gym Fitness Gym: 90% (Closed) people=65 capacity=72 is_open=False hour_summary=Closed until 6:00am
[2026-09-11 10:30:03] Outback Climbing Center: 20% (Closed) people=6 capacity=30 is_open=False hour_summary=Closed until 2:00pm
[2026-09-11 10:30:03] RIMAC Fitness Gym: 35% (Not Busy) people=23 capacity=65 is_open=True hour_summary=open
[2026-09-11 10:30:03] Triton Esports Center: 0% (Closed) people=0 capacity=35 is_open=False hour_summary=closed
[2026-09-11 10:30:03] === SCRAPE END OK ===
[2026-09-11 10:45:02] === SCRAPE START ===
[2026-09-11 10:45:02] Fetching https://waitz.io/live/ucsd-rec
[2026-09-11 10:45:03] Saved 4 rows to ucsd_occupancy_history.csv
[2026-09-11 10:45:03] Main Gym Fitness Gym: 96% (Closed) people=69 capacity=72 is_open=False hour_summary=Closed until 6:00am
[2026-09-11 10:45:03] Outback Climbing Center: 13% (Closed) people=4 capacity=30 is_open=False hour_summary=Closed until 2:00pm
[2026-09-11 10:45:03] RIMAC Fitness Gym: 34% (Not Busy) people=22 capacity=65 is_open=True hour_summary=open
[2026-09-11 10:45:03] Triton Esports Center: 0% (Closed) people=0 capacity=35 is_open=False hour_summary=closed
[2026-09-11 10:45:03] === SCRAPE END OK ===
[2026-09-11 11:00:02] === SCRAPE START ===
[2026-09-11 11:00:02] Fetching https://waitz.io/live/ucsd-rec
[2026-09-11 11:00:04] Saved 4 rows to ucsd_occupancy_history.csv
[2026-09-11 11:00:04] Main Gym Fitness Gym: 90% (Closed) people=65 capacity=72 is_open=False hour_summary=Closed until 6:00am
[2026-09-11 11:00:04] Outback Climbing Center: 10% (Closed) people=3 capacity=30 is_open=False hour_summary=Closed until 2:00pm
[2026-09-11 11:00:04] RIMAC Fitness Gym: 25% (Not Busy) people=16 capacity=65 is_open=True hour_summary=open
[2026-09-11 11:00:04] Triton Esports Center: 0% (Closed) people=0 capacity=35 is_open=False hour_summary=closed
[2026-09-11 11:00:04] === SCRAPE END OK ===
[2026-09-11 11:15:02] === SCRAPE START ===
[2026-09-11 11:15:02] Fetching https://waitz.io/live/ucsd-rec
[2026-09-11 11:15:03] Saved 4 rows to ucsd_occupancy_history.csv
[2026-09-11 11:15:03] Main Gym Fitness Gym: 86% (Closed) people=62 capacity=72 is_open=False hour_summary=Closed until 6:00am
[2026-09-11 11:15:03] Outback Climbing Center: 10% (Closed) people=3 capacity=30 is_open=False hour_summary=Closed until 2:00pm
[2026-09-11 11:15:03] RIMAC Fitness Gym: 18% (Not Busy) people=12 capacity=65 is_open=True hour_summary=open
[2026-09-11 11:15:03] Triton Esports Center: 0% (Closed) people=0 capacity=35 is_open=False hour_summary=closed
[2026-09-11 11:15:03] === SCRAPE END OK ===
[2026-09-11 11:30:02] === SCRAPE START ===
[2026-09-11 11:30:02] Fetching https://waitz.io/live/ucsd-rec
[2026-09-11 11:30:04] Saved 4 rows to ucsd_occupancy_history.csv
[2026-09-11 11:30:04] Main Gym Fitness Gym: 86% (Closed) people=62 capacity=72 is_open=False hour_summary=Closed until 6:00am
[2026-09-11 11:30:04] Outback Climbing Center: 7% (Closed) people=2 capacity=30 is_open=False hour_summary=Closed until 2:00pm
[2026-09-11 11:30:04] RIMAC Fitness Gym: 26% (Not Busy) people=17 capacity=65 is_open=True hour_summary=open
[2026-09-11 11:30:04] Triton Esports Center: 0% (Closed) people=0 capacity=35 is_open=False hour_summary=closed
[2026-09-11 11:30:04] === SCRAPE END OK ===
[2026-09-11 11:45:02] === SCRAPE START ===
[2026-09-11 11:45:02] Fetching https://waitz.io/live/ucsd-rec
[2026-09-11 11:45:03] Saved 4 rows to ucsd_occupancy_history.csv
[2026-09-11 11:45:03] Main Gym Fitness Gym: 92% (Closed) people=66 capacity=72 is_open=False hour_summary=Closed until 6:00am
[2026-09-11 11:45:03] Outback Climbing Center: 10% (Closed) people=3 capacity=30 is_open=False hour_summary=Closed until 2:00pm
[2026-09-11 11:45:03] RIMAC Fitness Gym: 25% (Not Busy) people=16 capacity=65 is_open=True hour_summary=open
[2026-09-11 11:45:03] Triton Esports Center: 0% (Closed) people=0 capacity=35 is_open=False hour_summary=closed
[2026-09-11 11:45:03] === SCRAPE END OK ===
[2026-09-11 12:00:02] === SCRAPE START ===
[2026-09-11 12:00:02] Fetching https://waitz.io/live/ucsd-rec
[2026-09-11 12:00:04] Saved 4 rows to ucsd_occupancy_history.csv
[2026-09-11 12:00:04] Main Gym Fitness Gym: 85% (Closed) people=61 capacity=72 is_open=False hour_summary=Closed until 6:00am
[2026-09-11 12:00:04] Outback Climbing Center: 10% (Closed) people=3 capacity=30 is_open=False hour_summary=Closed until 2:00pm
[2026-09-11 12:00:04] RIMAC Fitness Gym: 26% (Not Busy) people=17 capacity=65 is_open=True hour_summary=open
[2026-09-11 12:00:04] Triton Esports Center: 0% (Closed) people=0 capacity=35 is_open=False hour_summary=closed
[2026-09-11 12:00:04] === SCRAPE END OK ===
[2026-09-11 12:15:03] === SCRAPE START ===
[2026-09-11 12:15:03] Fetching https://waitz.io/live/ucsd-rec
[2026-09-11 12:15:04] Saved 4 rows to ucsd_occupancy_history.csv
[2026-09-11 12:15:04] Main Gym Fitness Gym: 69% (Closed) people=50 capacity=72 is_open=False hour_summary=Closed until 6:00am
[2026-09-11 12:15:04] Outback Climbing Center: 10% (Closed) people=3 capacity=30 is_open=False hour_summary=Closed until 2:00pm
[2026-09-11 12:15:04] RIMAC Fitness Gym: 31% (Not Busy) people=20 capacity=65 is_open=True hour_summary=open
[2026-09-11 12:15:04] Triton Esports Center: 0% (Closed) people=0 capacity=35 is_open=False hour_summary=closed
[2026-09-11 12:15:04] === SCRAPE END OK ===
[2026-09-11 12:30:02] === SCRAPE START ===
[2026-09-11 12:30:02] Fetching https://waitz.io/live/ucsd-rec
[2026-09-11 12:30:03] Saved 4 rows to ucsd_occupancy_history.csv
[2026-09-11 12:30:03] Main Gym Fitness Gym: 18% (Closed) people=13 capacity=72 is_open=False hour_summary=Closed until 6:00am
[2026-09-11 12:30:03] Outback Climbing Center: 7% (Closed) people=2 capacity=30 is_open=False hour_summary=Closed until 2:00pm
[2026-09-11 12:30:03] RIMAC Fitness Gym: 28% (Not Busy) people=18 capacity=65 is_open=True hour_summary=open
[2026-09-11 12:30:03] Triton Esports Center: 0% (Closed) people=0 capacity=35 is_open=False hour_summary=closed
[2026-09-11 12:30:03] === SCRAPE END OK ===
[2026-09-11 12:45:02] === SCRAPE START ===
[2026-09-11 12:45:02] Fetching https://waitz.io/live/ucsd-rec
[2026-09-11 12:45:03] Saved 4 rows to ucsd_occupancy_history.csv
[2026-09-11 12:45:03] Main Gym Fitness Gym: 10% (Closed) people=7 capacity=72 is_open=False hour_summary=Closed until 6:00am
[2026-09-11 12:45:03] Outback Climbing Center: 13% (Closed) people=4 capacity=30 is_open=False hour_summary=Closed until 2:00pm
[2026-09-11 12:45:03] RIMAC Fitness Gym: 31% (Not Busy) people=20 capacity=65 is_open=True hour_summary=open
[2026-09-11 12:45:03] Triton Esports Center: 0% (Closed) people=0 capacity=35 is_open=False hour_summary=closed
[2026-09-11 12:45:03] === SCRAPE END OK ===
[2026-09-11 13:00:02] === SCRAPE START ===
[2026-09-11 13:00:02] Fetching https://waitz.io/live/ucsd-rec
[2026-09-11 13:00:04] Saved 4 rows to ucsd_occupancy_history.csv
[2026-09-11 13:00:04] Main Gym Fitness Gym: 6% (Closed) people=4 capacity=72 is_open=False hour_summary=Closed until 6:00am
[2026-09-11 13:00:04] Outback Climbing Center: 13% (Closed) people=4 capacity=30 is_open=False hour_summary=Closed until 2:00pm
[2026-09-11 13:00:04] RIMAC Fitness Gym: 22% (Not Busy) people=14 capacity=65 is_open=True hour_summary=open
[2026-09-11 13:00:04] Triton Esports Center: 0% (Closed) people=0 capacity=35 is_open=False hour_summary=closed
[2026-09-11 13:00:04] === SCRAPE END OK ===
[2026-09-11 13:15:02] === SCRAPE START ===
[2026-09-11 13:15:02] Fetching https://waitz.io/live/ucsd-rec
[2026-09-11 13:15:03] Saved 4 rows to ucsd_occupancy_history.csv
[2026-09-11 13:15:03] Main Gym Fitness Gym: 13% (Closed) people=9 capacity=72 is_open=False hour_summary=Closed until 6:00am
[2026-09-11 13:15:03] Outback Climbing Center: 7% (Closed) people=2 capacity=30 is_open=False hour_summary=Closed until 2:00pm
[2026-09-11 13:15:03] RIMAC Fitness Gym: 45% (Not Busy) people=29 capacity=65 is_open=True hour_summary=open
[2026-09-11 13:15:03] Triton Esports Center: 0% (Closed) people=0 capacity=35 is_open=False hour_summary=closed
[2026-09-11 13:15:03] === SCRAPE END OK ===
[2026-09-11 13:30:02] === SCRAPE START ===
[2026-09-11 13:30:02] Fetching https://waitz.io/live/ucsd-rec
[2026-09-11 13:30:04] Saved 4 rows to ucsd_occupancy_history.csv
[2026-09-11 13:30:04] Main Gym Fitness Gym: 11% (Closed) people=8 capacity=72 is_open=False hour_summary=Closed until 6:00am
[2026-09-11 13:30:04] Outback Climbing Center: 3% (Closed) people=1 capacity=30 is_open=False hour_summary=Closed until 2:00pm
[2026-09-11 13:30:04] RIMAC Fitness Gym: 45% (Not Busy) people=29 capacity=65 is_open=True hour_summary=open
[2026-09-11 13:30:04] Triton Esports Center: 0% (Closed) people=0 capacity=35 is_open=False hour_summary=closed
[2026-09-11 13:30:04] === SCRAPE END OK ===
[2026-09-11 13:45:02] === SCRAPE START ===
[2026-09-11 13:45:02] Fetching https://waitz.io/live/ucsd-rec
[2026-09-11 13:45:03] Saved 4 rows to ucsd_occupancy_history.csv
[2026-09-11 13:45:03] Main Gym Fitness Gym: 10% (Closed) people=7 capacity=72 is_open=False hour_summary=Closed until 6:00am
[2026-09-11 13:45:03] Outback Climbing Center: 20% (Closed) people=6 capacity=30 is_open=False hour_summary=Closed until 2:00pm
[2026-09-11 13:45:03] RIMAC Fitness Gym: 37% (Not Busy) people=24 capacity=65 is_open=True hour_summary=open
[2026-09-11 13:45:03] Triton Esports Center: 0% (Closed) people=0 capacity=35 is_open=False hour_summary=closed
[2026-09-11 13:45:03] === SCRAPE END OK ===
