[2026-07-29 00:00:01] === SCRAPE START ===
[2026-07-29 00:00:01] Fetching https://waitz.io/live/ucsd-rec
[2026-07-29 00:00:04] Saved 4 rows to ucsd_occupancy_history.csv
[2026-07-29 00:00:04] Main Gym Fitness Gym: 1% (Closed) people=1 capacity=72 is_open=False hour_summary=closed
[2026-07-29 00:00:04] Outback Climbing Center: 0% (Closed) people=0 capacity=30 is_open=False hour_summary=Closed until 2:00pm
[2026-07-29 00:00:04] RIMAC Fitness Gym: 0% (Closed) people=0 capacity=150 is_open=False hour_summary=Closed until 6:00am
[2026-07-29 00:00:04] Triton Esports Center: 0% (Closed) people=0 capacity=35 is_open=False hour_summary=closed
[2026-07-29 00:00:04] === SCRAPE END OK ===
[2026-07-29 00:07:00] === SCRAPE START ===
[2026-07-29 00:07:00] Fetching https://waitz.io/live/ucsd-rec
[2026-07-29 00:07:00] Saved 4 rows to ucsd_occupancy_history.csv
[2026-07-29 00:07:00] Main Gym Fitness Gym: 1% (Closed) people=1 capacity=72 is_open=False hour_summary=closed
[2026-07-29 00:07:00] Outback Climbing Center: 0% (Closed) people=0 capacity=30 is_open=False hour_summary=Closed until 2:00pm
[2026-07-29 00:07:00] RIMAC Fitness Gym: 1% (Closed) people=2 capacity=150 is_open=False hour_summary=Closed until 6:00am
[2026-07-29 00:07:00] Triton Esports Center: 0% (Closed) people=0 capacity=35 is_open=False hour_summary=closed
[2026-07-29 00:07:00] === SCRAPE END OK ===
[2026-07-29 00:15:02] === SCRAPE START ===
[2026-07-29 00:15:02] Fetching https://waitz.io/live/ucsd-rec
[2026-07-29 00:15:03] Saved 4 rows to ucsd_occupancy_history.csv
[2026-07-29 00:15:03] Main Gym Fitness Gym: 0% (Closed) people=0 capacity=72 is_open=False hour_summary=closed
[2026-07-29 00:15:03] Outback Climbing Center: 0% (Closed) people=0 capacity=30 is_open=False hour_summary=Closed until 2:00pm
[2026-07-29 00:15:03] RIMAC Fitness Gym: 1% (Closed) people=2 capacity=150 is_open=False hour_summary=Closed until 6:00am
[2026-07-29 00:15:03] Triton Esports Center: 0% (Closed) people=0 capacity=35 is_open=False hour_summary=closed
[2026-07-29 00:15:03] === SCRAPE END OK ===
[2026-07-29 00:22:00] === SCRAPE START ===
[2026-07-29 00:22:00] Fetching https://waitz.io/live/ucsd-rec
[2026-07-29 00:22:00] Saved 4 rows to ucsd_occupancy_history.csv
[2026-07-29 00:22:00] Main Gym Fitness Gym: 0% (Closed) people=0 capacity=72 is_open=False hour_summary=closed
[2026-07-29 00:22:00] Outback Climbing Center: 0% (Closed) people=0 capacity=30 is_open=False hour_summary=Closed until 2:00pm
[2026-07-29 00:22:00] RIMAC Fitness Gym: 0% (Closed) people=0 capacity=150 is_open=False hour_summary=Closed until 6:00am
[2026-07-29 00:22:00] Triton Esports Center: 0% (Closed) people=0 capacity=35 is_open=False hour_summary=closed
[2026-07-29 00:22:00] === SCRAPE END OK ===
[2026-07-29 00:30:02] === SCRAPE START ===
[2026-07-29 00:30:02] Fetching https://waitz.io/live/ucsd-rec
[2026-07-29 00:30:03] Saved 4 rows to ucsd_occupancy_history.csv
[2026-07-29 00:30:03] Main Gym Fitness Gym: 1% (Closed) people=1 capacity=72 is_open=False hour_summary=closed
[2026-07-29 00:30:03] Outback Climbing Center: 0% (Closed) people=0 capacity=30 is_open=False hour_summary=Closed until 2:00pm
[2026-07-29 00:30:03] RIMAC Fitness Gym: 1% (Closed) people=2 capacity=150 is_open=False hour_summary=Closed until 6:00am
[2026-07-29 00:30:03] Triton Esports Center: 0% (Closed) people=0 capacity=35 is_open=False hour_summary=closed
[2026-07-29 00:30:03] === SCRAPE END OK ===
[2026-07-29 00:37:00] === SCRAPE START ===
[2026-07-29 00:37:00] Fetching https://waitz.io/live/ucsd-rec
[2026-07-29 00:37:00] Saved 4 rows to ucsd_occupancy_history.csv
[2026-07-29 00:37:00] Main Gym Fitness Gym: 1% (Closed) people=1 capacity=72 is_open=False hour_summary=closed
[2026-07-29 00:37:00] Outback Climbing Center: 0% (Closed) people=0 capacity=30 is_open=False hour_summary=Closed until 2:00pm
[2026-07-29 00:37:00] RIMAC Fitness Gym: 0% (Closed) people=0 capacity=150 is_open=False hour_summary=Closed until 6:00am
[2026-07-29 00:37:00] Triton Esports Center: 0% (Closed) people=0 capacity=35 is_open=False hour_summary=closed
[2026-07-29 00:37:00] === SCRAPE END OK ===
[2026-07-29 00:45:02] === SCRAPE START ===
[2026-07-29 00:45:02] Fetching https://waitz.io/live/ucsd-rec
[2026-07-29 00:45:03] Saved 4 rows to ucsd_occupancy_history.csv
[2026-07-29 00:45:03] Main Gym Fitness Gym: 0% (Closed) people=0 capacity=72 is_open=False hour_summary=closed
[2026-07-29 00:45:03] Outback Climbing Center: 0% (Closed) people=0 capacity=30 is_open=False hour_summary=Closed until 2:00pm
[2026-07-29 00:45:03] RIMAC Fitness Gym: 0% (Closed) people=0 capacity=150 is_open=False hour_summary=Closed until 6:00am
[2026-07-29 00:45:03] Triton Esports Center: 0% (Closed) people=0 capacity=35 is_open=False hour_summary=closed
[2026-07-29 00:45:03] === SCRAPE END OK ===
[2026-07-29 00:52:00] === SCRAPE START ===
[2026-07-29 00:52:00] Fetching https://waitz.io/live/ucsd-rec
[2026-07-29 00:52:00] Saved 4 rows to ucsd_occupancy_history.csv
[2026-07-29 00:52:00] Main Gym Fitness Gym: 0% (Closed) people=0 capacity=72 is_open=False hour_summary=closed
[2026-07-29 00:52:00] Outback Climbing Center: 0% (Closed) people=0 capacity=30 is_open=False hour_summary=Closed until 2:00pm
[2026-07-29 00:52:00] RIMAC Fitness Gym: 1% (Closed) people=2 capacity=150 is_open=False hour_summary=Closed until 6:00am
[2026-07-29 00:52:00] Triton Esports Center: 0% (Closed) people=0 capacity=35 is_open=False hour_summary=closed
[2026-07-29 00:52:00] === SCRAPE END OK ===
[2026-07-29 01:00:02] === SCRAPE START ===
[2026-07-29 01:00:02] Fetching https://waitz.io/live/ucsd-rec
[2026-07-29 01:00:03] Saved 4 rows to ucsd_occupancy_history.csv
[2026-07-29 01:00:03] Main Gym Fitness Gym: 1% (Closed) people=1 capacity=72 is_open=False hour_summary=closed
[2026-07-29 01:00:03] Outback Climbing Center: 0% (Closed) people=0 capacity=30 is_open=False hour_summary=Closed until 2:00pm
[2026-07-29 01:00:03] RIMAC Fitness Gym: 0% (Closed) people=0 capacity=150 is_open=False hour_summary=Closed until 6:00am
[2026-07-29 01:00:03] Triton Esports Center: 0% (Closed) people=0 capacity=35 is_open=False hour_summary=closed
[2026-07-29 01:00:03] === SCRAPE END OK ===
[2026-07-29 01:07:00] === SCRAPE START ===
[2026-07-29 01:07:00] Fetching https://waitz.io/live/ucsd-rec
[2026-07-29 01:07:01] Saved 4 rows to ucsd_occupancy_history.csv
[2026-07-29 01:07:01] Main Gym Fitness Gym: 0% (Closed) people=0 capacity=72 is_open=False hour_summary=closed
[2026-07-29 01:07:01] Outback Climbing Center: 0% (Closed) people=0 capacity=30 is_open=False hour_summary=Closed until 2:00pm
[2026-07-29 01:07:01] RIMAC Fitness Gym: 0% (Closed) people=0 capacity=150 is_open=False hour_summary=Closed until 6:00am
[2026-07-29 01:07:01] Triton Esports Center: 0% (Closed) people=0 capacity=35 is_open=False hour_summary=closed
[2026-07-29 01:07:01] === SCRAPE END OK ===
[2026-07-29 01:15:02] === SCRAPE START ===
[2026-07-29 01:15:02] Fetching https://waitz.io/live/ucsd-rec
[2026-07-29 01:15:03] Saved 4 rows to ucsd_occupancy_history.csv
[2026-07-29 01:15:03] Main Gym Fitness Gym: 1% (Closed) people=1 capacity=72 is_open=False hour_summary=closed
[2026-07-29 01:15:03] Outback Climbing Center: 0% (Closed) people=0 capacity=30 is_open=False hour_summary=Closed until 2:00pm
[2026-07-29 01:15:03] RIMAC Fitness Gym: 1% (Closed) people=2 capacity=150 is_open=False hour_summary=Closed until 6:00am
[2026-07-29 01:15:03] Triton Esports Center: 0% (Closed) people=0 capacity=35 is_open=False hour_summary=closed
[2026-07-29 01:15:03] === SCRAPE END OK ===
[2026-07-29 01:22:00] === SCRAPE START ===
[2026-07-29 01:22:00] Fetching https://waitz.io/live/ucsd-rec
[2026-07-29 01:22:01] Saved 4 rows to ucsd_occupancy_history.csv
[2026-07-29 01:22:01] Main Gym Fitness Gym: 1% (Closed) people=1 capacity=72 is_open=False hour_summary=closed
[2026-07-29 01:22:01] Outback Climbing Center: 0% (Closed) people=0 capacity=30 is_open=False hour_summary=Closed until 2:00pm
[2026-07-29 01:22:01] RIMAC Fitness Gym: 1% (Closed) people=2 capacity=150 is_open=False hour_summary=Closed until 6:00am
[2026-07-29 01:22:01] Triton Esports Center: 0% (Closed) people=0 capacity=35 is_open=False hour_summary=closed
[2026-07-29 01:22:01] === SCRAPE END OK ===
[2026-07-29 01:30:02] === SCRAPE START ===
[2026-07-29 01:30:02] Fetching https://waitz.io/live/ucsd-rec
[2026-07-29 01:30:04] Saved 4 rows to ucsd_occupancy_history.csv
[2026-07-29 01:30:04] Main Gym Fitness Gym: 0% (Closed) people=0 capacity=72 is_open=False hour_summary=closed
[2026-07-29 01:30:04] Outback Climbing Center: 0% (Closed) people=0 capacity=30 is_open=False hour_summary=Closed until 2:00pm
[2026-07-29 01:30:04] RIMAC Fitness Gym: 1% (Closed) people=2 capacity=150 is_open=False hour_summary=Closed until 6:00am
[2026-07-29 01:30:04] Triton Esports Center: 0% (Closed) people=0 capacity=35 is_open=False hour_summary=closed
[2026-07-29 01:30:04] === SCRAPE END OK ===
[2026-07-29 01:37:00] === SCRAPE START ===
[2026-07-29 01:37:00] Fetching https://waitz.io/live/ucsd-rec
[2026-07-29 01:37:01] Saved 4 rows to ucsd_occupancy_history.csv
[2026-07-29 01:37:01] Main Gym Fitness Gym: 0% (Closed) people=0 capacity=72 is_open=False hour_summary=closed
[2026-07-29 01:37:01] Outback Climbing Center: 0% (Closed) people=0 capacity=30 is_open=False hour_summary=Closed until 2:00pm
[2026-07-29 01:37:01] RIMAC Fitness Gym: 0% (Closed) people=0 capacity=150 is_open=False hour_summary=Closed until 6:00am
[2026-07-29 01:37:01] Triton Esports Center: 0% (Closed) people=0 capacity=35 is_open=False hour_summary=closed
[2026-07-29 01:37:01] === SCRAPE END OK ===
[2026-07-29 01:45:02] === SCRAPE START ===
[2026-07-29 01:45:02] Fetching https://waitz.io/live/ucsd-rec
[2026-07-29 01:45:03] Saved 4 rows to ucsd_occupancy_history.csv
[2026-07-29 01:45:03] Main Gym Fitness Gym: 0% (Closed) people=0 capacity=72 is_open=False hour_summary=closed
[2026-07-29 01:45:03] Outback Climbing Center: 0% (Closed) people=0 capacity=30 is_open=False hour_summary=Closed until 2:00pm
[2026-07-29 01:45:03] RIMAC Fitness Gym: 0% (Closed) people=0 capacity=150 is_open=False hour_summary=Closed until 6:00am
[2026-07-29 01:45:03] Triton Esports Center: 0% (Closed) people=0 capacity=35 is_open=False hour_summary=closed
[2026-07-29 01:45:03] === SCRAPE END OK ===
[2026-07-29 01:52:00] === SCRAPE START ===
[2026-07-29 01:52:00] Fetching https://waitz.io/live/ucsd-rec
[2026-07-29 01:52:00] Saved 4 rows to ucsd_occupancy_history.csv
[2026-07-29 01:52:00] Main Gym Fitness Gym: 0% (Closed) people=0 capacity=72 is_open=False hour_summary=closed
[2026-07-29 01:52:00] Outback Climbing Center: 0% (Closed) people=0 capacity=30 is_open=False hour_summary=Closed until 2:00pm
[2026-07-29 01:52:00] RIMAC Fitness Gym: 0% (Closed) people=0 capacity=150 is_open=False hour_summary=Closed until 6:00am
[2026-07-29 01:52:00] Triton Esports Center: 0% (Closed) people=0 capacity=35 is_open=False hour_summary=closed
[2026-07-29 01:52:00] === SCRAPE END OK ===
[2026-07-29 02:00:02] === SCRAPE START ===
[2026-07-29 02:00:02] Fetching https://waitz.io/live/ucsd-rec
[2026-07-29 02:00:03] Saved 4 rows to ucsd_occupancy_history.csv
[2026-07-29 02:00:03] Main Gym Fitness Gym: 1% (Closed) people=1 capacity=72 is_open=False hour_summary=closed
[2026-07-29 02:00:03] Outback Climbing Center: 0% (Closed) people=0 capacity=30 is_open=False hour_summary=Closed until 2:00pm
[2026-07-29 02:00:03] RIMAC Fitness Gym: 1% (Closed) people=2 capacity=150 is_open=False hour_summary=Closed until 6:00am
[2026-07-29 02:00:03] Triton Esports Center: 0% (Closed) people=0 capacity=35 is_open=False hour_summary=closed
[2026-07-29 02:00:03] === SCRAPE END OK ===
[2026-07-29 02:07:00] === SCRAPE START ===
[2026-07-29 02:07:00] Fetching https://waitz.io/live/ucsd-rec
[2026-07-29 02:07:03] Saved 4 rows to ucsd_occupancy_history.csv
[2026-07-29 02:07:03] Main Gym Fitness Gym: 1% (Closed) people=1 capacity=72 is_open=False hour_summary=closed
[2026-07-29 02:07:03] Outback Climbing Center: 0% (Closed) people=0 capacity=30 is_open=False hour_summary=Closed until 2:00pm
[2026-07-29 02:07:03] RIMAC Fitness Gym: 1% (Closed) people=2 capacity=150 is_open=False hour_summary=Closed until 6:00am
[2026-07-29 02:07:03] Triton Esports Center: 0% (Closed) people=0 capacity=35 is_open=False hour_summary=closed
[2026-07-29 02:07:03] === SCRAPE END OK ===
[2026-07-29 02:15:02] === SCRAPE START ===
[2026-07-29 02:15:02] Fetching https://waitz.io/live/ucsd-rec
[2026-07-29 02:15:03] Saved 4 rows to ucsd_occupancy_history.csv
[2026-07-29 02:15:03] Main Gym Fitness Gym: 0% (Closed) people=0 capacity=72 is_open=False hour_summary=closed
[2026-07-29 02:15:03] Outback Climbing Center: 0% (Closed) people=0 capacity=30 is_open=False hour_summary=Closed until 2:00pm
[2026-07-29 02:15:03] RIMAC Fitness Gym: 0% (Closed) people=0 capacity=150 is_open=False hour_summary=Closed until 6:00am
[2026-07-29 02:15:03] Triton Esports Center: 0% (Closed) people=0 capacity=35 is_open=False hour_summary=closed
[2026-07-29 02:15:03] === SCRAPE END OK ===
[2026-07-29 02:22:00] === SCRAPE START ===
[2026-07-29 02:22:00] Fetching https://waitz.io/live/ucsd-rec
[2026-07-29 02:22:00] Saved 4 rows to ucsd_occupancy_history.csv
[2026-07-29 02:22:00] Main Gym Fitness Gym: 0% (Closed) people=0 capacity=72 is_open=False hour_summary=closed
[2026-07-29 02:22:00] Outback Climbing Center: 0% (Closed) people=0 capacity=30 is_open=False hour_summary=Closed until 2:00pm
[2026-07-29 02:22:00] RIMAC Fitness Gym: 0% (Closed) people=0 capacity=150 is_open=False hour_summary=Closed until 6:00am
[2026-07-29 02:22:00] Triton Esports Center: 0% (Closed) people=0 capacity=35 is_open=False hour_summary=closed
[2026-07-29 02:22:00] === SCRAPE END OK ===
[2026-07-29 15:15:05] === SCRAPE START ===
[2026-07-29 15:15:05] Fetching https://waitz.io/live/ucsd-rec
[2026-07-29 15:15:07] Saved 4 rows to ucsd_occupancy_history.csv
[2026-07-29 15:15:07] Main Gym Fitness Gym: 14% (Closed) people=10 capacity=72 is_open=False hour_summary=closed
[2026-07-29 15:15:07] Outback Climbing Center: 93% (Very Active) people=28 capacity=30 is_open=True hour_summary=open
[2026-07-29 15:15:07] RIMAC Fitness Gym: 16% (Not Busy) people=24 capacity=150 is_open=True hour_summary=open
[2026-07-29 15:15:07] Triton Esports Center: 0% (Closed) people=0 capacity=35 is_open=False hour_summary=closed
[2026-07-29 15:15:07] === SCRAPE END OK ===
[2026-07-29 15:30:02] === SCRAPE START ===
[2026-07-29 15:30:02] Fetching https://waitz.io/live/ucsd-rec
[2026-07-29 15:30:04] Saved 4 rows to ucsd_occupancy_history.csv
[2026-07-29 15:30:04] Main Gym Fitness Gym: 19% (Closed) people=14 capacity=72 is_open=False hour_summary=closed
[2026-07-29 15:30:04] Outback Climbing Center: 97% (Very Active) people=29 capacity=30 is_open=True hour_summary=open
[2026-07-29 15:30:04] RIMAC Fitness Gym: 19% (Not Busy) people=29 capacity=150 is_open=True hour_summary=open
[2026-07-29 15:30:04] Triton Esports Center: 0% (Closed) people=0 capacity=35 is_open=False hour_summary=closed
[2026-07-29 15:30:04] === SCRAPE END OK ===
[2026-07-29 15:45:02] === SCRAPE START ===
[2026-07-29 15:45:02] Fetching https://waitz.io/live/ucsd-rec
[2026-07-29 15:45:03] Saved 4 rows to ucsd_occupancy_history.csv
[2026-07-29 15:45:03] Main Gym Fitness Gym: 15% (Closed) people=11 capacity=72 is_open=False hour_summary=closed
[2026-07-29 15:45:03] Outback Climbing Center: 99% (Very Active) people=30 capacity=30 is_open=True hour_summary=open
[2026-07-29 15:45:03] RIMAC Fitness Gym: 25% (Not Busy) people=38 capacity=150 is_open=True hour_summary=open
[2026-07-29 15:45:03] Triton Esports Center: 0% (Closed) people=0 capacity=35 is_open=False hour_summary=closed
[2026-07-29 15:45:03] === SCRAPE END OK ===
[2026-07-29 16:00:02] === SCRAPE START ===
[2026-07-29 16:00:02] Fetching https://waitz.io/live/ucsd-rec
[2026-07-29 16:00:04] Saved 4 rows to ucsd_occupancy_history.csv
[2026-07-29 16:00:04] Main Gym Fitness Gym: 10% (Closed) people=7 capacity=72 is_open=False hour_summary=closed
[2026-07-29 16:00:04] Outback Climbing Center: 99% (Very Active) people=30 capacity=30 is_open=True hour_summary=open
[2026-07-29 16:00:04] RIMAC Fitness Gym: 23% (Not Busy) people=35 capacity=150 is_open=True hour_summary=open
[2026-07-29 16:00:04] Triton Esports Center: 0% (Closed) people=0 capacity=35 is_open=False hour_summary=closed
[2026-07-29 16:00:04] === SCRAPE END OK ===
[2026-07-29 16:15:02] === SCRAPE START ===
[2026-07-29 16:15:02] Fetching https://waitz.io/live/ucsd-rec
[2026-07-29 16:15:04] Saved 4 rows to ucsd_occupancy_history.csv
[2026-07-29 16:15:04] Main Gym Fitness Gym: 15% (Closed) people=11 capacity=72 is_open=False hour_summary=closed
[2026-07-29 16:15:04] Outback Climbing Center: 99% (Very Active) people=30 capacity=30 is_open=True hour_summary=open
[2026-07-29 16:15:04] RIMAC Fitness Gym: 18% (Not Busy) people=27 capacity=150 is_open=True hour_summary=open
[2026-07-29 16:15:04] Triton Esports Center: 0% (Closed) people=0 capacity=35 is_open=False hour_summary=closed
[2026-07-29 16:15:04] === SCRAPE END OK ===
[2026-07-29 16:30:02] === SCRAPE START ===
[2026-07-29 16:30:02] Fetching https://waitz.io/live/ucsd-rec
[2026-07-29 16:30:04] Saved 4 rows to ucsd_occupancy_history.csv
[2026-07-29 16:30:04] Main Gym Fitness Gym: 11% (Closed) people=8 capacity=72 is_open=False hour_summary=closed
[2026-07-29 16:30:04] Outback Climbing Center: 93% (Very Active) people=28 capacity=30 is_open=True hour_summary=open
[2026-07-29 16:30:04] RIMAC Fitness Gym: 21% (Not Busy) people=32 capacity=150 is_open=True hour_summary=open
[2026-07-29 16:30:04] Triton Esports Center: 0% (Closed) people=0 capacity=35 is_open=False hour_summary=closed
[2026-07-29 16:30:04] === SCRAPE END OK ===
[2026-07-29 16:45:02] === SCRAPE START ===
[2026-07-29 16:45:02] Fetching https://waitz.io/live/ucsd-rec
[2026-07-29 16:45:03] Saved 4 rows to ucsd_occupancy_history.csv
[2026-07-29 16:45:03] Main Gym Fitness Gym: 14% (Closed) people=10 capacity=72 is_open=False hour_summary=closed
[2026-07-29 16:45:03] Outback Climbing Center: 70% (Busy) people=21 capacity=30 is_open=True hour_summary=open
[2026-07-29 16:45:03] RIMAC Fitness Gym: 23% (Not Busy) people=35 capacity=150 is_open=True hour_summary=open
[2026-07-29 16:45:03] Triton Esports Center: 0% (Closed) people=0 capacity=35 is_open=False hour_summary=closed
[2026-07-29 16:45:03] === SCRAPE END OK ===
[2026-07-29 17:00:02] === SCRAPE START ===
[2026-07-29 17:00:02] Fetching https://waitz.io/live/ucsd-rec
[2026-07-29 17:00:04] Saved 4 rows to ucsd_occupancy_history.csv
[2026-07-29 17:00:04] Main Gym Fitness Gym: 22% (Closed) people=16 capacity=72 is_open=False hour_summary=closed
[2026-07-29 17:00:04] Outback Climbing Center: 73% (Busy) people=22 capacity=30 is_open=True hour_summary=open
[2026-07-29 17:00:04] RIMAC Fitness Gym: 29% (Not Busy) people=44 capacity=150 is_open=True hour_summary=open
[2026-07-29 17:00:04] Triton Esports Center: 0% (Closed) people=0 capacity=35 is_open=False hour_summary=closed
[2026-07-29 17:00:04] === SCRAPE END OK ===
[2026-07-29 17:15:02] === SCRAPE START ===
[2026-07-29 17:15:02] Fetching https://waitz.io/live/ucsd-rec
[2026-07-29 17:15:04] Saved 4 rows to ucsd_occupancy_history.csv
[2026-07-29 17:15:04] Main Gym Fitness Gym: 21% (Closed) people=15 capacity=72 is_open=False hour_summary=closed
[2026-07-29 17:15:04] Outback Climbing Center: 99% (Very Active) people=30 capacity=30 is_open=True hour_summary=open
[2026-07-29 17:15:04] RIMAC Fitness Gym: 29% (Not Busy) people=44 capacity=150 is_open=True hour_summary=open
[2026-07-29 17:15:04] Triton Esports Center: 0% (Closed) people=0 capacity=35 is_open=False hour_summary=closed
[2026-07-29 17:15:04] === SCRAPE END OK ===
[2026-07-29 17:30:02] === SCRAPE START ===
[2026-07-29 17:30:02] Fetching https://waitz.io/live/ucsd-rec
[2026-07-29 17:30:04] Saved 4 rows to ucsd_occupancy_history.csv
[2026-07-29 17:30:04] Main Gym Fitness Gym: 25% (Closed) people=18 capacity=72 is_open=False hour_summary=closed
[2026-07-29 17:30:04] Outback Climbing Center: 97% (Very Active) people=29 capacity=30 is_open=True hour_summary=open
[2026-07-29 17:30:04] RIMAC Fitness Gym: 24% (Not Busy) people=36 capacity=150 is_open=True hour_summary=open
[2026-07-29 17:30:04] Triton Esports Center: 0% (Closed) people=0 capacity=35 is_open=False hour_summary=closed
[2026-07-29 17:30:04] === SCRAPE END OK ===
[2026-07-29 17:45:02] === SCRAPE START ===
[2026-07-29 17:45:02] Fetching https://waitz.io/live/ucsd-rec
[2026-07-29 17:45:04] Saved 4 rows to ucsd_occupancy_history.csv
[2026-07-29 17:45:04] Main Gym Fitness Gym: 31% (Closed) people=22 capacity=72 is_open=False hour_summary=closed
[2026-07-29 17:45:04] Outback Climbing Center: 57% (Busy) people=17 capacity=30 is_open=True hour_summary=open
[2026-07-29 17:45:04] RIMAC Fitness Gym: 30% (Not Busy) people=45 capacity=150 is_open=True hour_summary=open
[2026-07-29 17:45:04] Triton Esports Center: 0% (Closed) people=0 capacity=35 is_open=False hour_summary=closed
[2026-07-29 17:45:04] === SCRAPE END OK ===
