[2026-08-01 00:00:01] === SCRAPE START ===
[2026-08-01 00:00:01] Fetching https://waitz.io/live/ucsd-rec
[2026-08-01 00:00:03] Saved 4 rows to ucsd_occupancy_history.csv
[2026-08-01 00:00:03] Main Gym Fitness Gym: 1% (Closed) people=1 capacity=72 is_open=False hour_summary=closed
[2026-08-01 00:00:03] Outback Climbing Center: 0% (Closed) people=0 capacity=30 is_open=False hour_summary=Closed until 2:00pm
[2026-08-01 00:00:03] RIMAC Fitness Gym: 0% (Closed) people=0 capacity=150 is_open=False hour_summary=Closed until 8:00am
[2026-08-01 00:00:03] Triton Esports Center: 0% (Closed) people=0 capacity=35 is_open=False hour_summary=closed
[2026-08-01 00:00:03] === SCRAPE END OK ===
[2026-08-01 00:15:02] === SCRAPE START ===
[2026-08-01 00:15:02] Fetching https://waitz.io/live/ucsd-rec
[2026-08-01 00:15:03] Saved 4 rows to ucsd_occupancy_history.csv
[2026-08-01 00:15:03] Main Gym Fitness Gym: 1% (Closed) people=1 capacity=72 is_open=False hour_summary=closed
[2026-08-01 00:15:03] Outback Climbing Center: 0% (Closed) people=0 capacity=30 is_open=False hour_summary=Closed until 2:00pm
[2026-08-01 00:15:03] RIMAC Fitness Gym: 0% (Closed) people=0 capacity=150 is_open=False hour_summary=Closed until 8:00am
[2026-08-01 00:15:03] Triton Esports Center: 0% (Closed) people=0 capacity=35 is_open=False hour_summary=closed
[2026-08-01 00:15:03] === SCRAPE END OK ===
[2026-08-01 00:30:02] === SCRAPE START ===
[2026-08-01 00:30:02] Fetching https://waitz.io/live/ucsd-rec
[2026-08-01 00:30:03] Saved 4 rows to ucsd_occupancy_history.csv
[2026-08-01 00:30:03] Main Gym Fitness Gym: 0% (Closed) people=0 capacity=72 is_open=False hour_summary=closed
[2026-08-01 00:30:03] Outback Climbing Center: 0% (Closed) people=0 capacity=30 is_open=False hour_summary=Closed until 2:00pm
[2026-08-01 00:30:03] RIMAC Fitness Gym: 0% (Closed) people=0 capacity=150 is_open=False hour_summary=Closed until 8:00am
[2026-08-01 00:30:03] Triton Esports Center: 0% (Closed) people=0 capacity=35 is_open=False hour_summary=closed
[2026-08-01 00:30:03] === SCRAPE END OK ===
[2026-08-01 00:45:02] === SCRAPE START ===
[2026-08-01 00:45:02] Fetching https://waitz.io/live/ucsd-rec
[2026-08-01 00:45:03] Saved 4 rows to ucsd_occupancy_history.csv
[2026-08-01 00:45:03] Main Gym Fitness Gym: 0% (Closed) people=0 capacity=72 is_open=False hour_summary=closed
[2026-08-01 00:45:03] Outback Climbing Center: 0% (Closed) people=0 capacity=30 is_open=False hour_summary=Closed until 2:00pm
[2026-08-01 00:45:03] RIMAC Fitness Gym: 0% (Closed) people=0 capacity=150 is_open=False hour_summary=Closed until 8:00am
[2026-08-01 00:45:03] Triton Esports Center: 0% (Closed) people=0 capacity=35 is_open=False hour_summary=closed
[2026-08-01 00:45:03] === SCRAPE END OK ===
[2026-08-01 01:00:02] === SCRAPE START ===
[2026-08-01 01:00:02] Fetching https://waitz.io/live/ucsd-rec
[2026-08-01 01:00:03] Saved 4 rows to ucsd_occupancy_history.csv
[2026-08-01 01:00:03] Main Gym Fitness Gym: 1% (Closed) people=1 capacity=72 is_open=False hour_summary=closed
[2026-08-01 01:00:03] Outback Climbing Center: 0% (Closed) people=0 capacity=30 is_open=False hour_summary=Closed until 2:00pm
[2026-08-01 01:00:03] RIMAC Fitness Gym: 0% (Closed) people=0 capacity=150 is_open=False hour_summary=Closed until 8:00am
[2026-08-01 01:00:03] Triton Esports Center: 0% (Closed) people=0 capacity=35 is_open=False hour_summary=closed
[2026-08-01 01:00:03] === SCRAPE END OK ===
[2026-08-01 01:15:02] === SCRAPE START ===
[2026-08-01 01:15:02] Fetching https://waitz.io/live/ucsd-rec
[2026-08-01 01:15:03] Saved 4 rows to ucsd_occupancy_history.csv
[2026-08-01 01:15:03] Main Gym Fitness Gym: 0% (Closed) people=0 capacity=72 is_open=False hour_summary=closed
[2026-08-01 01:15:03] Outback Climbing Center: 0% (Closed) people=0 capacity=30 is_open=False hour_summary=Closed until 2:00pm
[2026-08-01 01:15:03] RIMAC Fitness Gym: 0% (Closed) people=0 capacity=150 is_open=False hour_summary=Closed until 8:00am
[2026-08-01 01:15:03] Triton Esports Center: 0% (Closed) people=0 capacity=35 is_open=False hour_summary=closed
[2026-08-01 01:15:03] === SCRAPE END OK ===
[2026-08-01 01:30:02] === SCRAPE START ===
[2026-08-01 01:30:02] Fetching https://waitz.io/live/ucsd-rec
[2026-08-01 01:30:03] Saved 4 rows to ucsd_occupancy_history.csv
[2026-08-01 01:30:03] Main Gym Fitness Gym: 1% (Closed) people=1 capacity=72 is_open=False hour_summary=closed
[2026-08-01 01:30:03] Outback Climbing Center: 0% (Closed) people=0 capacity=30 is_open=False hour_summary=Closed until 2:00pm
[2026-08-01 01:30:03] RIMAC Fitness Gym: 1% (Closed) people=2 capacity=150 is_open=False hour_summary=Closed until 8:00am
[2026-08-01 01:30:03] Triton Esports Center: 0% (Closed) people=0 capacity=35 is_open=False hour_summary=closed
[2026-08-01 01:30:03] === SCRAPE END OK ===
[2026-08-01 01:45:03] === SCRAPE START ===
[2026-08-01 01:45:03] Fetching https://waitz.io/live/ucsd-rec
[2026-08-01 01:45:03] Saved 4 rows to ucsd_occupancy_history.csv
[2026-08-01 01:45:03] Main Gym Fitness Gym: 0% (Closed) people=0 capacity=72 is_open=False hour_summary=closed
[2026-08-01 01:45:03] Outback Climbing Center: 0% (Closed) people=0 capacity=30 is_open=False hour_summary=Closed until 2:00pm
[2026-08-01 01:45:03] RIMAC Fitness Gym: 0% (Closed) people=0 capacity=150 is_open=False hour_summary=Closed until 8:00am
[2026-08-01 01:45:03] Triton Esports Center: 0% (Closed) people=0 capacity=35 is_open=False hour_summary=closed
[2026-08-01 01:45:03] === SCRAPE END OK ===
[2026-08-01 02:00:02] === SCRAPE START ===
[2026-08-01 02:00:02] Fetching https://waitz.io/live/ucsd-rec
[2026-08-01 02:00:04] Saved 4 rows to ucsd_occupancy_history.csv
[2026-08-01 02:00:04] Main Gym Fitness Gym: 0% (Closed) people=0 capacity=72 is_open=False hour_summary=closed
[2026-08-01 02:00:04] Outback Climbing Center: 0% (Closed) people=0 capacity=30 is_open=False hour_summary=Closed until 2:00pm
[2026-08-01 02:00:04] RIMAC Fitness Gym: 0% (Closed) people=0 capacity=150 is_open=False hour_summary=Closed until 8:00am
[2026-08-01 02:00:04] Triton Esports Center: 0% (Closed) people=0 capacity=35 is_open=False hour_summary=closed
[2026-08-01 02:00:04] === SCRAPE END OK ===
[2026-08-01 02:15:02] === SCRAPE START ===
[2026-08-01 02:15:02] Fetching https://waitz.io/live/ucsd-rec
[2026-08-01 02:15:03] Saved 4 rows to ucsd_occupancy_history.csv
[2026-08-01 02:15:03] Main Gym Fitness Gym: 0% (Closed) people=0 capacity=72 is_open=False hour_summary=closed
[2026-08-01 02:15:03] Outback Climbing Center: 3% (Closed) people=1 capacity=30 is_open=False hour_summary=Closed until 2:00pm
[2026-08-01 02:15:03] RIMAC Fitness Gym: 0% (Closed) people=0 capacity=150 is_open=False hour_summary=Closed until 8:00am
[2026-08-01 02:15:03] Triton Esports Center: 0% (Closed) people=0 capacity=35 is_open=False hour_summary=closed
[2026-08-01 02:15:03] === SCRAPE END OK ===
[2026-08-01 02:30:02] === SCRAPE START ===
[2026-08-01 02:30:02] Fetching https://waitz.io/live/ucsd-rec
[2026-08-01 02:30:03] Saved 4 rows to ucsd_occupancy_history.csv
[2026-08-01 02:30:03] Main Gym Fitness Gym: 0% (Closed) people=0 capacity=72 is_open=False hour_summary=closed
[2026-08-01 02:30:03] Outback Climbing Center: 0% (Closed) people=0 capacity=30 is_open=False hour_summary=Closed until 2:00pm
[2026-08-01 02:30:03] RIMAC Fitness Gym: 0% (Closed) people=0 capacity=150 is_open=False hour_summary=Closed until 8:00am
[2026-08-01 02:30:03] Triton Esports Center: 0% (Closed) people=0 capacity=35 is_open=False hour_summary=closed
[2026-08-01 02:30:03] === SCRAPE END OK ===
[2026-08-01 02:45:02] === SCRAPE START ===
[2026-08-01 02:45:02] Fetching https://waitz.io/live/ucsd-rec
[2026-08-01 02:45:03] Saved 4 rows to ucsd_occupancy_history.csv
[2026-08-01 02:45:03] Main Gym Fitness Gym: 0% (Closed) people=0 capacity=72 is_open=False hour_summary=closed
[2026-08-01 02:45:03] Outback Climbing Center: 0% (Closed) people=0 capacity=30 is_open=False hour_summary=Closed until 2:00pm
[2026-08-01 02:45:03] RIMAC Fitness Gym: 0% (Closed) people=0 capacity=150 is_open=False hour_summary=Closed until 8:00am
[2026-08-01 02:45:03] Triton Esports Center: 0% (Closed) people=0 capacity=35 is_open=False hour_summary=closed
[2026-08-01 02:45:03] === SCRAPE END OK ===
[2026-08-01 03:00:02] === SCRAPE START ===
[2026-08-01 03:00:02] Fetching https://waitz.io/live/ucsd-rec
[2026-08-01 03:00:03] Saved 4 rows to ucsd_occupancy_history.csv
[2026-08-01 03:00:03] Main Gym Fitness Gym: 0% (Closed) people=0 capacity=72 is_open=False hour_summary=closed
[2026-08-01 03:00:03] Outback Climbing Center: 0% (Closed) people=0 capacity=30 is_open=False hour_summary=Closed until 2:00pm
[2026-08-01 03:00:03] RIMAC Fitness Gym: 0% (Closed) people=0 capacity=150 is_open=False hour_summary=Closed until 8:00am
[2026-08-01 03:00:03] Triton Esports Center: 0% (Closed) people=0 capacity=35 is_open=False hour_summary=closed
[2026-08-01 03:00:03] === SCRAPE END OK ===
[2026-08-01 03:15:02] === SCRAPE START ===
[2026-08-01 03:15:02] Fetching https://waitz.io/live/ucsd-rec
[2026-08-01 03:15:04] Saved 4 rows to ucsd_occupancy_history.csv
[2026-08-01 03:15:04] Main Gym Fitness Gym: 0% (Closed) people=0 capacity=72 is_open=False hour_summary=closed
[2026-08-01 03:15:04] Outback Climbing Center: 0% (Closed) people=0 capacity=30 is_open=False hour_summary=Closed until 2:00pm
[2026-08-01 03:15:04] RIMAC Fitness Gym: 0% (Closed) people=0 capacity=150 is_open=False hour_summary=Closed until 8:00am
[2026-08-01 03:15:04] Triton Esports Center: 0% (Closed) people=0 capacity=35 is_open=False hour_summary=closed
[2026-08-01 03:15:04] === SCRAPE END OK ===
[2026-08-01 03:30:02] === SCRAPE START ===
[2026-08-01 03:30:02] Fetching https://waitz.io/live/ucsd-rec
[2026-08-01 03:30:03] Saved 4 rows to ucsd_occupancy_history.csv
[2026-08-01 03:30:03] Main Gym Fitness Gym: 0% (Closed) people=0 capacity=72 is_open=False hour_summary=closed
[2026-08-01 03:30:03] Outback Climbing Center: 0% (Closed) people=0 capacity=30 is_open=False hour_summary=Closed until 2:00pm
[2026-08-01 03:30:03] RIMAC Fitness Gym: 0% (Closed) people=0 capacity=150 is_open=False hour_summary=Closed until 8:00am
[2026-08-01 03:30:03] Triton Esports Center: 0% (Closed) people=0 capacity=35 is_open=False hour_summary=closed
[2026-08-01 03:30:03] === SCRAPE END OK ===
[2026-08-01 03:45:02] === SCRAPE START ===
[2026-08-01 03:45:02] Fetching https://waitz.io/live/ucsd-rec
[2026-08-01 03:45:02] Saved 4 rows to ucsd_occupancy_history.csv
[2026-08-01 03:45:02] Main Gym Fitness Gym: 1% (Closed) people=1 capacity=72 is_open=False hour_summary=closed
[2026-08-01 03:45:02] Outback Climbing Center: 0% (Closed) people=0 capacity=30 is_open=False hour_summary=Closed until 2:00pm
[2026-08-01 03:45:02] RIMAC Fitness Gym: 0% (Closed) people=0 capacity=150 is_open=False hour_summary=Closed until 8:00am
[2026-08-01 03:45:02] Triton Esports Center: 0% (Closed) people=0 capacity=35 is_open=False hour_summary=closed
[2026-08-01 03:45:02] === SCRAPE END OK ===
[2026-08-01 04:00:02] === SCRAPE START ===
[2026-08-01 04:00:02] Fetching https://waitz.io/live/ucsd-rec
[2026-08-01 04:00:03] Saved 4 rows to ucsd_occupancy_history.csv
[2026-08-01 04:00:03] Main Gym Fitness Gym: 0% (Closed) people=0 capacity=72 is_open=False hour_summary=closed
[2026-08-01 04:00:03] Outback Climbing Center: 0% (Closed) people=0 capacity=30 is_open=False hour_summary=Closed until 2:00pm
[2026-08-01 04:00:03] RIMAC Fitness Gym: 0% (Closed) people=0 capacity=150 is_open=False hour_summary=Closed until 8:00am
[2026-08-01 04:00:03] Triton Esports Center: 0% (Closed) people=0 capacity=35 is_open=False hour_summary=closed
[2026-08-01 04:00:03] === SCRAPE END OK ===
[2026-08-01 04:15:02] === SCRAPE START ===
[2026-08-01 04:15:02] Fetching https://waitz.io/live/ucsd-rec
[2026-08-01 04:15:03] Saved 4 rows to ucsd_occupancy_history.csv
[2026-08-01 04:15:03] Main Gym Fitness Gym: 1% (Closed) people=1 capacity=72 is_open=False hour_summary=closed
[2026-08-01 04:15:03] Outback Climbing Center: 0% (Closed) people=0 capacity=30 is_open=False hour_summary=Closed until 2:00pm
[2026-08-01 04:15:03] RIMAC Fitness Gym: 1% (Closed) people=2 capacity=150 is_open=False hour_summary=Closed until 8:00am
[2026-08-01 04:15:03] Triton Esports Center: 0% (Closed) people=0 capacity=35 is_open=False hour_summary=closed
[2026-08-01 04:15:03] === SCRAPE END OK ===
[2026-08-01 04:30:02] === SCRAPE START ===
[2026-08-01 04:30:02] Fetching https://waitz.io/live/ucsd-rec
[2026-08-01 04:30:03] Saved 4 rows to ucsd_occupancy_history.csv
[2026-08-01 04:30:03] Main Gym Fitness Gym: 1% (Closed) people=1 capacity=72 is_open=False hour_summary=closed
[2026-08-01 04:30:03] Outback Climbing Center: 3% (Closed) people=1 capacity=30 is_open=False hour_summary=Closed until 2:00pm
[2026-08-01 04:30:03] RIMAC Fitness Gym: 0% (Closed) people=0 capacity=150 is_open=False hour_summary=Closed until 8:00am
[2026-08-01 04:30:03] Triton Esports Center: 0% (Closed) people=0 capacity=35 is_open=False hour_summary=closed
[2026-08-01 04:30:03] === SCRAPE END OK ===
[2026-08-01 04:45:02] === SCRAPE START ===
[2026-08-01 04:45:02] Fetching https://waitz.io/live/ucsd-rec
[2026-08-01 04:45:03] Saved 4 rows to ucsd_occupancy_history.csv
[2026-08-01 04:45:03] Main Gym Fitness Gym: 0% (Closed) people=0 capacity=72 is_open=False hour_summary=closed
[2026-08-01 04:45:03] Outback Climbing Center: 0% (Closed) people=0 capacity=30 is_open=False hour_summary=Closed until 2:00pm
[2026-08-01 04:45:03] RIMAC Fitness Gym: 0% (Closed) people=0 capacity=150 is_open=False hour_summary=Closed until 8:00am
[2026-08-01 04:45:03] Triton Esports Center: 0% (Closed) people=0 capacity=35 is_open=False hour_summary=closed
[2026-08-01 04:45:03] === SCRAPE END OK ===
[2026-08-01 05:00:02] === SCRAPE START ===
[2026-08-01 05:00:02] Fetching https://waitz.io/live/ucsd-rec
[2026-08-01 05:00:04] Saved 4 rows to ucsd_occupancy_history.csv
[2026-08-01 05:00:04] Main Gym Fitness Gym: 0% (Closed) people=0 capacity=72 is_open=False hour_summary=closed
[2026-08-01 05:00:04] Outback Climbing Center: 0% (Closed) people=0 capacity=30 is_open=False hour_summary=Closed until 2:00pm
[2026-08-01 05:00:04] RIMAC Fitness Gym: 0% (Closed) people=0 capacity=150 is_open=False hour_summary=Closed until 8:00am
[2026-08-01 05:00:04] Triton Esports Center: 0% (Closed) people=0 capacity=35 is_open=False hour_summary=closed
[2026-08-01 05:00:04] === SCRAPE END OK ===
[2026-08-01 05:15:02] === SCRAPE START ===
[2026-08-01 05:15:02] Fetching https://waitz.io/live/ucsd-rec
[2026-08-01 05:15:03] Saved 4 rows to ucsd_occupancy_history.csv
[2026-08-01 05:15:03] Main Gym Fitness Gym: 0% (Closed) people=0 capacity=72 is_open=False hour_summary=closed
[2026-08-01 05:15:03] Outback Climbing Center: 3% (Closed) people=1 capacity=30 is_open=False hour_summary=Closed until 2:00pm
[2026-08-01 05:15:03] RIMAC Fitness Gym: 0% (Closed) people=0 capacity=150 is_open=False hour_summary=Closed until 8:00am
[2026-08-01 05:15:03] Triton Esports Center: 0% (Closed) people=0 capacity=35 is_open=False hour_summary=closed
[2026-08-01 05:15:03] === SCRAPE END OK ===
[2026-08-01 05:30:02] === SCRAPE START ===
[2026-08-01 05:30:02] Fetching https://waitz.io/live/ucsd-rec
[2026-08-01 05:30:03] Saved 4 rows to ucsd_occupancy_history.csv
[2026-08-01 05:30:03] Main Gym Fitness Gym: 0% (Closed) people=0 capacity=72 is_open=False hour_summary=closed
[2026-08-01 05:30:03] Outback Climbing Center: 3% (Closed) people=1 capacity=30 is_open=False hour_summary=Closed until 2:00pm
[2026-08-01 05:30:03] RIMAC Fitness Gym: 1% (Closed) people=2 capacity=150 is_open=False hour_summary=Closed until 8:00am
[2026-08-01 05:30:03] Triton Esports Center: 0% (Closed) people=0 capacity=35 is_open=False hour_summary=closed
[2026-08-01 05:30:03] === SCRAPE END OK ===
[2026-08-01 05:45:02] === SCRAPE START ===
[2026-08-01 05:45:02] Fetching https://waitz.io/live/ucsd-rec
[2026-08-01 05:45:03] Saved 4 rows to ucsd_occupancy_history.csv
[2026-08-01 05:45:03] Main Gym Fitness Gym: 0% (Closed) people=0 capacity=72 is_open=False hour_summary=closed
[2026-08-01 05:45:03] Outback Climbing Center: 0% (Closed) people=0 capacity=30 is_open=False hour_summary=Closed until 2:00pm
[2026-08-01 05:45:03] RIMAC Fitness Gym: 0% (Closed) people=0 capacity=150 is_open=False hour_summary=Closed until 8:00am
[2026-08-01 05:45:03] Triton Esports Center: 0% (Closed) people=0 capacity=35 is_open=False hour_summary=closed
[2026-08-01 05:45:03] === SCRAPE END OK ===
[2026-08-01 06:00:02] === SCRAPE START ===
[2026-08-01 06:00:02] Fetching https://waitz.io/live/ucsd-rec
[2026-08-01 06:00:04] Saved 4 rows to ucsd_occupancy_history.csv
[2026-08-01 06:00:04] Main Gym Fitness Gym: 0% (Closed) people=0 capacity=72 is_open=False hour_summary=closed
[2026-08-01 06:00:04] Outback Climbing Center: 0% (Closed) people=0 capacity=30 is_open=False hour_summary=Closed until 2:00pm
[2026-08-01 06:00:04] RIMAC Fitness Gym: 1% (Closed) people=2 capacity=150 is_open=False hour_summary=Closed until 8:00am
[2026-08-01 06:00:04] Triton Esports Center: 0% (Closed) people=0 capacity=35 is_open=False hour_summary=closed
[2026-08-01 06:00:04] === SCRAPE END OK ===
[2026-08-01 06:15:02] === SCRAPE START ===
[2026-08-01 06:15:02] Fetching https://waitz.io/live/ucsd-rec
[2026-08-01 06:15:03] Saved 4 rows to ucsd_occupancy_history.csv
[2026-08-01 06:15:03] Main Gym Fitness Gym: 1% (Closed) people=1 capacity=72 is_open=False hour_summary=closed
[2026-08-01 06:15:03] Outback Climbing Center: 10% (Closed) people=3 capacity=30 is_open=False hour_summary=Closed until 2:00pm
[2026-08-01 06:15:03] RIMAC Fitness Gym: 0% (Closed) people=0 capacity=150 is_open=False hour_summary=Closed until 8:00am
[2026-08-01 06:15:03] Triton Esports Center: 0% (Closed) people=0 capacity=35 is_open=False hour_summary=closed
[2026-08-01 06:15:03] === SCRAPE END OK ===
[2026-08-01 06:30:02] === SCRAPE START ===
[2026-08-01 06:30:02] Fetching https://waitz.io/live/ucsd-rec
[2026-08-01 06:30:03] Saved 4 rows to ucsd_occupancy_history.csv
[2026-08-01 06:30:03] Main Gym Fitness Gym: 0% (Closed) people=0 capacity=72 is_open=False hour_summary=closed
[2026-08-01 06:30:03] Outback Climbing Center: 3% (Closed) people=1 capacity=30 is_open=False hour_summary=Closed until 2:00pm
[2026-08-01 06:30:03] RIMAC Fitness Gym: 1% (Closed) people=2 capacity=150 is_open=False hour_summary=Closed until 8:00am
[2026-08-01 06:30:03] Triton Esports Center: 0% (Closed) people=0 capacity=35 is_open=False hour_summary=closed
[2026-08-01 06:30:03] === SCRAPE END OK ===
[2026-08-01 06:45:02] === SCRAPE START ===
[2026-08-01 06:45:02] Fetching https://waitz.io/live/ucsd-rec
[2026-08-01 06:45:03] Saved 4 rows to ucsd_occupancy_history.csv
[2026-08-01 06:45:03] Main Gym Fitness Gym: 0% (Closed) people=0 capacity=72 is_open=False hour_summary=closed
[2026-08-01 06:45:03] Outback Climbing Center: 0% (Closed) people=0 capacity=30 is_open=False hour_summary=Closed until 2:00pm
[2026-08-01 06:45:03] RIMAC Fitness Gym: 1% (Closed) people=2 capacity=150 is_open=False hour_summary=Closed until 8:00am
[2026-08-01 06:45:03] Triton Esports Center: 0% (Closed) people=0 capacity=35 is_open=False hour_summary=closed
[2026-08-01 06:45:03] === SCRAPE END OK ===
[2026-08-01 07:00:02] === SCRAPE START ===
[2026-08-01 07:00:02] Fetching https://waitz.io/live/ucsd-rec
[2026-08-01 07:00:04] Saved 4 rows to ucsd_occupancy_history.csv
[2026-08-01 07:00:04] Main Gym Fitness Gym: 0% (Closed) people=0 capacity=72 is_open=False hour_summary=closed
[2026-08-01 07:00:04] Outback Climbing Center: 0% (Closed) people=0 capacity=30 is_open=False hour_summary=Closed until 2:00pm
[2026-08-01 07:00:04] RIMAC Fitness Gym: 1% (Closed) people=2 capacity=150 is_open=False hour_summary=Closed until 8:00am
[2026-08-01 07:00:04] Triton Esports Center: 0% (Closed) people=0 capacity=35 is_open=False hour_summary=closed
[2026-08-01 07:00:04] === SCRAPE END OK ===
[2026-08-01 07:15:02] === SCRAPE START ===
[2026-08-01 07:15:02] Fetching https://waitz.io/live/ucsd-rec
[2026-08-01 07:15:03] Saved 4 rows to ucsd_occupancy_history.csv
[2026-08-01 07:15:03] Main Gym Fitness Gym: 0% (Closed) people=0 capacity=72 is_open=False hour_summary=closed
[2026-08-01 07:15:03] Outback Climbing Center: 0% (Closed) people=0 capacity=30 is_open=False hour_summary=Closed until 2:00pm
[2026-08-01 07:15:03] RIMAC Fitness Gym: 0% (Closed) people=0 capacity=150 is_open=False hour_summary=Closed until 8:00am
[2026-08-01 07:15:03] Triton Esports Center: 0% (Closed) people=0 capacity=35 is_open=False hour_summary=closed
[2026-08-01 07:15:03] === SCRAPE END OK ===
[2026-08-01 07:30:02] === SCRAPE START ===
[2026-08-01 07:30:02] Fetching https://waitz.io/live/ucsd-rec
[2026-08-01 07:30:03] Saved 4 rows to ucsd_occupancy_history.csv
[2026-08-01 07:30:03] Main Gym Fitness Gym: 1% (Closed) people=1 capacity=72 is_open=False hour_summary=closed
[2026-08-01 07:30:03] Outback Climbing Center: 0% (Closed) people=0 capacity=30 is_open=False hour_summary=Closed until 2:00pm
[2026-08-01 07:30:03] RIMAC Fitness Gym: 0% (Closed) people=0 capacity=150 is_open=False hour_summary=Closed until 8:00am
[2026-08-01 07:30:03] Triton Esports Center: 0% (Closed) people=0 capacity=35 is_open=False hour_summary=closed
[2026-08-01 07:30:03] === SCRAPE END OK ===
[2026-08-01 07:45:02] === SCRAPE START ===
[2026-08-01 07:45:02] Fetching https://waitz.io/live/ucsd-rec
[2026-08-01 07:45:02] Saved 4 rows to ucsd_occupancy_history.csv
[2026-08-01 07:45:02] Main Gym Fitness Gym: 0% (Closed) people=0 capacity=72 is_open=False hour_summary=closed
[2026-08-01 07:45:02] Outback Climbing Center: 0% (Closed) people=0 capacity=30 is_open=False hour_summary=Closed until 2:00pm
[2026-08-01 07:45:02] RIMAC Fitness Gym: 0% (Closed) people=0 capacity=150 is_open=False hour_summary=Closed until 8:00am
[2026-08-01 07:45:02] Triton Esports Center: 0% (Closed) people=0 capacity=35 is_open=False hour_summary=closed
[2026-08-01 07:45:02] === SCRAPE END OK ===
[2026-08-01 08:00:02] === SCRAPE START ===
[2026-08-01 08:00:02] Fetching https://waitz.io/live/ucsd-rec
[2026-08-01 08:00:04] Saved 4 rows to ucsd_occupancy_history.csv
[2026-08-01 08:00:04] Main Gym Fitness Gym: 3% (Closed) people=2 capacity=72 is_open=False hour_summary=closed
[2026-08-01 08:00:04] Outback Climbing Center: 0% (Closed) people=0 capacity=30 is_open=False hour_summary=Closed until 2:00pm
[2026-08-01 08:00:04] RIMAC Fitness Gym: 0% (Not Busy) people=0 capacity=150 is_open=True hour_summary=open
[2026-08-01 08:00:04] Triton Esports Center: 0% (Closed) people=0 capacity=35 is_open=False hour_summary=closed
[2026-08-01 08:00:04] === SCRAPE END OK ===
[2026-08-01 08:15:02] === SCRAPE START ===
[2026-08-01 08:15:02] Fetching https://waitz.io/live/ucsd-rec
[2026-08-01 08:15:03] Saved 4 rows to ucsd_occupancy_history.csv
[2026-08-01 08:15:03] Main Gym Fitness Gym: 7% (Closed) people=5 capacity=72 is_open=False hour_summary=closed
[2026-08-01 08:15:03] Outback Climbing Center: 0% (Closed) people=0 capacity=30 is_open=False hour_summary=Closed until 2:00pm
[2026-08-01 08:15:03] RIMAC Fitness Gym: 1% (Not Busy) people=2 capacity=150 is_open=True hour_summary=open
[2026-08-01 08:15:03] Triton Esports Center: 0% (Closed) people=0 capacity=35 is_open=False hour_summary=closed
[2026-08-01 08:15:03] === SCRAPE END OK ===
[2026-08-01 08:30:02] === SCRAPE START ===
[2026-08-01 08:30:02] Fetching https://waitz.io/live/ucsd-rec
[2026-08-01 08:30:04] Saved 4 rows to ucsd_occupancy_history.csv
[2026-08-01 08:30:04] Main Gym Fitness Gym: 1% (Closed) people=1 capacity=72 is_open=False hour_summary=closed
[2026-08-01 08:30:04] Outback Climbing Center: 0% (Closed) people=0 capacity=30 is_open=False hour_summary=Closed until 2:00pm
[2026-08-01 08:30:04] RIMAC Fitness Gym: 7% (Not Busy) people=11 capacity=150 is_open=True hour_summary=open
[2026-08-01 08:30:04] Triton Esports Center: 0% (Closed) people=0 capacity=35 is_open=False hour_summary=closed
[2026-08-01 08:30:04] === SCRAPE END OK ===
[2026-08-01 08:45:02] === SCRAPE START ===
[2026-08-01 08:45:02] Fetching https://waitz.io/live/ucsd-rec
[2026-08-01 08:45:03] Saved 4 rows to ucsd_occupancy_history.csv
[2026-08-01 08:45:03] Main Gym Fitness Gym: 6% (Closed) people=4 capacity=72 is_open=False hour_summary=closed
[2026-08-01 08:45:03] Outback Climbing Center: 0% (Closed) people=0 capacity=30 is_open=False hour_summary=Closed until 2:00pm
[2026-08-01 08:45:03] RIMAC Fitness Gym: 8% (Not Busy) people=12 capacity=150 is_open=True hour_summary=open
[2026-08-01 08:45:03] Triton Esports Center: 0% (Closed) people=0 capacity=35 is_open=False hour_summary=closed
[2026-08-01 08:45:03] === SCRAPE END OK ===
[2026-08-01 09:00:02] === SCRAPE START ===
[2026-08-01 09:00:02] Fetching https://waitz.io/live/ucsd-rec
[2026-08-01 09:00:04] Saved 4 rows to ucsd_occupancy_history.csv
[2026-08-01 09:00:04] Main Gym Fitness Gym: 11% (Closed) people=8 capacity=72 is_open=False hour_summary=closed
[2026-08-01 09:00:04] Outback Climbing Center: 0% (Closed) people=0 capacity=30 is_open=False hour_summary=Closed until 2:00pm
[2026-08-01 09:00:04] RIMAC Fitness Gym: 8% (Not Busy) people=12 capacity=150 is_open=True hour_summary=open
[2026-08-01 09:00:04] Triton Esports Center: 0% (Closed) people=0 capacity=35 is_open=False hour_summary=closed
[2026-08-01 09:00:04] === SCRAPE END OK ===
[2026-08-01 09:15:02] === SCRAPE START ===
[2026-08-01 09:15:02] Fetching https://waitz.io/live/ucsd-rec
[2026-08-01 09:15:03] Saved 4 rows to ucsd_occupancy_history.csv
[2026-08-01 09:15:03] Main Gym Fitness Gym: 14% (Closed) people=10 capacity=72 is_open=False hour_summary=closed
[2026-08-01 09:15:03] Outback Climbing Center: 0% (Closed) people=0 capacity=30 is_open=False hour_summary=Closed until 2:00pm
[2026-08-01 09:15:03] RIMAC Fitness Gym: 8% (Not Busy) people=12 capacity=150 is_open=True hour_summary=open
[2026-08-01 09:15:03] Triton Esports Center: 0% (Closed) people=0 capacity=35 is_open=False hour_summary=closed
[2026-08-01 09:15:03] === SCRAPE END OK ===
[2026-08-01 09:30:02] === SCRAPE START ===
[2026-08-01 09:30:02] Fetching https://waitz.io/live/ucsd-rec
[2026-08-01 09:30:04] Saved 4 rows to ucsd_occupancy_history.csv
[2026-08-01 09:30:04] Main Gym Fitness Gym: 17% (Closed) people=12 capacity=72 is_open=False hour_summary=closed
[2026-08-01 09:30:04] Outback Climbing Center: 0% (Closed) people=0 capacity=30 is_open=False hour_summary=Closed until 2:00pm
[2026-08-01 09:30:04] RIMAC Fitness Gym: 11% (Not Busy) people=17 capacity=150 is_open=True hour_summary=open
[2026-08-01 09:30:04] Triton Esports Center: 0% (Closed) people=0 capacity=35 is_open=False hour_summary=closed
[2026-08-01 09:30:04] === SCRAPE END OK ===
[2026-08-01 09:45:02] === SCRAPE START ===
[2026-08-01 09:45:02] Fetching https://waitz.io/live/ucsd-rec
[2026-08-01 09:45:03] Saved 4 rows to ucsd_occupancy_history.csv
[2026-08-01 09:45:03] Main Gym Fitness Gym: 18% (Closed) people=13 capacity=72 is_open=False hour_summary=closed
[2026-08-01 09:45:03] Outback Climbing Center: 0% (Closed) people=0 capacity=30 is_open=False hour_summary=Closed until 2:00pm
[2026-08-01 09:45:03] RIMAC Fitness Gym: 8% (Not Busy) people=12 capacity=150 is_open=True hour_summary=open
[2026-08-01 09:45:03] Triton Esports Center: 0% (Closed) people=0 capacity=35 is_open=False hour_summary=closed
[2026-08-01 09:45:03] === SCRAPE END OK ===
[2026-08-01 10:00:02] === SCRAPE START ===
[2026-08-01 10:00:02] Fetching https://waitz.io/live/ucsd-rec
[2026-08-01 10:00:03] Saved 4 rows to ucsd_occupancy_history.csv
[2026-08-01 10:00:03] Main Gym Fitness Gym: 22% (Closed) people=16 capacity=72 is_open=False hour_summary=closed
[2026-08-01 10:00:03] Outback Climbing Center: 0% (Closed) people=0 capacity=30 is_open=False hour_summary=Closed until 2:00pm
[2026-08-01 10:00:03] RIMAC Fitness Gym: 7% (Not Busy) people=11 capacity=150 is_open=True hour_summary=open
[2026-08-01 10:00:03] Triton Esports Center: 3% (Closed) people=1 capacity=35 is_open=False hour_summary=closed
[2026-08-01 10:00:03] === SCRAPE END OK ===
[2026-08-01 10:15:02] === SCRAPE START ===
[2026-08-01 10:15:02] Fetching https://waitz.io/live/ucsd-rec
[2026-08-01 10:15:03] Saved 4 rows to ucsd_occupancy_history.csv
[2026-08-01 10:15:03] Main Gym Fitness Gym: 40% (Closed) people=29 capacity=72 is_open=False hour_summary=closed
[2026-08-01 10:15:03] Outback Climbing Center: 0% (Closed) people=0 capacity=30 is_open=False hour_summary=Closed until 2:00pm
[2026-08-01 10:15:03] RIMAC Fitness Gym: 10% (Not Busy) people=15 capacity=150 is_open=True hour_summary=open
[2026-08-01 10:15:03] Triton Esports Center: 0% (Closed) people=0 capacity=35 is_open=False hour_summary=closed
[2026-08-01 10:15:03] === SCRAPE END OK ===
[2026-08-01 10:30:02] === SCRAPE START ===
[2026-08-01 10:30:02] Fetching https://waitz.io/live/ucsd-rec
[2026-08-01 10:30:03] Saved 4 rows to ucsd_occupancy_history.csv
[2026-08-01 10:30:03] Main Gym Fitness Gym: 74% (Closed) people=53 capacity=72 is_open=False hour_summary=closed
[2026-08-01 10:30:03] Outback Climbing Center: 0% (Closed) people=0 capacity=30 is_open=False hour_summary=Closed until 2:00pm
[2026-08-01 10:30:03] RIMAC Fitness Gym: 7% (Not Busy) people=11 capacity=150 is_open=True hour_summary=open
[2026-08-01 10:30:03] Triton Esports Center: 0% (Closed) people=0 capacity=35 is_open=False hour_summary=closed
[2026-08-01 10:30:03] === SCRAPE END OK ===
[2026-08-01 10:45:02] === SCRAPE START ===
[2026-08-01 10:45:02] Fetching https://waitz.io/live/ucsd-rec
[2026-08-01 10:45:03] Saved 4 rows to ucsd_occupancy_history.csv
[2026-08-01 10:45:03] Main Gym Fitness Gym: 33% (Closed) people=24 capacity=72 is_open=False hour_summary=closed
[2026-08-01 10:45:03] Outback Climbing Center: 0% (Closed) people=0 capacity=30 is_open=False hour_summary=Closed until 2:00pm
[2026-08-01 10:45:03] RIMAC Fitness Gym: 8% (Not Busy) people=12 capacity=150 is_open=True hour_summary=open
[2026-08-01 10:45:03] Triton Esports Center: 0% (Closed) people=0 capacity=35 is_open=False hour_summary=closed
[2026-08-01 10:45:03] === SCRAPE END OK ===
[2026-08-01 11:00:02] === SCRAPE START ===
[2026-08-01 11:00:02] Fetching https://waitz.io/live/ucsd-rec
[2026-08-01 11:00:04] Saved 4 rows to ucsd_occupancy_history.csv
[2026-08-01 11:00:04] Main Gym Fitness Gym: 25% (Closed) people=18 capacity=72 is_open=False hour_summary=closed
[2026-08-01 11:00:04] Outback Climbing Center: 0% (Closed) people=0 capacity=30 is_open=False hour_summary=Closed until 2:00pm
[2026-08-01 11:00:04] RIMAC Fitness Gym: 12% (Not Busy) people=18 capacity=150 is_open=True hour_summary=open
[2026-08-01 11:00:04] Triton Esports Center: 0% (Closed) people=0 capacity=35 is_open=False hour_summary=closed
[2026-08-01 11:00:04] === SCRAPE END OK ===
[2026-08-01 11:15:02] === SCRAPE START ===
[2026-08-01 11:15:02] Fetching https://waitz.io/live/ucsd-rec
[2026-08-01 11:15:03] Saved 4 rows to ucsd_occupancy_history.csv
[2026-08-01 11:15:03] Main Gym Fitness Gym: 36% (Closed) people=26 capacity=72 is_open=False hour_summary=closed
[2026-08-01 11:15:03] Outback Climbing Center: 0% (Closed) people=0 capacity=30 is_open=False hour_summary=Closed until 2:00pm
[2026-08-01 11:15:03] RIMAC Fitness Gym: 15% (Not Busy) people=23 capacity=150 is_open=True hour_summary=open
[2026-08-01 11:15:03] Triton Esports Center: 0% (Closed) people=0 capacity=35 is_open=False hour_summary=closed
[2026-08-01 11:15:03] === SCRAPE END OK ===
[2026-08-01 11:30:02] === SCRAPE START ===
[2026-08-01 11:30:02] Fetching https://waitz.io/live/ucsd-rec
[2026-08-01 11:30:03] Saved 4 rows to ucsd_occupancy_history.csv
[2026-08-01 11:30:03] Main Gym Fitness Gym: 28% (Closed) people=20 capacity=72 is_open=False hour_summary=closed
[2026-08-01 11:30:03] Outback Climbing Center: 0% (Closed) people=0 capacity=30 is_open=False hour_summary=Closed until 2:00pm
[2026-08-01 11:30:03] RIMAC Fitness Gym: 14% (Not Busy) people=21 capacity=150 is_open=True hour_summary=open
[2026-08-01 11:30:03] Triton Esports Center: 0% (Closed) people=0 capacity=35 is_open=False hour_summary=closed
[2026-08-01 11:30:03] === SCRAPE END OK ===
[2026-08-01 11:45:02] === SCRAPE START ===
[2026-08-01 11:45:02] Fetching https://waitz.io/live/ucsd-rec
[2026-08-01 11:45:03] Saved 4 rows to ucsd_occupancy_history.csv
[2026-08-01 11:45:03] Main Gym Fitness Gym: 29% (Closed) people=21 capacity=72 is_open=False hour_summary=closed
[2026-08-01 11:45:03] Outback Climbing Center: 17% (Closed) people=5 capacity=30 is_open=False hour_summary=Closed until 2:00pm
[2026-08-01 11:45:03] RIMAC Fitness Gym: 11% (Not Busy) people=17 capacity=150 is_open=True hour_summary=open
[2026-08-01 11:45:03] Triton Esports Center: 0% (Closed) people=0 capacity=35 is_open=False hour_summary=closed
[2026-08-01 11:45:03] === SCRAPE END OK ===
[2026-08-01 12:00:02] === SCRAPE START ===
[2026-08-01 12:00:02] Fetching https://waitz.io/live/ucsd-rec
[2026-08-01 12:00:03] Saved 4 rows to ucsd_occupancy_history.csv
[2026-08-01 12:00:03] Main Gym Fitness Gym: 24% (Closed) people=17 capacity=72 is_open=False hour_summary=closed
[2026-08-01 12:00:03] Outback Climbing Center: 23% (Closed) people=7 capacity=30 is_open=False hour_summary=Closed until 2:00pm
[2026-08-01 12:00:03] RIMAC Fitness Gym: 11% (Not Busy) people=17 capacity=150 is_open=True hour_summary=open
[2026-08-01 12:00:03] Triton Esports Center: 0% (Closed) people=0 capacity=35 is_open=False hour_summary=closed
[2026-08-01 12:00:03] === SCRAPE END OK ===
[2026-08-01 12:15:02] === SCRAPE START ===
[2026-08-01 12:15:02] Fetching https://waitz.io/live/ucsd-rec
[2026-08-01 12:15:03] Saved 4 rows to ucsd_occupancy_history.csv
[2026-08-01 12:15:03] Main Gym Fitness Gym: 36% (Closed) people=26 capacity=72 is_open=False hour_summary=closed
[2026-08-01 12:15:03] Outback Climbing Center: 17% (Closed) people=5 capacity=30 is_open=False hour_summary=Closed until 2:00pm
[2026-08-01 12:15:03] RIMAC Fitness Gym: 7% (Not Busy) people=11 capacity=150 is_open=True hour_summary=open
[2026-08-01 12:15:03] Triton Esports Center: 0% (Closed) people=0 capacity=35 is_open=False hour_summary=closed
[2026-08-01 12:15:03] === SCRAPE END OK ===
[2026-08-01 12:30:02] === SCRAPE START ===
[2026-08-01 12:30:02] Fetching https://waitz.io/live/ucsd-rec
[2026-08-01 12:30:04] Saved 4 rows to ucsd_occupancy_history.csv
[2026-08-01 12:30:04] Main Gym Fitness Gym: 29% (Closed) people=21 capacity=72 is_open=False hour_summary=closed
[2026-08-01 12:30:04] Outback Climbing Center: 10% (Closed) people=3 capacity=30 is_open=False hour_summary=Closed until 2:00pm
[2026-08-01 12:30:04] RIMAC Fitness Gym: 9% (Not Busy) people=14 capacity=150 is_open=True hour_summary=open
[2026-08-01 12:30:04] Triton Esports Center: 0% (Closed) people=0 capacity=35 is_open=False hour_summary=closed
[2026-08-01 12:30:04] === SCRAPE END OK ===
[2026-08-01 12:45:02] === SCRAPE START ===
[2026-08-01 12:45:02] Fetching https://waitz.io/live/ucsd-rec
[2026-08-01 12:45:03] Saved 4 rows to ucsd_occupancy_history.csv
[2026-08-01 12:45:03] Main Gym Fitness Gym: 31% (Closed) people=22 capacity=72 is_open=False hour_summary=closed
[2026-08-01 12:45:03] Outback Climbing Center: 23% (Closed) people=7 capacity=30 is_open=False hour_summary=Closed until 2:00pm
[2026-08-01 12:45:03] RIMAC Fitness Gym: 0% (Data Unavailable) people=0 capacity=150 is_open=True hour_summary=open
[2026-08-01 12:45:03] Triton Esports Center: 0% (Closed) people=0 capacity=35 is_open=False hour_summary=closed
[2026-08-01 12:45:03] === SCRAPE END OK ===
[2026-08-01 13:00:02] === SCRAPE START ===
[2026-08-01 13:00:02] Fetching https://waitz.io/live/ucsd-rec
[2026-08-01 13:00:03] Saved 4 rows to ucsd_occupancy_history.csv
[2026-08-01 13:00:03] Main Gym Fitness Gym: 24% (Closed) people=17 capacity=72 is_open=False hour_summary=closed
[2026-08-01 13:00:03] Outback Climbing Center: 17% (Closed) people=5 capacity=30 is_open=False hour_summary=Closed until 2:00pm
[2026-08-01 13:00:03] RIMAC Fitness Gym: 8% (Not Busy) people=12 capacity=150 is_open=True hour_summary=open
[2026-08-01 13:00:03] Triton Esports Center: 0% (Closed) people=0 capacity=35 is_open=False hour_summary=closed
[2026-08-01 13:00:03] === SCRAPE END OK ===
[2026-08-01 13:15:02] === SCRAPE START ===
[2026-08-01 13:15:02] Fetching https://waitz.io/live/ucsd-rec
[2026-08-01 13:15:03] Saved 4 rows to ucsd_occupancy_history.csv
[2026-08-01 13:15:03] Main Gym Fitness Gym: 14% (Closed) people=10 capacity=72 is_open=False hour_summary=closed
[2026-08-01 13:15:03] Outback Climbing Center: 17% (Closed) people=5 capacity=30 is_open=False hour_summary=Closed until 2:00pm
[2026-08-01 13:15:03] RIMAC Fitness Gym: 9% (Not Busy) people=14 capacity=150 is_open=True hour_summary=open
[2026-08-01 13:15:03] Triton Esports Center: 0% (Closed) people=0 capacity=35 is_open=False hour_summary=closed
[2026-08-01 13:15:03] === SCRAPE END OK ===
[2026-08-01 13:30:02] === SCRAPE START ===
[2026-08-01 13:30:02] Fetching https://waitz.io/live/ucsd-rec
[2026-08-01 13:30:04] Saved 4 rows to ucsd_occupancy_history.csv
[2026-08-01 13:30:04] Main Gym Fitness Gym: 1% (Closed) people=1 capacity=72 is_open=False hour_summary=closed
[2026-08-01 13:30:04] Outback Climbing Center: 23% (Closed) people=7 capacity=30 is_open=False hour_summary=Closed until 2:00pm
[2026-08-01 13:30:04] RIMAC Fitness Gym: 13% (Not Busy) people=20 capacity=150 is_open=True hour_summary=open
[2026-08-01 13:30:04] Triton Esports Center: 0% (Closed) people=0 capacity=35 is_open=False hour_summary=closed
[2026-08-01 13:30:04] === SCRAPE END OK ===
[2026-08-01 13:45:03] === SCRAPE START ===
[2026-08-01 13:45:03] Fetching https://waitz.io/live/ucsd-rec
[2026-08-01 13:45:04] Saved 4 rows to ucsd_occupancy_history.csv
[2026-08-01 13:45:04] Main Gym Fitness Gym: 0% (Closed) people=0 capacity=72 is_open=False hour_summary=closed
[2026-08-01 13:45:04] Outback Climbing Center: 13% (Closed) people=4 capacity=30 is_open=False hour_summary=Closed until 2:00pm
[2026-08-01 13:45:04] RIMAC Fitness Gym: 11% (Not Busy) people=17 capacity=150 is_open=True hour_summary=open
[2026-08-01 13:45:04] Triton Esports Center: 0% (Closed) people=0 capacity=35 is_open=False hour_summary=closed
[2026-08-01 13:45:04] === SCRAPE END OK ===
[2026-08-01 14:00:02] === SCRAPE START ===
[2026-08-01 14:00:02] Fetching https://waitz.io/live/ucsd-rec
[2026-08-01 14:00:04] Saved 4 rows to ucsd_occupancy_history.csv
[2026-08-01 14:00:04] Main Gym Fitness Gym: 1% (Closed) people=1 capacity=72 is_open=False hour_summary=closed
[2026-08-01 14:00:04] Outback Climbing Center: 3% (Closed) people=1 capacity=30 is_open=False hour_summary=Closed until 2:00pm
[2026-08-01 14:00:04] RIMAC Fitness Gym: 15% (Not Busy) people=23 capacity=150 is_open=True hour_summary=open
[2026-08-01 14:00:04] Triton Esports Center: 0% (Closed) people=0 capacity=35 is_open=False hour_summary=closed
[2026-08-01 14:00:04] === SCRAPE END OK ===
[2026-08-01 14:15:02] === SCRAPE START ===
[2026-08-01 14:15:02] Fetching https://waitz.io/live/ucsd-rec
[2026-08-01 14:15:03] Saved 4 rows to ucsd_occupancy_history.csv
[2026-08-01 14:15:03] Main Gym Fitness Gym: 3% (Closed) people=2 capacity=72 is_open=False hour_summary=closed
[2026-08-01 14:15:03] Outback Climbing Center: 13% (Closed) people=4 capacity=30 is_open=False hour_summary=Closed until 2:00pm
[2026-08-01 14:15:03] RIMAC Fitness Gym: 21% (Not Busy) people=32 capacity=150 is_open=True hour_summary=open
[2026-08-01 14:15:03] Triton Esports Center: 0% (Closed) people=0 capacity=35 is_open=False hour_summary=closed
[2026-08-01 14:15:03] === SCRAPE END OK ===
[2026-08-01 14:30:02] === SCRAPE START ===
[2026-08-01 14:30:02] Fetching https://waitz.io/live/ucsd-rec
[2026-08-01 14:30:04] Saved 4 rows to ucsd_occupancy_history.csv
[2026-08-01 14:30:04] Main Gym Fitness Gym: 0% (Closed) people=0 capacity=72 is_open=False hour_summary=closed
[2026-08-01 14:30:04] Outback Climbing Center: 3% (Closed) people=1 capacity=30 is_open=False hour_summary=Closed until 2:00pm
[2026-08-01 14:30:04] RIMAC Fitness Gym: 17% (Not Busy) people=26 capacity=150 is_open=True hour_summary=open
[2026-08-01 14:30:04] Triton Esports Center: 0% (Closed) people=0 capacity=35 is_open=False hour_summary=closed
[2026-08-01 14:30:04] === SCRAPE END OK ===
[2026-08-01 14:45:02] === SCRAPE START ===
[2026-08-01 14:45:02] Fetching https://waitz.io/live/ucsd-rec
[2026-08-01 14:45:03] Saved 4 rows to ucsd_occupancy_history.csv
[2026-08-01 14:45:03] Main Gym Fitness Gym: 0% (Closed) people=0 capacity=72 is_open=False hour_summary=closed
[2026-08-01 14:45:03] Outback Climbing Center: 20% (Closed) people=6 capacity=30 is_open=False hour_summary=Closed until 2:00pm
[2026-08-01 14:45:03] RIMAC Fitness Gym: 20% (Not Busy) people=30 capacity=150 is_open=True hour_summary=open
[2026-08-01 14:45:03] Triton Esports Center: 0% (Closed) people=0 capacity=35 is_open=False hour_summary=closed
[2026-08-01 14:45:03] === SCRAPE END OK ===
