[2026-07-28 00:00:01] === SCRAPE START ===
[2026-07-28 00:00:01] Fetching https://waitz.io/live/ucsd-rec
[2026-07-28 00:00:02] Saved 4 rows to ucsd_occupancy_history.csv
[2026-07-28 00:00:02] Main Gym Fitness Gym: 3% (Closed) people=2 capacity=72 is_open=False hour_summary=closed
[2026-07-28 00:00:02] Outback Climbing Center: 0% (Closed) people=0 capacity=30 is_open=False hour_summary=Closed until 2:00pm
[2026-07-28 00:00:02] RIMAC Fitness Gym: 0% (Closed) people=0 capacity=150 is_open=False hour_summary=Closed until 6:00am
[2026-07-28 00:00:02] Triton Esports Center: 0% (Closed) people=0 capacity=35 is_open=False hour_summary=closed
[2026-07-28 00:00:02] === SCRAPE END OK ===
[2026-07-28 00:07:00] === SCRAPE START ===
[2026-07-28 00:07:00] Fetching https://waitz.io/live/ucsd-rec
[2026-07-28 00:07:00] Saved 4 rows to ucsd_occupancy_history.csv
[2026-07-28 00:07:00] Main Gym Fitness Gym: 3% (Closed) people=2 capacity=72 is_open=False hour_summary=closed
[2026-07-28 00:07:00] Outback Climbing Center: 0% (Closed) people=0 capacity=30 is_open=False hour_summary=Closed until 2:00pm
[2026-07-28 00:07:00] RIMAC Fitness Gym: 0% (Closed) people=0 capacity=150 is_open=False hour_summary=Closed until 6:00am
[2026-07-28 00:07:00] Triton Esports Center: 0% (Closed) people=0 capacity=35 is_open=False hour_summary=closed
[2026-07-28 00:07:00] === SCRAPE END OK ===
[2026-07-28 00:15:02] === SCRAPE START ===
[2026-07-28 00:15:02] Fetching https://waitz.io/live/ucsd-rec
[2026-07-28 00:15:03] Saved 4 rows to ucsd_occupancy_history.csv
[2026-07-28 00:15:03] Main Gym Fitness Gym: 3% (Closed) people=2 capacity=72 is_open=False hour_summary=closed
[2026-07-28 00:15:03] Outback Climbing Center: 0% (Closed) people=0 capacity=30 is_open=False hour_summary=Closed until 2:00pm
[2026-07-28 00:15:03] RIMAC Fitness Gym: 0% (Closed) people=0 capacity=150 is_open=False hour_summary=Closed until 6:00am
[2026-07-28 00:15:03] Triton Esports Center: 0% (Closed) people=0 capacity=35 is_open=False hour_summary=closed
[2026-07-28 00:15:03] === SCRAPE END OK ===
[2026-07-28 00:22:00] === SCRAPE START ===
[2026-07-28 00:22:00] Fetching https://waitz.io/live/ucsd-rec
[2026-07-28 00:22:00] Saved 4 rows to ucsd_occupancy_history.csv
[2026-07-28 00:22:00] Main Gym Fitness Gym: 1% (Closed) people=1 capacity=72 is_open=False hour_summary=closed
[2026-07-28 00:22:00] Outback Climbing Center: 0% (Closed) people=0 capacity=30 is_open=False hour_summary=Closed until 2:00pm
[2026-07-28 00:22:00] RIMAC Fitness Gym: 0% (Closed) people=0 capacity=150 is_open=False hour_summary=Closed until 6:00am
[2026-07-28 00:22:00] Triton Esports Center: 0% (Closed) people=0 capacity=35 is_open=False hour_summary=closed
[2026-07-28 00:22:00] === SCRAPE END OK ===
[2026-07-28 00:30:02] === SCRAPE START ===
[2026-07-28 00:30:02] Fetching https://waitz.io/live/ucsd-rec
[2026-07-28 00:30:03] Saved 4 rows to ucsd_occupancy_history.csv
[2026-07-28 00:30:03] Main Gym Fitness Gym: 1% (Closed) people=1 capacity=72 is_open=False hour_summary=closed
[2026-07-28 00:30:03] Outback Climbing Center: 0% (Closed) people=0 capacity=30 is_open=False hour_summary=Closed until 2:00pm
[2026-07-28 00:30:03] RIMAC Fitness Gym: 0% (Closed) people=0 capacity=150 is_open=False hour_summary=Closed until 6:00am
[2026-07-28 00:30:03] Triton Esports Center: 0% (Closed) people=0 capacity=35 is_open=False hour_summary=closed
[2026-07-28 00:30:03] === SCRAPE END OK ===
[2026-07-28 00:37:00] === SCRAPE START ===
[2026-07-28 00:37:00] Fetching https://waitz.io/live/ucsd-rec
[2026-07-28 00:37:01] Saved 4 rows to ucsd_occupancy_history.csv
[2026-07-28 00:37:01] Main Gym Fitness Gym: 1% (Closed) people=1 capacity=72 is_open=False hour_summary=closed
[2026-07-28 00:37:01] Outback Climbing Center: 0% (Closed) people=0 capacity=30 is_open=False hour_summary=Closed until 2:00pm
[2026-07-28 00:37:01] RIMAC Fitness Gym: 0% (Closed) people=0 capacity=150 is_open=False hour_summary=Closed until 6:00am
[2026-07-28 00:37:01] Triton Esports Center: 0% (Closed) people=0 capacity=35 is_open=False hour_summary=closed
[2026-07-28 00:37:01] === SCRAPE END OK ===
[2026-07-28 00:45:02] === SCRAPE START ===
[2026-07-28 00:45:02] Fetching https://waitz.io/live/ucsd-rec
[2026-07-28 00:45:03] Saved 4 rows to ucsd_occupancy_history.csv
[2026-07-28 00:45:03] Main Gym Fitness Gym: 3% (Closed) people=2 capacity=72 is_open=False hour_summary=closed
[2026-07-28 00:45:03] Outback Climbing Center: 0% (Closed) people=0 capacity=30 is_open=False hour_summary=Closed until 2:00pm
[2026-07-28 00:45:03] RIMAC Fitness Gym: 0% (Closed) people=0 capacity=150 is_open=False hour_summary=Closed until 6:00am
[2026-07-28 00:45:03] Triton Esports Center: 0% (Closed) people=0 capacity=35 is_open=False hour_summary=closed
[2026-07-28 00:45:03] === SCRAPE END OK ===
