[2026-08-09 00:00:01] === SCRAPE START ===
[2026-08-09 00:00:01] Fetching https://waitz.io/live/ucsd-rec
[2026-08-09 00:00:02] Saved 4 rows to ucsd_occupancy_history.csv
[2026-08-09 00:00:02] Main Gym Fitness Gym: 0% (Closed) people=0 capacity=72 is_open=False hour_summary=closed
[2026-08-09 00:00:02] Outback Climbing Center: 0% (Closed) people=0 capacity=30 is_open=False hour_summary=Closed until 2:00pm
[2026-08-09 00:00:02] RIMAC Fitness Gym: 0% (Closed) people=0 capacity=65 is_open=False hour_summary=Closed until 8:00am
[2026-08-09 00:00:02] Triton Esports Center: 0% (Closed) people=0 capacity=35 is_open=False hour_summary=closed
[2026-08-09 00:00:02] === SCRAPE END OK ===
[2026-08-09 00:15:02] === SCRAPE START ===
[2026-08-09 00:15:02] Fetching https://waitz.io/live/ucsd-rec
[2026-08-09 00:15:02] Saved 4 rows to ucsd_occupancy_history.csv
[2026-08-09 00:15:02] Main Gym Fitness Gym: 0% (Closed) people=0 capacity=72 is_open=False hour_summary=closed
[2026-08-09 00:15:03] Outback Climbing Center: 0% (Closed) people=0 capacity=30 is_open=False hour_summary=Closed until 2:00pm
[2026-08-09 00:15:03] RIMAC Fitness Gym: 2% (Closed) people=1 capacity=65 is_open=False hour_summary=Closed until 8:00am
[2026-08-09 00:15:03] Triton Esports Center: 0% (Closed) people=0 capacity=35 is_open=False hour_summary=closed
[2026-08-09 00:15:03] === SCRAPE END OK ===
[2026-08-09 00:30:02] === SCRAPE START ===
[2026-08-09 00:30:02] Fetching https://waitz.io/live/ucsd-rec
[2026-08-09 00:30:03] Saved 4 rows to ucsd_occupancy_history.csv
[2026-08-09 00:30:03] Main Gym Fitness Gym: 1% (Closed) people=1 capacity=72 is_open=False hour_summary=closed
[2026-08-09 00:30:03] Outback Climbing Center: 0% (Closed) people=0 capacity=30 is_open=False hour_summary=Closed until 2:00pm
[2026-08-09 00:30:03] RIMAC Fitness Gym: 0% (Closed) people=0 capacity=65 is_open=False hour_summary=Closed until 8:00am
[2026-08-09 00:30:03] Triton Esports Center: 0% (Closed) people=0 capacity=35 is_open=False hour_summary=closed
[2026-08-09 00:30:03] === SCRAPE END OK ===
[2026-08-09 00:45:02] === SCRAPE START ===
[2026-08-09 00:45:02] Fetching https://waitz.io/live/ucsd-rec
[2026-08-09 00:45:03] Saved 4 rows to ucsd_occupancy_history.csv
[2026-08-09 00:45:03] Main Gym Fitness Gym: 1% (Closed) people=1 capacity=72 is_open=False hour_summary=closed
[2026-08-09 00:45:03] Outback Climbing Center: 0% (Closed) people=0 capacity=30 is_open=False hour_summary=Closed until 2:00pm
[2026-08-09 00:45:03] RIMAC Fitness Gym: 0% (Closed) people=0 capacity=65 is_open=False hour_summary=Closed until 8:00am
[2026-08-09 00:45:03] Triton Esports Center: 0% (Closed) people=0 capacity=35 is_open=False hour_summary=closed
[2026-08-09 00:45:03] === SCRAPE END OK ===
[2026-08-09 01:00:02] === SCRAPE START ===
[2026-08-09 01:00:02] Fetching https://waitz.io/live/ucsd-rec
[2026-08-09 01:00:04] Saved 4 rows to ucsd_occupancy_history.csv
[2026-08-09 01:00:04] Main Gym Fitness Gym: 1% (Closed) people=1 capacity=72 is_open=False hour_summary=closed
[2026-08-09 01:00:04] Outback Climbing Center: 0% (Closed) people=0 capacity=30 is_open=False hour_summary=Closed until 2:00pm
[2026-08-09 01:00:04] RIMAC Fitness Gym: 2% (Closed) people=1 capacity=65 is_open=False hour_summary=Closed until 8:00am
[2026-08-09 01:00:04] Triton Esports Center: 0% (Closed) people=0 capacity=35 is_open=False hour_summary=closed
[2026-08-09 01:00:04] === SCRAPE END OK ===
[2026-08-09 01:15:02] === SCRAPE START ===
[2026-08-09 01:15:02] Fetching https://waitz.io/live/ucsd-rec
[2026-08-09 01:15:03] Saved 4 rows to ucsd_occupancy_history.csv
[2026-08-09 01:15:03] Main Gym Fitness Gym: 1% (Closed) people=1 capacity=72 is_open=False hour_summary=closed
[2026-08-09 01:15:03] Outback Climbing Center: 0% (Closed) people=0 capacity=30 is_open=False hour_summary=Closed until 2:00pm
[2026-08-09 01:15:03] RIMAC Fitness Gym: 0% (Closed) people=0 capacity=65 is_open=False hour_summary=Closed until 8:00am
[2026-08-09 01:15:03] Triton Esports Center: 0% (Closed) people=0 capacity=35 is_open=False hour_summary=closed
[2026-08-09 01:15:03] === SCRAPE END OK ===
[2026-08-09 01:30:02] === SCRAPE START ===
[2026-08-09 01:30:02] Fetching https://waitz.io/live/ucsd-rec
[2026-08-09 01:30:03] Saved 4 rows to ucsd_occupancy_history.csv
[2026-08-09 01:30:03] Main Gym Fitness Gym: 0% (Closed) people=0 capacity=72 is_open=False hour_summary=closed
[2026-08-09 01:30:03] Outback Climbing Center: 0% (Closed) people=0 capacity=30 is_open=False hour_summary=Closed until 2:00pm
[2026-08-09 01:30:03] RIMAC Fitness Gym: 2% (Closed) people=1 capacity=65 is_open=False hour_summary=Closed until 8:00am
[2026-08-09 01:30:03] Triton Esports Center: 0% (Closed) people=0 capacity=35 is_open=False hour_summary=closed
[2026-08-09 01:30:03] === SCRAPE END OK ===
[2026-08-09 01:45:02] === SCRAPE START ===
[2026-08-09 01:45:02] Fetching https://waitz.io/live/ucsd-rec
[2026-08-09 01:45:03] Saved 4 rows to ucsd_occupancy_history.csv
[2026-08-09 01:45:03] Main Gym Fitness Gym: 1% (Closed) people=1 capacity=72 is_open=False hour_summary=closed
[2026-08-09 01:45:03] Outback Climbing Center: 0% (Closed) people=0 capacity=30 is_open=False hour_summary=Closed until 2:00pm
[2026-08-09 01:45:03] RIMAC Fitness Gym: 2% (Closed) people=1 capacity=65 is_open=False hour_summary=Closed until 8:00am
[2026-08-09 01:45:03] Triton Esports Center: 0% (Closed) people=0 capacity=35 is_open=False hour_summary=closed
[2026-08-09 01:45:03] === SCRAPE END OK ===
[2026-08-09 02:00:02] === SCRAPE START ===
[2026-08-09 02:00:02] Fetching https://waitz.io/live/ucsd-rec
[2026-08-09 02:00:03] Saved 4 rows to ucsd_occupancy_history.csv
[2026-08-09 02:00:03] Main Gym Fitness Gym: 1% (Closed) people=1 capacity=72 is_open=False hour_summary=closed
[2026-08-09 02:00:03] Outback Climbing Center: 0% (Closed) people=0 capacity=30 is_open=False hour_summary=Closed until 2:00pm
[2026-08-09 02:00:03] RIMAC Fitness Gym: 0% (Closed) people=0 capacity=65 is_open=False hour_summary=Closed until 8:00am
[2026-08-09 02:00:03] Triton Esports Center: 0% (Closed) people=0 capacity=35 is_open=False hour_summary=closed
[2026-08-09 02:00:03] === SCRAPE END OK ===
[2026-08-09 02:15:02] === SCRAPE START ===
[2026-08-09 02:15:02] Fetching https://waitz.io/live/ucsd-rec
[2026-08-09 02:15:03] Saved 4 rows to ucsd_occupancy_history.csv
[2026-08-09 02:15:03] Main Gym Fitness Gym: 1% (Closed) people=1 capacity=72 is_open=False hour_summary=closed
[2026-08-09 02:15:03] Outback Climbing Center: 0% (Closed) people=0 capacity=30 is_open=False hour_summary=Closed until 2:00pm
[2026-08-09 02:15:03] RIMAC Fitness Gym: 2% (Closed) people=1 capacity=65 is_open=False hour_summary=Closed until 8:00am
[2026-08-09 02:15:03] Triton Esports Center: 0% (Closed) people=0 capacity=35 is_open=False hour_summary=closed
[2026-08-09 02:15:03] === SCRAPE END OK ===
[2026-08-09 02:30:02] === SCRAPE START ===
[2026-08-09 02:30:02] Fetching https://waitz.io/live/ucsd-rec
[2026-08-09 02:30:04] Saved 4 rows to ucsd_occupancy_history.csv
[2026-08-09 02:30:04] Main Gym Fitness Gym: 1% (Closed) people=1 capacity=72 is_open=False hour_summary=closed
[2026-08-09 02:30:04] Outback Climbing Center: 0% (Closed) people=0 capacity=30 is_open=False hour_summary=Closed until 2:00pm
[2026-08-09 02:30:04] RIMAC Fitness Gym: 2% (Closed) people=1 capacity=65 is_open=False hour_summary=Closed until 8:00am
[2026-08-09 02:30:04] Triton Esports Center: 0% (Closed) people=0 capacity=35 is_open=False hour_summary=closed
[2026-08-09 02:30:04] === SCRAPE END OK ===
[2026-08-09 02:45:02] === SCRAPE START ===
[2026-08-09 02:45:02] Fetching https://waitz.io/live/ucsd-rec
[2026-08-09 02:45:03] Saved 4 rows to ucsd_occupancy_history.csv
[2026-08-09 02:45:03] Main Gym Fitness Gym: 0% (Closed) people=0 capacity=72 is_open=False hour_summary=closed
[2026-08-09 02:45:03] Outback Climbing Center: 0% (Closed) people=0 capacity=30 is_open=False hour_summary=Closed until 2:00pm
[2026-08-09 02:45:03] RIMAC Fitness Gym: 0% (Closed) people=0 capacity=65 is_open=False hour_summary=Closed until 8:00am
[2026-08-09 02:45:03] Triton Esports Center: 0% (Closed) people=0 capacity=35 is_open=False hour_summary=closed
[2026-08-09 02:45:03] === SCRAPE END OK ===
[2026-08-09 03:00:02] === SCRAPE START ===
[2026-08-09 03:00:02] Fetching https://waitz.io/live/ucsd-rec
[2026-08-09 03:00:03] Saved 4 rows to ucsd_occupancy_history.csv
[2026-08-09 03:00:03] Main Gym Fitness Gym: 1% (Closed) people=1 capacity=72 is_open=False hour_summary=closed
[2026-08-09 03:00:03] Outback Climbing Center: 0% (Closed) people=0 capacity=30 is_open=False hour_summary=Closed until 2:00pm
[2026-08-09 03:00:03] RIMAC Fitness Gym: 2% (Closed) people=1 capacity=65 is_open=False hour_summary=Closed until 8:00am
[2026-08-09 03:00:03] Triton Esports Center: 0% (Closed) people=0 capacity=35 is_open=False hour_summary=closed
[2026-08-09 03:00:03] === SCRAPE END OK ===
[2026-08-09 03:15:02] === SCRAPE START ===
[2026-08-09 03:15:02] Fetching https://waitz.io/live/ucsd-rec
[2026-08-09 03:15:03] Saved 4 rows to ucsd_occupancy_history.csv
[2026-08-09 03:15:03] Main Gym Fitness Gym: 1% (Closed) people=1 capacity=72 is_open=False hour_summary=closed
[2026-08-09 03:15:03] Outback Climbing Center: 0% (Closed) people=0 capacity=30 is_open=False hour_summary=Closed until 2:00pm
[2026-08-09 03:15:03] RIMAC Fitness Gym: 2% (Closed) people=1 capacity=65 is_open=False hour_summary=Closed until 8:00am
[2026-08-09 03:15:03] Triton Esports Center: 0% (Closed) people=0 capacity=35 is_open=False hour_summary=closed
[2026-08-09 03:15:03] === SCRAPE END OK ===
[2026-08-09 03:30:02] === SCRAPE START ===
[2026-08-09 03:30:02] Fetching https://waitz.io/live/ucsd-rec
[2026-08-09 03:30:03] Saved 4 rows to ucsd_occupancy_history.csv
[2026-08-09 03:30:03] Main Gym Fitness Gym: 0% (Closed) people=0 capacity=72 is_open=False hour_summary=closed
[2026-08-09 03:30:03] Outback Climbing Center: 0% (Closed) people=0 capacity=30 is_open=False hour_summary=Closed until 2:00pm
[2026-08-09 03:30:03] RIMAC Fitness Gym: 2% (Closed) people=1 capacity=65 is_open=False hour_summary=Closed until 8:00am
[2026-08-09 03:30:03] Triton Esports Center: 0% (Closed) people=0 capacity=35 is_open=False hour_summary=closed
[2026-08-09 03:30:03] === SCRAPE END OK ===
[2026-08-09 03:45:02] === SCRAPE START ===
[2026-08-09 03:45:02] Fetching https://waitz.io/live/ucsd-rec
[2026-08-09 03:45:03] Saved 4 rows to ucsd_occupancy_history.csv
[2026-08-09 03:45:03] Main Gym Fitness Gym: 1% (Closed) people=1 capacity=72 is_open=False hour_summary=closed
[2026-08-09 03:45:03] Outback Climbing Center: 0% (Closed) people=0 capacity=30 is_open=False hour_summary=Closed until 2:00pm
[2026-08-09 03:45:03] RIMAC Fitness Gym: 2% (Closed) people=1 capacity=65 is_open=False hour_summary=Closed until 8:00am
[2026-08-09 03:45:03] Triton Esports Center: 0% (Closed) people=0 capacity=35 is_open=False hour_summary=closed
[2026-08-09 03:45:03] === SCRAPE END OK ===
[2026-08-09 04:00:02] === SCRAPE START ===
[2026-08-09 04:00:02] Fetching https://waitz.io/live/ucsd-rec
[2026-08-09 04:00:03] Saved 4 rows to ucsd_occupancy_history.csv
[2026-08-09 04:00:03] Main Gym Fitness Gym: 1% (Closed) people=1 capacity=72 is_open=False hour_summary=closed
[2026-08-09 04:00:03] Outback Climbing Center: 0% (Closed) people=0 capacity=30 is_open=False hour_summary=Closed until 2:00pm
[2026-08-09 04:00:03] RIMAC Fitness Gym: 2% (Closed) people=1 capacity=65 is_open=False hour_summary=Closed until 8:00am
[2026-08-09 04:00:03] Triton Esports Center: 0% (Closed) people=0 capacity=35 is_open=False hour_summary=closed
[2026-08-09 04:00:03] === SCRAPE END OK ===
[2026-08-09 04:15:02] === SCRAPE START ===
[2026-08-09 04:15:02] Fetching https://waitz.io/live/ucsd-rec
[2026-08-09 04:15:02] Saved 4 rows to ucsd_occupancy_history.csv
[2026-08-09 04:15:02] Main Gym Fitness Gym: 1% (Closed) people=1 capacity=72 is_open=False hour_summary=closed
[2026-08-09 04:15:02] Outback Climbing Center: 0% (Closed) people=0 capacity=30 is_open=False hour_summary=Closed until 2:00pm
[2026-08-09 04:15:02] RIMAC Fitness Gym: 2% (Closed) people=1 capacity=65 is_open=False hour_summary=Closed until 8:00am
[2026-08-09 04:15:02] Triton Esports Center: 0% (Closed) people=0 capacity=35 is_open=False hour_summary=closed
[2026-08-09 04:15:02] === SCRAPE END OK ===
[2026-08-09 04:30:02] === SCRAPE START ===
[2026-08-09 04:30:02] Fetching https://waitz.io/live/ucsd-rec
[2026-08-09 04:30:03] Saved 4 rows to ucsd_occupancy_history.csv
[2026-08-09 04:30:03] Main Gym Fitness Gym: 1% (Closed) people=1 capacity=72 is_open=False hour_summary=closed
[2026-08-09 04:30:03] Outback Climbing Center: 0% (Closed) people=0 capacity=30 is_open=False hour_summary=Closed until 2:00pm
[2026-08-09 04:30:03] RIMAC Fitness Gym: 0% (Closed) people=0 capacity=65 is_open=False hour_summary=Closed until 8:00am
[2026-08-09 04:30:03] Triton Esports Center: 0% (Closed) people=0 capacity=35 is_open=False hour_summary=closed
[2026-08-09 04:30:03] === SCRAPE END OK ===
[2026-08-09 04:45:02] === SCRAPE START ===
[2026-08-09 04:45:02] Fetching https://waitz.io/live/ucsd-rec
[2026-08-09 04:45:02] Saved 4 rows to ucsd_occupancy_history.csv
[2026-08-09 04:45:02] Main Gym Fitness Gym: 1% (Closed) people=1 capacity=72 is_open=False hour_summary=closed
[2026-08-09 04:45:02] Outback Climbing Center: 0% (Closed) people=0 capacity=30 is_open=False hour_summary=Closed until 2:00pm
[2026-08-09 04:45:02] RIMAC Fitness Gym: 2% (Closed) people=1 capacity=65 is_open=False hour_summary=Closed until 8:00am
[2026-08-09 04:45:02] Triton Esports Center: 0% (Closed) people=0 capacity=35 is_open=False hour_summary=closed
[2026-08-09 04:45:02] === SCRAPE END OK ===
[2026-08-09 05:00:02] === SCRAPE START ===
[2026-08-09 05:00:02] Fetching https://waitz.io/live/ucsd-rec
[2026-08-09 05:00:03] Saved 4 rows to ucsd_occupancy_history.csv
[2026-08-09 05:00:03] Main Gym Fitness Gym: 1% (Closed) people=1 capacity=72 is_open=False hour_summary=closed
[2026-08-09 05:00:03] Outback Climbing Center: 0% (Closed) people=0 capacity=30 is_open=False hour_summary=Closed until 2:00pm
[2026-08-09 05:00:03] RIMAC Fitness Gym: 2% (Closed) people=1 capacity=65 is_open=False hour_summary=Closed until 8:00am
[2026-08-09 05:00:03] Triton Esports Center: 0% (Closed) people=0 capacity=35 is_open=False hour_summary=closed
[2026-08-09 05:00:03] === SCRAPE END OK ===
[2026-08-09 05:15:02] === SCRAPE START ===
[2026-08-09 05:15:02] Fetching https://waitz.io/live/ucsd-rec
[2026-08-09 05:15:03] Saved 4 rows to ucsd_occupancy_history.csv
[2026-08-09 05:15:03] Main Gym Fitness Gym: 1% (Closed) people=1 capacity=72 is_open=False hour_summary=closed
[2026-08-09 05:15:03] Outback Climbing Center: 0% (Closed) people=0 capacity=30 is_open=False hour_summary=Closed until 2:00pm
[2026-08-09 05:15:03] RIMAC Fitness Gym: 2% (Closed) people=1 capacity=65 is_open=False hour_summary=Closed until 8:00am
[2026-08-09 05:15:03] Triton Esports Center: 0% (Closed) people=0 capacity=35 is_open=False hour_summary=closed
[2026-08-09 05:15:03] === SCRAPE END OK ===
[2026-08-09 05:30:02] === SCRAPE START ===
[2026-08-09 05:30:02] Fetching https://waitz.io/live/ucsd-rec
[2026-08-09 05:30:04] Saved 4 rows to ucsd_occupancy_history.csv
[2026-08-09 05:30:04] Main Gym Fitness Gym: 1% (Closed) people=1 capacity=72 is_open=False hour_summary=closed
[2026-08-09 05:30:04] Outback Climbing Center: 0% (Closed) people=0 capacity=30 is_open=False hour_summary=Closed until 2:00pm
[2026-08-09 05:30:04] RIMAC Fitness Gym: 2% (Closed) people=1 capacity=65 is_open=False hour_summary=Closed until 8:00am
[2026-08-09 05:30:04] Triton Esports Center: 0% (Closed) people=0 capacity=35 is_open=False hour_summary=closed
[2026-08-09 05:30:04] === SCRAPE END OK ===
[2026-08-09 05:45:02] === SCRAPE START ===
[2026-08-09 05:45:02] Fetching https://waitz.io/live/ucsd-rec
[2026-08-09 05:45:03] Saved 4 rows to ucsd_occupancy_history.csv
[2026-08-09 05:45:03] Main Gym Fitness Gym: 1% (Closed) people=1 capacity=72 is_open=False hour_summary=closed
[2026-08-09 05:45:03] Outback Climbing Center: 0% (Closed) people=0 capacity=30 is_open=False hour_summary=Closed until 2:00pm
[2026-08-09 05:45:03] RIMAC Fitness Gym: 0% (Closed) people=0 capacity=65 is_open=False hour_summary=Closed until 8:00am
[2026-08-09 05:45:03] Triton Esports Center: 0% (Closed) people=0 capacity=35 is_open=False hour_summary=closed
[2026-08-09 05:45:03] === SCRAPE END OK ===
[2026-08-09 06:00:02] === SCRAPE START ===
[2026-08-09 06:00:02] Fetching https://waitz.io/live/ucsd-rec
[2026-08-09 06:00:03] Saved 4 rows to ucsd_occupancy_history.csv
[2026-08-09 06:00:03] Main Gym Fitness Gym: 1% (Closed) people=1 capacity=72 is_open=False hour_summary=closed
[2026-08-09 06:00:03] Outback Climbing Center: 0% (Closed) people=0 capacity=30 is_open=False hour_summary=Closed until 2:00pm
[2026-08-09 06:00:03] RIMAC Fitness Gym: 0% (Closed) people=0 capacity=65 is_open=False hour_summary=Closed until 8:00am
[2026-08-09 06:00:03] Triton Esports Center: 0% (Closed) people=0 capacity=35 is_open=False hour_summary=closed
[2026-08-09 06:00:03] === SCRAPE END OK ===
[2026-08-09 06:15:02] === SCRAPE START ===
[2026-08-09 06:15:02] Fetching https://waitz.io/live/ucsd-rec
[2026-08-09 06:15:03] Saved 4 rows to ucsd_occupancy_history.csv
[2026-08-09 06:15:03] Main Gym Fitness Gym: 1% (Closed) people=1 capacity=72 is_open=False hour_summary=closed
[2026-08-09 06:15:03] Outback Climbing Center: 0% (Closed) people=0 capacity=30 is_open=False hour_summary=Closed until 2:00pm
[2026-08-09 06:15:03] RIMAC Fitness Gym: 0% (Closed) people=0 capacity=65 is_open=False hour_summary=Closed until 8:00am
[2026-08-09 06:15:03] Triton Esports Center: 0% (Closed) people=0 capacity=35 is_open=False hour_summary=closed
[2026-08-09 06:15:03] === SCRAPE END OK ===
[2026-08-09 06:30:02] === SCRAPE START ===
[2026-08-09 06:30:02] Fetching https://waitz.io/live/ucsd-rec
[2026-08-09 06:30:04] Saved 4 rows to ucsd_occupancy_history.csv
[2026-08-09 06:30:04] Main Gym Fitness Gym: 1% (Closed) people=1 capacity=72 is_open=False hour_summary=closed
[2026-08-09 06:30:04] Outback Climbing Center: 0% (Closed) people=0 capacity=30 is_open=False hour_summary=Closed until 2:00pm
[2026-08-09 06:30:04] RIMAC Fitness Gym: 0% (Closed) people=0 capacity=65 is_open=False hour_summary=Closed until 8:00am
[2026-08-09 06:30:04] Triton Esports Center: 0% (Closed) people=0 capacity=35 is_open=False hour_summary=closed
[2026-08-09 06:30:04] === SCRAPE END OK ===
[2026-08-09 06:45:02] === SCRAPE START ===
[2026-08-09 06:45:02] Fetching https://waitz.io/live/ucsd-rec
[2026-08-09 06:45:03] Saved 4 rows to ucsd_occupancy_history.csv
[2026-08-09 06:45:03] Main Gym Fitness Gym: 1% (Closed) people=1 capacity=72 is_open=False hour_summary=closed
[2026-08-09 06:45:03] Outback Climbing Center: 0% (Closed) people=0 capacity=30 is_open=False hour_summary=Closed until 2:00pm
[2026-08-09 06:45:03] RIMAC Fitness Gym: 0% (Closed) people=0 capacity=65 is_open=False hour_summary=Closed until 8:00am
[2026-08-09 06:45:03] Triton Esports Center: 0% (Closed) people=0 capacity=35 is_open=False hour_summary=closed
[2026-08-09 06:45:03] === SCRAPE END OK ===
[2026-08-09 07:00:02] === SCRAPE START ===
[2026-08-09 07:00:02] Fetching https://waitz.io/live/ucsd-rec
[2026-08-09 07:00:03] Saved 4 rows to ucsd_occupancy_history.csv
[2026-08-09 07:00:03] Main Gym Fitness Gym: 0% (Closed) people=0 capacity=72 is_open=False hour_summary=closed
[2026-08-09 07:00:03] Outback Climbing Center: 0% (Closed) people=0 capacity=30 is_open=False hour_summary=Closed until 2:00pm
[2026-08-09 07:00:03] RIMAC Fitness Gym: 0% (Closed) people=0 capacity=65 is_open=False hour_summary=Closed until 8:00am
[2026-08-09 07:00:03] Triton Esports Center: 0% (Closed) people=0 capacity=35 is_open=False hour_summary=closed
[2026-08-09 07:00:03] === SCRAPE END OK ===
[2026-08-09 07:15:02] === SCRAPE START ===
[2026-08-09 07:15:02] Fetching https://waitz.io/live/ucsd-rec
[2026-08-09 07:15:03] Saved 4 rows to ucsd_occupancy_history.csv
[2026-08-09 07:15:03] Main Gym Fitness Gym: 1% (Closed) people=1 capacity=72 is_open=False hour_summary=closed
[2026-08-09 07:15:03] Outback Climbing Center: 0% (Closed) people=0 capacity=30 is_open=False hour_summary=Closed until 2:00pm
[2026-08-09 07:15:03] RIMAC Fitness Gym: 0% (Closed) people=0 capacity=65 is_open=False hour_summary=Closed until 8:00am
[2026-08-09 07:15:03] Triton Esports Center: 0% (Closed) people=0 capacity=35 is_open=False hour_summary=closed
[2026-08-09 07:15:03] === SCRAPE END OK ===
[2026-08-09 07:30:02] === SCRAPE START ===
[2026-08-09 07:30:02] Fetching https://waitz.io/live/ucsd-rec
[2026-08-09 07:30:04] Saved 4 rows to ucsd_occupancy_history.csv
[2026-08-09 07:30:04] Main Gym Fitness Gym: 0% (Closed) people=0 capacity=72 is_open=False hour_summary=closed
[2026-08-09 07:30:04] Outback Climbing Center: 0% (Closed) people=0 capacity=30 is_open=False hour_summary=Closed until 2:00pm
[2026-08-09 07:30:04] RIMAC Fitness Gym: 0% (Closed) people=0 capacity=65 is_open=False hour_summary=Closed until 8:00am
[2026-08-09 07:30:04] Triton Esports Center: 0% (Closed) people=0 capacity=35 is_open=False hour_summary=closed
[2026-08-09 07:30:04] === SCRAPE END OK ===
[2026-08-09 07:45:02] === SCRAPE START ===
[2026-08-09 07:45:02] Fetching https://waitz.io/live/ucsd-rec
[2026-08-09 07:45:03] Saved 4 rows to ucsd_occupancy_history.csv
[2026-08-09 07:45:03] Main Gym Fitness Gym: 1% (Closed) people=1 capacity=72 is_open=False hour_summary=closed
[2026-08-09 07:45:03] Outback Climbing Center: 0% (Closed) people=0 capacity=30 is_open=False hour_summary=Closed until 2:00pm
[2026-08-09 07:45:03] RIMAC Fitness Gym: 2% (Closed) people=1 capacity=65 is_open=False hour_summary=Closed until 8:00am
[2026-08-09 07:45:03] Triton Esports Center: 0% (Closed) people=0 capacity=35 is_open=False hour_summary=closed
[2026-08-09 07:45:03] === SCRAPE END OK ===
[2026-08-09 08:00:02] === SCRAPE START ===
[2026-08-09 08:00:02] Fetching https://waitz.io/live/ucsd-rec
[2026-08-09 08:00:04] Saved 4 rows to ucsd_occupancy_history.csv
[2026-08-09 08:00:04] Main Gym Fitness Gym: 1% (Closed) people=1 capacity=72 is_open=False hour_summary=closed
[2026-08-09 08:00:04] Outback Climbing Center: 0% (Closed) people=0 capacity=30 is_open=False hour_summary=Closed until 2:00pm
[2026-08-09 08:00:04] RIMAC Fitness Gym: 0% (Not Busy) people=0 capacity=65 is_open=True hour_summary=open
[2026-08-09 08:00:04] Triton Esports Center: 0% (Closed) people=0 capacity=35 is_open=False hour_summary=closed
[2026-08-09 08:00:04] === SCRAPE END OK ===
[2026-08-09 08:15:02] === SCRAPE START ===
[2026-08-09 08:15:02] Fetching https://waitz.io/live/ucsd-rec
[2026-08-09 08:15:03] Saved 4 rows to ucsd_occupancy_history.csv
[2026-08-09 08:15:03] Main Gym Fitness Gym: 1% (Closed) people=1 capacity=72 is_open=False hour_summary=closed
[2026-08-09 08:15:03] Outback Climbing Center: 0% (Closed) people=0 capacity=30 is_open=False hour_summary=Closed until 2:00pm
[2026-08-09 08:15:03] RIMAC Fitness Gym: 9% (Not Busy) people=6 capacity=65 is_open=True hour_summary=open
[2026-08-09 08:15:03] Triton Esports Center: 0% (Closed) people=0 capacity=35 is_open=False hour_summary=closed
[2026-08-09 08:15:03] === SCRAPE END OK ===
[2026-08-09 08:30:02] === SCRAPE START ===
[2026-08-09 08:30:02] Fetching https://waitz.io/live/ucsd-rec
[2026-08-09 08:30:04] Saved 4 rows to ucsd_occupancy_history.csv
[2026-08-09 08:30:04] Main Gym Fitness Gym: 1% (Closed) people=1 capacity=72 is_open=False hour_summary=closed
[2026-08-09 08:30:04] Outback Climbing Center: 0% (Closed) people=0 capacity=30 is_open=False hour_summary=Closed until 2:00pm
[2026-08-09 08:30:04] RIMAC Fitness Gym: 3% (Not Busy) people=2 capacity=65 is_open=True hour_summary=open
[2026-08-09 08:30:04] Triton Esports Center: 0% (Closed) people=0 capacity=35 is_open=False hour_summary=closed
[2026-08-09 08:30:04] === SCRAPE END OK ===
[2026-08-09 08:45:02] === SCRAPE START ===
[2026-08-09 08:45:02] Fetching https://waitz.io/live/ucsd-rec
[2026-08-09 08:45:02] Saved 4 rows to ucsd_occupancy_history.csv
[2026-08-09 08:45:02] Main Gym Fitness Gym: 1% (Closed) people=1 capacity=72 is_open=False hour_summary=closed
[2026-08-09 08:45:02] Outback Climbing Center: 0% (Closed) people=0 capacity=30 is_open=False hour_summary=Closed until 2:00pm
[2026-08-09 08:45:02] RIMAC Fitness Gym: 17% (Not Busy) people=11 capacity=65 is_open=True hour_summary=open
[2026-08-09 08:45:02] Triton Esports Center: 0% (Closed) people=0 capacity=35 is_open=False hour_summary=closed
[2026-08-09 08:45:02] === SCRAPE END OK ===
[2026-08-09 09:00:02] === SCRAPE START ===
[2026-08-09 09:00:02] Fetching https://waitz.io/live/ucsd-rec
[2026-08-09 09:00:03] Saved 4 rows to ucsd_occupancy_history.csv
[2026-08-09 09:00:03] Main Gym Fitness Gym: 3% (Closed) people=2 capacity=72 is_open=False hour_summary=closed
[2026-08-09 09:00:03] Outback Climbing Center: 0% (Closed) people=0 capacity=30 is_open=False hour_summary=Closed until 2:00pm
[2026-08-09 09:00:03] RIMAC Fitness Gym: 12% (Not Busy) people=8 capacity=65 is_open=True hour_summary=open
[2026-08-09 09:00:03] Triton Esports Center: 0% (Closed) people=0 capacity=35 is_open=False hour_summary=closed
[2026-08-09 09:00:03] === SCRAPE END OK ===
[2026-08-09 09:15:02] === SCRAPE START ===
[2026-08-09 09:15:02] Fetching https://waitz.io/live/ucsd-rec
[2026-08-09 09:15:03] Saved 4 rows to ucsd_occupancy_history.csv
[2026-08-09 09:15:03] Main Gym Fitness Gym: 3% (Closed) people=2 capacity=72 is_open=False hour_summary=closed
[2026-08-09 09:15:03] Outback Climbing Center: 0% (Closed) people=0 capacity=30 is_open=False hour_summary=Closed until 2:00pm
[2026-08-09 09:15:03] RIMAC Fitness Gym: 23% (Not Busy) people=15 capacity=65 is_open=True hour_summary=open
[2026-08-09 09:15:03] Triton Esports Center: 0% (Closed) people=0 capacity=35 is_open=False hour_summary=closed
[2026-08-09 09:15:03] === SCRAPE END OK ===
[2026-08-09 09:30:02] === SCRAPE START ===
[2026-08-09 09:30:02] Fetching https://waitz.io/live/ucsd-rec
[2026-08-09 09:30:04] Saved 4 rows to ucsd_occupancy_history.csv
[2026-08-09 09:30:04] Main Gym Fitness Gym: 1% (Closed) people=1 capacity=72 is_open=False hour_summary=closed
[2026-08-09 09:30:04] Outback Climbing Center: 0% (Closed) people=0 capacity=30 is_open=False hour_summary=Closed until 2:00pm
[2026-08-09 09:30:04] RIMAC Fitness Gym: 32% (Not Busy) people=21 capacity=65 is_open=True hour_summary=open
[2026-08-09 09:30:04] Triton Esports Center: 0% (Closed) people=0 capacity=35 is_open=False hour_summary=closed
[2026-08-09 09:30:04] === SCRAPE END OK ===
[2026-08-09 09:45:02] === SCRAPE START ===
[2026-08-09 09:45:02] Fetching https://waitz.io/live/ucsd-rec
[2026-08-09 09:45:03] Saved 4 rows to ucsd_occupancy_history.csv
[2026-08-09 09:45:03] Main Gym Fitness Gym: 1% (Closed) people=1 capacity=72 is_open=False hour_summary=closed
[2026-08-09 09:45:03] Outback Climbing Center: 0% (Closed) people=0 capacity=30 is_open=False hour_summary=Closed until 2:00pm
[2026-08-09 09:45:03] RIMAC Fitness Gym: 34% (Not Busy) people=22 capacity=65 is_open=True hour_summary=open
[2026-08-09 09:45:03] Triton Esports Center: 0% (Closed) people=0 capacity=35 is_open=False hour_summary=closed
[2026-08-09 09:45:03] === SCRAPE END OK ===
[2026-08-09 10:00:02] === SCRAPE START ===
[2026-08-09 10:00:02] Fetching https://waitz.io/live/ucsd-rec
[2026-08-09 10:00:03] Saved 4 rows to ucsd_occupancy_history.csv
[2026-08-09 10:00:03] Main Gym Fitness Gym: 1% (Closed) people=1 capacity=72 is_open=False hour_summary=closed
[2026-08-09 10:00:03] Outback Climbing Center: 0% (Closed) people=0 capacity=30 is_open=False hour_summary=Closed until 2:00pm
[2026-08-09 10:00:03] RIMAC Fitness Gym: 31% (Not Busy) people=20 capacity=65 is_open=True hour_summary=open
[2026-08-09 10:00:03] Triton Esports Center: 0% (Closed) people=0 capacity=35 is_open=False hour_summary=closed
[2026-08-09 10:00:03] === SCRAPE END OK ===
