[2026-09-22 00:00:01] === SCRAPE START ===
[2026-09-22 00:00:01] Fetching https://waitz.io/live/ucsd-rec
[2026-09-22 00:00:03] Saved 4 rows to ucsd_occupancy_history.csv
[2026-09-22 00:00:03] Main Gym Fitness Gym: 0% (Closed) people=0 capacity=72 is_open=False hour_summary=Closed until 6:00am
[2026-09-22 00:00:03] Outback Climbing Center: 3% (Closed) people=1 capacity=30 is_open=False hour_summary=Closed until 2:00pm
[2026-09-22 00:00:03] RIMAC Fitness Gym: 0% (Closed) people=0 capacity=65 is_open=False hour_summary=Closed until 6:00am
[2026-09-22 00:00:03] Triton Esports Center: 0% (Closed) people=0 capacity=35 is_open=False hour_summary=closed
[2026-09-22 00:00:03] === SCRAPE END OK ===
[2026-09-22 00:15:02] === SCRAPE START ===
[2026-09-22 00:15:02] Fetching https://waitz.io/live/ucsd-rec
[2026-09-22 00:15:03] Saved 4 rows to ucsd_occupancy_history.csv
[2026-09-22 00:15:03] Main Gym Fitness Gym: 0% (Closed) people=0 capacity=72 is_open=False hour_summary=Closed until 6:00am
[2026-09-22 00:15:03] Outback Climbing Center: 3% (Closed) people=1 capacity=30 is_open=False hour_summary=Closed until 2:00pm
[2026-09-22 00:15:03] RIMAC Fitness Gym: 0% (Closed) people=0 capacity=65 is_open=False hour_summary=Closed until 6:00am
[2026-09-22 00:15:03] Triton Esports Center: 0% (Closed) people=0 capacity=35 is_open=False hour_summary=closed
[2026-09-22 00:15:03] === SCRAPE END OK ===
[2026-09-22 00:30:02] === SCRAPE START ===
[2026-09-22 00:30:02] Fetching https://waitz.io/live/ucsd-rec
[2026-09-22 00:30:03] Saved 4 rows to ucsd_occupancy_history.csv
[2026-09-22 00:30:03] Main Gym Fitness Gym: 0% (Closed) people=0 capacity=72 is_open=False hour_summary=Closed until 6:00am
[2026-09-22 00:30:03] Outback Climbing Center: 3% (Closed) people=1 capacity=30 is_open=False hour_summary=Closed until 2:00pm
[2026-09-22 00:30:03] RIMAC Fitness Gym: 0% (Closed) people=0 capacity=65 is_open=False hour_summary=Closed until 6:00am
[2026-09-22 00:30:03] Triton Esports Center: 0% (Closed) people=0 capacity=35 is_open=False hour_summary=closed
[2026-09-22 00:30:03] === SCRAPE END OK ===
[2026-09-22 00:45:02] === SCRAPE START ===
[2026-09-22 00:45:02] Fetching https://waitz.io/live/ucsd-rec
[2026-09-22 00:45:03] Saved 4 rows to ucsd_occupancy_history.csv
[2026-09-22 00:45:03] Main Gym Fitness Gym: 0% (Closed) people=0 capacity=72 is_open=False hour_summary=Closed until 6:00am
[2026-09-22 00:45:03] Outback Climbing Center: 7% (Closed) people=2 capacity=30 is_open=False hour_summary=Closed until 2:00pm
[2026-09-22 00:45:03] RIMAC Fitness Gym: 0% (Closed) people=0 capacity=65 is_open=False hour_summary=Closed until 6:00am
[2026-09-22 00:45:03] Triton Esports Center: 0% (Closed) people=0 capacity=35 is_open=False hour_summary=closed
[2026-09-22 00:45:03] === SCRAPE END OK ===
[2026-09-22 01:00:02] === SCRAPE START ===
[2026-09-22 01:00:02] Fetching https://waitz.io/live/ucsd-rec
[2026-09-22 01:00:04] Saved 4 rows to ucsd_occupancy_history.csv
[2026-09-22 01:00:04] Main Gym Fitness Gym: 0% (Closed) people=0 capacity=72 is_open=False hour_summary=Closed until 6:00am
[2026-09-22 01:00:04] Outback Climbing Center: 3% (Closed) people=1 capacity=30 is_open=False hour_summary=Closed until 2:00pm
[2026-09-22 01:00:04] RIMAC Fitness Gym: 0% (Closed) people=0 capacity=65 is_open=False hour_summary=Closed until 6:00am
[2026-09-22 01:00:04] Triton Esports Center: 0% (Closed) people=0 capacity=35 is_open=False hour_summary=closed
[2026-09-22 01:00:04] === SCRAPE END OK ===
[2026-09-22 01:15:02] === SCRAPE START ===
[2026-09-22 01:15:02] Fetching https://waitz.io/live/ucsd-rec
[2026-09-22 01:15:03] Saved 4 rows to ucsd_occupancy_history.csv
[2026-09-22 01:15:03] Main Gym Fitness Gym: 0% (Closed) people=0 capacity=72 is_open=False hour_summary=Closed until 6:00am
[2026-09-22 01:15:03] Outback Climbing Center: 3% (Closed) people=1 capacity=30 is_open=False hour_summary=Closed until 2:00pm
[2026-09-22 01:15:03] RIMAC Fitness Gym: 0% (Closed) people=0 capacity=65 is_open=False hour_summary=Closed until 6:00am
[2026-09-22 01:15:03] Triton Esports Center: 0% (Closed) people=0 capacity=35 is_open=False hour_summary=closed
[2026-09-22 01:15:03] === SCRAPE END OK ===
[2026-09-22 01:30:02] === SCRAPE START ===
[2026-09-22 01:30:02] Fetching https://waitz.io/live/ucsd-rec
[2026-09-22 01:30:03] Saved 4 rows to ucsd_occupancy_history.csv
[2026-09-22 01:30:03] Main Gym Fitness Gym: 1% (Closed) people=1 capacity=72 is_open=False hour_summary=Closed until 6:00am
[2026-09-22 01:30:03] Outback Climbing Center: 3% (Closed) people=1 capacity=30 is_open=False hour_summary=Closed until 2:00pm
[2026-09-22 01:30:03] RIMAC Fitness Gym: 0% (Closed) people=0 capacity=65 is_open=False hour_summary=Closed until 6:00am
[2026-09-22 01:30:03] Triton Esports Center: 0% (Closed) people=0 capacity=35 is_open=False hour_summary=closed
[2026-09-22 01:30:03] === SCRAPE END OK ===
[2026-09-22 01:45:02] === SCRAPE START ===
[2026-09-22 01:45:02] Fetching https://waitz.io/live/ucsd-rec
[2026-09-22 01:45:03] Saved 4 rows to ucsd_occupancy_history.csv
[2026-09-22 01:45:03] Main Gym Fitness Gym: 0% (Closed) people=0 capacity=72 is_open=False hour_summary=Closed until 6:00am
[2026-09-22 01:45:03] Outback Climbing Center: 3% (Closed) people=1 capacity=30 is_open=False hour_summary=Closed until 2:00pm
[2026-09-22 01:45:03] RIMAC Fitness Gym: 0% (Closed) people=0 capacity=65 is_open=False hour_summary=Closed until 6:00am
[2026-09-22 01:45:03] Triton Esports Center: 0% (Closed) people=0 capacity=35 is_open=False hour_summary=closed
[2026-09-22 01:45:03] === SCRAPE END OK ===
[2026-09-22 02:00:02] === SCRAPE START ===
[2026-09-22 02:00:02] Fetching https://waitz.io/live/ucsd-rec
[2026-09-22 02:00:03] Saved 4 rows to ucsd_occupancy_history.csv
[2026-09-22 02:00:03] Main Gym Fitness Gym: 0% (Closed) people=0 capacity=72 is_open=False hour_summary=Closed until 6:00am
[2026-09-22 02:00:03] Outback Climbing Center: 3% (Closed) people=1 capacity=30 is_open=False hour_summary=Closed until 2:00pm
[2026-09-22 02:00:03] RIMAC Fitness Gym: 0% (Closed) people=0 capacity=65 is_open=False hour_summary=Closed until 6:00am
[2026-09-22 02:00:03] Triton Esports Center: 0% (Closed) people=0 capacity=35 is_open=False hour_summary=closed
[2026-09-22 02:00:03] === SCRAPE END OK ===
[2026-09-22 02:15:02] === SCRAPE START ===
[2026-09-22 02:15:02] Fetching https://waitz.io/live/ucsd-rec
[2026-09-22 02:15:03] Saved 4 rows to ucsd_occupancy_history.csv
[2026-09-22 02:15:03] Main Gym Fitness Gym: 0% (Closed) people=0 capacity=72 is_open=False hour_summary=Closed until 6:00am
[2026-09-22 02:15:03] Outback Climbing Center: 3% (Closed) people=1 capacity=30 is_open=False hour_summary=Closed until 2:00pm
[2026-09-22 02:15:03] RIMAC Fitness Gym: 0% (Closed) people=0 capacity=65 is_open=False hour_summary=Closed until 6:00am
[2026-09-22 02:15:03] Triton Esports Center: 0% (Closed) people=0 capacity=35 is_open=False hour_summary=closed
[2026-09-22 02:15:03] === SCRAPE END OK ===
[2026-09-22 02:30:02] === SCRAPE START ===
[2026-09-22 02:30:02] Fetching https://waitz.io/live/ucsd-rec
[2026-09-22 02:30:03] Saved 4 rows to ucsd_occupancy_history.csv
[2026-09-22 02:30:03] Main Gym Fitness Gym: 1% (Closed) people=1 capacity=72 is_open=False hour_summary=Closed until 6:00am
[2026-09-22 02:30:03] Outback Climbing Center: 3% (Closed) people=1 capacity=30 is_open=False hour_summary=Closed until 2:00pm
[2026-09-22 02:30:03] RIMAC Fitness Gym: 0% (Closed) people=0 capacity=65 is_open=False hour_summary=Closed until 6:00am
[2026-09-22 02:30:03] Triton Esports Center: 0% (Closed) people=0 capacity=35 is_open=False hour_summary=closed
[2026-09-22 02:30:03] === SCRAPE END OK ===
[2026-09-22 02:45:02] === SCRAPE START ===
[2026-09-22 02:45:02] Fetching https://waitz.io/live/ucsd-rec
[2026-09-22 02:45:03] Saved 4 rows to ucsd_occupancy_history.csv
[2026-09-22 02:45:03] Main Gym Fitness Gym: 0% (Closed) people=0 capacity=72 is_open=False hour_summary=Closed until 6:00am
[2026-09-22 02:45:03] Outback Climbing Center: 3% (Closed) people=1 capacity=30 is_open=False hour_summary=Closed until 2:00pm
[2026-09-22 02:45:03] RIMAC Fitness Gym: 0% (Closed) people=0 capacity=65 is_open=False hour_summary=Closed until 6:00am
[2026-09-22 02:45:03] Triton Esports Center: 0% (Closed) people=0 capacity=35 is_open=False hour_summary=closed
[2026-09-22 02:45:03] === SCRAPE END OK ===
[2026-09-22 03:00:02] === SCRAPE START ===
[2026-09-22 03:00:02] Fetching https://waitz.io/live/ucsd-rec
[2026-09-22 03:00:04] Saved 4 rows to ucsd_occupancy_history.csv
[2026-09-22 03:00:04] Main Gym Fitness Gym: 0% (Closed) people=0 capacity=72 is_open=False hour_summary=Closed until 6:00am
[2026-09-22 03:00:04] Outback Climbing Center: 10% (Closed) people=3 capacity=30 is_open=False hour_summary=Closed until 2:00pm
[2026-09-22 03:00:04] RIMAC Fitness Gym: 0% (Closed) people=0 capacity=65 is_open=False hour_summary=Closed until 6:00am
[2026-09-22 03:00:04] Triton Esports Center: 0% (Closed) people=0 capacity=35 is_open=False hour_summary=closed
[2026-09-22 03:00:04] === SCRAPE END OK ===
[2026-09-22 03:15:02] === SCRAPE START ===
[2026-09-22 03:15:02] Fetching https://waitz.io/live/ucsd-rec
[2026-09-22 03:15:03] Saved 4 rows to ucsd_occupancy_history.csv
[2026-09-22 03:15:03] Main Gym Fitness Gym: 0% (Closed) people=0 capacity=72 is_open=False hour_summary=Closed until 6:00am
[2026-09-22 03:15:03] Outback Climbing Center: 13% (Closed) people=4 capacity=30 is_open=False hour_summary=Closed until 2:00pm
[2026-09-22 03:15:03] RIMAC Fitness Gym: 0% (Closed) people=0 capacity=65 is_open=False hour_summary=Closed until 6:00am
[2026-09-22 03:15:03] Triton Esports Center: 0% (Closed) people=0 capacity=35 is_open=False hour_summary=closed
[2026-09-22 03:15:03] === SCRAPE END OK ===
[2026-09-22 03:30:02] === SCRAPE START ===
[2026-09-22 03:30:02] Fetching https://waitz.io/live/ucsd-rec
[2026-09-22 03:30:04] Saved 4 rows to ucsd_occupancy_history.csv
[2026-09-22 03:30:04] Main Gym Fitness Gym: 0% (Closed) people=0 capacity=72 is_open=False hour_summary=Closed until 6:00am
[2026-09-22 03:30:04] Outback Climbing Center: 7% (Closed) people=2 capacity=30 is_open=False hour_summary=Closed until 2:00pm
[2026-09-22 03:30:04] RIMAC Fitness Gym: 0% (Closed) people=0 capacity=65 is_open=False hour_summary=Closed until 6:00am
[2026-09-22 03:30:04] Triton Esports Center: 0% (Closed) people=0 capacity=35 is_open=False hour_summary=closed
[2026-09-22 03:30:04] === SCRAPE END OK ===
[2026-09-22 03:45:02] === SCRAPE START ===
[2026-09-22 03:45:02] Fetching https://waitz.io/live/ucsd-rec
[2026-09-22 03:45:03] Saved 4 rows to ucsd_occupancy_history.csv
[2026-09-22 03:45:03] Main Gym Fitness Gym: 0% (Closed) people=0 capacity=72 is_open=False hour_summary=Closed until 6:00am
[2026-09-22 03:45:03] Outback Climbing Center: 3% (Closed) people=1 capacity=30 is_open=False hour_summary=Closed until 2:00pm
[2026-09-22 03:45:03] RIMAC Fitness Gym: 0% (Closed) people=0 capacity=65 is_open=False hour_summary=Closed until 6:00am
[2026-09-22 03:45:03] Triton Esports Center: 0% (Closed) people=0 capacity=35 is_open=False hour_summary=closed
[2026-09-22 03:45:03] === SCRAPE END OK ===
[2026-09-22 04:00:02] === SCRAPE START ===
[2026-09-22 04:00:02] Fetching https://waitz.io/live/ucsd-rec
[2026-09-22 04:00:03] Saved 4 rows to ucsd_occupancy_history.csv
[2026-09-22 04:00:03] Main Gym Fitness Gym: 0% (Closed) people=0 capacity=72 is_open=False hour_summary=Closed until 6:00am
[2026-09-22 04:00:03] Outback Climbing Center: 3% (Closed) people=1 capacity=30 is_open=False hour_summary=Closed until 2:00pm
[2026-09-22 04:00:03] RIMAC Fitness Gym: 0% (Closed) people=0 capacity=65 is_open=False hour_summary=Closed until 6:00am
[2026-09-22 04:00:03] Triton Esports Center: 0% (Closed) people=0 capacity=35 is_open=False hour_summary=closed
[2026-09-22 04:00:03] === SCRAPE END OK ===
[2026-09-22 04:15:02] === SCRAPE START ===
[2026-09-22 04:15:02] Fetching https://waitz.io/live/ucsd-rec
[2026-09-22 04:15:03] Saved 4 rows to ucsd_occupancy_history.csv
[2026-09-22 04:15:03] Main Gym Fitness Gym: 0% (Closed) people=0 capacity=72 is_open=False hour_summary=Closed until 6:00am
[2026-09-22 04:15:03] Outback Climbing Center: 3% (Closed) people=1 capacity=30 is_open=False hour_summary=Closed until 2:00pm
[2026-09-22 04:15:03] RIMAC Fitness Gym: 0% (Closed) people=0 capacity=65 is_open=False hour_summary=Closed until 6:00am
[2026-09-22 04:15:03] Triton Esports Center: 0% (Closed) people=0 capacity=35 is_open=False hour_summary=closed
[2026-09-22 04:15:03] === SCRAPE END OK ===
[2026-09-22 04:30:02] === SCRAPE START ===
[2026-09-22 04:30:02] Fetching https://waitz.io/live/ucsd-rec
[2026-09-22 04:30:04] Saved 4 rows to ucsd_occupancy_history.csv
[2026-09-22 04:30:04] Main Gym Fitness Gym: 0% (Closed) people=0 capacity=72 is_open=False hour_summary=Closed until 6:00am
[2026-09-22 04:30:04] Outback Climbing Center: 7% (Closed) people=2 capacity=30 is_open=False hour_summary=Closed until 2:00pm
[2026-09-22 04:30:04] RIMAC Fitness Gym: 0% (Closed) people=0 capacity=65 is_open=False hour_summary=Closed until 6:00am
[2026-09-22 04:30:04] Triton Esports Center: 0% (Closed) people=0 capacity=35 is_open=False hour_summary=closed
[2026-09-22 04:30:04] === SCRAPE END OK ===
[2026-09-22 04:45:02] === SCRAPE START ===
[2026-09-22 04:45:02] Fetching https://waitz.io/live/ucsd-rec
[2026-09-22 04:45:03] Saved 4 rows to ucsd_occupancy_history.csv
[2026-09-22 04:45:03] Main Gym Fitness Gym: 0% (Closed) people=0 capacity=72 is_open=False hour_summary=Closed until 6:00am
[2026-09-22 04:45:03] Outback Climbing Center: 3% (Closed) people=1 capacity=30 is_open=False hour_summary=Closed until 2:00pm
[2026-09-22 04:45:03] RIMAC Fitness Gym: 0% (Closed) people=0 capacity=65 is_open=False hour_summary=Closed until 6:00am
[2026-09-22 04:45:03] Triton Esports Center: 0% (Closed) people=0 capacity=35 is_open=False hour_summary=closed
[2026-09-22 04:45:03] === SCRAPE END OK ===
[2026-09-22 05:00:02] === SCRAPE START ===
[2026-09-22 05:00:02] Fetching https://waitz.io/live/ucsd-rec
[2026-09-22 05:00:03] Saved 4 rows to ucsd_occupancy_history.csv
[2026-09-22 05:00:03] Main Gym Fitness Gym: 0% (Closed) people=0 capacity=72 is_open=False hour_summary=Closed until 6:00am
[2026-09-22 05:00:03] Outback Climbing Center: 7% (Closed) people=2 capacity=30 is_open=False hour_summary=Closed until 2:00pm
[2026-09-22 05:00:03] RIMAC Fitness Gym: 3% (Closed) people=2 capacity=65 is_open=False hour_summary=Closed until 6:00am
[2026-09-22 05:00:03] Triton Esports Center: 0% (Closed) people=0 capacity=35 is_open=False hour_summary=closed
[2026-09-22 05:00:03] === SCRAPE END OK ===
[2026-09-22 05:15:02] === SCRAPE START ===
[2026-09-22 05:15:02] Fetching https://waitz.io/live/ucsd-rec
[2026-09-22 05:15:03] Saved 4 rows to ucsd_occupancy_history.csv
[2026-09-22 05:15:03] Main Gym Fitness Gym: 0% (Closed) people=0 capacity=72 is_open=False hour_summary=Closed until 6:00am
[2026-09-22 05:15:03] Outback Climbing Center: 3% (Closed) people=1 capacity=30 is_open=False hour_summary=Closed until 2:00pm
[2026-09-22 05:15:03] RIMAC Fitness Gym: 2% (Closed) people=1 capacity=65 is_open=False hour_summary=Closed until 6:00am
[2026-09-22 05:15:03] Triton Esports Center: 0% (Closed) people=0 capacity=35 is_open=False hour_summary=closed
[2026-09-22 05:15:03] === SCRAPE END OK ===
[2026-09-22 05:30:02] === SCRAPE START ===
[2026-09-22 05:30:02] Fetching https://waitz.io/live/ucsd-rec
[2026-09-22 05:30:03] Saved 4 rows to ucsd_occupancy_history.csv
[2026-09-22 05:30:03] Main Gym Fitness Gym: 0% (Closed) people=0 capacity=72 is_open=False hour_summary=Closed until 6:00am
[2026-09-22 05:30:03] Outback Climbing Center: 10% (Closed) people=3 capacity=30 is_open=False hour_summary=Closed until 2:00pm
[2026-09-22 05:30:03] RIMAC Fitness Gym: 0% (Closed) people=0 capacity=65 is_open=False hour_summary=Closed until 6:00am
[2026-09-22 05:30:03] Triton Esports Center: 0% (Closed) people=0 capacity=35 is_open=False hour_summary=closed
[2026-09-22 05:30:03] === SCRAPE END OK ===
[2026-09-22 05:45:02] === SCRAPE START ===
[2026-09-22 05:45:02] Fetching https://waitz.io/live/ucsd-rec
[2026-09-22 05:45:03] Saved 4 rows to ucsd_occupancy_history.csv
[2026-09-22 05:45:03] Main Gym Fitness Gym: 0% (Closed) people=0 capacity=72 is_open=False hour_summary=Closed until 6:00am
[2026-09-22 05:45:03] Outback Climbing Center: 7% (Closed) people=2 capacity=30 is_open=False hour_summary=Closed until 2:00pm
[2026-09-22 05:45:03] RIMAC Fitness Gym: 2% (Closed) people=1 capacity=65 is_open=False hour_summary=Closed until 6:00am
[2026-09-22 05:45:03] Triton Esports Center: 0% (Closed) people=0 capacity=35 is_open=False hour_summary=closed
[2026-09-22 05:45:03] === SCRAPE END OK ===
[2026-09-22 06:00:02] === SCRAPE START ===
[2026-09-22 06:00:02] Fetching https://waitz.io/live/ucsd-rec
[2026-09-22 06:00:03] Saved 4 rows to ucsd_occupancy_history.csv
[2026-09-22 06:00:03] Main Gym Fitness Gym: 0% (Not Busy) people=0 capacity=72 is_open=True hour_summary=open
[2026-09-22 06:00:03] Outback Climbing Center: 10% (Closed) people=3 capacity=30 is_open=False hour_summary=Closed until 2:00pm
[2026-09-22 06:00:03] RIMAC Fitness Gym: 0% (Not Busy) people=0 capacity=65 is_open=True hour_summary=open
[2026-09-22 06:00:03] Triton Esports Center: 0% (Closed) people=0 capacity=35 is_open=False hour_summary=closed
[2026-09-22 06:00:03] === SCRAPE END OK ===
[2026-09-22 06:15:02] === SCRAPE START ===
[2026-09-22 06:15:02] Fetching https://waitz.io/live/ucsd-rec
[2026-09-22 06:15:03] Saved 4 rows to ucsd_occupancy_history.csv
[2026-09-22 06:15:03] Main Gym Fitness Gym: 7% (Not Busy) people=5 capacity=72 is_open=True hour_summary=open
[2026-09-22 06:15:03] Outback Climbing Center: 3% (Closed) people=1 capacity=30 is_open=False hour_summary=Closed until 2:00pm
[2026-09-22 06:15:03] RIMAC Fitness Gym: 35% (Not Busy) people=23 capacity=65 is_open=True hour_summary=open
[2026-09-22 06:15:03] Triton Esports Center: 0% (Closed) people=0 capacity=35 is_open=False hour_summary=closed
[2026-09-22 06:15:03] === SCRAPE END OK ===
[2026-09-22 06:30:02] === SCRAPE START ===
[2026-09-22 06:30:02] Fetching https://waitz.io/live/ucsd-rec
[2026-09-22 06:30:03] Saved 4 rows to ucsd_occupancy_history.csv
[2026-09-22 06:30:03] Main Gym Fitness Gym: 0% (Not Busy) people=0 capacity=72 is_open=True hour_summary=open
[2026-09-22 06:30:03] Outback Climbing Center: 0% (Closed) people=0 capacity=30 is_open=False hour_summary=Closed until 2:00pm
[2026-09-22 06:30:03] RIMAC Fitness Gym: 40% (Not Busy) people=26 capacity=65 is_open=True hour_summary=open
[2026-09-22 06:30:03] Triton Esports Center: 0% (Closed) people=0 capacity=35 is_open=False hour_summary=closed
[2026-09-22 06:30:03] === SCRAPE END OK ===
[2026-09-22 06:45:02] === SCRAPE START ===
[2026-09-22 06:45:02] Fetching https://waitz.io/live/ucsd-rec
[2026-09-22 06:45:03] Saved 4 rows to ucsd_occupancy_history.csv
[2026-09-22 06:45:03] Main Gym Fitness Gym: 6% (Not Busy) people=4 capacity=72 is_open=True hour_summary=open
[2026-09-22 06:45:03] Outback Climbing Center: 0% (Closed) people=0 capacity=30 is_open=False hour_summary=Closed until 2:00pm
[2026-09-22 06:45:03] RIMAC Fitness Gym: 65% (Busy) people=42 capacity=65 is_open=True hour_summary=open
[2026-09-22 06:45:03] Triton Esports Center: 0% (Closed) people=0 capacity=35 is_open=False hour_summary=closed
[2026-09-22 06:45:03] === SCRAPE END OK ===
[2026-09-22 07:00:02] === SCRAPE START ===
[2026-09-22 07:00:02] Fetching https://waitz.io/live/ucsd-rec
[2026-09-22 07:00:03] Saved 4 rows to ucsd_occupancy_history.csv
[2026-09-22 07:00:03] Main Gym Fitness Gym: 14% (Not Busy) people=10 capacity=72 is_open=True hour_summary=open
[2026-09-22 07:00:03] Outback Climbing Center: 7% (Closed) people=2 capacity=30 is_open=False hour_summary=Closed until 2:00pm
[2026-09-22 07:00:03] RIMAC Fitness Gym: 85% (Very Active) people=55 capacity=65 is_open=True hour_summary=open
[2026-09-22 07:00:03] Triton Esports Center: 0% (Closed) people=0 capacity=35 is_open=False hour_summary=closed
[2026-09-22 07:00:03] === SCRAPE END OK ===
[2026-09-22 07:15:02] === SCRAPE START ===
[2026-09-22 07:15:02] Fetching https://waitz.io/live/ucsd-rec
[2026-09-22 07:15:03] Saved 4 rows to ucsd_occupancy_history.csv
[2026-09-22 07:15:03] Main Gym Fitness Gym: 14% (Not Busy) people=10 capacity=72 is_open=True hour_summary=open
[2026-09-22 07:15:03] Outback Climbing Center: 0% (Closed) people=0 capacity=30 is_open=False hour_summary=Closed until 2:00pm
[2026-09-22 07:15:03] RIMAC Fitness Gym: 86% (Very Active) people=56 capacity=65 is_open=True hour_summary=open
[2026-09-22 07:15:03] Triton Esports Center: 0% (Closed) people=0 capacity=35 is_open=False hour_summary=closed
[2026-09-22 07:15:03] === SCRAPE END OK ===
[2026-09-22 07:30:02] === SCRAPE START ===
[2026-09-22 07:30:02] Fetching https://waitz.io/live/ucsd-rec
[2026-09-22 07:30:03] Saved 4 rows to ucsd_occupancy_history.csv
[2026-09-22 07:30:03] Main Gym Fitness Gym: 17% (Not Busy) people=12 capacity=72 is_open=True hour_summary=open
[2026-09-22 07:30:03] Outback Climbing Center: 3% (Closed) people=1 capacity=30 is_open=False hour_summary=Closed until 2:00pm
[2026-09-22 07:30:03] RIMAC Fitness Gym: 99% (Very Active) people=64 capacity=65 is_open=True hour_summary=open
[2026-09-22 07:30:03] Triton Esports Center: 0% (Closed) people=0 capacity=35 is_open=False hour_summary=closed
[2026-09-22 07:30:03] === SCRAPE END OK ===
[2026-09-22 07:45:02] === SCRAPE START ===
[2026-09-22 07:45:02] Fetching https://waitz.io/live/ucsd-rec
[2026-09-22 07:45:03] Saved 4 rows to ucsd_occupancy_history.csv
[2026-09-22 07:45:03] Main Gym Fitness Gym: 69% (Busy) people=50 capacity=72 is_open=True hour_summary=open
[2026-09-22 07:45:03] Outback Climbing Center: 3% (Closed) people=1 capacity=30 is_open=False hour_summary=Closed until 2:00pm
[2026-09-22 07:45:03] RIMAC Fitness Gym: 99% (Very Active) people=64 capacity=65 is_open=True hour_summary=open
[2026-09-22 07:45:03] Triton Esports Center: 0% (Closed) people=0 capacity=35 is_open=False hour_summary=closed
[2026-09-22 07:45:03] === SCRAPE END OK ===
[2026-09-22 08:00:02] === SCRAPE START ===
[2026-09-22 08:00:02] Fetching https://waitz.io/live/ucsd-rec
[2026-09-22 08:00:03] Saved 4 rows to ucsd_occupancy_history.csv
[2026-09-22 08:00:03] Main Gym Fitness Gym: 38% (Not Busy) people=27 capacity=72 is_open=True hour_summary=open
[2026-09-22 08:00:03] Outback Climbing Center: 7% (Closed) people=2 capacity=30 is_open=False hour_summary=Closed until 2:00pm
[2026-09-22 08:00:03] RIMAC Fitness Gym: 99% (Very Active) people=64 capacity=65 is_open=True hour_summary=open
[2026-09-22 08:00:03] Triton Esports Center: 0% (Closed) people=0 capacity=35 is_open=False hour_summary=closed
[2026-09-22 08:00:03] === SCRAPE END OK ===
