[2026-10-07 00:00:01] === SCRAPE START ===
[2026-10-07 00:00:01] Fetching https://waitz.io/live/ucsd-rec
[2026-10-07 00:00:03] Saved 4 rows to ucsd_occupancy_history.csv
[2026-10-07 00:00:03] Main Gym Fitness Gym: 0% (Closed) people=0 capacity=72 is_open=False hour_summary=Closed until 6:00am
[2026-10-07 00:00:03] Outback Climbing Center: 0% (Closed) people=0 capacity=30 is_open=False hour_summary=Closed until 2:00pm
[2026-10-07 00:00:03] RIMAC Fitness Gym: 0% (Closed) people=0 capacity=65 is_open=False hour_summary=Closed until 6:00am
[2026-10-07 00:00:03] Triton Esports Center: 0% (Closed) people=0 capacity=35 is_open=False hour_summary=closed
[2026-10-07 00:00:03] === SCRAPE END OK ===
[2026-10-07 00:15:02] === SCRAPE START ===
[2026-10-07 00:15:02] Fetching https://waitz.io/live/ucsd-rec
[2026-10-07 00:15:03] Saved 4 rows to ucsd_occupancy_history.csv
[2026-10-07 00:15:03] Main Gym Fitness Gym: 0% (Closed) people=0 capacity=72 is_open=False hour_summary=Closed until 6:00am
[2026-10-07 00:15:03] Outback Climbing Center: 0% (Closed) people=0 capacity=30 is_open=False hour_summary=Closed until 2:00pm
[2026-10-07 00:15:03] RIMAC Fitness Gym: 0% (Closed) people=0 capacity=65 is_open=False hour_summary=Closed until 6:00am
[2026-10-07 00:15:03] Triton Esports Center: 0% (Closed) people=0 capacity=35 is_open=False hour_summary=closed
[2026-10-07 00:15:03] === SCRAPE END OK ===
[2026-10-07 00:30:02] === SCRAPE START ===
[2026-10-07 00:30:02] Fetching https://waitz.io/live/ucsd-rec
[2026-10-07 00:30:03] Saved 4 rows to ucsd_occupancy_history.csv
[2026-10-07 00:30:03] Main Gym Fitness Gym: 0% (Closed) people=0 capacity=72 is_open=False hour_summary=Closed until 6:00am
[2026-10-07 00:30:03] Outback Climbing Center: 0% (Closed) people=0 capacity=30 is_open=False hour_summary=Closed until 2:00pm
[2026-10-07 00:30:03] RIMAC Fitness Gym: 0% (Closed) people=0 capacity=65 is_open=False hour_summary=Closed until 6:00am
[2026-10-07 00:30:03] Triton Esports Center: 0% (Closed) people=0 capacity=35 is_open=False hour_summary=closed
[2026-10-07 00:30:03] === SCRAPE END OK ===
[2026-10-07 00:45:02] === SCRAPE START ===
[2026-10-07 00:45:02] Fetching https://waitz.io/live/ucsd-rec
[2026-10-07 00:45:03] Saved 4 rows to ucsd_occupancy_history.csv
[2026-10-07 00:45:03] Main Gym Fitness Gym: 0% (Closed) people=0 capacity=72 is_open=False hour_summary=Closed until 6:00am
[2026-10-07 00:45:03] Outback Climbing Center: 0% (Closed) people=0 capacity=30 is_open=False hour_summary=Closed until 2:00pm
[2026-10-07 00:45:03] RIMAC Fitness Gym: 0% (Closed) people=0 capacity=65 is_open=False hour_summary=Closed until 6:00am
[2026-10-07 00:45:03] Triton Esports Center: 0% (Closed) people=0 capacity=35 is_open=False hour_summary=closed
[2026-10-07 00:45:03] === SCRAPE END OK ===
[2026-10-07 01:00:02] === SCRAPE START ===
[2026-10-07 01:00:02] Fetching https://waitz.io/live/ucsd-rec
[2026-10-07 01:00:04] Saved 4 rows to ucsd_occupancy_history.csv
[2026-10-07 01:00:04] Main Gym Fitness Gym: 0% (Closed) people=0 capacity=72 is_open=False hour_summary=Closed until 6:00am
[2026-10-07 01:00:04] Outback Climbing Center: 0% (Closed) people=0 capacity=30 is_open=False hour_summary=Closed until 2:00pm
[2026-10-07 01:00:04] RIMAC Fitness Gym: 0% (Closed) people=0 capacity=65 is_open=False hour_summary=Closed until 6:00am
[2026-10-07 01:00:04] Triton Esports Center: 0% (Closed) people=0 capacity=35 is_open=False hour_summary=closed
[2026-10-07 01:00:04] === SCRAPE END OK ===
[2026-10-07 01:15:02] === SCRAPE START ===
[2026-10-07 01:15:02] Fetching https://waitz.io/live/ucsd-rec
[2026-10-07 01:15:03] Saved 4 rows to ucsd_occupancy_history.csv
[2026-10-07 01:15:03] Main Gym Fitness Gym: 0% (Closed) people=0 capacity=72 is_open=False hour_summary=Closed until 6:00am
[2026-10-07 01:15:03] Outback Climbing Center: 0% (Closed) people=0 capacity=30 is_open=False hour_summary=Closed until 2:00pm
[2026-10-07 01:15:03] RIMAC Fitness Gym: 0% (Closed) people=0 capacity=65 is_open=False hour_summary=Closed until 6:00am
[2026-10-07 01:15:03] Triton Esports Center: 0% (Closed) people=0 capacity=35 is_open=False hour_summary=closed
[2026-10-07 01:15:03] === SCRAPE END OK ===
[2026-10-07 01:30:02] === SCRAPE START ===
[2026-10-07 01:30:02] Fetching https://waitz.io/live/ucsd-rec
[2026-10-07 01:30:03] Saved 4 rows to ucsd_occupancy_history.csv
[2026-10-07 01:30:03] Main Gym Fitness Gym: 0% (Closed) people=0 capacity=72 is_open=False hour_summary=Closed until 6:00am
[2026-10-07 01:30:03] Outback Climbing Center: 0% (Closed) people=0 capacity=30 is_open=False hour_summary=Closed until 2:00pm
[2026-10-07 01:30:03] RIMAC Fitness Gym: 0% (Closed) people=0 capacity=65 is_open=False hour_summary=Closed until 6:00am
[2026-10-07 01:30:03] Triton Esports Center: 0% (Closed) people=0 capacity=35 is_open=False hour_summary=closed
[2026-10-07 01:30:03] === SCRAPE END OK ===
[2026-10-07 01:45:02] === SCRAPE START ===
[2026-10-07 01:45:02] Fetching https://waitz.io/live/ucsd-rec
[2026-10-07 01:45:03] Saved 4 rows to ucsd_occupancy_history.csv
[2026-10-07 01:45:03] Main Gym Fitness Gym: 0% (Closed) people=0 capacity=72 is_open=False hour_summary=Closed until 6:00am
[2026-10-07 01:45:03] Outback Climbing Center: 0% (Closed) people=0 capacity=30 is_open=False hour_summary=Closed until 2:00pm
[2026-10-07 01:45:03] RIMAC Fitness Gym: 0% (Closed) people=0 capacity=65 is_open=False hour_summary=Closed until 6:00am
[2026-10-07 01:45:03] Triton Esports Center: 0% (Closed) people=0 capacity=35 is_open=False hour_summary=closed
[2026-10-07 01:45:03] === SCRAPE END OK ===
[2026-10-07 02:00:02] === SCRAPE START ===
[2026-10-07 02:00:02] Fetching https://waitz.io/live/ucsd-rec
[2026-10-07 02:00:03] Saved 4 rows to ucsd_occupancy_history.csv
[2026-10-07 02:00:03] Main Gym Fitness Gym: 0% (Closed) people=0 capacity=72 is_open=False hour_summary=Closed until 6:00am
[2026-10-07 02:00:03] Outback Climbing Center: 0% (Closed) people=0 capacity=30 is_open=False hour_summary=Closed until 2:00pm
[2026-10-07 02:00:03] RIMAC Fitness Gym: 0% (Closed) people=0 capacity=65 is_open=False hour_summary=Closed until 6:00am
[2026-10-07 02:00:03] Triton Esports Center: 0% (Closed) people=0 capacity=35 is_open=False hour_summary=closed
[2026-10-07 02:00:03] === SCRAPE END OK ===
[2026-10-07 02:15:02] === SCRAPE START ===
[2026-10-07 02:15:02] Fetching https://waitz.io/live/ucsd-rec
[2026-10-07 02:15:03] Saved 4 rows to ucsd_occupancy_history.csv
[2026-10-07 02:15:03] Main Gym Fitness Gym: 0% (Closed) people=0 capacity=72 is_open=False hour_summary=Closed until 6:00am
[2026-10-07 02:15:03] Outback Climbing Center: 0% (Closed) people=0 capacity=30 is_open=False hour_summary=Closed until 2:00pm
[2026-10-07 02:15:03] RIMAC Fitness Gym: 0% (Closed) people=0 capacity=65 is_open=False hour_summary=Closed until 6:00am
[2026-10-07 02:15:03] Triton Esports Center: 0% (Closed) people=0 capacity=35 is_open=False hour_summary=closed
[2026-10-07 02:15:03] === SCRAPE END OK ===
[2026-10-07 02:30:02] === SCRAPE START ===
[2026-10-07 02:30:02] Fetching https://waitz.io/live/ucsd-rec
[2026-10-07 02:30:03] Saved 4 rows to ucsd_occupancy_history.csv
[2026-10-07 02:30:03] Main Gym Fitness Gym: 0% (Closed) people=0 capacity=72 is_open=False hour_summary=Closed until 6:00am
[2026-10-07 02:30:03] Outback Climbing Center: 0% (Closed) people=0 capacity=30 is_open=False hour_summary=Closed until 2:00pm
[2026-10-07 02:30:03] RIMAC Fitness Gym: 0% (Closed) people=0 capacity=65 is_open=False hour_summary=Closed until 6:00am
[2026-10-07 02:30:03] Triton Esports Center: 0% (Closed) people=0 capacity=35 is_open=False hour_summary=closed
[2026-10-07 02:30:03] === SCRAPE END OK ===
[2026-10-07 02:45:02] === SCRAPE START ===
[2026-10-07 02:45:02] Fetching https://waitz.io/live/ucsd-rec
[2026-10-07 02:45:03] Saved 4 rows to ucsd_occupancy_history.csv
[2026-10-07 02:45:03] Main Gym Fitness Gym: 0% (Closed) people=0 capacity=72 is_open=False hour_summary=Closed until 6:00am
[2026-10-07 02:45:03] Outback Climbing Center: 0% (Closed) people=0 capacity=30 is_open=False hour_summary=Closed until 2:00pm
[2026-10-07 02:45:03] RIMAC Fitness Gym: 0% (Closed) people=0 capacity=65 is_open=False hour_summary=Closed until 6:00am
[2026-10-07 02:45:03] Triton Esports Center: 0% (Closed) people=0 capacity=35 is_open=False hour_summary=closed
[2026-10-07 02:45:03] === SCRAPE END OK ===
[2026-10-07 03:00:02] === SCRAPE START ===
[2026-10-07 03:00:02] Fetching https://waitz.io/live/ucsd-rec
[2026-10-07 03:00:04] Saved 4 rows to ucsd_occupancy_history.csv
[2026-10-07 03:00:04] Main Gym Fitness Gym: 0% (Closed) people=0 capacity=72 is_open=False hour_summary=Closed until 6:00am
[2026-10-07 03:00:04] Outback Climbing Center: 0% (Closed) people=0 capacity=30 is_open=False hour_summary=Closed until 2:00pm
[2026-10-07 03:00:04] RIMAC Fitness Gym: 0% (Closed) people=0 capacity=65 is_open=False hour_summary=Closed until 6:00am
[2026-10-07 03:00:04] Triton Esports Center: 0% (Closed) people=0 capacity=35 is_open=False hour_summary=closed
[2026-10-07 03:00:04] === SCRAPE END OK ===
[2026-10-07 03:15:02] === SCRAPE START ===
[2026-10-07 03:15:02] Fetching https://waitz.io/live/ucsd-rec
[2026-10-07 03:15:03] Saved 4 rows to ucsd_occupancy_history.csv
[2026-10-07 03:15:03] Main Gym Fitness Gym: 0% (Closed) people=0 capacity=72 is_open=False hour_summary=Closed until 6:00am
[2026-10-07 03:15:03] Outback Climbing Center: 0% (Closed) people=0 capacity=30 is_open=False hour_summary=Closed until 2:00pm
[2026-10-07 03:15:03] RIMAC Fitness Gym: 0% (Closed) people=0 capacity=65 is_open=False hour_summary=Closed until 6:00am
[2026-10-07 03:15:03] Triton Esports Center: 0% (Closed) people=0 capacity=35 is_open=False hour_summary=closed
[2026-10-07 03:15:03] === SCRAPE END OK ===
[2026-10-07 03:30:02] === SCRAPE START ===
[2026-10-07 03:30:02] Fetching https://waitz.io/live/ucsd-rec
[2026-10-07 03:30:03] Saved 4 rows to ucsd_occupancy_history.csv
[2026-10-07 03:30:03] Main Gym Fitness Gym: 0% (Closed) people=0 capacity=72 is_open=False hour_summary=Closed until 6:00am
[2026-10-07 03:30:03] Outback Climbing Center: 0% (Closed) people=0 capacity=30 is_open=False hour_summary=Closed until 2:00pm
[2026-10-07 03:30:03] RIMAC Fitness Gym: 0% (Closed) people=0 capacity=65 is_open=False hour_summary=Closed until 6:00am
[2026-10-07 03:30:03] Triton Esports Center: 0% (Closed) people=0 capacity=35 is_open=False hour_summary=closed
[2026-10-07 03:30:03] === SCRAPE END OK ===
[2026-10-07 03:45:02] === SCRAPE START ===
[2026-10-07 03:45:02] Fetching https://waitz.io/live/ucsd-rec
[2026-10-07 03:45:03] Saved 4 rows to ucsd_occupancy_history.csv
[2026-10-07 03:45:03] Main Gym Fitness Gym: 0% (Closed) people=0 capacity=72 is_open=False hour_summary=Closed until 6:00am
[2026-10-07 03:45:03] Outback Climbing Center: 0% (Closed) people=0 capacity=30 is_open=False hour_summary=Closed until 2:00pm
[2026-10-07 03:45:03] RIMAC Fitness Gym: 0% (Closed) people=0 capacity=65 is_open=False hour_summary=Closed until 6:00am
[2026-10-07 03:45:03] Triton Esports Center: 0% (Closed) people=0 capacity=35 is_open=False hour_summary=closed
[2026-10-07 03:45:03] === SCRAPE END OK ===
[2026-10-07 04:00:02] === SCRAPE START ===
[2026-10-07 04:00:02] Fetching https://waitz.io/live/ucsd-rec
[2026-10-07 04:00:03] Saved 4 rows to ucsd_occupancy_history.csv
[2026-10-07 04:00:03] Main Gym Fitness Gym: 0% (Closed) people=0 capacity=72 is_open=False hour_summary=Closed until 6:00am
[2026-10-07 04:00:03] Outback Climbing Center: 0% (Closed) people=0 capacity=30 is_open=False hour_summary=Closed until 2:00pm
[2026-10-07 04:00:03] RIMAC Fitness Gym: 0% (Closed) people=0 capacity=65 is_open=False hour_summary=Closed until 6:00am
[2026-10-07 04:00:03] Triton Esports Center: 0% (Closed) people=0 capacity=35 is_open=False hour_summary=closed
[2026-10-07 04:00:03] === SCRAPE END OK ===
[2026-10-07 04:15:02] === SCRAPE START ===
[2026-10-07 04:15:02] Fetching https://waitz.io/live/ucsd-rec
[2026-10-07 04:15:03] Saved 4 rows to ucsd_occupancy_history.csv
[2026-10-07 04:15:03] Main Gym Fitness Gym: 0% (Closed) people=0 capacity=72 is_open=False hour_summary=Closed until 6:00am
[2026-10-07 04:15:03] Outback Climbing Center: 0% (Closed) people=0 capacity=30 is_open=False hour_summary=Closed until 2:00pm
[2026-10-07 04:15:03] RIMAC Fitness Gym: 0% (Closed) people=0 capacity=65 is_open=False hour_summary=Closed until 6:00am
[2026-10-07 04:15:03] Triton Esports Center: 0% (Closed) people=0 capacity=35 is_open=False hour_summary=closed
[2026-10-07 04:15:03] === SCRAPE END OK ===
[2026-10-07 04:30:02] === SCRAPE START ===
[2026-10-07 04:30:02] Fetching https://waitz.io/live/ucsd-rec
[2026-10-07 04:30:03] Saved 4 rows to ucsd_occupancy_history.csv
[2026-10-07 04:30:03] Main Gym Fitness Gym: 0% (Closed) people=0 capacity=72 is_open=False hour_summary=Closed until 6:00am
[2026-10-07 04:30:03] Outback Climbing Center: 0% (Closed) people=0 capacity=30 is_open=False hour_summary=Closed until 2:00pm
[2026-10-07 04:30:03] RIMAC Fitness Gym: 0% (Closed) people=0 capacity=65 is_open=False hour_summary=Closed until 6:00am
[2026-10-07 04:30:03] Triton Esports Center: 0% (Closed) people=0 capacity=35 is_open=False hour_summary=closed
[2026-10-07 04:30:03] === SCRAPE END OK ===
[2026-10-07 04:45:02] === SCRAPE START ===
[2026-10-07 04:45:02] Fetching https://waitz.io/live/ucsd-rec
[2026-10-07 04:45:03] Saved 4 rows to ucsd_occupancy_history.csv
[2026-10-07 04:45:03] Main Gym Fitness Gym: 0% (Closed) people=0 capacity=72 is_open=False hour_summary=Closed until 6:00am
[2026-10-07 04:45:03] Outback Climbing Center: 0% (Closed) people=0 capacity=30 is_open=False hour_summary=Closed until 2:00pm
[2026-10-07 04:45:03] RIMAC Fitness Gym: 0% (Closed) people=0 capacity=65 is_open=False hour_summary=Closed until 6:00am
[2026-10-07 04:45:03] Triton Esports Center: 0% (Closed) people=0 capacity=35 is_open=False hour_summary=closed
[2026-10-07 04:45:03] === SCRAPE END OK ===
[2026-10-07 05:00:02] === SCRAPE START ===
[2026-10-07 05:00:02] Fetching https://waitz.io/live/ucsd-rec
[2026-10-07 05:00:03] Saved 4 rows to ucsd_occupancy_history.csv
[2026-10-07 05:00:03] Main Gym Fitness Gym: 0% (Closed) people=0 capacity=72 is_open=False hour_summary=Closed until 6:00am
[2026-10-07 05:00:03] Outback Climbing Center: 0% (Closed) people=0 capacity=30 is_open=False hour_summary=Closed until 2:00pm
[2026-10-07 05:00:03] RIMAC Fitness Gym: 2% (Closed) people=1 capacity=65 is_open=False hour_summary=Closed until 6:00am
[2026-10-07 05:00:03] Triton Esports Center: 0% (Closed) people=0 capacity=35 is_open=False hour_summary=closed
[2026-10-07 05:00:03] === SCRAPE END OK ===
[2026-10-07 05:15:02] === SCRAPE START ===
[2026-10-07 05:15:02] Fetching https://waitz.io/live/ucsd-rec
[2026-10-07 05:15:03] Saved 4 rows to ucsd_occupancy_history.csv
[2026-10-07 05:15:03] Main Gym Fitness Gym: 0% (Closed) people=0 capacity=72 is_open=False hour_summary=Closed until 6:00am
[2026-10-07 05:15:03] Outback Climbing Center: 0% (Closed) people=0 capacity=30 is_open=False hour_summary=Closed until 2:00pm
[2026-10-07 05:15:03] RIMAC Fitness Gym: 3% (Closed) people=2 capacity=65 is_open=False hour_summary=Closed until 6:00am
[2026-10-07 05:15:03] Triton Esports Center: 0% (Closed) people=0 capacity=35 is_open=False hour_summary=closed
[2026-10-07 05:15:03] === SCRAPE END OK ===
[2026-10-07 05:30:02] === SCRAPE START ===
[2026-10-07 05:30:02] Fetching https://waitz.io/live/ucsd-rec
[2026-10-07 05:30:03] Saved 4 rows to ucsd_occupancy_history.csv
[2026-10-07 05:30:03] Main Gym Fitness Gym: 0% (Closed) people=0 capacity=72 is_open=False hour_summary=Closed until 6:00am
[2026-10-07 05:30:03] Outback Climbing Center: 0% (Closed) people=0 capacity=30 is_open=False hour_summary=Closed until 2:00pm
[2026-10-07 05:30:03] RIMAC Fitness Gym: 2% (Closed) people=1 capacity=65 is_open=False hour_summary=Closed until 6:00am
[2026-10-07 05:30:03] Triton Esports Center: 0% (Closed) people=0 capacity=35 is_open=False hour_summary=closed
[2026-10-07 05:30:03] === SCRAPE END OK ===
[2026-10-07 05:45:02] === SCRAPE START ===
[2026-10-07 05:45:02] Fetching https://waitz.io/live/ucsd-rec
[2026-10-07 05:45:03] Saved 4 rows to ucsd_occupancy_history.csv
[2026-10-07 05:45:03] Main Gym Fitness Gym: 0% (Closed) people=0 capacity=72 is_open=False hour_summary=Closed until 6:00am
[2026-10-07 05:45:03] Outback Climbing Center: 0% (Closed) people=0 capacity=30 is_open=False hour_summary=Closed until 2:00pm
[2026-10-07 05:45:03] RIMAC Fitness Gym: 0% (Closed) people=0 capacity=65 is_open=False hour_summary=Closed until 6:00am
[2026-10-07 05:45:03] Triton Esports Center: 0% (Closed) people=0 capacity=35 is_open=False hour_summary=closed
[2026-10-07 05:45:03] === SCRAPE END OK ===
[2026-10-07 06:00:02] === SCRAPE START ===
[2026-10-07 06:00:02] Fetching https://waitz.io/live/ucsd-rec
[2026-10-07 06:00:03] Saved 4 rows to ucsd_occupancy_history.csv
[2026-10-07 06:00:03] Main Gym Fitness Gym: 0% (Not Busy) people=0 capacity=72 is_open=True hour_summary=open
[2026-10-07 06:00:03] Outback Climbing Center: 0% (Closed) people=0 capacity=30 is_open=False hour_summary=Closed until 2:00pm
[2026-10-07 06:00:03] RIMAC Fitness Gym: 2% (Not Busy) people=1 capacity=65 is_open=True hour_summary=open
[2026-10-07 06:00:03] Triton Esports Center: 0% (Closed) people=0 capacity=35 is_open=False hour_summary=closed
[2026-10-07 06:00:03] === SCRAPE END OK ===
[2026-10-07 06:15:02] === SCRAPE START ===
[2026-10-07 06:15:02] Fetching https://waitz.io/live/ucsd-rec
[2026-10-07 06:15:03] Saved 4 rows to ucsd_occupancy_history.csv
[2026-10-07 06:15:03] Main Gym Fitness Gym: 21% (Not Busy) people=15 capacity=72 is_open=True hour_summary=open
[2026-10-07 06:15:03] Outback Climbing Center: 0% (Closed) people=0 capacity=30 is_open=False hour_summary=Closed until 2:00pm
[2026-10-07 06:15:03] RIMAC Fitness Gym: 38% (Not Busy) people=25 capacity=65 is_open=True hour_summary=open
[2026-10-07 06:15:03] Triton Esports Center: 0% (Closed) people=0 capacity=35 is_open=False hour_summary=closed
[2026-10-07 06:15:03] === SCRAPE END OK ===
[2026-10-07 06:30:02] === SCRAPE START ===
[2026-10-07 06:30:02] Fetching https://waitz.io/live/ucsd-rec
[2026-10-07 06:30:03] Saved 4 rows to ucsd_occupancy_history.csv
[2026-10-07 06:30:03] Main Gym Fitness Gym: 38% (Not Busy) people=27 capacity=72 is_open=True hour_summary=open
[2026-10-07 06:30:03] Outback Climbing Center: 0% (Closed) people=0 capacity=30 is_open=False hour_summary=Closed until 2:00pm
[2026-10-07 06:30:03] RIMAC Fitness Gym: 63% (Busy) people=41 capacity=65 is_open=True hour_summary=open
[2026-10-07 06:30:03] Triton Esports Center: 0% (Closed) people=0 capacity=35 is_open=False hour_summary=closed
[2026-10-07 06:30:03] === SCRAPE END OK ===
[2026-10-07 06:45:02] === SCRAPE START ===
[2026-10-07 06:45:02] Fetching https://waitz.io/live/ucsd-rec
[2026-10-07 06:45:03] Saved 4 rows to ucsd_occupancy_history.csv
[2026-10-07 06:45:03] Main Gym Fitness Gym: 53% (Busy) people=38 capacity=72 is_open=True hour_summary=open
[2026-10-07 06:45:03] Outback Climbing Center: 0% (Closed) people=0 capacity=30 is_open=False hour_summary=Closed until 2:00pm
[2026-10-07 06:45:03] RIMAC Fitness Gym: 78% (Busy) people=51 capacity=65 is_open=True hour_summary=open
[2026-10-07 06:45:03] Triton Esports Center: 0% (Closed) people=0 capacity=35 is_open=False hour_summary=closed
[2026-10-07 06:45:03] === SCRAPE END OK ===
[2026-10-07 07:00:02] === SCRAPE START ===
[2026-10-07 07:00:02] Fetching https://waitz.io/live/ucsd-rec
[2026-10-07 07:00:04] Saved 4 rows to ucsd_occupancy_history.csv
[2026-10-07 07:00:04] Main Gym Fitness Gym: 29% (Not Busy) people=21 capacity=72 is_open=True hour_summary=open
[2026-10-07 07:00:04] Outback Climbing Center: 0% (Closed) people=0 capacity=30 is_open=False hour_summary=Closed until 2:00pm
[2026-10-07 07:00:04] RIMAC Fitness Gym: 92% (Very Active) people=60 capacity=65 is_open=True hour_summary=open
[2026-10-07 07:00:04] Triton Esports Center: 3% (Closed) people=1 capacity=35 is_open=False hour_summary=closed
[2026-10-07 07:00:04] === SCRAPE END OK ===
[2026-10-07 07:15:02] === SCRAPE START ===
[2026-10-07 07:15:02] Fetching https://waitz.io/live/ucsd-rec
[2026-10-07 07:15:03] Saved 4 rows to ucsd_occupancy_history.csv
[2026-10-07 07:15:03] Main Gym Fitness Gym: 32% (Not Busy) people=23 capacity=72 is_open=True hour_summary=open
[2026-10-07 07:15:03] Outback Climbing Center: 0% (Closed) people=0 capacity=30 is_open=False hour_summary=Closed until 2:00pm
[2026-10-07 07:15:03] RIMAC Fitness Gym: 80% (Busy) people=52 capacity=65 is_open=True hour_summary=open
[2026-10-07 07:15:03] Triton Esports Center: 0% (Closed) people=0 capacity=35 is_open=False hour_summary=closed
[2026-10-07 07:15:03] === SCRAPE END OK ===
[2026-10-07 07:30:02] === SCRAPE START ===
[2026-10-07 07:30:02] Fetching https://waitz.io/live/ucsd-rec
[2026-10-07 07:30:04] Saved 4 rows to ucsd_occupancy_history.csv
[2026-10-07 07:30:04] Main Gym Fitness Gym: 13% (Not Busy) people=9 capacity=72 is_open=True hour_summary=open
[2026-10-07 07:30:04] Outback Climbing Center: 0% (Closed) people=0 capacity=30 is_open=False hour_summary=Closed until 2:00pm
[2026-10-07 07:30:04] RIMAC Fitness Gym: 91% (Very Active) people=59 capacity=65 is_open=True hour_summary=open
[2026-10-07 07:30:04] Triton Esports Center: 0% (Closed) people=0 capacity=35 is_open=False hour_summary=closed
[2026-10-07 07:30:04] === SCRAPE END OK ===
[2026-10-07 07:45:02] === SCRAPE START ===
[2026-10-07 07:45:02] Fetching https://waitz.io/live/ucsd-rec
[2026-10-07 07:45:03] Saved 4 rows to ucsd_occupancy_history.csv
[2026-10-07 07:45:03] Main Gym Fitness Gym: 33% (Not Busy) people=24 capacity=72 is_open=True hour_summary=open
[2026-10-07 07:45:03] Outback Climbing Center: 0% (Closed) people=0 capacity=30 is_open=False hour_summary=Closed until 2:00pm
[2026-10-07 07:45:03] RIMAC Fitness Gym: 99% (Very Active) people=64 capacity=65 is_open=True hour_summary=open
[2026-10-07 07:45:03] Triton Esports Center: 0% (Closed) people=0 capacity=35 is_open=False hour_summary=closed
[2026-10-07 07:45:03] === SCRAPE END OK ===
[2026-10-07 08:00:02] === SCRAPE START ===
[2026-10-07 08:00:02] Fetching https://waitz.io/live/ucsd-rec
[2026-10-07 08:00:04] Saved 4 rows to ucsd_occupancy_history.csv
[2026-10-07 08:00:04] Main Gym Fitness Gym: 49% (Busy) people=35 capacity=72 is_open=True hour_summary=open
[2026-10-07 08:00:04] Outback Climbing Center: 0% (Closed) people=0 capacity=30 is_open=False hour_summary=Closed until 2:00pm
[2026-10-07 08:00:04] RIMAC Fitness Gym: 99% (Very Active) people=64 capacity=65 is_open=True hour_summary=open
[2026-10-07 08:00:04] Triton Esports Center: 0% (Closed) people=0 capacity=35 is_open=False hour_summary=closed
[2026-10-07 08:00:04] === SCRAPE END OK ===
[2026-10-07 08:15:02] === SCRAPE START ===
[2026-10-07 08:15:02] Fetching https://waitz.io/live/ucsd-rec
[2026-10-07 08:15:03] Saved 4 rows to ucsd_occupancy_history.csv
[2026-10-07 08:15:03] Main Gym Fitness Gym: 54% (Busy) people=39 capacity=72 is_open=True hour_summary=open
[2026-10-07 08:15:03] Outback Climbing Center: 0% (Closed) people=0 capacity=30 is_open=False hour_summary=Closed until 2:00pm
[2026-10-07 08:15:03] RIMAC Fitness Gym: 99% (Very Active) people=64 capacity=65 is_open=True hour_summary=open
[2026-10-07 08:15:03] Triton Esports Center: 0% (Closed) people=0 capacity=35 is_open=False hour_summary=closed
[2026-10-07 08:15:03] === SCRAPE END OK ===
[2026-10-07 08:30:02] === SCRAPE START ===
[2026-10-07 08:30:02] Fetching https://waitz.io/live/ucsd-rec
[2026-10-07 08:30:04] Saved 4 rows to ucsd_occupancy_history.csv
[2026-10-07 08:30:04] Main Gym Fitness Gym: 53% (Busy) people=38 capacity=72 is_open=True hour_summary=open
[2026-10-07 08:30:04] Outback Climbing Center: 0% (Closed) people=0 capacity=30 is_open=False hour_summary=Closed until 2:00pm
[2026-10-07 08:30:04] RIMAC Fitness Gym: 99% (Very Active) people=64 capacity=65 is_open=True hour_summary=open
[2026-10-07 08:30:04] Triton Esports Center: 0% (Closed) people=0 capacity=35 is_open=False hour_summary=closed
[2026-10-07 08:30:04] === SCRAPE END OK ===
[2026-10-07 08:45:02] === SCRAPE START ===
[2026-10-07 08:45:02] Fetching https://waitz.io/live/ucsd-rec
[2026-10-07 08:45:03] Saved 4 rows to ucsd_occupancy_history.csv
[2026-10-07 08:45:03] Main Gym Fitness Gym: 38% (Not Busy) people=27 capacity=72 is_open=True hour_summary=open
[2026-10-07 08:45:03] Outback Climbing Center: 0% (Closed) people=0 capacity=30 is_open=False hour_summary=Closed until 2:00pm
[2026-10-07 08:45:03] RIMAC Fitness Gym: 99% (Very Active) people=64 capacity=65 is_open=True hour_summary=open
[2026-10-07 08:45:03] Triton Esports Center: 0% (Closed) people=0 capacity=35 is_open=False hour_summary=closed
[2026-10-07 08:45:03] === SCRAPE END OK ===
[2026-10-07 09:00:02] === SCRAPE START ===
[2026-10-07 09:00:02] Fetching https://waitz.io/live/ucsd-rec
[2026-10-07 09:00:04] Saved 4 rows to ucsd_occupancy_history.csv
[2026-10-07 09:00:04] Main Gym Fitness Gym: 39% (Not Busy) people=28 capacity=72 is_open=True hour_summary=open
[2026-10-07 09:00:04] Outback Climbing Center: 0% (Closed) people=0 capacity=30 is_open=False hour_summary=Closed until 2:00pm
[2026-10-07 09:00:04] RIMAC Fitness Gym: 77% (Busy) people=50 capacity=65 is_open=True hour_summary=open
[2026-10-07 09:00:04] Triton Esports Center: 0% (Closed) people=0 capacity=35 is_open=False hour_summary=closed
[2026-10-07 09:00:04] === SCRAPE END OK ===
[2026-10-07 09:15:02] === SCRAPE START ===
[2026-10-07 09:15:02] Fetching https://waitz.io/live/ucsd-rec
[2026-10-07 09:15:03] Saved 4 rows to ucsd_occupancy_history.csv
[2026-10-07 09:15:03] Main Gym Fitness Gym: 40% (Not Busy) people=29 capacity=72 is_open=True hour_summary=open
[2026-10-07 09:15:03] Outback Climbing Center: 0% (Closed) people=0 capacity=30 is_open=False hour_summary=Closed until 2:00pm
[2026-10-07 09:15:03] RIMAC Fitness Gym: 82% (Very Active) people=53 capacity=65 is_open=True hour_summary=open
[2026-10-07 09:15:03] Triton Esports Center: 0% (Closed) people=0 capacity=35 is_open=False hour_summary=closed
[2026-10-07 09:15:03] === SCRAPE END OK ===
[2026-10-07 09:30:02] === SCRAPE START ===
[2026-10-07 09:30:02] Fetching https://waitz.io/live/ucsd-rec
[2026-10-07 09:30:03] Saved 4 rows to ucsd_occupancy_history.csv
[2026-10-07 09:30:03] Main Gym Fitness Gym: 50% (Busy) people=36 capacity=72 is_open=True hour_summary=open
[2026-10-07 09:30:03] Outback Climbing Center: 0% (Closed) people=0 capacity=30 is_open=False hour_summary=Closed until 2:00pm
[2026-10-07 09:30:03] RIMAC Fitness Gym: 99% (Very Active) people=64 capacity=65 is_open=True hour_summary=open
[2026-10-07 09:30:03] Triton Esports Center: 0% (Closed) people=0 capacity=35 is_open=False hour_summary=closed
[2026-10-07 09:30:03] === SCRAPE END OK ===
[2026-10-07 09:45:02] === SCRAPE START ===
[2026-10-07 09:45:02] Fetching https://waitz.io/live/ucsd-rec
[2026-10-07 09:45:03] Saved 4 rows to ucsd_occupancy_history.csv
[2026-10-07 09:45:03] Main Gym Fitness Gym: 57% (Busy) people=41 capacity=72 is_open=True hour_summary=open
[2026-10-07 09:45:03] Outback Climbing Center: 0% (Closed) people=0 capacity=30 is_open=False hour_summary=Closed until 2:00pm
[2026-10-07 09:45:03] RIMAC Fitness Gym: 99% (Very Active) people=64 capacity=65 is_open=True hour_summary=open
[2026-10-07 09:45:03] Triton Esports Center: 0% (Closed) people=0 capacity=35 is_open=False hour_summary=closed
[2026-10-07 09:45:03] === SCRAPE END OK ===
[2026-10-07 10:00:02] === SCRAPE START ===
[2026-10-07 10:00:02] Fetching https://waitz.io/live/ucsd-rec
[2026-10-07 10:00:04] Saved 4 rows to ucsd_occupancy_history.csv
[2026-10-07 10:00:04] Main Gym Fitness Gym: 63% (Busy) people=45 capacity=72 is_open=True hour_summary=open
[2026-10-07 10:00:04] Outback Climbing Center: 0% (Closed) people=0 capacity=30 is_open=False hour_summary=Closed until 2:00pm
[2026-10-07 10:00:04] RIMAC Fitness Gym: 99% (Very Active) people=64 capacity=65 is_open=True hour_summary=open
[2026-10-07 10:00:04] Triton Esports Center: 0% (Closed) people=0 capacity=35 is_open=False hour_summary=closed
[2026-10-07 10:00:04] === SCRAPE END OK ===
[2026-10-07 10:15:02] === SCRAPE START ===
[2026-10-07 10:15:02] Fetching https://waitz.io/live/ucsd-rec
[2026-10-07 10:15:03] Saved 4 rows to ucsd_occupancy_history.csv
[2026-10-07 10:15:03] Main Gym Fitness Gym: 61% (Busy) people=44 capacity=72 is_open=True hour_summary=open
[2026-10-07 10:15:03] Outback Climbing Center: 0% (Closed) people=0 capacity=30 is_open=False hour_summary=Closed until 2:00pm
[2026-10-07 10:15:03] RIMAC Fitness Gym: 99% (Very Active) people=64 capacity=65 is_open=True hour_summary=open
[2026-10-07 10:15:03] Triton Esports Center: 0% (Closed) people=0 capacity=35 is_open=False hour_summary=closed
[2026-10-07 10:15:03] === SCRAPE END OK ===
[2026-10-07 10:30:02] === SCRAPE START ===
[2026-10-07 10:30:02] Fetching https://waitz.io/live/ucsd-rec
[2026-10-07 10:30:03] Saved 4 rows to ucsd_occupancy_history.csv
[2026-10-07 10:30:03] Main Gym Fitness Gym: 46% (Busy) people=33 capacity=72 is_open=True hour_summary=open
[2026-10-07 10:30:03] Outback Climbing Center: 0% (Closed) people=0 capacity=30 is_open=False hour_summary=Closed until 2:00pm
[2026-10-07 10:30:03] RIMAC Fitness Gym: 99% (Very Active) people=64 capacity=65 is_open=True hour_summary=open
[2026-10-07 10:30:03] Triton Esports Center: 0% (Closed) people=0 capacity=35 is_open=False hour_summary=closed
[2026-10-07 10:30:03] === SCRAPE END OK ===
[2026-10-07 10:45:02] === SCRAPE START ===
[2026-10-07 10:45:02] Fetching https://waitz.io/live/ucsd-rec
[2026-10-07 10:45:03] Saved 4 rows to ucsd_occupancy_history.csv
[2026-10-07 10:45:03] Main Gym Fitness Gym: 29% (Not Busy) people=21 capacity=72 is_open=True hour_summary=open
[2026-10-07 10:45:03] Outback Climbing Center: 0% (Closed) people=0 capacity=30 is_open=False hour_summary=Closed until 2:00pm
[2026-10-07 10:45:03] RIMAC Fitness Gym: 99% (Very Active) people=64 capacity=65 is_open=True hour_summary=open
[2026-10-07 10:45:03] Triton Esports Center: 0% (Closed) people=0 capacity=35 is_open=False hour_summary=closed
[2026-10-07 10:45:03] === SCRAPE END OK ===
[2026-10-07 11:00:02] === SCRAPE START ===
[2026-10-07 11:00:02] Fetching https://waitz.io/live/ucsd-rec
[2026-10-07 11:00:03] Saved 4 rows to ucsd_occupancy_history.csv
[2026-10-07 11:00:03] Main Gym Fitness Gym: 69% (Busy) people=50 capacity=72 is_open=True hour_summary=open
[2026-10-07 11:00:03] Outback Climbing Center: 0% (Closed) people=0 capacity=30 is_open=False hour_summary=Closed until 2:00pm
[2026-10-07 11:00:03] RIMAC Fitness Gym: 99% (Very Active) people=64 capacity=65 is_open=True hour_summary=open
[2026-10-07 11:00:03] Triton Esports Center: 6% (Closed) people=2 capacity=35 is_open=False hour_summary=closed
[2026-10-07 11:00:03] === SCRAPE END OK ===
[2026-10-07 11:15:02] === SCRAPE START ===
[2026-10-07 11:15:02] Fetching https://waitz.io/live/ucsd-rec
[2026-10-07 11:15:03] Saved 4 rows to ucsd_occupancy_history.csv
[2026-10-07 11:15:03] Main Gym Fitness Gym: 54% (Busy) people=39 capacity=72 is_open=True hour_summary=open
[2026-10-07 11:15:03] Outback Climbing Center: 0% (Closed) people=0 capacity=30 is_open=False hour_summary=Closed until 2:00pm
[2026-10-07 11:15:03] RIMAC Fitness Gym: 99% (Very Active) people=64 capacity=65 is_open=True hour_summary=open
[2026-10-07 11:15:03] Triton Esports Center: 9% (Closed) people=3 capacity=35 is_open=False hour_summary=closed
[2026-10-07 11:15:03] === SCRAPE END OK ===
[2026-10-07 11:30:02] === SCRAPE START ===
[2026-10-07 11:30:02] Fetching https://waitz.io/live/ucsd-rec
[2026-10-07 11:30:03] Saved 4 rows to ucsd_occupancy_history.csv
[2026-10-07 11:30:03] Main Gym Fitness Gym: 89% (Very Active) people=64 capacity=72 is_open=True hour_summary=open
[2026-10-07 11:30:03] Outback Climbing Center: 0% (Closed) people=0 capacity=30 is_open=False hour_summary=Closed until 2:00pm
[2026-10-07 11:30:03] RIMAC Fitness Gym: 99% (Very Active) people=64 capacity=65 is_open=True hour_summary=open
[2026-10-07 11:30:03] Triton Esports Center: 3% (Closed) people=1 capacity=35 is_open=False hour_summary=closed
[2026-10-07 11:30:03] === SCRAPE END OK ===
[2026-10-07 11:45:02] === SCRAPE START ===
[2026-10-07 11:45:02] Fetching https://waitz.io/live/ucsd-rec
[2026-10-07 11:45:03] Saved 4 rows to ucsd_occupancy_history.csv
[2026-10-07 11:45:03] Main Gym Fitness Gym: 61% (Busy) people=44 capacity=72 is_open=True hour_summary=open
[2026-10-07 11:45:03] Outback Climbing Center: 0% (Closed) people=0 capacity=30 is_open=False hour_summary=Closed until 2:00pm
[2026-10-07 11:45:03] RIMAC Fitness Gym: 99% (Very Active) people=64 capacity=65 is_open=True hour_summary=open
[2026-10-07 11:45:03] Triton Esports Center: 6% (Closed) people=2 capacity=35 is_open=False hour_summary=closed
[2026-10-07 11:45:03] === SCRAPE END OK ===
[2026-10-07 12:00:02] === SCRAPE START ===
[2026-10-07 12:00:02] Fetching https://waitz.io/live/ucsd-rec
[2026-10-07 12:00:04] Saved 4 rows to ucsd_occupancy_history.csv
[2026-10-07 12:00:04] Main Gym Fitness Gym: 68% (Busy) people=49 capacity=72 is_open=True hour_summary=open
[2026-10-07 12:00:04] Outback Climbing Center: 0% (Closed) people=0 capacity=30 is_open=False hour_summary=Closed until 2:00pm
[2026-10-07 12:00:04] RIMAC Fitness Gym: 99% (Very Active) people=64 capacity=65 is_open=True hour_summary=open
[2026-10-07 12:00:04] Triton Esports Center: 3% (Closed) people=1 capacity=35 is_open=False hour_summary=closed
[2026-10-07 12:00:04] === SCRAPE END OK ===
[2026-10-07 12:15:02] === SCRAPE START ===
[2026-10-07 12:15:02] Fetching https://waitz.io/live/ucsd-rec
[2026-10-07 12:15:03] Saved 4 rows to ucsd_occupancy_history.csv
[2026-10-07 12:15:03] Main Gym Fitness Gym: 42% (Not Busy) people=30 capacity=72 is_open=True hour_summary=open
[2026-10-07 12:15:03] Outback Climbing Center: 0% (Closed) people=0 capacity=30 is_open=False hour_summary=Closed until 2:00pm
[2026-10-07 12:15:03] RIMAC Fitness Gym: 99% (Very Active) people=64 capacity=65 is_open=True hour_summary=open
[2026-10-07 12:15:03] Triton Esports Center: 0% (Closed) people=0 capacity=35 is_open=False hour_summary=closed
[2026-10-07 12:15:03] === SCRAPE END OK ===
[2026-10-07 12:30:02] === SCRAPE START ===
[2026-10-07 12:30:02] Fetching https://waitz.io/live/ucsd-rec
[2026-10-07 12:30:04] Saved 4 rows to ucsd_occupancy_history.csv
[2026-10-07 12:30:04] Main Gym Fitness Gym: 50% (Busy) people=36 capacity=72 is_open=True hour_summary=open
[2026-10-07 12:30:04] Outback Climbing Center: 0% (Closed) people=0 capacity=30 is_open=False hour_summary=Closed until 2:00pm
[2026-10-07 12:30:04] RIMAC Fitness Gym: 99% (Very Active) people=64 capacity=65 is_open=True hour_summary=open
[2026-10-07 12:30:04] Triton Esports Center: 9% (Closed) people=3 capacity=35 is_open=False hour_summary=closed
[2026-10-07 12:30:04] === SCRAPE END OK ===
[2026-10-07 12:45:02] === SCRAPE START ===
[2026-10-07 12:45:02] Fetching https://waitz.io/live/ucsd-rec
[2026-10-07 12:45:03] Saved 4 rows to ucsd_occupancy_history.csv
[2026-10-07 12:45:03] Main Gym Fitness Gym: 56% (Busy) people=40 capacity=72 is_open=True hour_summary=open
[2026-10-07 12:45:03] Outback Climbing Center: 0% (Closed) people=0 capacity=30 is_open=False hour_summary=Closed until 2:00pm
[2026-10-07 12:45:03] RIMAC Fitness Gym: 99% (Very Active) people=64 capacity=65 is_open=True hour_summary=open
[2026-10-07 12:45:03] Triton Esports Center: 9% (Closed) people=3 capacity=35 is_open=False hour_summary=closed
[2026-10-07 12:45:03] === SCRAPE END OK ===
[2026-10-07 13:00:02] === SCRAPE START ===
[2026-10-07 13:00:02] Fetching https://waitz.io/live/ucsd-rec
[2026-10-07 13:00:04] Saved 4 rows to ucsd_occupancy_history.csv
[2026-10-07 13:00:04] Main Gym Fitness Gym: 68% (Busy) people=49 capacity=72 is_open=True hour_summary=open
[2026-10-07 13:00:04] Outback Climbing Center: 0% (Closed) people=0 capacity=30 is_open=False hour_summary=Closed until 2:00pm
[2026-10-07 13:00:04] RIMAC Fitness Gym: 99% (Very Active) people=64 capacity=65 is_open=True hour_summary=open
[2026-10-07 13:00:04] Triton Esports Center: 0% (Closed) people=0 capacity=35 is_open=False hour_summary=closed
[2026-10-07 13:00:04] === SCRAPE END OK ===
[2026-10-07 13:15:02] === SCRAPE START ===
[2026-10-07 13:15:02] Fetching https://waitz.io/live/ucsd-rec
[2026-10-07 13:15:03] Saved 4 rows to ucsd_occupancy_history.csv
[2026-10-07 13:15:03] Main Gym Fitness Gym: 67% (Busy) people=48 capacity=72 is_open=True hour_summary=open
[2026-10-07 13:15:03] Outback Climbing Center: 0% (Closed) people=0 capacity=30 is_open=False hour_summary=Closed until 2:00pm
[2026-10-07 13:15:03] RIMAC Fitness Gym: 99% (Very Active) people=64 capacity=65 is_open=True hour_summary=open
[2026-10-07 13:15:03] Triton Esports Center: 23% (Closed) people=8 capacity=35 is_open=False hour_summary=closed
[2026-10-07 13:15:03] === SCRAPE END OK ===
[2026-10-07 13:30:02] === SCRAPE START ===
[2026-10-07 13:30:02] Fetching https://waitz.io/live/ucsd-rec
[2026-10-07 13:30:03] Saved 4 rows to ucsd_occupancy_history.csv
[2026-10-07 13:30:03] Main Gym Fitness Gym: 53% (Busy) people=38 capacity=72 is_open=True hour_summary=open
[2026-10-07 13:30:03] Outback Climbing Center: 0% (Closed) people=0 capacity=30 is_open=False hour_summary=Closed until 2:00pm
[2026-10-07 13:30:03] RIMAC Fitness Gym: 89% (Very Active) people=58 capacity=65 is_open=True hour_summary=open
[2026-10-07 13:30:03] Triton Esports Center: 31% (Closed) people=11 capacity=35 is_open=False hour_summary=closed
[2026-10-07 13:30:03] === SCRAPE END OK ===
[2026-10-07 13:45:02] === SCRAPE START ===
[2026-10-07 13:45:02] Fetching https://waitz.io/live/ucsd-rec
[2026-10-07 13:45:03] Saved 4 rows to ucsd_occupancy_history.csv
[2026-10-07 13:45:03] Main Gym Fitness Gym: 65% (Busy) people=47 capacity=72 is_open=True hour_summary=open
[2026-10-07 13:45:03] Outback Climbing Center: 0% (Closed) people=0 capacity=30 is_open=False hour_summary=Closed until 2:00pm
[2026-10-07 13:45:03] RIMAC Fitness Gym: 98% (Very Active) people=64 capacity=65 is_open=True hour_summary=open
[2026-10-07 13:45:03] Triton Esports Center: 23% (Closed) people=8 capacity=35 is_open=False hour_summary=closed
[2026-10-07 13:45:03] === SCRAPE END OK ===
[2026-10-07 14:00:02] === SCRAPE START ===
[2026-10-07 14:00:02] Fetching https://waitz.io/live/ucsd-rec
[2026-10-07 14:00:04] Saved 4 rows to ucsd_occupancy_history.csv
[2026-10-07 14:00:04] Main Gym Fitness Gym: 81% (Very Active) people=58 capacity=72 is_open=True hour_summary=open
[2026-10-07 14:00:04] Outback Climbing Center: 0% (Data Unavailable) people=0 capacity=30 is_open=True hour_summary=open
[2026-10-07 14:00:04] RIMAC Fitness Gym: 72% (Busy) people=47 capacity=65 is_open=True hour_summary=open
[2026-10-07 14:00:04] Triton Esports Center: 60% (Closed) people=21 capacity=35 is_open=False hour_summary=closed
[2026-10-07 14:00:04] === SCRAPE END OK ===
[2026-10-07 14:15:02] === SCRAPE START ===
[2026-10-07 14:15:02] Fetching https://waitz.io/live/ucsd-rec
[2026-10-07 14:15:03] Saved 4 rows to ucsd_occupancy_history.csv
[2026-10-07 14:15:03] Main Gym Fitness Gym: 99% (Very Active) people=71 capacity=72 is_open=True hour_summary=open
[2026-10-07 14:15:03] Outback Climbing Center: 0% (Data Unavailable) people=0 capacity=30 is_open=True hour_summary=open
[2026-10-07 14:15:03] RIMAC Fitness Gym: 85% (Very Active) people=55 capacity=65 is_open=True hour_summary=open
[2026-10-07 14:15:03] Triton Esports Center: 49% (Closed) people=17 capacity=35 is_open=False hour_summary=closed
[2026-10-07 14:15:03] === SCRAPE END OK ===
