[2026-08-08 00:00:01] === SCRAPE START ===
[2026-08-08 00:00:01] Fetching https://waitz.io/live/ucsd-rec
[2026-08-08 00:00:02] Saved 4 rows to ucsd_occupancy_history.csv
[2026-08-08 00:00:02] Main Gym Fitness Gym: 1% (Closed) people=1 capacity=72 is_open=False hour_summary=closed
[2026-08-08 00:00:02] Outback Climbing Center: 0% (Closed) people=0 capacity=30 is_open=False hour_summary=Closed until 2:00pm
[2026-08-08 00:00:02] RIMAC Fitness Gym: 0% (Closed) people=0 capacity=65 is_open=False hour_summary=Closed until 8:00am
[2026-08-08 00:00:02] Triton Esports Center: 0% (Closed) people=0 capacity=35 is_open=False hour_summary=closed
[2026-08-08 00:00:02] === SCRAPE END OK ===
[2026-08-08 00:15:02] === SCRAPE START ===
[2026-08-08 00:15:02] Fetching https://waitz.io/live/ucsd-rec
[2026-08-08 00:15:02] Saved 4 rows to ucsd_occupancy_history.csv
[2026-08-08 00:15:02] Main Gym Fitness Gym: 1% (Closed) people=1 capacity=72 is_open=False hour_summary=closed
[2026-08-08 00:15:02] Outback Climbing Center: 0% (Closed) people=0 capacity=30 is_open=False hour_summary=Closed until 2:00pm
[2026-08-08 00:15:02] RIMAC Fitness Gym: 2% (Closed) people=1 capacity=65 is_open=False hour_summary=Closed until 8:00am
[2026-08-08 00:15:02] Triton Esports Center: 0% (Closed) people=0 capacity=35 is_open=False hour_summary=closed
[2026-08-08 00:15:02] === SCRAPE END OK ===
[2026-08-08 00:30:02] === SCRAPE START ===
[2026-08-08 00:30:02] Fetching https://waitz.io/live/ucsd-rec
[2026-08-08 00:30:03] Saved 4 rows to ucsd_occupancy_history.csv
[2026-08-08 00:30:03] Main Gym Fitness Gym: 1% (Closed) people=1 capacity=72 is_open=False hour_summary=closed
[2026-08-08 00:30:03] Outback Climbing Center: 0% (Closed) people=0 capacity=30 is_open=False hour_summary=Closed until 2:00pm
[2026-08-08 00:30:03] RIMAC Fitness Gym: 0% (Closed) people=0 capacity=65 is_open=False hour_summary=Closed until 8:00am
[2026-08-08 00:30:03] Triton Esports Center: 0% (Closed) people=0 capacity=35 is_open=False hour_summary=closed
[2026-08-08 00:30:03] === SCRAPE END OK ===
[2026-08-08 00:45:02] === SCRAPE START ===
[2026-08-08 00:45:02] Fetching https://waitz.io/live/ucsd-rec
[2026-08-08 00:45:02] Saved 4 rows to ucsd_occupancy_history.csv
[2026-08-08 00:45:02] Main Gym Fitness Gym: 1% (Closed) people=1 capacity=72 is_open=False hour_summary=closed
[2026-08-08 00:45:02] Outback Climbing Center: 0% (Closed) people=0 capacity=30 is_open=False hour_summary=Closed until 2:00pm
[2026-08-08 00:45:02] RIMAC Fitness Gym: 0% (Closed) people=0 capacity=65 is_open=False hour_summary=Closed until 8:00am
[2026-08-08 00:45:02] Triton Esports Center: 0% (Closed) people=0 capacity=35 is_open=False hour_summary=closed
[2026-08-08 00:45:02] === SCRAPE END OK ===
[2026-08-08 01:00:02] === SCRAPE START ===
[2026-08-08 01:00:02] Fetching https://waitz.io/live/ucsd-rec
[2026-08-08 01:00:04] Saved 4 rows to ucsd_occupancy_history.csv
[2026-08-08 01:00:04] Main Gym Fitness Gym: 1% (Closed) people=1 capacity=72 is_open=False hour_summary=closed
[2026-08-08 01:00:04] Outback Climbing Center: 0% (Closed) people=0 capacity=30 is_open=False hour_summary=Closed until 2:00pm
[2026-08-08 01:00:04] RIMAC Fitness Gym: 0% (Closed) people=0 capacity=65 is_open=False hour_summary=Closed until 8:00am
[2026-08-08 01:00:04] Triton Esports Center: 0% (Closed) people=0 capacity=35 is_open=False hour_summary=closed
[2026-08-08 01:00:04] === SCRAPE END OK ===
[2026-08-08 01:15:02] === SCRAPE START ===
[2026-08-08 01:15:02] Fetching https://waitz.io/live/ucsd-rec
[2026-08-08 01:15:03] Saved 4 rows to ucsd_occupancy_history.csv
[2026-08-08 01:15:03] Main Gym Fitness Gym: 1% (Closed) people=1 capacity=72 is_open=False hour_summary=closed
[2026-08-08 01:15:03] Outback Climbing Center: 0% (Closed) people=0 capacity=30 is_open=False hour_summary=Closed until 2:00pm
[2026-08-08 01:15:03] RIMAC Fitness Gym: 0% (Closed) people=0 capacity=65 is_open=False hour_summary=Closed until 8:00am
[2026-08-08 01:15:03] Triton Esports Center: 0% (Closed) people=0 capacity=35 is_open=False hour_summary=closed
[2026-08-08 01:15:03] === SCRAPE END OK ===
[2026-08-08 01:30:02] === SCRAPE START ===
[2026-08-08 01:30:02] Fetching https://waitz.io/live/ucsd-rec
[2026-08-08 01:30:04] Saved 4 rows to ucsd_occupancy_history.csv
[2026-08-08 01:30:04] Main Gym Fitness Gym: 0% (Closed) people=0 capacity=72 is_open=False hour_summary=closed
[2026-08-08 01:30:04] Outback Climbing Center: 0% (Closed) people=0 capacity=30 is_open=False hour_summary=Closed until 2:00pm
[2026-08-08 01:30:04] RIMAC Fitness Gym: 0% (Closed) people=0 capacity=65 is_open=False hour_summary=Closed until 8:00am
[2026-08-08 01:30:04] Triton Esports Center: 0% (Closed) people=0 capacity=35 is_open=False hour_summary=closed
[2026-08-08 01:30:04] === SCRAPE END OK ===
[2026-08-08 01:45:02] === SCRAPE START ===
[2026-08-08 01:45:02] Fetching https://waitz.io/live/ucsd-rec
[2026-08-08 01:45:03] Saved 4 rows to ucsd_occupancy_history.csv
[2026-08-08 01:45:03] Main Gym Fitness Gym: 1% (Closed) people=1 capacity=72 is_open=False hour_summary=closed
[2026-08-08 01:45:03] Outback Climbing Center: 0% (Closed) people=0 capacity=30 is_open=False hour_summary=Closed until 2:00pm
[2026-08-08 01:45:03] RIMAC Fitness Gym: 0% (Closed) people=0 capacity=65 is_open=False hour_summary=Closed until 8:00am
[2026-08-08 01:45:03] Triton Esports Center: 0% (Closed) people=0 capacity=35 is_open=False hour_summary=closed
[2026-08-08 01:45:03] === SCRAPE END OK ===
[2026-08-08 02:00:02] === SCRAPE START ===
[2026-08-08 02:00:02] Fetching https://waitz.io/live/ucsd-rec
[2026-08-08 02:00:04] Saved 4 rows to ucsd_occupancy_history.csv
[2026-08-08 02:00:04] Main Gym Fitness Gym: 1% (Closed) people=1 capacity=72 is_open=False hour_summary=closed
[2026-08-08 02:00:04] Outback Climbing Center: 0% (Closed) people=0 capacity=30 is_open=False hour_summary=Closed until 2:00pm
[2026-08-08 02:00:04] RIMAC Fitness Gym: 0% (Closed) people=0 capacity=65 is_open=False hour_summary=Closed until 8:00am
[2026-08-08 02:00:04] Triton Esports Center: 0% (Closed) people=0 capacity=35 is_open=False hour_summary=closed
[2026-08-08 02:00:04] === SCRAPE END OK ===
[2026-08-08 02:15:02] === SCRAPE START ===
[2026-08-08 02:15:02] Fetching https://waitz.io/live/ucsd-rec
[2026-08-08 02:15:03] Saved 4 rows to ucsd_occupancy_history.csv
[2026-08-08 02:15:03] Main Gym Fitness Gym: 1% (Closed) people=1 capacity=72 is_open=False hour_summary=closed
[2026-08-08 02:15:03] Outback Climbing Center: 0% (Closed) people=0 capacity=30 is_open=False hour_summary=Closed until 2:00pm
[2026-08-08 02:15:03] RIMAC Fitness Gym: 0% (Closed) people=0 capacity=65 is_open=False hour_summary=Closed until 8:00am
[2026-08-08 02:15:03] Triton Esports Center: 0% (Closed) people=0 capacity=35 is_open=False hour_summary=closed
[2026-08-08 02:15:03] === SCRAPE END OK ===
[2026-08-08 02:30:02] === SCRAPE START ===
[2026-08-08 02:30:02] Fetching https://waitz.io/live/ucsd-rec
[2026-08-08 02:30:03] Saved 4 rows to ucsd_occupancy_history.csv
[2026-08-08 02:30:03] Main Gym Fitness Gym: 1% (Closed) people=1 capacity=72 is_open=False hour_summary=closed
[2026-08-08 02:30:03] Outback Climbing Center: 0% (Closed) people=0 capacity=30 is_open=False hour_summary=Closed until 2:00pm
[2026-08-08 02:30:03] RIMAC Fitness Gym: 0% (Closed) people=0 capacity=65 is_open=False hour_summary=Closed until 8:00am
[2026-08-08 02:30:03] Triton Esports Center: 0% (Closed) people=0 capacity=35 is_open=False hour_summary=closed
[2026-08-08 02:30:03] === SCRAPE END OK ===
[2026-08-08 02:45:02] === SCRAPE START ===
[2026-08-08 02:45:02] Fetching https://waitz.io/live/ucsd-rec
[2026-08-08 02:45:02] Saved 4 rows to ucsd_occupancy_history.csv
[2026-08-08 02:45:02] Main Gym Fitness Gym: 0% (Closed) people=0 capacity=72 is_open=False hour_summary=closed
[2026-08-08 02:45:02] Outback Climbing Center: 0% (Closed) people=0 capacity=30 is_open=False hour_summary=Closed until 2:00pm
[2026-08-08 02:45:02] RIMAC Fitness Gym: 0% (Closed) people=0 capacity=65 is_open=False hour_summary=Closed until 8:00am
[2026-08-08 02:45:02] Triton Esports Center: 0% (Closed) people=0 capacity=35 is_open=False hour_summary=closed
[2026-08-08 02:45:02] === SCRAPE END OK ===
[2026-08-08 03:00:02] === SCRAPE START ===
[2026-08-08 03:00:02] Fetching https://waitz.io/live/ucsd-rec
[2026-08-08 03:00:03] Saved 4 rows to ucsd_occupancy_history.csv
[2026-08-08 03:00:03] Main Gym Fitness Gym: 1% (Closed) people=1 capacity=72 is_open=False hour_summary=closed
[2026-08-08 03:00:03] Outback Climbing Center: 0% (Closed) people=0 capacity=30 is_open=False hour_summary=Closed until 2:00pm
[2026-08-08 03:00:03] RIMAC Fitness Gym: 0% (Closed) people=0 capacity=65 is_open=False hour_summary=Closed until 8:00am
[2026-08-08 03:00:03] Triton Esports Center: 0% (Closed) people=0 capacity=35 is_open=False hour_summary=closed
[2026-08-08 03:00:03] === SCRAPE END OK ===
[2026-08-08 03:15:02] === SCRAPE START ===
[2026-08-08 03:15:02] Fetching https://waitz.io/live/ucsd-rec
[2026-08-08 03:15:03] Saved 4 rows to ucsd_occupancy_history.csv
[2026-08-08 03:15:03] Main Gym Fitness Gym: 1% (Closed) people=1 capacity=72 is_open=False hour_summary=closed
[2026-08-08 03:15:03] Outback Climbing Center: 0% (Closed) people=0 capacity=30 is_open=False hour_summary=Closed until 2:00pm
[2026-08-08 03:15:03] RIMAC Fitness Gym: 0% (Closed) people=0 capacity=65 is_open=False hour_summary=Closed until 8:00am
[2026-08-08 03:15:03] Triton Esports Center: 0% (Closed) people=0 capacity=35 is_open=False hour_summary=closed
[2026-08-08 03:15:03] === SCRAPE END OK ===
[2026-08-08 03:30:02] === SCRAPE START ===
[2026-08-08 03:30:02] Fetching https://waitz.io/live/ucsd-rec
[2026-08-08 03:30:03] Saved 4 rows to ucsd_occupancy_history.csv
[2026-08-08 03:30:03] Main Gym Fitness Gym: 0% (Closed) people=0 capacity=72 is_open=False hour_summary=closed
[2026-08-08 03:30:03] Outback Climbing Center: 0% (Closed) people=0 capacity=30 is_open=False hour_summary=Closed until 2:00pm
[2026-08-08 03:30:03] RIMAC Fitness Gym: 0% (Closed) people=0 capacity=65 is_open=False hour_summary=Closed until 8:00am
[2026-08-08 03:30:03] Triton Esports Center: 0% (Closed) people=0 capacity=35 is_open=False hour_summary=closed
[2026-08-08 03:30:03] === SCRAPE END OK ===
[2026-08-08 03:45:02] === SCRAPE START ===
[2026-08-08 03:45:02] Fetching https://waitz.io/live/ucsd-rec
[2026-08-08 03:45:03] Saved 4 rows to ucsd_occupancy_history.csv
[2026-08-08 03:45:03] Main Gym Fitness Gym: 1% (Closed) people=1 capacity=72 is_open=False hour_summary=closed
[2026-08-08 03:45:03] Outback Climbing Center: 0% (Closed) people=0 capacity=30 is_open=False hour_summary=Closed until 2:00pm
[2026-08-08 03:45:03] RIMAC Fitness Gym: 0% (Closed) people=0 capacity=65 is_open=False hour_summary=Closed until 8:00am
[2026-08-08 03:45:03] Triton Esports Center: 0% (Closed) people=0 capacity=35 is_open=False hour_summary=closed
[2026-08-08 03:45:03] === SCRAPE END OK ===
[2026-08-08 04:00:02] === SCRAPE START ===
[2026-08-08 04:00:02] Fetching https://waitz.io/live/ucsd-rec
[2026-08-08 04:00:03] Saved 4 rows to ucsd_occupancy_history.csv
[2026-08-08 04:00:03] Main Gym Fitness Gym: 1% (Closed) people=1 capacity=72 is_open=False hour_summary=closed
[2026-08-08 04:00:03] Outback Climbing Center: 0% (Closed) people=0 capacity=30 is_open=False hour_summary=Closed until 2:00pm
[2026-08-08 04:00:03] RIMAC Fitness Gym: 0% (Closed) people=0 capacity=65 is_open=False hour_summary=Closed until 8:00am
[2026-08-08 04:00:03] Triton Esports Center: 0% (Closed) people=0 capacity=35 is_open=False hour_summary=closed
[2026-08-08 04:00:03] === SCRAPE END OK ===
[2026-08-08 04:15:02] === SCRAPE START ===
[2026-08-08 04:15:02] Fetching https://waitz.io/live/ucsd-rec
[2026-08-08 04:15:03] Saved 4 rows to ucsd_occupancy_history.csv
[2026-08-08 04:15:03] Main Gym Fitness Gym: 1% (Closed) people=1 capacity=72 is_open=False hour_summary=closed
[2026-08-08 04:15:03] Outback Climbing Center: 0% (Closed) people=0 capacity=30 is_open=False hour_summary=Closed until 2:00pm
[2026-08-08 04:15:03] RIMAC Fitness Gym: 0% (Closed) people=0 capacity=65 is_open=False hour_summary=Closed until 8:00am
[2026-08-08 04:15:03] Triton Esports Center: 0% (Closed) people=0 capacity=35 is_open=False hour_summary=closed
[2026-08-08 04:15:03] === SCRAPE END OK ===
[2026-08-08 04:30:02] === SCRAPE START ===
[2026-08-08 04:30:02] Fetching https://waitz.io/live/ucsd-rec
[2026-08-08 04:30:03] Saved 4 rows to ucsd_occupancy_history.csv
[2026-08-08 04:30:03] Main Gym Fitness Gym: 1% (Closed) people=1 capacity=72 is_open=False hour_summary=closed
[2026-08-08 04:30:03] Outback Climbing Center: 0% (Closed) people=0 capacity=30 is_open=False hour_summary=Closed until 2:00pm
[2026-08-08 04:30:03] RIMAC Fitness Gym: 0% (Closed) people=0 capacity=65 is_open=False hour_summary=Closed until 8:00am
[2026-08-08 04:30:03] Triton Esports Center: 0% (Closed) people=0 capacity=35 is_open=False hour_summary=closed
[2026-08-08 04:30:03] === SCRAPE END OK ===
[2026-08-08 04:45:02] === SCRAPE START ===
[2026-08-08 04:45:02] Fetching https://waitz.io/live/ucsd-rec
[2026-08-08 04:45:02] Saved 4 rows to ucsd_occupancy_history.csv
[2026-08-08 04:45:02] Main Gym Fitness Gym: 1% (Closed) people=1 capacity=72 is_open=False hour_summary=closed
[2026-08-08 04:45:02] Outback Climbing Center: 0% (Closed) people=0 capacity=30 is_open=False hour_summary=Closed until 2:00pm
[2026-08-08 04:45:02] RIMAC Fitness Gym: 0% (Closed) people=0 capacity=65 is_open=False hour_summary=Closed until 8:00am
[2026-08-08 04:45:02] Triton Esports Center: 0% (Closed) people=0 capacity=35 is_open=False hour_summary=closed
[2026-08-08 04:45:02] === SCRAPE END OK ===
[2026-08-08 05:00:02] === SCRAPE START ===
[2026-08-08 05:00:02] Fetching https://waitz.io/live/ucsd-rec
[2026-08-08 05:00:03] Saved 4 rows to ucsd_occupancy_history.csv
[2026-08-08 05:00:03] Main Gym Fitness Gym: 1% (Closed) people=1 capacity=72 is_open=False hour_summary=closed
[2026-08-08 05:00:03] Outback Climbing Center: 0% (Closed) people=0 capacity=30 is_open=False hour_summary=Closed until 2:00pm
[2026-08-08 05:00:03] RIMAC Fitness Gym: 0% (Closed) people=0 capacity=65 is_open=False hour_summary=Closed until 8:00am
[2026-08-08 05:00:03] Triton Esports Center: 0% (Closed) people=0 capacity=35 is_open=False hour_summary=closed
[2026-08-08 05:00:03] === SCRAPE END OK ===
[2026-08-08 05:15:02] === SCRAPE START ===
[2026-08-08 05:15:02] Fetching https://waitz.io/live/ucsd-rec
[2026-08-08 05:15:03] Saved 4 rows to ucsd_occupancy_history.csv
[2026-08-08 05:15:03] Main Gym Fitness Gym: 1% (Closed) people=1 capacity=72 is_open=False hour_summary=closed
[2026-08-08 05:15:03] Outback Climbing Center: 0% (Closed) people=0 capacity=30 is_open=False hour_summary=Closed until 2:00pm
[2026-08-08 05:15:03] RIMAC Fitness Gym: 0% (Closed) people=0 capacity=65 is_open=False hour_summary=Closed until 8:00am
[2026-08-08 05:15:03] Triton Esports Center: 0% (Closed) people=0 capacity=35 is_open=False hour_summary=closed
[2026-08-08 05:15:03] === SCRAPE END OK ===
[2026-08-08 05:30:03] === SCRAPE START ===
[2026-08-08 05:30:03] Fetching https://waitz.io/live/ucsd-rec
[2026-08-08 05:30:04] Saved 4 rows to ucsd_occupancy_history.csv
[2026-08-08 05:30:04] Main Gym Fitness Gym: 1% (Closed) people=1 capacity=72 is_open=False hour_summary=closed
[2026-08-08 05:30:04] Outback Climbing Center: 0% (Closed) people=0 capacity=30 is_open=False hour_summary=Closed until 2:00pm
[2026-08-08 05:30:04] RIMAC Fitness Gym: 0% (Closed) people=0 capacity=65 is_open=False hour_summary=Closed until 8:00am
[2026-08-08 05:30:04] Triton Esports Center: 0% (Closed) people=0 capacity=35 is_open=False hour_summary=closed
[2026-08-08 05:30:04] === SCRAPE END OK ===
[2026-08-08 05:45:02] === SCRAPE START ===
[2026-08-08 05:45:02] Fetching https://waitz.io/live/ucsd-rec
[2026-08-08 05:45:03] Saved 4 rows to ucsd_occupancy_history.csv
[2026-08-08 05:45:03] Main Gym Fitness Gym: 1% (Closed) people=1 capacity=72 is_open=False hour_summary=closed
[2026-08-08 05:45:03] Outback Climbing Center: 0% (Closed) people=0 capacity=30 is_open=False hour_summary=Closed until 2:00pm
[2026-08-08 05:45:03] RIMAC Fitness Gym: 0% (Closed) people=0 capacity=65 is_open=False hour_summary=Closed until 8:00am
[2026-08-08 05:45:03] Triton Esports Center: 0% (Closed) people=0 capacity=35 is_open=False hour_summary=closed
[2026-08-08 05:45:03] === SCRAPE END OK ===
[2026-08-08 06:00:02] === SCRAPE START ===
[2026-08-08 06:00:02] Fetching https://waitz.io/live/ucsd-rec
[2026-08-08 06:00:03] Saved 4 rows to ucsd_occupancy_history.csv
[2026-08-08 06:00:03] Main Gym Fitness Gym: 1% (Closed) people=1 capacity=72 is_open=False hour_summary=closed
[2026-08-08 06:00:03] Outback Climbing Center: 0% (Closed) people=0 capacity=30 is_open=False hour_summary=Closed until 2:00pm
[2026-08-08 06:00:03] RIMAC Fitness Gym: 2% (Closed) people=1 capacity=65 is_open=False hour_summary=Closed until 8:00am
[2026-08-08 06:00:03] Triton Esports Center: 0% (Closed) people=0 capacity=35 is_open=False hour_summary=closed
[2026-08-08 06:00:03] === SCRAPE END OK ===
[2026-08-08 06:15:02] === SCRAPE START ===
[2026-08-08 06:15:02] Fetching https://waitz.io/live/ucsd-rec
[2026-08-08 06:15:03] Saved 4 rows to ucsd_occupancy_history.csv
[2026-08-08 06:15:03] Main Gym Fitness Gym: 1% (Closed) people=1 capacity=72 is_open=False hour_summary=closed
[2026-08-08 06:15:03] Outback Climbing Center: 0% (Closed) people=0 capacity=30 is_open=False hour_summary=Closed until 2:00pm
[2026-08-08 06:15:03] RIMAC Fitness Gym: 0% (Closed) people=0 capacity=65 is_open=False hour_summary=Closed until 8:00am
[2026-08-08 06:15:03] Triton Esports Center: 0% (Closed) people=0 capacity=35 is_open=False hour_summary=closed
[2026-08-08 06:15:03] === SCRAPE END OK ===
[2026-08-08 06:30:02] === SCRAPE START ===
[2026-08-08 06:30:02] Fetching https://waitz.io/live/ucsd-rec
[2026-08-08 06:30:03] Saved 4 rows to ucsd_occupancy_history.csv
[2026-08-08 06:30:03] Main Gym Fitness Gym: 0% (Closed) people=0 capacity=72 is_open=False hour_summary=closed
[2026-08-08 06:30:03] Outback Climbing Center: 0% (Closed) people=0 capacity=30 is_open=False hour_summary=Closed until 2:00pm
[2026-08-08 06:30:03] RIMAC Fitness Gym: 0% (Closed) people=0 capacity=65 is_open=False hour_summary=Closed until 8:00am
[2026-08-08 06:30:03] Triton Esports Center: 0% (Closed) people=0 capacity=35 is_open=False hour_summary=closed
[2026-08-08 06:30:03] === SCRAPE END OK ===
[2026-08-08 06:45:02] === SCRAPE START ===
[2026-08-08 06:45:02] Fetching https://waitz.io/live/ucsd-rec
[2026-08-08 06:45:03] Saved 4 rows to ucsd_occupancy_history.csv
[2026-08-08 06:45:03] Main Gym Fitness Gym: 0% (Closed) people=0 capacity=72 is_open=False hour_summary=closed
[2026-08-08 06:45:03] Outback Climbing Center: 0% (Closed) people=0 capacity=30 is_open=False hour_summary=Closed until 2:00pm
[2026-08-08 06:45:03] RIMAC Fitness Gym: 0% (Closed) people=0 capacity=65 is_open=False hour_summary=Closed until 8:00am
[2026-08-08 06:45:03] Triton Esports Center: 0% (Closed) people=0 capacity=35 is_open=False hour_summary=closed
[2026-08-08 06:45:03] === SCRAPE END OK ===
[2026-08-08 07:00:02] === SCRAPE START ===
[2026-08-08 07:00:02] Fetching https://waitz.io/live/ucsd-rec
[2026-08-08 07:00:03] Saved 4 rows to ucsd_occupancy_history.csv
[2026-08-08 07:00:03] Main Gym Fitness Gym: 0% (Closed) people=0 capacity=72 is_open=False hour_summary=closed
[2026-08-08 07:00:03] Outback Climbing Center: 0% (Closed) people=0 capacity=30 is_open=False hour_summary=Closed until 2:00pm
[2026-08-08 07:00:03] RIMAC Fitness Gym: 0% (Closed) people=0 capacity=65 is_open=False hour_summary=Closed until 8:00am
[2026-08-08 07:00:03] Triton Esports Center: 0% (Closed) people=0 capacity=35 is_open=False hour_summary=closed
[2026-08-08 07:00:03] === SCRAPE END OK ===
[2026-08-08 07:15:03] === SCRAPE START ===
[2026-08-08 07:15:03] Fetching https://waitz.io/live/ucsd-rec
[2026-08-08 07:15:03] Saved 4 rows to ucsd_occupancy_history.csv
[2026-08-08 07:15:03] Main Gym Fitness Gym: 0% (Closed) people=0 capacity=72 is_open=False hour_summary=closed
[2026-08-08 07:15:03] Outback Climbing Center: 0% (Closed) people=0 capacity=30 is_open=False hour_summary=Closed until 2:00pm
[2026-08-08 07:15:03] RIMAC Fitness Gym: 0% (Closed) people=0 capacity=65 is_open=False hour_summary=Closed until 8:00am
[2026-08-08 07:15:03] Triton Esports Center: 0% (Closed) people=0 capacity=35 is_open=False hour_summary=closed
[2026-08-08 07:15:03] === SCRAPE END OK ===
[2026-08-08 07:30:02] === SCRAPE START ===
[2026-08-08 07:30:02] Fetching https://waitz.io/live/ucsd-rec
[2026-08-08 07:30:04] Saved 4 rows to ucsd_occupancy_history.csv
[2026-08-08 07:30:04] Main Gym Fitness Gym: 0% (Closed) people=0 capacity=72 is_open=False hour_summary=closed
[2026-08-08 07:30:04] Outback Climbing Center: 0% (Closed) people=0 capacity=30 is_open=False hour_summary=Closed until 2:00pm
[2026-08-08 07:30:04] RIMAC Fitness Gym: 2% (Closed) people=1 capacity=65 is_open=False hour_summary=Closed until 8:00am
[2026-08-08 07:30:04] Triton Esports Center: 0% (Closed) people=0 capacity=35 is_open=False hour_summary=closed
[2026-08-08 07:30:04] === SCRAPE END OK ===
[2026-08-08 07:45:02] === SCRAPE START ===
[2026-08-08 07:45:02] Fetching https://waitz.io/live/ucsd-rec
[2026-08-08 07:45:02] Saved 4 rows to ucsd_occupancy_history.csv
[2026-08-08 07:45:02] Main Gym Fitness Gym: 0% (Closed) people=0 capacity=72 is_open=False hour_summary=closed
[2026-08-08 07:45:02] Outback Climbing Center: 0% (Closed) people=0 capacity=30 is_open=False hour_summary=Closed until 2:00pm
[2026-08-08 07:45:02] RIMAC Fitness Gym: 2% (Closed) people=1 capacity=65 is_open=False hour_summary=Closed until 8:00am
[2026-08-08 07:45:02] Triton Esports Center: 0% (Closed) people=0 capacity=35 is_open=False hour_summary=closed
[2026-08-08 07:45:02] === SCRAPE END OK ===
[2026-08-08 08:00:02] === SCRAPE START ===
[2026-08-08 08:00:02] Fetching https://waitz.io/live/ucsd-rec
[2026-08-08 08:00:03] Saved 4 rows to ucsd_occupancy_history.csv
[2026-08-08 08:00:03] Main Gym Fitness Gym: 1% (Closed) people=1 capacity=72 is_open=False hour_summary=closed
[2026-08-08 08:00:03] Outback Climbing Center: 0% (Closed) people=0 capacity=30 is_open=False hour_summary=Closed until 2:00pm
[2026-08-08 08:00:03] RIMAC Fitness Gym: 0% (Not Busy) people=0 capacity=65 is_open=True hour_summary=open
[2026-08-08 08:00:03] Triton Esports Center: 0% (Closed) people=0 capacity=35 is_open=False hour_summary=closed
[2026-08-08 08:00:03] === SCRAPE END OK ===
[2026-08-08 08:15:02] === SCRAPE START ===
[2026-08-08 08:15:02] Fetching https://waitz.io/live/ucsd-rec
[2026-08-08 08:15:03] Saved 4 rows to ucsd_occupancy_history.csv
[2026-08-08 08:15:03] Main Gym Fitness Gym: 1% (Closed) people=1 capacity=72 is_open=False hour_summary=closed
[2026-08-08 08:15:03] Outback Climbing Center: 0% (Closed) people=0 capacity=30 is_open=False hour_summary=Closed until 2:00pm
[2026-08-08 08:15:03] RIMAC Fitness Gym: 11% (Not Busy) people=7 capacity=65 is_open=True hour_summary=open
[2026-08-08 08:15:03] Triton Esports Center: 0% (Closed) people=0 capacity=35 is_open=False hour_summary=closed
[2026-08-08 08:15:03] === SCRAPE END OK ===
[2026-08-08 08:30:02] === SCRAPE START ===
[2026-08-08 08:30:02] Fetching https://waitz.io/live/ucsd-rec
[2026-08-08 08:30:04] Saved 4 rows to ucsd_occupancy_history.csv
[2026-08-08 08:30:04] Main Gym Fitness Gym: 1% (Closed) people=1 capacity=72 is_open=False hour_summary=closed
[2026-08-08 08:30:04] Outback Climbing Center: 0% (Closed) people=0 capacity=30 is_open=False hour_summary=Closed until 2:00pm
[2026-08-08 08:30:04] RIMAC Fitness Gym: 18% (Not Busy) people=12 capacity=65 is_open=True hour_summary=open
[2026-08-08 08:30:04] Triton Esports Center: 0% (Closed) people=0 capacity=35 is_open=False hour_summary=closed
[2026-08-08 08:30:04] === SCRAPE END OK ===
[2026-08-08 08:45:02] === SCRAPE START ===
[2026-08-08 08:45:02] Fetching https://waitz.io/live/ucsd-rec
[2026-08-08 08:45:02] Saved 4 rows to ucsd_occupancy_history.csv
[2026-08-08 08:45:02] Main Gym Fitness Gym: 1% (Closed) people=1 capacity=72 is_open=False hour_summary=closed
[2026-08-08 08:45:02] Outback Climbing Center: 0% (Closed) people=0 capacity=30 is_open=False hour_summary=Closed until 2:00pm
[2026-08-08 08:45:02] RIMAC Fitness Gym: 3% (Not Busy) people=2 capacity=65 is_open=True hour_summary=open
[2026-08-08 08:45:02] Triton Esports Center: 0% (Closed) people=0 capacity=35 is_open=False hour_summary=closed
[2026-08-08 08:45:02] === SCRAPE END OK ===
[2026-08-08 09:00:02] === SCRAPE START ===
[2026-08-08 09:00:02] Fetching https://waitz.io/live/ucsd-rec
[2026-08-08 09:00:03] Saved 4 rows to ucsd_occupancy_history.csv
[2026-08-08 09:00:03] Main Gym Fitness Gym: 7% (Closed) people=5 capacity=72 is_open=False hour_summary=closed
[2026-08-08 09:00:03] Outback Climbing Center: 0% (Closed) people=0 capacity=30 is_open=False hour_summary=Closed until 2:00pm
[2026-08-08 09:00:03] RIMAC Fitness Gym: 3% (Not Busy) people=2 capacity=65 is_open=True hour_summary=open
[2026-08-08 09:00:03] Triton Esports Center: 0% (Closed) people=0 capacity=35 is_open=False hour_summary=closed
[2026-08-08 09:00:03] === SCRAPE END OK ===
[2026-08-08 09:15:02] === SCRAPE START ===
[2026-08-08 09:15:02] Fetching https://waitz.io/live/ucsd-rec
[2026-08-08 09:15:02] Saved 4 rows to ucsd_occupancy_history.csv
[2026-08-08 09:15:02] Main Gym Fitness Gym: 13% (Closed) people=9 capacity=72 is_open=False hour_summary=closed
[2026-08-08 09:15:02] Outback Climbing Center: 0% (Closed) people=0 capacity=30 is_open=False hour_summary=Closed until 2:00pm
[2026-08-08 09:15:02] RIMAC Fitness Gym: 20% (Not Busy) people=13 capacity=65 is_open=True hour_summary=open
[2026-08-08 09:15:02] Triton Esports Center: 0% (Closed) people=0 capacity=35 is_open=False hour_summary=closed
[2026-08-08 09:15:02] === SCRAPE END OK ===
[2026-08-08 09:30:02] === SCRAPE START ===
[2026-08-08 09:30:02] Fetching https://waitz.io/live/ucsd-rec
[2026-08-08 09:30:04] Saved 4 rows to ucsd_occupancy_history.csv
[2026-08-08 09:30:04] Main Gym Fitness Gym: 15% (Closed) people=11 capacity=72 is_open=False hour_summary=closed
[2026-08-08 09:30:04] Outback Climbing Center: 0% (Closed) people=0 capacity=30 is_open=False hour_summary=Closed until 2:00pm
[2026-08-08 09:30:04] RIMAC Fitness Gym: 40% (Not Busy) people=26 capacity=65 is_open=True hour_summary=open
[2026-08-08 09:30:04] Triton Esports Center: 0% (Closed) people=0 capacity=35 is_open=False hour_summary=closed
[2026-08-08 09:30:04] === SCRAPE END OK ===
[2026-08-08 09:45:02] === SCRAPE START ===
[2026-08-08 09:45:02] Fetching https://waitz.io/live/ucsd-rec
[2026-08-08 09:45:03] Saved 4 rows to ucsd_occupancy_history.csv
[2026-08-08 09:45:03] Main Gym Fitness Gym: 13% (Closed) people=9 capacity=72 is_open=False hour_summary=closed
[2026-08-08 09:45:03] Outback Climbing Center: 0% (Closed) people=0 capacity=30 is_open=False hour_summary=Closed until 2:00pm
[2026-08-08 09:45:03] RIMAC Fitness Gym: 31% (Not Busy) people=20 capacity=65 is_open=True hour_summary=open
[2026-08-08 09:45:03] Triton Esports Center: 0% (Closed) people=0 capacity=35 is_open=False hour_summary=closed
[2026-08-08 09:45:03] === SCRAPE END OK ===
[2026-08-08 10:00:02] === SCRAPE START ===
[2026-08-08 10:00:02] Fetching https://waitz.io/live/ucsd-rec
[2026-08-08 10:00:03] Saved 4 rows to ucsd_occupancy_history.csv
[2026-08-08 10:00:03] Main Gym Fitness Gym: 17% (Closed) people=12 capacity=72 is_open=False hour_summary=closed
[2026-08-08 10:00:03] Outback Climbing Center: 0% (Closed) people=0 capacity=30 is_open=False hour_summary=Closed until 2:00pm
[2026-08-08 10:00:03] RIMAC Fitness Gym: 37% (Not Busy) people=24 capacity=65 is_open=True hour_summary=open
[2026-08-08 10:00:03] Triton Esports Center: 0% (Closed) people=0 capacity=35 is_open=False hour_summary=closed
[2026-08-08 10:00:03] === SCRAPE END OK ===
[2026-08-08 10:15:03] === SCRAPE START ===
[2026-08-08 10:15:03] Fetching https://waitz.io/live/ucsd-rec
[2026-08-08 10:15:03] Saved 4 rows to ucsd_occupancy_history.csv
[2026-08-08 10:15:03] Main Gym Fitness Gym: 42% (Closed) people=30 capacity=72 is_open=False hour_summary=closed
[2026-08-08 10:15:03] Outback Climbing Center: 0% (Closed) people=0 capacity=30 is_open=False hour_summary=Closed until 2:00pm
[2026-08-08 10:15:03] RIMAC Fitness Gym: 38% (Not Busy) people=25 capacity=65 is_open=True hour_summary=open
[2026-08-08 10:15:03] Triton Esports Center: 0% (Closed) people=0 capacity=35 is_open=False hour_summary=closed
[2026-08-08 10:15:03] === SCRAPE END OK ===
[2026-08-08 10:30:02] === SCRAPE START ===
[2026-08-08 10:30:02] Fetching https://waitz.io/live/ucsd-rec
[2026-08-08 10:30:03] Saved 4 rows to ucsd_occupancy_history.csv
[2026-08-08 10:30:03] Main Gym Fitness Gym: 46% (Closed) people=33 capacity=72 is_open=False hour_summary=closed
[2026-08-08 10:30:03] Outback Climbing Center: 0% (Closed) people=0 capacity=30 is_open=False hour_summary=Closed until 2:00pm
[2026-08-08 10:30:03] RIMAC Fitness Gym: 29% (Not Busy) people=19 capacity=65 is_open=True hour_summary=open
[2026-08-08 10:30:03] Triton Esports Center: 0% (Closed) people=0 capacity=35 is_open=False hour_summary=closed
[2026-08-08 10:30:03] === SCRAPE END OK ===
[2026-08-08 10:45:02] === SCRAPE START ===
[2026-08-08 10:45:02] Fetching https://waitz.io/live/ucsd-rec
[2026-08-08 10:45:03] Saved 4 rows to ucsd_occupancy_history.csv
[2026-08-08 10:45:03] Main Gym Fitness Gym: 44% (Closed) people=32 capacity=72 is_open=False hour_summary=closed
[2026-08-08 10:45:03] Outback Climbing Center: 0% (Closed) people=0 capacity=30 is_open=False hour_summary=Closed until 2:00pm
[2026-08-08 10:45:03] RIMAC Fitness Gym: 20% (Not Busy) people=13 capacity=65 is_open=True hour_summary=open
[2026-08-08 10:45:03] Triton Esports Center: 0% (Closed) people=0 capacity=35 is_open=False hour_summary=closed
[2026-08-08 10:45:03] === SCRAPE END OK ===
[2026-08-08 11:00:02] === SCRAPE START ===
[2026-08-08 11:00:02] Fetching https://waitz.io/live/ucsd-rec
[2026-08-08 11:00:03] Saved 4 rows to ucsd_occupancy_history.csv
[2026-08-08 11:00:03] Main Gym Fitness Gym: 35% (Closed) people=25 capacity=72 is_open=False hour_summary=closed
[2026-08-08 11:00:03] Outback Climbing Center: 0% (Closed) people=0 capacity=30 is_open=False hour_summary=Closed until 2:00pm
[2026-08-08 11:00:03] RIMAC Fitness Gym: 25% (Not Busy) people=16 capacity=65 is_open=True hour_summary=open
[2026-08-08 11:00:03] Triton Esports Center: 0% (Closed) people=0 capacity=35 is_open=False hour_summary=closed
[2026-08-08 11:00:03] === SCRAPE END OK ===
[2026-08-08 11:15:02] === SCRAPE START ===
[2026-08-08 11:15:02] Fetching https://waitz.io/live/ucsd-rec
[2026-08-08 11:15:03] Saved 4 rows to ucsd_occupancy_history.csv
[2026-08-08 11:15:03] Main Gym Fitness Gym: 35% (Closed) people=25 capacity=72 is_open=False hour_summary=closed
[2026-08-08 11:15:03] Outback Climbing Center: 0% (Closed) people=0 capacity=30 is_open=False hour_summary=Closed until 2:00pm
[2026-08-08 11:15:03] RIMAC Fitness Gym: 18% (Not Busy) people=12 capacity=65 is_open=True hour_summary=open
[2026-08-08 11:15:03] Triton Esports Center: 0% (Closed) people=0 capacity=35 is_open=False hour_summary=closed
[2026-08-08 11:15:03] === SCRAPE END OK ===
[2026-08-08 11:30:02] === SCRAPE START ===
[2026-08-08 11:30:02] Fetching https://waitz.io/live/ucsd-rec
[2026-08-08 11:30:04] Saved 4 rows to ucsd_occupancy_history.csv
[2026-08-08 11:30:04] Main Gym Fitness Gym: 29% (Closed) people=21 capacity=72 is_open=False hour_summary=closed
[2026-08-08 11:30:04] Outback Climbing Center: 0% (Closed) people=0 capacity=30 is_open=False hour_summary=Closed until 2:00pm
[2026-08-08 11:30:04] RIMAC Fitness Gym: 22% (Not Busy) people=14 capacity=65 is_open=True hour_summary=open
[2026-08-08 11:30:04] Triton Esports Center: 0% (Closed) people=0 capacity=35 is_open=False hour_summary=closed
[2026-08-08 11:30:04] === SCRAPE END OK ===
[2026-08-08 11:45:02] === SCRAPE START ===
[2026-08-08 11:45:02] Fetching https://waitz.io/live/ucsd-rec
[2026-08-08 11:45:02] Saved 4 rows to ucsd_occupancy_history.csv
[2026-08-08 11:45:02] Main Gym Fitness Gym: 31% (Closed) people=22 capacity=72 is_open=False hour_summary=closed
[2026-08-08 11:45:02] Outback Climbing Center: 0% (Closed) people=0 capacity=30 is_open=False hour_summary=Closed until 2:00pm
[2026-08-08 11:45:02] RIMAC Fitness Gym: 20% (Not Busy) people=13 capacity=65 is_open=True hour_summary=open
[2026-08-08 11:45:02] Triton Esports Center: 0% (Closed) people=0 capacity=35 is_open=False hour_summary=closed
[2026-08-08 11:45:02] === SCRAPE END OK ===
[2026-08-08 12:00:02] === SCRAPE START ===
[2026-08-08 12:00:02] Fetching https://waitz.io/live/ucsd-rec
[2026-08-08 12:00:03] Saved 4 rows to ucsd_occupancy_history.csv
[2026-08-08 12:00:03] Main Gym Fitness Gym: 32% (Closed) people=23 capacity=72 is_open=False hour_summary=closed
[2026-08-08 12:00:03] Outback Climbing Center: 0% (Closed) people=0 capacity=30 is_open=False hour_summary=Closed until 2:00pm
[2026-08-08 12:00:03] RIMAC Fitness Gym: 20% (Not Busy) people=13 capacity=65 is_open=True hour_summary=open
[2026-08-08 12:00:03] Triton Esports Center: 0% (Closed) people=0 capacity=35 is_open=False hour_summary=closed
[2026-08-08 12:00:03] === SCRAPE END OK ===
[2026-08-08 12:15:02] === SCRAPE START ===
[2026-08-08 12:15:02] Fetching https://waitz.io/live/ucsd-rec
[2026-08-08 12:15:02] Saved 4 rows to ucsd_occupancy_history.csv
[2026-08-08 12:15:02] Main Gym Fitness Gym: 36% (Closed) people=26 capacity=72 is_open=False hour_summary=closed
[2026-08-08 12:15:02] Outback Climbing Center: 0% (Closed) people=0 capacity=30 is_open=False hour_summary=Closed until 2:00pm
[2026-08-08 12:15:02] RIMAC Fitness Gym: 31% (Not Busy) people=20 capacity=65 is_open=True hour_summary=open
[2026-08-08 12:15:02] Triton Esports Center: 0% (Closed) people=0 capacity=35 is_open=False hour_summary=closed
[2026-08-08 12:15:02] === SCRAPE END OK ===
[2026-08-08 12:30:02] === SCRAPE START ===
[2026-08-08 12:30:02] Fetching https://waitz.io/live/ucsd-rec
[2026-08-08 12:30:03] Saved 4 rows to ucsd_occupancy_history.csv
[2026-08-08 12:30:03] Main Gym Fitness Gym: 19% (Closed) people=14 capacity=72 is_open=False hour_summary=closed
[2026-08-08 12:30:03] Outback Climbing Center: 0% (Closed) people=0 capacity=30 is_open=False hour_summary=Closed until 2:00pm
[2026-08-08 12:30:03] RIMAC Fitness Gym: 31% (Not Busy) people=20 capacity=65 is_open=True hour_summary=open
[2026-08-08 12:30:03] Triton Esports Center: 0% (Closed) people=0 capacity=35 is_open=False hour_summary=closed
[2026-08-08 12:30:03] === SCRAPE END OK ===
[2026-08-08 12:45:02] === SCRAPE START ===
[2026-08-08 12:45:02] Fetching https://waitz.io/live/ucsd-rec
[2026-08-08 12:45:02] Saved 4 rows to ucsd_occupancy_history.csv
[2026-08-08 12:45:02] Main Gym Fitness Gym: 19% (Closed) people=14 capacity=72 is_open=False hour_summary=closed
[2026-08-08 12:45:02] Outback Climbing Center: 0% (Closed) people=0 capacity=30 is_open=False hour_summary=Closed until 2:00pm
[2026-08-08 12:45:02] RIMAC Fitness Gym: 22% (Not Busy) people=14 capacity=65 is_open=True hour_summary=open
[2026-08-08 12:45:02] Triton Esports Center: 0% (Closed) people=0 capacity=35 is_open=False hour_summary=closed
[2026-08-08 12:45:02] === SCRAPE END OK ===
[2026-08-08 13:00:02] === SCRAPE START ===
[2026-08-08 13:00:02] Fetching https://waitz.io/live/ucsd-rec
[2026-08-08 13:00:03] Saved 4 rows to ucsd_occupancy_history.csv
[2026-08-08 13:00:03] Main Gym Fitness Gym: 14% (Closed) people=10 capacity=72 is_open=False hour_summary=closed
[2026-08-08 13:00:03] Outback Climbing Center: 0% (Closed) people=0 capacity=30 is_open=False hour_summary=Closed until 2:00pm
[2026-08-08 13:00:03] RIMAC Fitness Gym: 0% (Data Unavailable) people=0 capacity=65 is_open=True hour_summary=open
[2026-08-08 13:00:03] Triton Esports Center: 0% (Closed) people=0 capacity=35 is_open=False hour_summary=closed
[2026-08-08 13:00:03] === SCRAPE END OK ===
[2026-08-08 13:15:02] === SCRAPE START ===
[2026-08-08 13:15:02] Fetching https://waitz.io/live/ucsd-rec
[2026-08-08 13:15:03] Saved 4 rows to ucsd_occupancy_history.csv
[2026-08-08 13:15:03] Main Gym Fitness Gym: 3% (Closed) people=2 capacity=72 is_open=False hour_summary=closed
[2026-08-08 13:15:03] Outback Climbing Center: 0% (Closed) people=0 capacity=30 is_open=False hour_summary=Closed until 2:00pm
[2026-08-08 13:15:03] RIMAC Fitness Gym: 32% (Not Busy) people=21 capacity=65 is_open=True hour_summary=open
[2026-08-08 13:15:03] Triton Esports Center: 0% (Closed) people=0 capacity=35 is_open=False hour_summary=closed
[2026-08-08 13:15:03] === SCRAPE END OK ===
[2026-08-08 13:30:02] === SCRAPE START ===
[2026-08-08 13:30:02] Fetching https://waitz.io/live/ucsd-rec
[2026-08-08 13:30:04] Saved 4 rows to ucsd_occupancy_history.csv
[2026-08-08 13:30:04] Main Gym Fitness Gym: 3% (Closed) people=2 capacity=72 is_open=False hour_summary=closed
[2026-08-08 13:30:04] Outback Climbing Center: 0% (Closed) people=0 capacity=30 is_open=False hour_summary=Closed until 2:00pm
[2026-08-08 13:30:04] RIMAC Fitness Gym: 29% (Not Busy) people=19 capacity=65 is_open=True hour_summary=open
[2026-08-08 13:30:04] Triton Esports Center: 0% (Closed) people=0 capacity=35 is_open=False hour_summary=closed
[2026-08-08 13:30:04] === SCRAPE END OK ===
