[2026-10-06 00:00:01] === SCRAPE START ===
[2026-10-06 00:00:01] Fetching https://waitz.io/live/ucsd-rec
[2026-10-06 00:00:03] Saved 4 rows to ucsd_occupancy_history.csv
[2026-10-06 00:00:03] Main Gym Fitness Gym: 0% (Closed) people=0 capacity=72 is_open=False hour_summary=Closed until 6:00am
[2026-10-06 00:00:03] Outback Climbing Center: 0% (Closed) people=0 capacity=30 is_open=False hour_summary=Closed until 2:00pm
[2026-10-06 00:00:03] RIMAC Fitness Gym: 0% (Closed) people=0 capacity=65 is_open=False hour_summary=Closed until 6:00am
[2026-10-06 00:00:03] Triton Esports Center: 0% (Closed) people=0 capacity=35 is_open=False hour_summary=closed
[2026-10-06 00:00:03] === SCRAPE END OK ===
[2026-10-06 11:23:58] === SCRAPE START ===
[2026-10-06 11:23:58] Fetching https://waitz.io/live/ucsd-rec
[2026-10-06 11:23:58] HTTP ERROR: HTTPSConnectionPool(host='waitz.io', port=443): Max retries exceeded with url: /live/ucsd-rec (Caused by NameResolutionError("HTTPSConnection(host='waitz.io', port=443): Failed to resolve 'waitz.io' ([Errno 11001] getaddrinfo failed)"))
[2026-10-06 11:30:03] === SCRAPE START ===
[2026-10-06 11:30:03] Fetching https://waitz.io/live/ucsd-rec
[2026-10-06 11:30:04] Saved 4 rows to ucsd_occupancy_history.csv
[2026-10-06 11:30:04] Main Gym Fitness Gym: 64% (Busy) people=46 capacity=72 is_open=True hour_summary=open
[2026-10-06 11:30:04] Outback Climbing Center: 0% (Closed) people=0 capacity=30 is_open=False hour_summary=Closed until 2:00pm
[2026-10-06 11:30:04] RIMAC Fitness Gym: 99% (Very Active) people=64 capacity=65 is_open=True hour_summary=open
[2026-10-06 11:30:04] Triton Esports Center: 9% (Closed) people=3 capacity=35 is_open=False hour_summary=closed
[2026-10-06 11:30:04] === SCRAPE END OK ===
[2026-10-06 11:45:02] === SCRAPE START ===
[2026-10-06 11:45:02] Fetching https://waitz.io/live/ucsd-rec
[2026-10-06 11:45:04] Saved 4 rows to ucsd_occupancy_history.csv
[2026-10-06 11:45:04] Main Gym Fitness Gym: 46% (Busy) people=33 capacity=72 is_open=True hour_summary=open
[2026-10-06 11:45:04] Outback Climbing Center: 0% (Closed) people=0 capacity=30 is_open=False hour_summary=Closed until 2:00pm
[2026-10-06 11:45:04] RIMAC Fitness Gym: 99% (Very Active) people=64 capacity=65 is_open=True hour_summary=open
[2026-10-06 11:45:04] Triton Esports Center: 11% (Closed) people=4 capacity=35 is_open=False hour_summary=closed
[2026-10-06 11:45:04] === SCRAPE END OK ===
[2026-10-06 12:00:02] === SCRAPE START ===
[2026-10-06 12:00:02] Fetching https://waitz.io/live/ucsd-rec
[2026-10-06 12:00:04] Saved 4 rows to ucsd_occupancy_history.csv
[2026-10-06 12:00:04] Main Gym Fitness Gym: 54% (Busy) people=39 capacity=72 is_open=True hour_summary=open
[2026-10-06 12:00:04] Outback Climbing Center: 0% (Closed) people=0 capacity=30 is_open=False hour_summary=Closed until 2:00pm
[2026-10-06 12:00:04] RIMAC Fitness Gym: 99% (Very Active) people=64 capacity=65 is_open=True hour_summary=open
[2026-10-06 12:00:04] Triton Esports Center: 6% (Closed) people=2 capacity=35 is_open=False hour_summary=closed
[2026-10-06 12:00:04] === SCRAPE END OK ===
[2026-10-06 12:15:02] === SCRAPE START ===
[2026-10-06 12:15:02] Fetching https://waitz.io/live/ucsd-rec
[2026-10-06 12:15:03] Saved 4 rows to ucsd_occupancy_history.csv
[2026-10-06 12:15:03] Main Gym Fitness Gym: 83% (Very Active) people=60 capacity=72 is_open=True hour_summary=open
[2026-10-06 12:15:03] Outback Climbing Center: 0% (Closed) people=0 capacity=30 is_open=False hour_summary=Closed until 2:00pm
[2026-10-06 12:15:03] RIMAC Fitness Gym: 0% (Data Unavailable) people=0 capacity=65 is_open=True hour_summary=open
[2026-10-06 12:15:03] Triton Esports Center: 14% (Closed) people=5 capacity=35 is_open=False hour_summary=closed
[2026-10-06 12:15:03] === SCRAPE END OK ===
[2026-10-06 12:30:02] === SCRAPE START ===
[2026-10-06 12:30:02] Fetching https://waitz.io/live/ucsd-rec
[2026-10-06 12:30:04] Saved 4 rows to ucsd_occupancy_history.csv
[2026-10-06 12:30:04] Main Gym Fitness Gym: 63% (Busy) people=45 capacity=72 is_open=True hour_summary=open
[2026-10-06 12:30:04] Outback Climbing Center: 0% (Closed) people=0 capacity=30 is_open=False hour_summary=Closed until 2:00pm
[2026-10-06 12:30:04] RIMAC Fitness Gym: 99% (Very Active) people=64 capacity=65 is_open=True hour_summary=open
[2026-10-06 12:30:04] Triton Esports Center: 6% (Closed) people=2 capacity=35 is_open=False hour_summary=closed
[2026-10-06 12:30:04] === SCRAPE END OK ===
[2026-10-06 12:45:02] === SCRAPE START ===
[2026-10-06 12:45:02] Fetching https://waitz.io/live/ucsd-rec
[2026-10-06 12:45:03] Saved 4 rows to ucsd_occupancy_history.csv
[2026-10-06 12:45:03] Main Gym Fitness Gym: 44% (Not Busy) people=32 capacity=72 is_open=True hour_summary=open
[2026-10-06 12:45:03] Outback Climbing Center: 0% (Closed) people=0 capacity=30 is_open=False hour_summary=Closed until 2:00pm
[2026-10-06 12:45:03] RIMAC Fitness Gym: 99% (Very Active) people=64 capacity=65 is_open=True hour_summary=open
[2026-10-06 12:45:03] Triton Esports Center: 11% (Closed) people=4 capacity=35 is_open=False hour_summary=closed
[2026-10-06 12:45:03] === SCRAPE END OK ===
[2026-10-06 13:00:02] === SCRAPE START ===
[2026-10-06 13:00:02] Fetching https://waitz.io/live/ucsd-rec
[2026-10-06 13:00:04] Saved 4 rows to ucsd_occupancy_history.csv
[2026-10-06 13:00:04] Main Gym Fitness Gym: 64% (Busy) people=46 capacity=72 is_open=True hour_summary=open
[2026-10-06 13:00:04] Outback Climbing Center: 0% (Closed) people=0 capacity=30 is_open=False hour_summary=Closed until 2:00pm
[2026-10-06 13:00:04] RIMAC Fitness Gym: 99% (Very Active) people=64 capacity=65 is_open=True hour_summary=open
[2026-10-06 13:00:04] Triton Esports Center: 0% (Closed) people=0 capacity=35 is_open=False hour_summary=closed
[2026-10-06 13:00:04] === SCRAPE END OK ===
[2026-10-06 13:15:02] === SCRAPE START ===
[2026-10-06 13:15:02] Fetching https://waitz.io/live/ucsd-rec
[2026-10-06 13:15:03] Saved 4 rows to ucsd_occupancy_history.csv
[2026-10-06 13:15:03] Main Gym Fitness Gym: 60% (Busy) people=43 capacity=72 is_open=True hour_summary=open
[2026-10-06 13:15:03] Outback Climbing Center: 0% (Closed) people=0 capacity=30 is_open=False hour_summary=Closed until 2:00pm
[2026-10-06 13:15:03] RIMAC Fitness Gym: 99% (Very Active) people=64 capacity=65 is_open=True hour_summary=open
[2026-10-06 13:15:03] Triton Esports Center: 14% (Closed) people=5 capacity=35 is_open=False hour_summary=closed
[2026-10-06 13:15:03] === SCRAPE END OK ===
[2026-10-06 13:30:02] === SCRAPE START ===
[2026-10-06 13:30:02] Fetching https://waitz.io/live/ucsd-rec
[2026-10-06 13:30:04] Saved 4 rows to ucsd_occupancy_history.csv
[2026-10-06 13:30:04] Main Gym Fitness Gym: 57% (Busy) people=41 capacity=72 is_open=True hour_summary=open
[2026-10-06 13:30:04] Outback Climbing Center: 0% (Closed) people=0 capacity=30 is_open=False hour_summary=Closed until 2:00pm
[2026-10-06 13:30:04] RIMAC Fitness Gym: 99% (Very Active) people=64 capacity=65 is_open=True hour_summary=open
[2026-10-06 13:30:04] Triton Esports Center: 11% (Closed) people=4 capacity=35 is_open=False hour_summary=closed
[2026-10-06 13:30:04] === SCRAPE END OK ===
[2026-10-06 13:45:02] === SCRAPE START ===
[2026-10-06 13:45:02] Fetching https://waitz.io/live/ucsd-rec
[2026-10-06 13:45:03] Saved 4 rows to ucsd_occupancy_history.csv
[2026-10-06 13:45:03] Main Gym Fitness Gym: 49% (Busy) people=35 capacity=72 is_open=True hour_summary=open
[2026-10-06 13:45:03] Outback Climbing Center: 0% (Closed) people=0 capacity=30 is_open=False hour_summary=Closed until 2:00pm
[2026-10-06 13:45:03] RIMAC Fitness Gym: 99% (Very Active) people=64 capacity=65 is_open=True hour_summary=open
[2026-10-06 13:45:03] Triton Esports Center: 31% (Closed) people=11 capacity=35 is_open=False hour_summary=closed
[2026-10-06 13:45:03] === SCRAPE END OK ===
[2026-10-06 14:00:02] === SCRAPE START ===
[2026-10-06 14:00:02] Fetching https://waitz.io/live/ucsd-rec
[2026-10-06 14:00:03] Saved 4 rows to ucsd_occupancy_history.csv
[2026-10-06 14:00:03] Main Gym Fitness Gym: 68% (Busy) people=49 capacity=72 is_open=True hour_summary=open
[2026-10-06 14:00:03] Outback Climbing Center: 0% (Data Unavailable) people=0 capacity=30 is_open=True hour_summary=open
[2026-10-06 14:00:03] RIMAC Fitness Gym: 99% (Very Active) people=64 capacity=65 is_open=True hour_summary=open
[2026-10-06 14:00:03] Triton Esports Center: 40% (Closed) people=14 capacity=35 is_open=False hour_summary=closed
[2026-10-06 14:00:03] === SCRAPE END OK ===
[2026-10-06 14:15:02] === SCRAPE START ===
[2026-10-06 14:15:02] Fetching https://waitz.io/live/ucsd-rec
[2026-10-06 14:15:03] Saved 4 rows to ucsd_occupancy_history.csv
[2026-10-06 14:15:03] Main Gym Fitness Gym: 83% (Very Active) people=60 capacity=72 is_open=True hour_summary=open
[2026-10-06 14:15:03] Outback Climbing Center: 0% (Data Unavailable) people=0 capacity=30 is_open=True hour_summary=open
[2026-10-06 14:15:03] RIMAC Fitness Gym: 99% (Very Active) people=64 capacity=65 is_open=True hour_summary=open
[2026-10-06 14:15:03] Triton Esports Center: 37% (Closed) people=13 capacity=35 is_open=False hour_summary=closed
[2026-10-06 14:15:03] === SCRAPE END OK ===
[2026-10-06 14:30:02] === SCRAPE START ===
[2026-10-06 14:30:02] Fetching https://waitz.io/live/ucsd-rec
[2026-10-06 14:30:03] Saved 4 rows to ucsd_occupancy_history.csv
[2026-10-06 14:30:03] Main Gym Fitness Gym: 57% (Busy) people=41 capacity=72 is_open=True hour_summary=open
[2026-10-06 14:30:03] Outback Climbing Center: 0% (Data Unavailable) people=0 capacity=30 is_open=True hour_summary=open
[2026-10-06 14:30:03] RIMAC Fitness Gym: 99% (Very Active) people=64 capacity=65 is_open=True hour_summary=open
[2026-10-06 14:30:03] Triton Esports Center: 37% (Closed) people=13 capacity=35 is_open=False hour_summary=closed
[2026-10-06 14:30:03] === SCRAPE END OK ===
[2026-10-06 14:45:02] === SCRAPE START ===
[2026-10-06 14:45:02] Fetching https://waitz.io/live/ucsd-rec
[2026-10-06 14:45:03] Saved 4 rows to ucsd_occupancy_history.csv
[2026-10-06 14:45:03] Main Gym Fitness Gym: 57% (Busy) people=41 capacity=72 is_open=True hour_summary=open
[2026-10-06 14:45:03] Outback Climbing Center: 0% (Data Unavailable) people=0 capacity=30 is_open=True hour_summary=open
[2026-10-06 14:45:03] RIMAC Fitness Gym: 99% (Very Active) people=64 capacity=65 is_open=True hour_summary=open
[2026-10-06 14:45:03] Triton Esports Center: 26% (Closed) people=9 capacity=35 is_open=False hour_summary=closed
[2026-10-06 14:45:03] === SCRAPE END OK ===
[2026-10-06 15:00:02] === SCRAPE START ===
[2026-10-06 15:00:02] Fetching https://waitz.io/live/ucsd-rec
[2026-10-06 15:00:04] Saved 4 rows to ucsd_occupancy_history.csv
[2026-10-06 15:00:04] Main Gym Fitness Gym: 78% (Busy) people=56 capacity=72 is_open=True hour_summary=open
[2026-10-06 15:00:04] Outback Climbing Center: 0% (Data Unavailable) people=0 capacity=30 is_open=True hour_summary=open
[2026-10-06 15:00:04] RIMAC Fitness Gym: 99% (Very Active) people=64 capacity=65 is_open=True hour_summary=open
[2026-10-06 15:00:04] Triton Esports Center: 31% (Closed) people=11 capacity=35 is_open=False hour_summary=closed
[2026-10-06 15:00:04] === SCRAPE END OK ===
[2026-10-06 15:15:02] === SCRAPE START ===
[2026-10-06 15:15:02] Fetching https://waitz.io/live/ucsd-rec
[2026-10-06 15:15:03] Saved 4 rows to ucsd_occupancy_history.csv
[2026-10-06 15:15:03] Main Gym Fitness Gym: 57% (Busy) people=41 capacity=72 is_open=True hour_summary=open
[2026-10-06 15:15:03] Outback Climbing Center: 0% (Data Unavailable) people=0 capacity=30 is_open=True hour_summary=open
[2026-10-06 15:15:03] RIMAC Fitness Gym: 99% (Very Active) people=64 capacity=65 is_open=True hour_summary=open
[2026-10-06 15:15:03] Triton Esports Center: 54% (Closed) people=19 capacity=35 is_open=False hour_summary=closed
[2026-10-06 15:15:03] === SCRAPE END OK ===
[2026-10-06 15:30:02] === SCRAPE START ===
[2026-10-06 15:30:02] Fetching https://waitz.io/live/ucsd-rec
[2026-10-06 15:30:04] Saved 4 rows to ucsd_occupancy_history.csv
[2026-10-06 15:30:04] Main Gym Fitness Gym: 99% (Very Active) people=71 capacity=72 is_open=True hour_summary=open
[2026-10-06 15:30:04] Outback Climbing Center: 0% (Data Unavailable) people=0 capacity=30 is_open=True hour_summary=open
[2026-10-06 15:30:04] RIMAC Fitness Gym: 99% (Very Active) people=64 capacity=65 is_open=True hour_summary=open
[2026-10-06 15:30:04] Triton Esports Center: 60% (Closed) people=21 capacity=35 is_open=False hour_summary=closed
[2026-10-06 15:30:04] === SCRAPE END OK ===
[2026-10-06 15:45:02] === SCRAPE START ===
[2026-10-06 15:45:02] Fetching https://waitz.io/live/ucsd-rec
[2026-10-06 15:45:03] Saved 4 rows to ucsd_occupancy_history.csv
[2026-10-06 15:45:03] Main Gym Fitness Gym: 68% (Busy) people=49 capacity=72 is_open=True hour_summary=open
[2026-10-06 15:45:03] Outback Climbing Center: 0% (Data Unavailable) people=0 capacity=30 is_open=True hour_summary=open
[2026-10-06 15:45:03] RIMAC Fitness Gym: 99% (Very Active) people=64 capacity=65 is_open=True hour_summary=open
[2026-10-06 15:45:03] Triton Esports Center: 60% (Closed) people=21 capacity=35 is_open=False hour_summary=closed
[2026-10-06 15:45:03] === SCRAPE END OK ===
[2026-10-06 16:00:02] === SCRAPE START ===
[2026-10-06 16:00:02] Fetching https://waitz.io/live/ucsd-rec
[2026-10-06 16:00:04] Saved 4 rows to ucsd_occupancy_history.csv
[2026-10-06 16:00:04] Main Gym Fitness Gym: 54% (Busy) people=39 capacity=72 is_open=True hour_summary=open
[2026-10-06 16:00:04] Outback Climbing Center: 0% (Data Unavailable) people=0 capacity=30 is_open=True hour_summary=open
[2026-10-06 16:00:04] RIMAC Fitness Gym: 99% (Very Active) people=64 capacity=65 is_open=True hour_summary=open
[2026-10-06 16:00:04] Triton Esports Center: 77% (Closed) people=27 capacity=35 is_open=False hour_summary=closed
[2026-10-06 16:00:04] === SCRAPE END OK ===
[2026-10-06 16:15:02] === SCRAPE START ===
[2026-10-06 16:15:02] Fetching https://waitz.io/live/ucsd-rec
[2026-10-06 16:15:03] Saved 4 rows to ucsd_occupancy_history.csv
[2026-10-06 16:15:03] Main Gym Fitness Gym: 69% (Busy) people=50 capacity=72 is_open=True hour_summary=open
[2026-10-06 16:15:03] Outback Climbing Center: 0% (Data Unavailable) people=0 capacity=30 is_open=True hour_summary=open
[2026-10-06 16:15:03] RIMAC Fitness Gym: 99% (Very Active) people=64 capacity=65 is_open=True hour_summary=open
[2026-10-06 16:15:03] Triton Esports Center: 51% (Closed) people=18 capacity=35 is_open=False hour_summary=closed
[2026-10-06 16:15:03] === SCRAPE END OK ===
[2026-10-06 16:30:02] === SCRAPE START ===
[2026-10-06 16:30:02] Fetching https://waitz.io/live/ucsd-rec
[2026-10-06 16:30:03] Saved 4 rows to ucsd_occupancy_history.csv
[2026-10-06 16:30:03] Main Gym Fitness Gym: 72% (Busy) people=52 capacity=72 is_open=True hour_summary=open
[2026-10-06 16:30:03] Outback Climbing Center: 0% (Data Unavailable) people=0 capacity=30 is_open=True hour_summary=open
[2026-10-06 16:30:03] RIMAC Fitness Gym: 99% (Very Active) people=64 capacity=65 is_open=True hour_summary=open
[2026-10-06 16:30:03] Triton Esports Center: 63% (Closed) people=22 capacity=35 is_open=False hour_summary=closed
[2026-10-06 16:30:03] === SCRAPE END OK ===
[2026-10-06 16:45:02] === SCRAPE START ===
[2026-10-06 16:45:02] Fetching https://waitz.io/live/ucsd-rec
[2026-10-06 16:45:03] Saved 4 rows to ucsd_occupancy_history.csv
[2026-10-06 16:45:03] Main Gym Fitness Gym: 69% (Busy) people=50 capacity=72 is_open=True hour_summary=open
[2026-10-06 16:45:03] Outback Climbing Center: 0% (Data Unavailable) people=0 capacity=30 is_open=True hour_summary=open
[2026-10-06 16:45:03] RIMAC Fitness Gym: 99% (Very Active) people=64 capacity=65 is_open=True hour_summary=open
[2026-10-06 16:45:03] Triton Esports Center: 63% (Closed) people=22 capacity=35 is_open=False hour_summary=closed
[2026-10-06 16:45:03] === SCRAPE END OK ===
[2026-10-06 17:00:02] === SCRAPE START ===
[2026-10-06 17:00:02] Fetching https://waitz.io/live/ucsd-rec
[2026-10-06 17:00:03] Saved 4 rows to ucsd_occupancy_history.csv
[2026-10-06 17:00:03] Main Gym Fitness Gym: 78% (Busy) people=56 capacity=72 is_open=True hour_summary=open
[2026-10-06 17:00:03] Outback Climbing Center: 0% (Data Unavailable) people=0 capacity=30 is_open=True hour_summary=open
[2026-10-06 17:00:03] RIMAC Fitness Gym: 99% (Very Active) people=64 capacity=65 is_open=True hour_summary=open
[2026-10-06 17:00:03] Triton Esports Center: 46% (Closed) people=16 capacity=35 is_open=False hour_summary=closed
[2026-10-06 17:00:03] === SCRAPE END OK ===
[2026-10-06 17:15:02] === SCRAPE START ===
[2026-10-06 17:15:02] Fetching https://waitz.io/live/ucsd-rec
[2026-10-06 17:15:03] Saved 4 rows to ucsd_occupancy_history.csv
[2026-10-06 17:15:03] Main Gym Fitness Gym: 93% (Very Active) people=67 capacity=72 is_open=True hour_summary=open
[2026-10-06 17:15:03] Outback Climbing Center: 0% (Data Unavailable) people=0 capacity=30 is_open=True hour_summary=open
[2026-10-06 17:15:03] RIMAC Fitness Gym: 99% (Very Active) people=64 capacity=65 is_open=True hour_summary=open
[2026-10-06 17:15:03] Triton Esports Center: 49% (Closed) people=17 capacity=35 is_open=False hour_summary=closed
[2026-10-06 17:15:03] === SCRAPE END OK ===
[2026-10-06 17:30:02] === SCRAPE START ===
[2026-10-06 17:30:02] Fetching https://waitz.io/live/ucsd-rec
[2026-10-06 17:30:03] Saved 4 rows to ucsd_occupancy_history.csv
[2026-10-06 17:30:03] Main Gym Fitness Gym: 97% (Very Active) people=70 capacity=72 is_open=True hour_summary=open
[2026-10-06 17:30:03] Outback Climbing Center: 0% (Data Unavailable) people=0 capacity=30 is_open=True hour_summary=open
[2026-10-06 17:30:03] RIMAC Fitness Gym: 99% (Very Active) people=64 capacity=65 is_open=True hour_summary=open
[2026-10-06 17:30:03] Triton Esports Center: 54% (Closed) people=19 capacity=35 is_open=False hour_summary=closed
[2026-10-06 17:30:03] === SCRAPE END OK ===
[2026-10-06 17:45:02] === SCRAPE START ===
[2026-10-06 17:45:02] Fetching https://waitz.io/live/ucsd-rec
[2026-10-06 17:45:03] Saved 4 rows to ucsd_occupancy_history.csv
[2026-10-06 17:45:03] Main Gym Fitness Gym: 78% (Busy) people=56 capacity=72 is_open=True hour_summary=open
[2026-10-06 17:45:03] Outback Climbing Center: 0% (Data Unavailable) people=0 capacity=30 is_open=True hour_summary=open
[2026-10-06 17:45:03] RIMAC Fitness Gym: 99% (Very Active) people=64 capacity=65 is_open=True hour_summary=open
[2026-10-06 17:45:03] Triton Esports Center: 99% (Closed) people=35 capacity=35 is_open=False hour_summary=closed
[2026-10-06 17:45:03] === SCRAPE END OK ===
[2026-10-06 18:00:01] === SCRAPE START ===
[2026-10-06 18:00:01] Fetching https://waitz.io/live/ucsd-rec
[2026-10-06 18:00:03] Saved 4 rows to ucsd_occupancy_history.csv
[2026-10-06 18:00:03] Main Gym Fitness Gym: 99% (Very Active) people=71 capacity=72 is_open=True hour_summary=open
[2026-10-06 18:00:03] Outback Climbing Center: 0% (Data Unavailable) people=0 capacity=30 is_open=True hour_summary=open
[2026-10-06 18:00:03] RIMAC Fitness Gym: 99% (Very Active) people=64 capacity=65 is_open=True hour_summary=open
[2026-10-06 18:00:03] Triton Esports Center: 99% (Closed) people=35 capacity=35 is_open=False hour_summary=closed
[2026-10-06 18:00:03] === SCRAPE END OK ===
[2026-10-06 18:15:02] === SCRAPE START ===
[2026-10-06 18:15:02] Fetching https://waitz.io/live/ucsd-rec
[2026-10-06 18:15:03] Saved 4 rows to ucsd_occupancy_history.csv
[2026-10-06 18:15:03] Main Gym Fitness Gym: 81% (Very Active) people=58 capacity=72 is_open=True hour_summary=open
[2026-10-06 18:15:03] Outback Climbing Center: 0% (Data Unavailable) people=0 capacity=30 is_open=True hour_summary=open
[2026-10-06 18:15:03] RIMAC Fitness Gym: 99% (Very Active) people=64 capacity=65 is_open=True hour_summary=open
[2026-10-06 18:15:03] Triton Esports Center: 99% (Closed) people=35 capacity=35 is_open=False hour_summary=closed
[2026-10-06 18:15:03] === SCRAPE END OK ===
[2026-10-06 18:30:02] === SCRAPE START ===
[2026-10-06 18:30:02] Fetching https://waitz.io/live/ucsd-rec
[2026-10-06 18:30:03] Saved 4 rows to ucsd_occupancy_history.csv
[2026-10-06 18:30:03] Main Gym Fitness Gym: 92% (Very Active) people=66 capacity=72 is_open=True hour_summary=open
[2026-10-06 18:30:03] Outback Climbing Center: 0% (Data Unavailable) people=0 capacity=30 is_open=True hour_summary=open
[2026-10-06 18:30:03] RIMAC Fitness Gym: 99% (Very Active) people=64 capacity=65 is_open=True hour_summary=open
[2026-10-06 18:30:03] Triton Esports Center: 99% (Closed) people=35 capacity=35 is_open=False hour_summary=closed
[2026-10-06 18:30:03] === SCRAPE END OK ===
[2026-10-06 18:45:02] === SCRAPE START ===
[2026-10-06 18:45:02] Fetching https://waitz.io/live/ucsd-rec
[2026-10-06 18:45:03] Saved 4 rows to ucsd_occupancy_history.csv
[2026-10-06 18:45:03] Main Gym Fitness Gym: 85% (Very Active) people=61 capacity=72 is_open=True hour_summary=open
[2026-10-06 18:45:03] Outback Climbing Center: 0% (Data Unavailable) people=0 capacity=30 is_open=True hour_summary=open
[2026-10-06 18:45:03] RIMAC Fitness Gym: 99% (Very Active) people=64 capacity=65 is_open=True hour_summary=open
[2026-10-06 18:45:03] Triton Esports Center: 99% (Closed) people=35 capacity=35 is_open=False hour_summary=closed
[2026-10-06 18:45:03] === SCRAPE END OK ===
[2026-10-06 19:00:02] === SCRAPE START ===
[2026-10-06 19:00:02] Fetching https://waitz.io/live/ucsd-rec
[2026-10-06 19:00:03] Saved 4 rows to ucsd_occupancy_history.csv
[2026-10-06 19:00:03] Main Gym Fitness Gym: 92% (Very Active) people=66 capacity=72 is_open=True hour_summary=open
[2026-10-06 19:00:03] Outback Climbing Center: 0% (Data Unavailable) people=0 capacity=30 is_open=True hour_summary=open
[2026-10-06 19:00:03] RIMAC Fitness Gym: 99% (Very Active) people=64 capacity=65 is_open=True hour_summary=open
[2026-10-06 19:00:03] Triton Esports Center: 89% (Closed) people=31 capacity=35 is_open=False hour_summary=closed
[2026-10-06 19:00:03] === SCRAPE END OK ===
[2026-10-06 19:15:02] === SCRAPE START ===
[2026-10-06 19:15:02] Fetching https://waitz.io/live/ucsd-rec
[2026-10-06 19:15:03] Saved 4 rows to ucsd_occupancy_history.csv
[2026-10-06 19:15:03] Main Gym Fitness Gym: 99% (Very Active) people=71 capacity=72 is_open=True hour_summary=open
[2026-10-06 19:15:03] Outback Climbing Center: 0% (Data Unavailable) people=0 capacity=30 is_open=True hour_summary=open
[2026-10-06 19:15:03] RIMAC Fitness Gym: 99% (Very Active) people=64 capacity=65 is_open=True hour_summary=open
[2026-10-06 19:15:03] Triton Esports Center: 77% (Closed) people=27 capacity=35 is_open=False hour_summary=closed
[2026-10-06 19:15:03] === SCRAPE END OK ===
[2026-10-06 19:30:02] === SCRAPE START ===
[2026-10-06 19:30:02] Fetching https://waitz.io/live/ucsd-rec
[2026-10-06 19:30:03] Saved 4 rows to ucsd_occupancy_history.csv
[2026-10-06 19:30:03] Main Gym Fitness Gym: 99% (Very Active) people=71 capacity=72 is_open=True hour_summary=open
[2026-10-06 19:30:03] Outback Climbing Center: 0% (Data Unavailable) people=0 capacity=30 is_open=True hour_summary=open
[2026-10-06 19:30:03] RIMAC Fitness Gym: 99% (Very Active) people=64 capacity=65 is_open=True hour_summary=open
[2026-10-06 19:30:03] Triton Esports Center: 66% (Closed) people=23 capacity=35 is_open=False hour_summary=closed
[2026-10-06 19:30:03] === SCRAPE END OK ===
[2026-10-06 19:45:02] === SCRAPE START ===
[2026-10-06 19:45:02] Fetching https://waitz.io/live/ucsd-rec
[2026-10-06 19:45:03] Saved 4 rows to ucsd_occupancy_history.csv
[2026-10-06 19:45:03] Main Gym Fitness Gym: 71% (Busy) people=51 capacity=72 is_open=True hour_summary=open
[2026-10-06 19:45:03] Outback Climbing Center: 0% (Data Unavailable) people=0 capacity=30 is_open=True hour_summary=open
[2026-10-06 19:45:03] RIMAC Fitness Gym: 99% (Very Active) people=64 capacity=65 is_open=True hour_summary=open
[2026-10-06 19:45:03] Triton Esports Center: 63% (Closed) people=22 capacity=35 is_open=False hour_summary=closed
[2026-10-06 19:45:03] === SCRAPE END OK ===
[2026-10-06 20:00:02] === SCRAPE START ===
[2026-10-06 20:00:02] Fetching https://waitz.io/live/ucsd-rec
[2026-10-06 20:00:04] Saved 4 rows to ucsd_occupancy_history.csv
[2026-10-06 20:00:04] Main Gym Fitness Gym: 78% (Busy) people=56 capacity=72 is_open=True hour_summary=open
[2026-10-06 20:00:04] Outback Climbing Center: 0% (Closed) people=0 capacity=30 is_open=False hour_summary=Closed until 2:00pm
[2026-10-06 20:00:04] RIMAC Fitness Gym: 99% (Very Active) people=64 capacity=65 is_open=True hour_summary=open
[2026-10-06 20:00:04] Triton Esports Center: 69% (Closed) people=24 capacity=35 is_open=False hour_summary=closed
[2026-10-06 20:00:04] === SCRAPE END OK ===
[2026-10-06 20:15:02] === SCRAPE START ===
[2026-10-06 20:15:02] Fetching https://waitz.io/live/ucsd-rec
[2026-10-06 20:15:03] Saved 4 rows to ucsd_occupancy_history.csv
[2026-10-06 20:15:03] Main Gym Fitness Gym: 64% (Busy) people=46 capacity=72 is_open=True hour_summary=open
[2026-10-06 20:15:03] Outback Climbing Center: 0% (Closed) people=0 capacity=30 is_open=False hour_summary=Closed until 2:00pm
[2026-10-06 20:15:03] RIMAC Fitness Gym: 99% (Very Active) people=64 capacity=65 is_open=True hour_summary=open
[2026-10-06 20:15:03] Triton Esports Center: 63% (Closed) people=22 capacity=35 is_open=False hour_summary=closed
[2026-10-06 20:15:03] === SCRAPE END OK ===
[2026-10-06 20:30:02] === SCRAPE START ===
[2026-10-06 20:30:02] Fetching https://waitz.io/live/ucsd-rec
[2026-10-06 20:30:03] Saved 4 rows to ucsd_occupancy_history.csv
[2026-10-06 20:30:03] Main Gym Fitness Gym: 90% (Very Active) people=65 capacity=72 is_open=True hour_summary=open
[2026-10-06 20:30:03] Outback Climbing Center: 0% (Closed) people=0 capacity=30 is_open=False hour_summary=Closed until 2:00pm
[2026-10-06 20:30:03] RIMAC Fitness Gym: 99% (Very Active) people=64 capacity=65 is_open=True hour_summary=open
[2026-10-06 20:30:03] Triton Esports Center: 31% (Closed) people=11 capacity=35 is_open=False hour_summary=closed
[2026-10-06 20:30:03] === SCRAPE END OK ===
[2026-10-06 20:45:02] === SCRAPE START ===
[2026-10-06 20:45:02] Fetching https://waitz.io/live/ucsd-rec
[2026-10-06 20:45:03] Saved 4 rows to ucsd_occupancy_history.csv
[2026-10-06 20:45:03] Main Gym Fitness Gym: 75% (Busy) people=54 capacity=72 is_open=True hour_summary=open
[2026-10-06 20:45:03] Outback Climbing Center: 0% (Closed) people=0 capacity=30 is_open=False hour_summary=Closed until 2:00pm
[2026-10-06 20:45:03] RIMAC Fitness Gym: 99% (Very Active) people=64 capacity=65 is_open=True hour_summary=open
[2026-10-06 20:45:03] Triton Esports Center: 17% (Closed) people=6 capacity=35 is_open=False hour_summary=closed
[2026-10-06 20:45:03] === SCRAPE END OK ===
