[2026-08-05 00:00:01] === SCRAPE START ===
[2026-08-05 00:00:01] Fetching https://waitz.io/live/ucsd-rec
[2026-08-05 00:00:03] Saved 4 rows to ucsd_occupancy_history.csv
[2026-08-05 00:00:03] Main Gym Fitness Gym: 1% (Closed) people=1 capacity=72 is_open=False hour_summary=closed
[2026-08-05 00:00:03] Outback Climbing Center: 0% (Closed) people=0 capacity=30 is_open=False hour_summary=Closed until 2:00pm
[2026-08-05 00:00:03] RIMAC Fitness Gym: 0% (Closed) people=0 capacity=50 is_open=False hour_summary=Closed until 6:00am
[2026-08-05 00:00:03] Triton Esports Center: 0% (Closed) people=0 capacity=35 is_open=False hour_summary=closed
[2026-08-05 00:00:03] === SCRAPE END OK ===
[2026-08-05 00:15:02] === SCRAPE START ===
[2026-08-05 00:15:02] Fetching https://waitz.io/live/ucsd-rec
[2026-08-05 00:15:03] Saved 4 rows to ucsd_occupancy_history.csv
[2026-08-05 00:15:03] Main Gym Fitness Gym: 1% (Closed) people=1 capacity=72 is_open=False hour_summary=closed
[2026-08-05 00:15:03] Outback Climbing Center: 0% (Closed) people=0 capacity=30 is_open=False hour_summary=Closed until 2:00pm
[2026-08-05 00:15:03] RIMAC Fitness Gym: 0% (Closed) people=0 capacity=50 is_open=False hour_summary=Closed until 6:00am
[2026-08-05 00:15:03] Triton Esports Center: 0% (Closed) people=0 capacity=35 is_open=False hour_summary=closed
[2026-08-05 00:15:03] === SCRAPE END OK ===
[2026-08-05 00:30:02] === SCRAPE START ===
[2026-08-05 00:30:02] Fetching https://waitz.io/live/ucsd-rec
[2026-08-05 00:30:03] Saved 4 rows to ucsd_occupancy_history.csv
[2026-08-05 00:30:03] Main Gym Fitness Gym: 1% (Closed) people=1 capacity=72 is_open=False hour_summary=closed
[2026-08-05 00:30:03] Outback Climbing Center: 0% (Closed) people=0 capacity=30 is_open=False hour_summary=Closed until 2:00pm
[2026-08-05 00:30:03] RIMAC Fitness Gym: 0% (Closed) people=0 capacity=50 is_open=False hour_summary=Closed until 6:00am
[2026-08-05 00:30:03] Triton Esports Center: 0% (Closed) people=0 capacity=35 is_open=False hour_summary=closed
[2026-08-05 00:30:03] === SCRAPE END OK ===
[2026-08-05 00:45:02] === SCRAPE START ===
[2026-08-05 00:45:02] Fetching https://waitz.io/live/ucsd-rec
[2026-08-05 00:45:03] Saved 4 rows to ucsd_occupancy_history.csv
[2026-08-05 00:45:03] Main Gym Fitness Gym: 1% (Closed) people=1 capacity=72 is_open=False hour_summary=closed
[2026-08-05 00:45:03] Outback Climbing Center: 0% (Closed) people=0 capacity=30 is_open=False hour_summary=Closed until 2:00pm
[2026-08-05 00:45:03] RIMAC Fitness Gym: 0% (Closed) people=0 capacity=50 is_open=False hour_summary=Closed until 6:00am
[2026-08-05 00:45:03] Triton Esports Center: 0% (Closed) people=0 capacity=35 is_open=False hour_summary=closed
[2026-08-05 00:45:03] === SCRAPE END OK ===
[2026-08-05 01:00:02] === SCRAPE START ===
[2026-08-05 01:00:02] Fetching https://waitz.io/live/ucsd-rec
[2026-08-05 01:00:03] Saved 4 rows to ucsd_occupancy_history.csv
[2026-08-05 01:00:03] Main Gym Fitness Gym: 1% (Closed) people=1 capacity=72 is_open=False hour_summary=closed
[2026-08-05 01:00:03] Outback Climbing Center: 0% (Closed) people=0 capacity=30 is_open=False hour_summary=Closed until 2:00pm
[2026-08-05 01:00:03] RIMAC Fitness Gym: 0% (Closed) people=0 capacity=50 is_open=False hour_summary=Closed until 6:00am
[2026-08-05 01:00:03] Triton Esports Center: 0% (Closed) people=0 capacity=35 is_open=False hour_summary=closed
[2026-08-05 01:00:03] === SCRAPE END OK ===
[2026-08-05 01:15:02] === SCRAPE START ===
[2026-08-05 01:15:02] Fetching https://waitz.io/live/ucsd-rec
[2026-08-05 01:15:03] Saved 4 rows to ucsd_occupancy_history.csv
[2026-08-05 01:15:03] Main Gym Fitness Gym: 1% (Closed) people=1 capacity=72 is_open=False hour_summary=closed
[2026-08-05 01:15:03] Outback Climbing Center: 0% (Closed) people=0 capacity=30 is_open=False hour_summary=Closed until 2:00pm
[2026-08-05 01:15:03] RIMAC Fitness Gym: 0% (Closed) people=0 capacity=50 is_open=False hour_summary=Closed until 6:00am
[2026-08-05 01:15:03] Triton Esports Center: 0% (Closed) people=0 capacity=35 is_open=False hour_summary=closed
[2026-08-05 01:15:03] === SCRAPE END OK ===
[2026-08-05 01:30:02] === SCRAPE START ===
[2026-08-05 01:30:02] Fetching https://waitz.io/live/ucsd-rec
[2026-08-05 01:30:03] Saved 4 rows to ucsd_occupancy_history.csv
[2026-08-05 01:30:03] Main Gym Fitness Gym: 0% (Closed) people=0 capacity=72 is_open=False hour_summary=closed
[2026-08-05 01:30:03] Outback Climbing Center: 0% (Closed) people=0 capacity=30 is_open=False hour_summary=Closed until 2:00pm
[2026-08-05 01:30:03] RIMAC Fitness Gym: 0% (Closed) people=0 capacity=50 is_open=False hour_summary=Closed until 6:00am
[2026-08-05 01:30:03] Triton Esports Center: 0% (Closed) people=0 capacity=35 is_open=False hour_summary=closed
[2026-08-05 01:30:03] === SCRAPE END OK ===
[2026-08-05 01:45:02] === SCRAPE START ===
[2026-08-05 01:45:02] Fetching https://waitz.io/live/ucsd-rec
[2026-08-05 01:45:03] Saved 4 rows to ucsd_occupancy_history.csv
[2026-08-05 01:45:03] Main Gym Fitness Gym: 0% (Closed) people=0 capacity=72 is_open=False hour_summary=closed
[2026-08-05 01:45:03] Outback Climbing Center: 0% (Closed) people=0 capacity=30 is_open=False hour_summary=Closed until 2:00pm
[2026-08-05 01:45:03] RIMAC Fitness Gym: 0% (Closed) people=0 capacity=50 is_open=False hour_summary=Closed until 6:00am
[2026-08-05 01:45:03] Triton Esports Center: 0% (Closed) people=0 capacity=35 is_open=False hour_summary=closed
[2026-08-05 01:45:03] === SCRAPE END OK ===
[2026-08-05 02:00:02] === SCRAPE START ===
[2026-08-05 02:00:02] Fetching https://waitz.io/live/ucsd-rec
[2026-08-05 02:00:04] Saved 4 rows to ucsd_occupancy_history.csv
[2026-08-05 02:00:04] Main Gym Fitness Gym: 0% (Closed) people=0 capacity=72 is_open=False hour_summary=closed
[2026-08-05 02:00:04] Outback Climbing Center: 0% (Closed) people=0 capacity=30 is_open=False hour_summary=Closed until 2:00pm
[2026-08-05 02:00:04] RIMAC Fitness Gym: 0% (Closed) people=0 capacity=50 is_open=False hour_summary=Closed until 6:00am
[2026-08-05 02:00:04] Triton Esports Center: 0% (Closed) people=0 capacity=35 is_open=False hour_summary=closed
[2026-08-05 02:00:04] === SCRAPE END OK ===
[2026-08-05 02:15:02] === SCRAPE START ===
[2026-08-05 02:15:02] Fetching https://waitz.io/live/ucsd-rec
[2026-08-05 02:15:03] Saved 4 rows to ucsd_occupancy_history.csv
[2026-08-05 02:15:03] Main Gym Fitness Gym: 0% (Closed) people=0 capacity=72 is_open=False hour_summary=closed
[2026-08-05 02:15:03] Outback Climbing Center: 0% (Closed) people=0 capacity=30 is_open=False hour_summary=Closed until 2:00pm
[2026-08-05 02:15:03] RIMAC Fitness Gym: 0% (Closed) people=0 capacity=50 is_open=False hour_summary=Closed until 6:00am
[2026-08-05 02:15:03] Triton Esports Center: 0% (Closed) people=0 capacity=35 is_open=False hour_summary=closed
[2026-08-05 02:15:03] === SCRAPE END OK ===
[2026-08-05 02:30:02] === SCRAPE START ===
[2026-08-05 02:30:02] Fetching https://waitz.io/live/ucsd-rec
[2026-08-05 02:30:03] Saved 4 rows to ucsd_occupancy_history.csv
[2026-08-05 02:30:03] Main Gym Fitness Gym: 1% (Closed) people=1 capacity=72 is_open=False hour_summary=closed
[2026-08-05 02:30:03] Outback Climbing Center: 0% (Closed) people=0 capacity=30 is_open=False hour_summary=Closed until 2:00pm
[2026-08-05 02:30:03] RIMAC Fitness Gym: 0% (Closed) people=0 capacity=50 is_open=False hour_summary=Closed until 6:00am
[2026-08-05 02:30:03] Triton Esports Center: 0% (Closed) people=0 capacity=35 is_open=False hour_summary=closed
[2026-08-05 02:30:03] === SCRAPE END OK ===
[2026-08-05 02:45:02] === SCRAPE START ===
[2026-08-05 02:45:02] Fetching https://waitz.io/live/ucsd-rec
[2026-08-05 02:45:02] Saved 4 rows to ucsd_occupancy_history.csv
[2026-08-05 02:45:02] Main Gym Fitness Gym: 0% (Closed) people=0 capacity=72 is_open=False hour_summary=closed
[2026-08-05 02:45:02] Outback Climbing Center: 0% (Closed) people=0 capacity=30 is_open=False hour_summary=Closed until 2:00pm
[2026-08-05 02:45:02] RIMAC Fitness Gym: 0% (Closed) people=0 capacity=50 is_open=False hour_summary=Closed until 6:00am
[2026-08-05 02:45:02] Triton Esports Center: 0% (Closed) people=0 capacity=35 is_open=False hour_summary=closed
[2026-08-05 02:45:02] === SCRAPE END OK ===
[2026-08-05 03:00:02] === SCRAPE START ===
[2026-08-05 03:00:02] Fetching https://waitz.io/live/ucsd-rec
[2026-08-05 03:00:03] Saved 4 rows to ucsd_occupancy_history.csv
[2026-08-05 03:00:03] Main Gym Fitness Gym: 0% (Closed) people=0 capacity=72 is_open=False hour_summary=closed
[2026-08-05 03:00:03] Outback Climbing Center: 0% (Closed) people=0 capacity=30 is_open=False hour_summary=Closed until 2:00pm
[2026-08-05 03:00:03] RIMAC Fitness Gym: 0% (Closed) people=0 capacity=50 is_open=False hour_summary=Closed until 6:00am
[2026-08-05 03:00:03] Triton Esports Center: 0% (Closed) people=0 capacity=35 is_open=False hour_summary=closed
[2026-08-05 03:00:03] === SCRAPE END OK ===
[2026-08-05 03:15:02] === SCRAPE START ===
[2026-08-05 03:15:02] Fetching https://waitz.io/live/ucsd-rec
[2026-08-05 03:15:03] Saved 4 rows to ucsd_occupancy_history.csv
[2026-08-05 03:15:03] Main Gym Fitness Gym: 1% (Closed) people=1 capacity=72 is_open=False hour_summary=closed
[2026-08-05 03:15:03] Outback Climbing Center: 0% (Closed) people=0 capacity=30 is_open=False hour_summary=Closed until 2:00pm
[2026-08-05 03:15:03] RIMAC Fitness Gym: 0% (Closed) people=0 capacity=50 is_open=False hour_summary=Closed until 6:00am
[2026-08-05 03:15:03] Triton Esports Center: 0% (Closed) people=0 capacity=35 is_open=False hour_summary=closed
[2026-08-05 03:15:03] === SCRAPE END OK ===
[2026-08-05 03:30:02] === SCRAPE START ===
[2026-08-05 03:30:02] Fetching https://waitz.io/live/ucsd-rec
[2026-08-05 03:30:04] Saved 4 rows to ucsd_occupancy_history.csv
[2026-08-05 03:30:04] Main Gym Fitness Gym: 0% (Closed) people=0 capacity=72 is_open=False hour_summary=closed
[2026-08-05 03:30:04] Outback Climbing Center: 0% (Closed) people=0 capacity=30 is_open=False hour_summary=Closed until 2:00pm
[2026-08-05 03:30:04] RIMAC Fitness Gym: 0% (Closed) people=0 capacity=50 is_open=False hour_summary=Closed until 6:00am
[2026-08-05 03:30:04] Triton Esports Center: 0% (Closed) people=0 capacity=35 is_open=False hour_summary=closed
[2026-08-05 03:30:04] === SCRAPE END OK ===
[2026-08-05 03:45:02] === SCRAPE START ===
[2026-08-05 03:45:02] Fetching https://waitz.io/live/ucsd-rec
[2026-08-05 03:45:02] Saved 4 rows to ucsd_occupancy_history.csv
[2026-08-05 03:45:02] Main Gym Fitness Gym: 1% (Closed) people=1 capacity=72 is_open=False hour_summary=closed
[2026-08-05 03:45:02] Outback Climbing Center: 0% (Closed) people=0 capacity=30 is_open=False hour_summary=Closed until 2:00pm
[2026-08-05 03:45:02] RIMAC Fitness Gym: 0% (Closed) people=0 capacity=50 is_open=False hour_summary=Closed until 6:00am
[2026-08-05 03:45:02] Triton Esports Center: 0% (Closed) people=0 capacity=35 is_open=False hour_summary=closed
[2026-08-05 03:45:02] === SCRAPE END OK ===
[2026-08-05 04:00:02] === SCRAPE START ===
[2026-08-05 04:00:02] Fetching https://waitz.io/live/ucsd-rec
[2026-08-05 04:00:03] Saved 4 rows to ucsd_occupancy_history.csv
[2026-08-05 04:00:03] Main Gym Fitness Gym: 1% (Closed) people=1 capacity=72 is_open=False hour_summary=closed
[2026-08-05 04:00:03] Outback Climbing Center: 0% (Closed) people=0 capacity=30 is_open=False hour_summary=Closed until 2:00pm
[2026-08-05 04:00:03] RIMAC Fitness Gym: 0% (Closed) people=0 capacity=50 is_open=False hour_summary=Closed until 6:00am
[2026-08-05 04:00:03] Triton Esports Center: 0% (Closed) people=0 capacity=35 is_open=False hour_summary=closed
[2026-08-05 04:00:03] === SCRAPE END OK ===
[2026-08-05 04:15:02] === SCRAPE START ===
[2026-08-05 04:15:02] Fetching https://waitz.io/live/ucsd-rec
[2026-08-05 04:15:03] Saved 4 rows to ucsd_occupancy_history.csv
[2026-08-05 04:15:03] Main Gym Fitness Gym: 0% (Closed) people=0 capacity=72 is_open=False hour_summary=closed
[2026-08-05 04:15:03] Outback Climbing Center: 0% (Closed) people=0 capacity=30 is_open=False hour_summary=Closed until 2:00pm
[2026-08-05 04:15:03] RIMAC Fitness Gym: 0% (Closed) people=0 capacity=50 is_open=False hour_summary=Closed until 6:00am
[2026-08-05 04:15:03] Triton Esports Center: 0% (Closed) people=0 capacity=35 is_open=False hour_summary=closed
[2026-08-05 04:15:03] === SCRAPE END OK ===
[2026-08-05 04:30:02] === SCRAPE START ===
[2026-08-05 04:30:02] Fetching https://waitz.io/live/ucsd-rec
[2026-08-05 04:30:04] Saved 4 rows to ucsd_occupancy_history.csv
[2026-08-05 04:30:04] Main Gym Fitness Gym: 1% (Closed) people=1 capacity=72 is_open=False hour_summary=closed
[2026-08-05 04:30:04] Outback Climbing Center: 0% (Closed) people=0 capacity=30 is_open=False hour_summary=Closed until 2:00pm
[2026-08-05 04:30:04] RIMAC Fitness Gym: 0% (Closed) people=0 capacity=50 is_open=False hour_summary=Closed until 6:00am
[2026-08-05 04:30:04] Triton Esports Center: 0% (Closed) people=0 capacity=35 is_open=False hour_summary=closed
[2026-08-05 04:30:04] === SCRAPE END OK ===
[2026-08-05 04:45:02] === SCRAPE START ===
[2026-08-05 04:45:02] Fetching https://waitz.io/live/ucsd-rec
[2026-08-05 04:45:03] Saved 4 rows to ucsd_occupancy_history.csv
[2026-08-05 04:45:03] Main Gym Fitness Gym: 0% (Closed) people=0 capacity=72 is_open=False hour_summary=closed
[2026-08-05 04:45:03] Outback Climbing Center: 0% (Closed) people=0 capacity=30 is_open=False hour_summary=Closed until 2:00pm
[2026-08-05 04:45:03] RIMAC Fitness Gym: 0% (Closed) people=0 capacity=50 is_open=False hour_summary=Closed until 6:00am
[2026-08-05 04:45:03] Triton Esports Center: 0% (Closed) people=0 capacity=35 is_open=False hour_summary=closed
[2026-08-05 04:45:03] === SCRAPE END OK ===
[2026-08-05 05:00:02] === SCRAPE START ===
[2026-08-05 05:00:02] Fetching https://waitz.io/live/ucsd-rec
[2026-08-05 05:00:03] Saved 4 rows to ucsd_occupancy_history.csv
[2026-08-05 05:00:03] Main Gym Fitness Gym: 0% (Closed) people=0 capacity=72 is_open=False hour_summary=closed
[2026-08-05 05:00:03] Outback Climbing Center: 0% (Closed) people=0 capacity=30 is_open=False hour_summary=Closed until 2:00pm
[2026-08-05 05:00:03] RIMAC Fitness Gym: 0% (Closed) people=0 capacity=50 is_open=False hour_summary=Closed until 6:00am
[2026-08-05 05:00:03] Triton Esports Center: 0% (Closed) people=0 capacity=35 is_open=False hour_summary=closed
[2026-08-05 05:00:03] === SCRAPE END OK ===
[2026-08-05 05:15:02] === SCRAPE START ===
[2026-08-05 05:15:02] Fetching https://waitz.io/live/ucsd-rec
[2026-08-05 05:15:03] Saved 4 rows to ucsd_occupancy_history.csv
[2026-08-05 05:15:03] Main Gym Fitness Gym: 0% (Closed) people=0 capacity=72 is_open=False hour_summary=closed
[2026-08-05 05:15:03] Outback Climbing Center: 0% (Closed) people=0 capacity=30 is_open=False hour_summary=Closed until 2:00pm
[2026-08-05 05:15:03] RIMAC Fitness Gym: 2% (Closed) people=1 capacity=50 is_open=False hour_summary=Closed until 6:00am
[2026-08-05 05:15:03] Triton Esports Center: 0% (Closed) people=0 capacity=35 is_open=False hour_summary=closed
[2026-08-05 05:15:03] === SCRAPE END OK ===
[2026-08-05 05:30:02] === SCRAPE START ===
[2026-08-05 05:30:02] Fetching https://waitz.io/live/ucsd-rec
[2026-08-05 05:30:04] Saved 4 rows to ucsd_occupancy_history.csv
[2026-08-05 05:30:04] Main Gym Fitness Gym: 0% (Closed) people=0 capacity=72 is_open=False hour_summary=closed
[2026-08-05 05:30:04] Outback Climbing Center: 0% (Closed) people=0 capacity=30 is_open=False hour_summary=Closed until 2:00pm
[2026-08-05 05:30:04] RIMAC Fitness Gym: 2% (Closed) people=1 capacity=50 is_open=False hour_summary=Closed until 6:00am
[2026-08-05 05:30:04] Triton Esports Center: 0% (Closed) people=0 capacity=35 is_open=False hour_summary=closed
[2026-08-05 05:30:04] === SCRAPE END OK ===
[2026-08-05 05:45:02] === SCRAPE START ===
[2026-08-05 05:45:02] Fetching https://waitz.io/live/ucsd-rec
[2026-08-05 05:45:03] Saved 4 rows to ucsd_occupancy_history.csv
[2026-08-05 05:45:03] Main Gym Fitness Gym: 0% (Closed) people=0 capacity=72 is_open=False hour_summary=closed
[2026-08-05 05:45:03] Outback Climbing Center: 0% (Closed) people=0 capacity=30 is_open=False hour_summary=Closed until 2:00pm
[2026-08-05 05:45:03] RIMAC Fitness Gym: 2% (Closed) people=1 capacity=50 is_open=False hour_summary=Closed until 6:00am
[2026-08-05 05:45:03] Triton Esports Center: 0% (Closed) people=0 capacity=35 is_open=False hour_summary=closed
[2026-08-05 05:45:03] === SCRAPE END OK ===
[2026-08-05 06:00:03] === SCRAPE START ===
[2026-08-05 06:00:03] Fetching https://waitz.io/live/ucsd-rec
[2026-08-05 06:00:03] Saved 4 rows to ucsd_occupancy_history.csv
[2026-08-05 06:00:03] Main Gym Fitness Gym: 0% (Closed) people=0 capacity=72 is_open=False hour_summary=closed
[2026-08-05 06:00:03] Outback Climbing Center: 0% (Closed) people=0 capacity=30 is_open=False hour_summary=Closed until 2:00pm
[2026-08-05 06:00:03] RIMAC Fitness Gym: 4% (Not Busy) people=2 capacity=50 is_open=True hour_summary=open
[2026-08-05 06:00:03] Triton Esports Center: 0% (Closed) people=0 capacity=35 is_open=False hour_summary=closed
[2026-08-05 06:00:03] === SCRAPE END OK ===
[2026-08-05 06:15:02] === SCRAPE START ===
[2026-08-05 06:15:02] Fetching https://waitz.io/live/ucsd-rec
[2026-08-05 06:15:03] Saved 4 rows to ucsd_occupancy_history.csv
[2026-08-05 06:15:03] Main Gym Fitness Gym: 0% (Closed) people=0 capacity=72 is_open=False hour_summary=closed
[2026-08-05 06:15:03] Outback Climbing Center: 0% (Closed) people=0 capacity=30 is_open=False hour_summary=Closed until 2:00pm
[2026-08-05 06:15:03] RIMAC Fitness Gym: 26% (Not Busy) people=13 capacity=50 is_open=True hour_summary=open
[2026-08-05 06:15:03] Triton Esports Center: 0% (Closed) people=0 capacity=35 is_open=False hour_summary=closed
[2026-08-05 06:15:03] === SCRAPE END OK ===
[2026-08-05 06:30:02] === SCRAPE START ===
[2026-08-05 06:30:02] Fetching https://waitz.io/live/ucsd-rec
[2026-08-05 06:30:04] Saved 4 rows to ucsd_occupancy_history.csv
[2026-08-05 06:30:04] Main Gym Fitness Gym: 0% (Closed) people=0 capacity=72 is_open=False hour_summary=closed
[2026-08-05 06:30:04] Outback Climbing Center: 0% (Closed) people=0 capacity=30 is_open=False hour_summary=Closed until 2:00pm
[2026-08-05 06:30:04] RIMAC Fitness Gym: 36% (Not Busy) people=18 capacity=50 is_open=True hour_summary=open
[2026-08-05 06:30:04] Triton Esports Center: 0% (Closed) people=0 capacity=35 is_open=False hour_summary=closed
[2026-08-05 06:30:04] === SCRAPE END OK ===
[2026-08-05 06:45:02] === SCRAPE START ===
[2026-08-05 06:45:02] Fetching https://waitz.io/live/ucsd-rec
[2026-08-05 06:45:03] Saved 4 rows to ucsd_occupancy_history.csv
[2026-08-05 06:45:03] Main Gym Fitness Gym: 1% (Closed) people=1 capacity=72 is_open=False hour_summary=closed
[2026-08-05 06:45:03] Outback Climbing Center: 0% (Closed) people=0 capacity=30 is_open=False hour_summary=Closed until 2:00pm
[2026-08-05 06:45:03] RIMAC Fitness Gym: 44% (Not Busy) people=22 capacity=50 is_open=True hour_summary=open
[2026-08-05 06:45:03] Triton Esports Center: 0% (Closed) people=0 capacity=35 is_open=False hour_summary=closed
[2026-08-05 06:45:03] === SCRAPE END OK ===
[2026-08-05 07:00:02] === SCRAPE START ===
[2026-08-05 07:00:02] Fetching https://waitz.io/live/ucsd-rec
[2026-08-05 07:00:04] Saved 4 rows to ucsd_occupancy_history.csv
[2026-08-05 07:00:04] Main Gym Fitness Gym: 1% (Closed) people=1 capacity=72 is_open=False hour_summary=closed
[2026-08-05 07:00:04] Outback Climbing Center: 0% (Closed) people=0 capacity=30 is_open=False hour_summary=Closed until 2:00pm
[2026-08-05 07:00:04] RIMAC Fitness Gym: 46% (Busy) people=23 capacity=50 is_open=True hour_summary=open
[2026-08-05 07:00:04] Triton Esports Center: 0% (Closed) people=0 capacity=35 is_open=False hour_summary=closed
[2026-08-05 07:00:04] === SCRAPE END OK ===
[2026-08-05 07:15:02] === SCRAPE START ===
[2026-08-05 07:15:02] Fetching https://waitz.io/live/ucsd-rec
[2026-08-05 07:15:03] Saved 4 rows to ucsd_occupancy_history.csv
[2026-08-05 07:15:03] Main Gym Fitness Gym: 3% (Closed) people=2 capacity=72 is_open=False hour_summary=closed
[2026-08-05 07:15:03] Outback Climbing Center: 0% (Closed) people=0 capacity=30 is_open=False hour_summary=Closed until 2:00pm
[2026-08-05 07:15:03] RIMAC Fitness Gym: 42% (Not Busy) people=21 capacity=50 is_open=True hour_summary=open
[2026-08-05 07:15:03] Triton Esports Center: 0% (Closed) people=0 capacity=35 is_open=False hour_summary=closed
[2026-08-05 07:15:03] === SCRAPE END OK ===
[2026-08-05 07:30:02] === SCRAPE START ===
[2026-08-05 07:30:02] Fetching https://waitz.io/live/ucsd-rec
[2026-08-05 07:30:04] Saved 4 rows to ucsd_occupancy_history.csv
[2026-08-05 07:30:04] Main Gym Fitness Gym: 3% (Closed) people=2 capacity=72 is_open=False hour_summary=closed
[2026-08-05 07:30:04] Outback Climbing Center: 0% (Closed) people=0 capacity=30 is_open=False hour_summary=Closed until 2:00pm
[2026-08-05 07:30:04] RIMAC Fitness Gym: 48% (Busy) people=24 capacity=50 is_open=True hour_summary=open
[2026-08-05 07:30:04] Triton Esports Center: 0% (Closed) people=0 capacity=35 is_open=False hour_summary=closed
[2026-08-05 07:30:04] === SCRAPE END OK ===
[2026-08-05 07:45:02] === SCRAPE START ===
[2026-08-05 07:45:02] Fetching https://waitz.io/live/ucsd-rec
[2026-08-05 07:45:03] Saved 4 rows to ucsd_occupancy_history.csv
[2026-08-05 07:45:03] Main Gym Fitness Gym: 6% (Closed) people=4 capacity=72 is_open=False hour_summary=closed
[2026-08-05 07:45:03] Outback Climbing Center: 0% (Closed) people=0 capacity=30 is_open=False hour_summary=Closed until 2:00pm
[2026-08-05 07:45:03] RIMAC Fitness Gym: 50% (Busy) people=25 capacity=50 is_open=True hour_summary=open
[2026-08-05 07:45:03] Triton Esports Center: 0% (Closed) people=0 capacity=35 is_open=False hour_summary=closed
[2026-08-05 07:45:03] === SCRAPE END OK ===
[2026-08-05 08:00:02] === SCRAPE START ===
[2026-08-05 08:00:02] Fetching https://waitz.io/live/ucsd-rec
[2026-08-05 08:00:03] Saved 4 rows to ucsd_occupancy_history.csv
[2026-08-05 08:00:03] Main Gym Fitness Gym: 11% (Closed) people=8 capacity=72 is_open=False hour_summary=closed
[2026-08-05 08:00:03] Outback Climbing Center: 0% (Closed) people=0 capacity=30 is_open=False hour_summary=Closed until 2:00pm
[2026-08-05 08:00:03] RIMAC Fitness Gym: 34% (Not Busy) people=17 capacity=50 is_open=True hour_summary=open
[2026-08-05 08:00:03] Triton Esports Center: 0% (Closed) people=0 capacity=35 is_open=False hour_summary=closed
[2026-08-05 08:00:03] === SCRAPE END OK ===
[2026-08-05 08:15:02] === SCRAPE START ===
[2026-08-05 08:15:02] Fetching https://waitz.io/live/ucsd-rec
[2026-08-05 08:15:03] Saved 4 rows to ucsd_occupancy_history.csv
[2026-08-05 08:15:03] Main Gym Fitness Gym: 8% (Closed) people=6 capacity=72 is_open=False hour_summary=closed
[2026-08-05 08:15:03] Outback Climbing Center: 0% (Closed) people=0 capacity=30 is_open=False hour_summary=Closed until 2:00pm
[2026-08-05 08:15:03] RIMAC Fitness Gym: 42% (Not Busy) people=21 capacity=50 is_open=True hour_summary=open
[2026-08-05 08:15:03] Triton Esports Center: 0% (Closed) people=0 capacity=35 is_open=False hour_summary=closed
[2026-08-05 08:15:03] === SCRAPE END OK ===
[2026-08-05 08:30:02] === SCRAPE START ===
[2026-08-05 08:30:02] Fetching https://waitz.io/live/ucsd-rec
[2026-08-05 08:30:04] Saved 4 rows to ucsd_occupancy_history.csv
[2026-08-05 08:30:04] Main Gym Fitness Gym: 14% (Closed) people=10 capacity=72 is_open=False hour_summary=closed
[2026-08-05 08:30:04] Outback Climbing Center: 0% (Closed) people=0 capacity=30 is_open=False hour_summary=Closed until 2:00pm
[2026-08-05 08:30:04] RIMAC Fitness Gym: 42% (Not Busy) people=21 capacity=50 is_open=True hour_summary=open
[2026-08-05 08:30:04] Triton Esports Center: 0% (Closed) people=0 capacity=35 is_open=False hour_summary=closed
[2026-08-05 08:30:04] === SCRAPE END OK ===
[2026-08-05 08:45:02] === SCRAPE START ===
[2026-08-05 08:45:02] Fetching https://waitz.io/live/ucsd-rec
[2026-08-05 08:45:02] Saved 4 rows to ucsd_occupancy_history.csv
[2026-08-05 08:45:02] Main Gym Fitness Gym: 15% (Closed) people=11 capacity=72 is_open=False hour_summary=closed
[2026-08-05 08:45:02] Outback Climbing Center: 0% (Closed) people=0 capacity=30 is_open=False hour_summary=Closed until 2:00pm
[2026-08-05 08:45:02] RIMAC Fitness Gym: 38% (Not Busy) people=19 capacity=50 is_open=True hour_summary=open
[2026-08-05 08:45:02] Triton Esports Center: 0% (Closed) people=0 capacity=35 is_open=False hour_summary=closed
[2026-08-05 08:45:02] === SCRAPE END OK ===
[2026-08-05 09:00:02] === SCRAPE START ===
[2026-08-05 09:00:02] Fetching https://waitz.io/live/ucsd-rec
[2026-08-05 09:00:04] Saved 4 rows to ucsd_occupancy_history.csv
[2026-08-05 09:00:04] Main Gym Fitness Gym: 15% (Closed) people=11 capacity=72 is_open=False hour_summary=closed
[2026-08-05 09:00:04] Outback Climbing Center: 0% (Closed) people=0 capacity=30 is_open=False hour_summary=Closed until 2:00pm
[2026-08-05 09:00:04] RIMAC Fitness Gym: 48% (Busy) people=24 capacity=50 is_open=True hour_summary=open
[2026-08-05 09:00:04] Triton Esports Center: 0% (Closed) people=0 capacity=35 is_open=False hour_summary=closed
[2026-08-05 09:00:04] === SCRAPE END OK ===
[2026-08-05 09:15:02] === SCRAPE START ===
[2026-08-05 09:15:02] Fetching https://waitz.io/live/ucsd-rec
[2026-08-05 09:15:03] Saved 4 rows to ucsd_occupancy_history.csv
[2026-08-05 09:15:03] Main Gym Fitness Gym: 33% (Closed) people=24 capacity=72 is_open=False hour_summary=closed
[2026-08-05 09:15:03] Outback Climbing Center: 0% (Closed) people=0 capacity=30 is_open=False hour_summary=Closed until 2:00pm
[2026-08-05 09:15:03] RIMAC Fitness Gym: 54% (Busy) people=27 capacity=50 is_open=True hour_summary=open
[2026-08-05 09:15:03] Triton Esports Center: 0% (Closed) people=0 capacity=35 is_open=False hour_summary=closed
[2026-08-05 09:15:03] === SCRAPE END OK ===
[2026-08-05 09:30:02] === SCRAPE START ===
[2026-08-05 09:30:02] Fetching https://waitz.io/live/ucsd-rec
[2026-08-05 09:30:03] Saved 4 rows to ucsd_occupancy_history.csv
[2026-08-05 09:30:03] Main Gym Fitness Gym: 42% (Closed) people=30 capacity=72 is_open=False hour_summary=closed
[2026-08-05 09:30:03] Outback Climbing Center: 0% (Closed) people=0 capacity=30 is_open=False hour_summary=Closed until 2:00pm
[2026-08-05 09:30:03] RIMAC Fitness Gym: 64% (Busy) people=32 capacity=50 is_open=True hour_summary=open
[2026-08-05 09:30:03] Triton Esports Center: 0% (Closed) people=0 capacity=35 is_open=False hour_summary=closed
[2026-08-05 09:30:03] === SCRAPE END OK ===
[2026-08-05 09:45:02] === SCRAPE START ===
[2026-08-05 09:45:02] Fetching https://waitz.io/live/ucsd-rec
[2026-08-05 09:45:03] Saved 4 rows to ucsd_occupancy_history.csv
[2026-08-05 09:45:03] Main Gym Fitness Gym: 42% (Closed) people=30 capacity=72 is_open=False hour_summary=closed
[2026-08-05 09:45:03] Outback Climbing Center: 0% (Closed) people=0 capacity=30 is_open=False hour_summary=Closed until 2:00pm
[2026-08-05 09:45:03] RIMAC Fitness Gym: 46% (Busy) people=23 capacity=50 is_open=True hour_summary=open
[2026-08-05 09:45:03] Triton Esports Center: 0% (Closed) people=0 capacity=35 is_open=False hour_summary=closed
[2026-08-05 09:45:03] === SCRAPE END OK ===
[2026-08-05 10:00:02] === SCRAPE START ===
[2026-08-05 10:00:02] Fetching https://waitz.io/live/ucsd-rec
[2026-08-05 10:00:04] Saved 4 rows to ucsd_occupancy_history.csv
[2026-08-05 10:00:04] Main Gym Fitness Gym: 36% (Closed) people=26 capacity=72 is_open=False hour_summary=closed
[2026-08-05 10:00:04] Outback Climbing Center: 0% (Closed) people=0 capacity=30 is_open=False hour_summary=Closed until 2:00pm
[2026-08-05 10:00:04] RIMAC Fitness Gym: 52% (Busy) people=26 capacity=50 is_open=True hour_summary=open
[2026-08-05 10:00:04] Triton Esports Center: 0% (Closed) people=0 capacity=35 is_open=False hour_summary=closed
[2026-08-05 10:00:04] === SCRAPE END OK ===
[2026-08-05 10:15:03] === SCRAPE START ===
[2026-08-05 10:15:03] Fetching https://waitz.io/live/ucsd-rec
[2026-08-05 10:15:03] Saved 4 rows to ucsd_occupancy_history.csv
[2026-08-05 10:15:03] Main Gym Fitness Gym: 44% (Closed) people=32 capacity=72 is_open=False hour_summary=closed
[2026-08-05 10:15:03] Outback Climbing Center: 0% (Closed) people=0 capacity=30 is_open=False hour_summary=Closed until 2:00pm
[2026-08-05 10:15:04] RIMAC Fitness Gym: 34% (Not Busy) people=17 capacity=50 is_open=True hour_summary=open
[2026-08-05 10:15:04] Triton Esports Center: 0% (Closed) people=0 capacity=35 is_open=False hour_summary=closed
[2026-08-05 10:15:04] === SCRAPE END OK ===
[2026-08-05 10:30:02] === SCRAPE START ===
[2026-08-05 10:30:02] Fetching https://waitz.io/live/ucsd-rec
[2026-08-05 10:30:03] Saved 4 rows to ucsd_occupancy_history.csv
[2026-08-05 10:30:03] Main Gym Fitness Gym: 32% (Closed) people=23 capacity=72 is_open=False hour_summary=closed
[2026-08-05 10:30:03] Outback Climbing Center: 0% (Closed) people=0 capacity=30 is_open=False hour_summary=Closed until 2:00pm
[2026-08-05 10:30:03] RIMAC Fitness Gym: 30% (Not Busy) people=15 capacity=50 is_open=True hour_summary=open
[2026-08-05 10:30:03] Triton Esports Center: 0% (Closed) people=0 capacity=35 is_open=False hour_summary=closed
[2026-08-05 10:30:03] === SCRAPE END OK ===
[2026-08-05 10:45:02] === SCRAPE START ===
[2026-08-05 10:45:02] Fetching https://waitz.io/live/ucsd-rec
[2026-08-05 10:45:03] Saved 4 rows to ucsd_occupancy_history.csv
[2026-08-05 10:45:03] Main Gym Fitness Gym: 40% (Closed) people=29 capacity=72 is_open=False hour_summary=closed
[2026-08-05 10:45:03] Outback Climbing Center: 0% (Closed) people=0 capacity=30 is_open=False hour_summary=Closed until 2:00pm
[2026-08-05 10:45:03] RIMAC Fitness Gym: 54% (Busy) people=27 capacity=50 is_open=True hour_summary=open
[2026-08-05 10:45:03] Triton Esports Center: 0% (Closed) people=0 capacity=35 is_open=False hour_summary=closed
[2026-08-05 10:45:03] === SCRAPE END OK ===
[2026-08-05 11:00:02] === SCRAPE START ===
[2026-08-05 11:00:02] Fetching https://waitz.io/live/ucsd-rec
[2026-08-05 11:00:02] Saved 4 rows to ucsd_occupancy_history.csv
[2026-08-05 11:00:02] Main Gym Fitness Gym: 51% (Closed) people=37 capacity=72 is_open=False hour_summary=closed
[2026-08-05 11:00:02] Outback Climbing Center: 0% (Closed) people=0 capacity=30 is_open=False hour_summary=Closed until 2:00pm
[2026-08-05 11:00:02] RIMAC Fitness Gym: 52% (Busy) people=26 capacity=50 is_open=True hour_summary=open
[2026-08-05 11:00:02] Triton Esports Center: 0% (Closed) people=0 capacity=35 is_open=False hour_summary=closed
[2026-08-05 11:00:02] === SCRAPE END OK ===
[2026-08-05 11:15:02] === SCRAPE START ===
[2026-08-05 11:15:02] Fetching https://waitz.io/live/ucsd-rec
[2026-08-05 11:15:03] Saved 4 rows to ucsd_occupancy_history.csv
[2026-08-05 11:15:03] Main Gym Fitness Gym: 43% (Closed) people=31 capacity=72 is_open=False hour_summary=closed
[2026-08-05 11:15:03] Outback Climbing Center: 0% (Closed) people=0 capacity=30 is_open=False hour_summary=Closed until 2:00pm
[2026-08-05 11:15:03] RIMAC Fitness Gym: 72% (Busy) people=36 capacity=50 is_open=True hour_summary=open
[2026-08-05 11:15:03] Triton Esports Center: 0% (Closed) people=0 capacity=35 is_open=False hour_summary=closed
[2026-08-05 11:15:03] === SCRAPE END OK ===
[2026-08-05 11:30:02] === SCRAPE START ===
[2026-08-05 11:30:02] Fetching https://waitz.io/live/ucsd-rec
[2026-08-05 11:30:04] Saved 4 rows to ucsd_occupancy_history.csv
[2026-08-05 11:30:04] Main Gym Fitness Gym: 43% (Closed) people=31 capacity=72 is_open=False hour_summary=closed
[2026-08-05 11:30:04] Outback Climbing Center: 0% (Closed) people=0 capacity=30 is_open=False hour_summary=Closed until 2:00pm
[2026-08-05 11:30:04] RIMAC Fitness Gym: 80% (Busy) people=40 capacity=50 is_open=True hour_summary=open
[2026-08-05 11:30:04] Triton Esports Center: 0% (Closed) people=0 capacity=35 is_open=False hour_summary=closed
[2026-08-05 11:30:04] === SCRAPE END OK ===
[2026-08-05 11:45:02] === SCRAPE START ===
[2026-08-05 11:45:02] Fetching https://waitz.io/live/ucsd-rec
[2026-08-05 11:45:03] Saved 4 rows to ucsd_occupancy_history.csv
[2026-08-05 11:45:03] Main Gym Fitness Gym: 43% (Closed) people=31 capacity=72 is_open=False hour_summary=closed
[2026-08-05 11:45:03] Outback Climbing Center: 0% (Closed) people=0 capacity=30 is_open=False hour_summary=Closed until 2:00pm
[2026-08-05 11:45:03] RIMAC Fitness Gym: 78% (Busy) people=39 capacity=50 is_open=True hour_summary=open
[2026-08-05 11:45:03] Triton Esports Center: 0% (Closed) people=0 capacity=35 is_open=False hour_summary=closed
[2026-08-05 11:45:03] === SCRAPE END OK ===
[2026-08-05 12:00:02] === SCRAPE START ===
[2026-08-05 12:00:02] Fetching https://waitz.io/live/ucsd-rec
[2026-08-05 12:00:03] Saved 4 rows to ucsd_occupancy_history.csv
[2026-08-05 12:00:03] Main Gym Fitness Gym: 47% (Closed) people=34 capacity=72 is_open=False hour_summary=closed
[2026-08-05 12:00:03] Outback Climbing Center: 0% (Closed) people=0 capacity=30 is_open=False hour_summary=Closed until 2:00pm
[2026-08-05 12:00:03] RIMAC Fitness Gym: 70% (Busy) people=35 capacity=50 is_open=True hour_summary=open
[2026-08-05 12:00:03] Triton Esports Center: 0% (Closed) people=0 capacity=35 is_open=False hour_summary=closed
[2026-08-05 12:00:03] === SCRAPE END OK ===
[2026-08-05 12:15:02] === SCRAPE START ===
[2026-08-05 12:15:02] Fetching https://waitz.io/live/ucsd-rec
[2026-08-05 12:15:03] Saved 4 rows to ucsd_occupancy_history.csv
[2026-08-05 12:15:03] Main Gym Fitness Gym: 10% (Closed) people=7 capacity=72 is_open=False hour_summary=closed
[2026-08-05 12:15:03] Outback Climbing Center: 0% (Closed) people=0 capacity=30 is_open=False hour_summary=Closed until 2:00pm
[2026-08-05 12:15:03] RIMAC Fitness Gym: 48% (Busy) people=24 capacity=50 is_open=True hour_summary=open
[2026-08-05 12:15:03] Triton Esports Center: 0% (Closed) people=0 capacity=35 is_open=False hour_summary=closed
[2026-08-05 12:15:03] === SCRAPE END OK ===
[2026-08-05 12:30:02] === SCRAPE START ===
[2026-08-05 12:30:02] Fetching https://waitz.io/live/ucsd-rec
[2026-08-05 12:30:03] Saved 4 rows to ucsd_occupancy_history.csv
[2026-08-05 12:30:03] Main Gym Fitness Gym: 17% (Closed) people=12 capacity=72 is_open=False hour_summary=closed
[2026-08-05 12:30:03] Outback Climbing Center: 0% (Closed) people=0 capacity=30 is_open=False hour_summary=Closed until 2:00pm
[2026-08-05 12:30:03] RIMAC Fitness Gym: 46% (Busy) people=23 capacity=50 is_open=True hour_summary=open
[2026-08-05 12:30:03] Triton Esports Center: 0% (Closed) people=0 capacity=35 is_open=False hour_summary=closed
[2026-08-05 12:30:03] === SCRAPE END OK ===
[2026-08-05 12:45:02] === SCRAPE START ===
[2026-08-05 12:45:02] Fetching https://waitz.io/live/ucsd-rec
[2026-08-05 12:45:03] Saved 4 rows to ucsd_occupancy_history.csv
[2026-08-05 12:45:03] Main Gym Fitness Gym: 21% (Closed) people=15 capacity=72 is_open=False hour_summary=closed
[2026-08-05 12:45:03] Outback Climbing Center: 0% (Closed) people=0 capacity=30 is_open=False hour_summary=Closed until 2:00pm
[2026-08-05 12:45:03] RIMAC Fitness Gym: 0% (Data Unavailable) people=0 capacity=50 is_open=True hour_summary=open
[2026-08-05 12:45:03] Triton Esports Center: 0% (Closed) people=0 capacity=35 is_open=False hour_summary=closed
[2026-08-05 12:45:03] === SCRAPE END OK ===
[2026-08-05 13:00:02] === SCRAPE START ===
[2026-08-05 13:00:02] Fetching https://waitz.io/live/ucsd-rec
[2026-08-05 13:00:04] Saved 4 rows to ucsd_occupancy_history.csv
[2026-08-05 13:00:04] Main Gym Fitness Gym: 18% (Closed) people=13 capacity=72 is_open=False hour_summary=closed
[2026-08-05 13:00:04] Outback Climbing Center: 0% (Closed) people=0 capacity=30 is_open=False hour_summary=Closed until 2:00pm
[2026-08-05 13:00:04] RIMAC Fitness Gym: 56% (Busy) people=28 capacity=50 is_open=True hour_summary=open
[2026-08-05 13:00:04] Triton Esports Center: 0% (Closed) people=0 capacity=35 is_open=False hour_summary=closed
[2026-08-05 13:00:04] === SCRAPE END OK ===
[2026-08-05 13:15:02] === SCRAPE START ===
[2026-08-05 13:15:02] Fetching https://waitz.io/live/ucsd-rec
[2026-08-05 13:15:03] Saved 4 rows to ucsd_occupancy_history.csv
[2026-08-05 13:15:03] Main Gym Fitness Gym: 17% (Closed) people=12 capacity=72 is_open=False hour_summary=closed
[2026-08-05 13:15:03] Outback Climbing Center: 0% (Closed) people=0 capacity=30 is_open=False hour_summary=Closed until 2:00pm
[2026-08-05 13:15:03] RIMAC Fitness Gym: 48% (Busy) people=24 capacity=50 is_open=True hour_summary=open
[2026-08-05 13:15:03] Triton Esports Center: 0% (Closed) people=0 capacity=35 is_open=False hour_summary=closed
[2026-08-05 13:15:03] === SCRAPE END OK ===
[2026-08-05 13:30:02] === SCRAPE START ===
[2026-08-05 13:30:02] Fetching https://waitz.io/live/ucsd-rec
[2026-08-05 13:30:03] Saved 4 rows to ucsd_occupancy_history.csv
[2026-08-05 13:30:03] Main Gym Fitness Gym: 21% (Closed) people=15 capacity=72 is_open=False hour_summary=closed
[2026-08-05 13:30:03] Outback Climbing Center: 0% (Closed) people=0 capacity=30 is_open=False hour_summary=Closed until 2:00pm
[2026-08-05 13:30:03] RIMAC Fitness Gym: 58% (Busy) people=29 capacity=50 is_open=True hour_summary=open
[2026-08-05 13:30:03] Triton Esports Center: 0% (Closed) people=0 capacity=35 is_open=False hour_summary=closed
[2026-08-05 13:30:03] === SCRAPE END OK ===
[2026-08-05 13:45:02] === SCRAPE START ===
[2026-08-05 13:45:02] Fetching https://waitz.io/live/ucsd-rec
[2026-08-05 13:45:03] Saved 4 rows to ucsd_occupancy_history.csv
[2026-08-05 13:45:03] Main Gym Fitness Gym: 13% (Closed) people=9 capacity=72 is_open=False hour_summary=closed
[2026-08-05 13:45:03] Outback Climbing Center: 0% (Closed) people=0 capacity=30 is_open=False hour_summary=Closed until 2:00pm
[2026-08-05 13:45:03] RIMAC Fitness Gym: 42% (Not Busy) people=21 capacity=50 is_open=True hour_summary=open
[2026-08-05 13:45:03] Triton Esports Center: 0% (Closed) people=0 capacity=35 is_open=False hour_summary=closed
[2026-08-05 13:45:03] === SCRAPE END OK ===
[2026-08-05 14:00:02] === SCRAPE START ===
[2026-08-05 14:00:02] Fetching https://waitz.io/live/ucsd-rec
[2026-08-05 14:00:04] Saved 4 rows to ucsd_occupancy_history.csv
[2026-08-05 14:00:04] Main Gym Fitness Gym: 10% (Closed) people=7 capacity=72 is_open=False hour_summary=closed
[2026-08-05 14:00:04] Outback Climbing Center: 0% (Data Unavailable) people=0 capacity=30 is_open=True hour_summary=open
[2026-08-05 14:00:04] RIMAC Fitness Gym: 42% (Not Busy) people=21 capacity=50 is_open=True hour_summary=open
[2026-08-05 14:00:04] Triton Esports Center: 0% (Closed) people=0 capacity=35 is_open=False hour_summary=closed
[2026-08-05 14:00:04] === SCRAPE END OK ===
[2026-08-05 14:15:02] === SCRAPE START ===
[2026-08-05 14:15:02] Fetching https://waitz.io/live/ucsd-rec
[2026-08-05 14:15:03] Saved 4 rows to ucsd_occupancy_history.csv
[2026-08-05 14:15:03] Main Gym Fitness Gym: 7% (Closed) people=5 capacity=72 is_open=False hour_summary=closed
[2026-08-05 14:15:03] Outback Climbing Center: 0% (Data Unavailable) people=0 capacity=30 is_open=True hour_summary=open
[2026-08-05 14:15:03] RIMAC Fitness Gym: 44% (Not Busy) people=22 capacity=50 is_open=True hour_summary=open
[2026-08-05 14:15:03] Triton Esports Center: 0% (Closed) people=0 capacity=35 is_open=False hour_summary=closed
[2026-08-05 14:15:03] === SCRAPE END OK ===
[2026-08-05 14:30:02] === SCRAPE START ===
[2026-08-05 14:30:02] Fetching https://waitz.io/live/ucsd-rec
[2026-08-05 14:30:04] Saved 4 rows to ucsd_occupancy_history.csv
[2026-08-05 14:30:04] Main Gym Fitness Gym: 10% (Closed) people=7 capacity=72 is_open=False hour_summary=closed
[2026-08-05 14:30:04] Outback Climbing Center: 0% (Data Unavailable) people=0 capacity=30 is_open=True hour_summary=open
[2026-08-05 14:30:04] RIMAC Fitness Gym: 32% (Not Busy) people=16 capacity=50 is_open=True hour_summary=open
[2026-08-05 14:30:04] Triton Esports Center: 0% (Closed) people=0 capacity=35 is_open=False hour_summary=closed
[2026-08-05 14:30:04] === SCRAPE END OK ===
[2026-08-05 14:45:02] === SCRAPE START ===
[2026-08-05 14:45:02] Fetching https://waitz.io/live/ucsd-rec
[2026-08-05 14:45:03] Saved 4 rows to ucsd_occupancy_history.csv
[2026-08-05 14:45:03] Main Gym Fitness Gym: 11% (Closed) people=8 capacity=72 is_open=False hour_summary=closed
[2026-08-05 14:45:03] Outback Climbing Center: 0% (Data Unavailable) people=0 capacity=30 is_open=True hour_summary=open
[2026-08-05 14:45:03] RIMAC Fitness Gym: 48% (Busy) people=24 capacity=50 is_open=True hour_summary=open
[2026-08-05 14:45:03] Triton Esports Center: 0% (Closed) people=0 capacity=35 is_open=False hour_summary=closed
[2026-08-05 14:45:03] === SCRAPE END OK ===
[2026-08-05 15:00:02] === SCRAPE START ===
[2026-08-05 15:00:02] Fetching https://waitz.io/live/ucsd-rec
[2026-08-05 15:00:04] Saved 4 rows to ucsd_occupancy_history.csv
[2026-08-05 15:00:04] Main Gym Fitness Gym: 15% (Closed) people=11 capacity=72 is_open=False hour_summary=closed
[2026-08-05 15:00:04] Outback Climbing Center: 0% (Data Unavailable) people=0 capacity=30 is_open=True hour_summary=open
[2026-08-05 15:00:04] RIMAC Fitness Gym: 42% (Not Busy) people=21 capacity=50 is_open=True hour_summary=open
[2026-08-05 15:00:04] Triton Esports Center: 0% (Closed) people=0 capacity=35 is_open=False hour_summary=closed
[2026-08-05 15:00:04] === SCRAPE END OK ===
[2026-08-05 15:15:02] === SCRAPE START ===
[2026-08-05 15:15:02] Fetching https://waitz.io/live/ucsd-rec
[2026-08-05 15:15:03] Saved 4 rows to ucsd_occupancy_history.csv
[2026-08-05 15:15:03] Main Gym Fitness Gym: 10% (Closed) people=7 capacity=72 is_open=False hour_summary=closed
[2026-08-05 15:15:03] Outback Climbing Center: 0% (Data Unavailable) people=0 capacity=30 is_open=True hour_summary=open
[2026-08-05 15:15:03] RIMAC Fitness Gym: 50% (Busy) people=25 capacity=50 is_open=True hour_summary=open
[2026-08-05 15:15:03] Triton Esports Center: 0% (Closed) people=0 capacity=35 is_open=False hour_summary=closed
[2026-08-05 15:15:03] === SCRAPE END OK ===
[2026-08-05 15:30:02] === SCRAPE START ===
[2026-08-05 15:30:02] Fetching https://waitz.io/live/ucsd-rec
[2026-08-05 15:30:03] Saved 4 rows to ucsd_occupancy_history.csv
[2026-08-05 15:30:03] Main Gym Fitness Gym: 18% (Closed) people=13 capacity=72 is_open=False hour_summary=closed
[2026-08-05 15:30:03] Outback Climbing Center: 0% (Data Unavailable) people=0 capacity=30 is_open=True hour_summary=open
[2026-08-05 15:30:03] RIMAC Fitness Gym: 64% (Busy) people=32 capacity=50 is_open=True hour_summary=open
[2026-08-05 15:30:03] Triton Esports Center: 0% (Closed) people=0 capacity=35 is_open=False hour_summary=closed
[2026-08-05 15:30:03] === SCRAPE END OK ===
[2026-08-05 15:45:02] === SCRAPE START ===
[2026-08-05 15:45:02] Fetching https://waitz.io/live/ucsd-rec
[2026-08-05 15:45:03] Saved 4 rows to ucsd_occupancy_history.csv
[2026-08-05 15:45:03] Main Gym Fitness Gym: 14% (Closed) people=10 capacity=72 is_open=False hour_summary=closed
[2026-08-05 15:45:03] Outback Climbing Center: 0% (Data Unavailable) people=0 capacity=30 is_open=True hour_summary=open
[2026-08-05 15:45:03] RIMAC Fitness Gym: 76% (Busy) people=38 capacity=50 is_open=True hour_summary=open
[2026-08-05 15:45:03] Triton Esports Center: 0% (Closed) people=0 capacity=35 is_open=False hour_summary=closed
[2026-08-05 15:45:03] === SCRAPE END OK ===
[2026-08-05 16:00:02] === SCRAPE START ===
[2026-08-05 16:00:02] Fetching https://waitz.io/live/ucsd-rec
[2026-08-05 16:00:04] Saved 4 rows to ucsd_occupancy_history.csv
[2026-08-05 16:00:04] Main Gym Fitness Gym: 8% (Closed) people=6 capacity=72 is_open=False hour_summary=closed
[2026-08-05 16:00:04] Outback Climbing Center: 0% (Data Unavailable) people=0 capacity=30 is_open=True hour_summary=open
[2026-08-05 16:00:04] RIMAC Fitness Gym: 60% (Busy) people=30 capacity=50 is_open=True hour_summary=open
[2026-08-05 16:00:04] Triton Esports Center: 0% (Closed) people=0 capacity=35 is_open=False hour_summary=closed
[2026-08-05 16:00:04] === SCRAPE END OK ===
[2026-08-05 16:15:02] === SCRAPE START ===
[2026-08-05 16:15:02] Fetching https://waitz.io/live/ucsd-rec
[2026-08-05 16:15:03] Saved 4 rows to ucsd_occupancy_history.csv
[2026-08-05 16:15:03] Main Gym Fitness Gym: 14% (Closed) people=10 capacity=72 is_open=False hour_summary=closed
[2026-08-05 16:15:03] Outback Climbing Center: 0% (Data Unavailable) people=0 capacity=30 is_open=True hour_summary=open
[2026-08-05 16:15:03] RIMAC Fitness Gym: 70% (Busy) people=35 capacity=50 is_open=True hour_summary=open
[2026-08-05 16:15:03] Triton Esports Center: 0% (Closed) people=0 capacity=35 is_open=False hour_summary=closed
[2026-08-05 16:15:03] === SCRAPE END OK ===
[2026-08-05 16:30:02] === SCRAPE START ===
[2026-08-05 16:30:02] Fetching https://waitz.io/live/ucsd-rec
[2026-08-05 16:30:03] Saved 4 rows to ucsd_occupancy_history.csv
[2026-08-05 16:30:03] Main Gym Fitness Gym: 14% (Closed) people=10 capacity=72 is_open=False hour_summary=closed
[2026-08-05 16:30:03] Outback Climbing Center: 0% (Data Unavailable) people=0 capacity=30 is_open=True hour_summary=open
[2026-08-05 16:30:03] RIMAC Fitness Gym: 64% (Busy) people=32 capacity=50 is_open=True hour_summary=open
[2026-08-05 16:30:03] Triton Esports Center: 0% (Closed) people=0 capacity=35 is_open=False hour_summary=closed
[2026-08-05 16:30:03] === SCRAPE END OK ===
[2026-08-05 16:45:02] === SCRAPE START ===
[2026-08-05 16:45:02] Fetching https://waitz.io/live/ucsd-rec
[2026-08-05 16:45:03] Saved 4 rows to ucsd_occupancy_history.csv
[2026-08-05 16:45:03] Main Gym Fitness Gym: 14% (Closed) people=10 capacity=72 is_open=False hour_summary=closed
[2026-08-05 16:45:03] Outback Climbing Center: 0% (Data Unavailable) people=0 capacity=30 is_open=True hour_summary=open
[2026-08-05 16:45:03] RIMAC Fitness Gym: 98% (Very Active) people=49 capacity=50 is_open=True hour_summary=open
[2026-08-05 16:45:03] Triton Esports Center: 0% (Closed) people=0 capacity=35 is_open=False hour_summary=closed
[2026-08-05 16:45:03] === SCRAPE END OK ===
[2026-08-05 17:00:02] === SCRAPE START ===
[2026-08-05 17:00:02] Fetching https://waitz.io/live/ucsd-rec
[2026-08-05 17:00:04] Saved 4 rows to ucsd_occupancy_history.csv
[2026-08-05 17:00:04] Main Gym Fitness Gym: 24% (Closed) people=17 capacity=72 is_open=False hour_summary=closed
[2026-08-05 17:00:04] Outback Climbing Center: 0% (Data Unavailable) people=0 capacity=30 is_open=True hour_summary=open
[2026-08-05 17:00:04] RIMAC Fitness Gym: 94% (Very Active) people=47 capacity=50 is_open=True hour_summary=open
[2026-08-05 17:00:04] Triton Esports Center: 0% (Closed) people=0 capacity=35 is_open=False hour_summary=closed
[2026-08-05 17:00:04] === SCRAPE END OK ===
[2026-08-05 17:15:02] === SCRAPE START ===
[2026-08-05 17:15:02] Fetching https://waitz.io/live/ucsd-rec
[2026-08-05 17:15:03] Saved 4 rows to ucsd_occupancy_history.csv
[2026-08-05 17:15:03] Main Gym Fitness Gym: 26% (Closed) people=19 capacity=72 is_open=False hour_summary=closed
[2026-08-05 17:15:03] Outback Climbing Center: 0% (Data Unavailable) people=0 capacity=30 is_open=True hour_summary=open
[2026-08-05 17:15:03] RIMAC Fitness Gym: 66% (Busy) people=33 capacity=50 is_open=True hour_summary=open
[2026-08-05 17:15:03] Triton Esports Center: 0% (Closed) people=0 capacity=35 is_open=False hour_summary=closed
[2026-08-05 17:15:03] === SCRAPE END OK ===
[2026-08-05 17:30:02] === SCRAPE START ===
[2026-08-05 17:30:02] Fetching https://waitz.io/live/ucsd-rec
[2026-08-05 17:30:04] Saved 4 rows to ucsd_occupancy_history.csv
[2026-08-05 17:30:04] Main Gym Fitness Gym: 28% (Closed) people=20 capacity=72 is_open=False hour_summary=closed
[2026-08-05 17:30:04] Outback Climbing Center: 0% (Data Unavailable) people=0 capacity=30 is_open=True hour_summary=open
[2026-08-05 17:30:04] RIMAC Fitness Gym: 86% (Very Active) people=43 capacity=50 is_open=True hour_summary=open
[2026-08-05 17:30:04] Triton Esports Center: 0% (Closed) people=0 capacity=35 is_open=False hour_summary=closed
[2026-08-05 17:30:04] === SCRAPE END OK ===
[2026-08-05 17:45:02] === SCRAPE START ===
[2026-08-05 17:45:02] Fetching https://waitz.io/live/ucsd-rec
[2026-08-05 17:45:03] Saved 4 rows to ucsd_occupancy_history.csv
[2026-08-05 17:45:03] Main Gym Fitness Gym: 28% (Closed) people=20 capacity=72 is_open=False hour_summary=closed
[2026-08-05 17:45:03] Outback Climbing Center: 0% (Data Unavailable) people=0 capacity=30 is_open=True hour_summary=open
[2026-08-05 17:45:03] RIMAC Fitness Gym: 99% (Very Active) people=50 capacity=50 is_open=True hour_summary=open
[2026-08-05 17:45:03] Triton Esports Center: 0% (Closed) people=0 capacity=35 is_open=False hour_summary=closed
[2026-08-05 17:45:03] === SCRAPE END OK ===
[2026-08-05 18:00:02] === SCRAPE START ===
[2026-08-05 18:00:02] Fetching https://waitz.io/live/ucsd-rec
[2026-08-05 18:00:03] Saved 4 rows to ucsd_occupancy_history.csv
[2026-08-05 18:00:03] Main Gym Fitness Gym: 36% (Closed) people=26 capacity=72 is_open=False hour_summary=closed
[2026-08-05 18:00:03] Outback Climbing Center: 0% (Data Unavailable) people=0 capacity=30 is_open=True hour_summary=open
[2026-08-05 18:00:03] RIMAC Fitness Gym: 98% (Very Active) people=49 capacity=50 is_open=True hour_summary=open
[2026-08-05 18:00:03] Triton Esports Center: 0% (Closed) people=0 capacity=35 is_open=False hour_summary=closed
[2026-08-05 18:00:03] === SCRAPE END OK ===
[2026-08-05 18:15:02] === SCRAPE START ===
[2026-08-05 18:15:02] Fetching https://waitz.io/live/ucsd-rec
[2026-08-05 18:15:03] Saved 4 rows to ucsd_occupancy_history.csv
[2026-08-05 18:15:03] Main Gym Fitness Gym: 39% (Closed) people=28 capacity=72 is_open=False hour_summary=closed
[2026-08-05 18:15:03] Outback Climbing Center: 0% (Data Unavailable) people=0 capacity=30 is_open=True hour_summary=open
[2026-08-05 18:15:03] RIMAC Fitness Gym: 99% (Very Active) people=50 capacity=50 is_open=True hour_summary=open
[2026-08-05 18:15:03] Triton Esports Center: 0% (Closed) people=0 capacity=35 is_open=False hour_summary=closed
[2026-08-05 18:15:03] === SCRAPE END OK ===
[2026-08-05 18:30:02] === SCRAPE START ===
[2026-08-05 18:30:02] Fetching https://waitz.io/live/ucsd-rec
[2026-08-05 18:30:04] Saved 4 rows to ucsd_occupancy_history.csv
[2026-08-05 18:30:04] Main Gym Fitness Gym: 39% (Closed) people=28 capacity=72 is_open=False hour_summary=closed
[2026-08-05 18:30:04] Outback Climbing Center: 0% (Data Unavailable) people=0 capacity=30 is_open=True hour_summary=open
[2026-08-05 18:30:04] RIMAC Fitness Gym: 99% (Very Active) people=50 capacity=50 is_open=True hour_summary=open
[2026-08-05 18:30:04] Triton Esports Center: 0% (Closed) people=0 capacity=35 is_open=False hour_summary=closed
[2026-08-05 18:30:04] === SCRAPE END OK ===
[2026-08-05 18:45:02] === SCRAPE START ===
[2026-08-05 18:45:02] Fetching https://waitz.io/live/ucsd-rec
[2026-08-05 18:45:02] Saved 4 rows to ucsd_occupancy_history.csv
[2026-08-05 18:45:02] Main Gym Fitness Gym: 33% (Closed) people=24 capacity=72 is_open=False hour_summary=closed
[2026-08-05 18:45:02] Outback Climbing Center: 0% (Data Unavailable) people=0 capacity=30 is_open=True hour_summary=open
[2026-08-05 18:45:02] RIMAC Fitness Gym: 99% (Very Active) people=50 capacity=50 is_open=True hour_summary=open
[2026-08-05 18:45:02] Triton Esports Center: 0% (Closed) people=0 capacity=35 is_open=False hour_summary=closed
[2026-08-05 18:45:02] === SCRAPE END OK ===
[2026-08-05 19:00:02] === SCRAPE START ===
[2026-08-05 19:00:02] Fetching https://waitz.io/live/ucsd-rec
[2026-08-05 19:00:03] Saved 4 rows to ucsd_occupancy_history.csv
[2026-08-05 19:00:03] Main Gym Fitness Gym: 38% (Closed) people=27 capacity=72 is_open=False hour_summary=closed
[2026-08-05 19:00:03] Outback Climbing Center: 0% (Data Unavailable) people=0 capacity=30 is_open=True hour_summary=open
[2026-08-05 19:00:03] RIMAC Fitness Gym: 99% (Very Active) people=50 capacity=50 is_open=True hour_summary=open
[2026-08-05 19:00:03] Triton Esports Center: 0% (Closed) people=0 capacity=35 is_open=False hour_summary=closed
[2026-08-05 19:00:03] === SCRAPE END OK ===
[2026-08-05 19:15:02] === SCRAPE START ===
[2026-08-05 19:15:02] Fetching https://waitz.io/live/ucsd-rec
[2026-08-05 19:15:03] Saved 4 rows to ucsd_occupancy_history.csv
[2026-08-05 19:15:03] Main Gym Fitness Gym: 33% (Closed) people=24 capacity=72 is_open=False hour_summary=closed
[2026-08-05 19:15:03] Outback Climbing Center: 0% (Data Unavailable) people=0 capacity=30 is_open=True hour_summary=open
[2026-08-05 19:15:03] RIMAC Fitness Gym: 88% (Very Active) people=44 capacity=50 is_open=True hour_summary=open
[2026-08-05 19:15:03] Triton Esports Center: 0% (Closed) people=0 capacity=35 is_open=False hour_summary=closed
[2026-08-05 19:15:03] === SCRAPE END OK ===
[2026-08-05 19:30:02] === SCRAPE START ===
[2026-08-05 19:30:02] Fetching https://waitz.io/live/ucsd-rec
[2026-08-05 19:30:03] Saved 4 rows to ucsd_occupancy_history.csv
[2026-08-05 19:30:03] Main Gym Fitness Gym: 40% (Closed) people=29 capacity=72 is_open=False hour_summary=closed
[2026-08-05 19:30:03] Outback Climbing Center: 0% (Data Unavailable) people=0 capacity=30 is_open=True hour_summary=open
[2026-08-05 19:30:03] RIMAC Fitness Gym: 80% (Busy) people=40 capacity=50 is_open=True hour_summary=open
[2026-08-05 19:30:03] Triton Esports Center: 0% (Closed) people=0 capacity=35 is_open=False hour_summary=closed
[2026-08-05 19:30:03] === SCRAPE END OK ===
[2026-08-05 19:45:02] === SCRAPE START ===
[2026-08-05 19:45:02] Fetching https://waitz.io/live/ucsd-rec
[2026-08-05 19:45:03] Saved 4 rows to ucsd_occupancy_history.csv
[2026-08-05 19:45:03] Main Gym Fitness Gym: 38% (Closed) people=27 capacity=72 is_open=False hour_summary=closed
[2026-08-05 19:45:03] Outback Climbing Center: 0% (Data Unavailable) people=0 capacity=30 is_open=True hour_summary=open
[2026-08-05 19:45:03] RIMAC Fitness Gym: 70% (Busy) people=35 capacity=50 is_open=True hour_summary=open
[2026-08-05 19:45:03] Triton Esports Center: 0% (Closed) people=0 capacity=35 is_open=False hour_summary=closed
[2026-08-05 19:45:03] === SCRAPE END OK ===
[2026-08-05 20:00:02] === SCRAPE START ===
[2026-08-05 20:00:02] Fetching https://waitz.io/live/ucsd-rec
[2026-08-05 20:00:04] Saved 4 rows to ucsd_occupancy_history.csv
[2026-08-05 20:00:04] Main Gym Fitness Gym: 21% (Closed) people=15 capacity=72 is_open=False hour_summary=closed
[2026-08-05 20:00:04] Outback Climbing Center: 0% (Closed) people=0 capacity=30 is_open=False hour_summary=Closed until 2:00pm
[2026-08-05 20:00:04] RIMAC Fitness Gym: 64% (Busy) people=32 capacity=50 is_open=True hour_summary=open
[2026-08-05 20:00:04] Triton Esports Center: 0% (Closed) people=0 capacity=35 is_open=False hour_summary=closed
[2026-08-05 20:00:04] === SCRAPE END OK ===
[2026-08-05 20:15:02] === SCRAPE START ===
[2026-08-05 20:15:02] Fetching https://waitz.io/live/ucsd-rec
[2026-08-05 20:15:03] Saved 4 rows to ucsd_occupancy_history.csv
[2026-08-05 20:15:03] Main Gym Fitness Gym: 4% (Closed) people=3 capacity=72 is_open=False hour_summary=closed
[2026-08-05 20:15:03] Outback Climbing Center: 0% (Closed) people=0 capacity=30 is_open=False hour_summary=Closed until 2:00pm
[2026-08-05 20:15:03] RIMAC Fitness Gym: 82% (Very Active) people=41 capacity=50 is_open=True hour_summary=open
[2026-08-05 20:15:03] Triton Esports Center: 0% (Closed) people=0 capacity=35 is_open=False hour_summary=closed
[2026-08-05 20:15:03] === SCRAPE END OK ===
[2026-08-05 20:30:02] === SCRAPE START ===
[2026-08-05 20:30:02] Fetching https://waitz.io/live/ucsd-rec
[2026-08-05 20:30:03] Saved 4 rows to ucsd_occupancy_history.csv
[2026-08-05 20:30:03] Main Gym Fitness Gym: 7% (Closed) people=5 capacity=72 is_open=False hour_summary=closed
[2026-08-05 20:30:03] Outback Climbing Center: 0% (Closed) people=0 capacity=30 is_open=False hour_summary=Closed until 2:00pm
[2026-08-05 20:30:03] RIMAC Fitness Gym: 82% (Very Active) people=41 capacity=50 is_open=True hour_summary=open
[2026-08-05 20:30:03] Triton Esports Center: 0% (Closed) people=0 capacity=35 is_open=False hour_summary=closed
[2026-08-05 20:30:03] === SCRAPE END OK ===
[2026-08-05 20:45:02] === SCRAPE START ===
[2026-08-05 20:45:02] Fetching https://waitz.io/live/ucsd-rec
[2026-08-05 20:45:02] Saved 4 rows to ucsd_occupancy_history.csv
[2026-08-05 20:45:02] Main Gym Fitness Gym: 7% (Closed) people=5 capacity=72 is_open=False hour_summary=closed
[2026-08-05 20:45:02] Outback Climbing Center: 0% (Closed) people=0 capacity=30 is_open=False hour_summary=Closed until 2:00pm
[2026-08-05 20:45:02] RIMAC Fitness Gym: 0% (Data Unavailable) people=0 capacity=50 is_open=True hour_summary=open
[2026-08-05 20:45:02] Triton Esports Center: 0% (Closed) people=0 capacity=35 is_open=False hour_summary=closed
[2026-08-05 20:45:02] === SCRAPE END OK ===
[2026-08-05 21:00:02] === SCRAPE START ===
[2026-08-05 21:00:02] Fetching https://waitz.io/live/ucsd-rec
[2026-08-05 21:00:04] Saved 4 rows to ucsd_occupancy_history.csv
[2026-08-05 21:00:04] Main Gym Fitness Gym: 1% (Closed) people=1 capacity=72 is_open=False hour_summary=closed
[2026-08-05 21:00:04] Outback Climbing Center: 0% (Closed) people=0 capacity=30 is_open=False hour_summary=Closed until 2:00pm
[2026-08-05 21:00:04] RIMAC Fitness Gym: 50% (Closed) people=25 capacity=50 is_open=False hour_summary=Closed until 6:00am
[2026-08-05 21:00:04] Triton Esports Center: 0% (Closed) people=0 capacity=35 is_open=False hour_summary=closed
[2026-08-05 21:00:04] === SCRAPE END OK ===
[2026-08-05 21:15:02] === SCRAPE START ===
[2026-08-05 21:15:02] Fetching https://waitz.io/live/ucsd-rec
[2026-08-05 21:15:03] Saved 4 rows to ucsd_occupancy_history.csv
[2026-08-05 21:15:03] Main Gym Fitness Gym: 1% (Closed) people=1 capacity=72 is_open=False hour_summary=closed
[2026-08-05 21:15:03] Outback Climbing Center: 0% (Closed) people=0 capacity=30 is_open=False hour_summary=Closed until 2:00pm
[2026-08-05 21:15:03] RIMAC Fitness Gym: 0% (Closed) people=0 capacity=50 is_open=False hour_summary=Closed until 6:00am
[2026-08-05 21:15:03] Triton Esports Center: 0% (Closed) people=0 capacity=35 is_open=False hour_summary=closed
[2026-08-05 21:15:03] === SCRAPE END OK ===
[2026-08-05 21:30:02] === SCRAPE START ===
[2026-08-05 21:30:02] Fetching https://waitz.io/live/ucsd-rec
[2026-08-05 21:30:03] Saved 4 rows to ucsd_occupancy_history.csv
[2026-08-05 21:30:03] Main Gym Fitness Gym: 0% (Closed) people=0 capacity=72 is_open=False hour_summary=closed
[2026-08-05 21:30:03] Outback Climbing Center: 0% (Closed) people=0 capacity=30 is_open=False hour_summary=Closed until 2:00pm
[2026-08-05 21:30:03] RIMAC Fitness Gym: 4% (Closed) people=2 capacity=50 is_open=False hour_summary=Closed until 6:00am
[2026-08-05 21:30:03] Triton Esports Center: 0% (Closed) people=0 capacity=35 is_open=False hour_summary=closed
[2026-08-05 21:30:03] === SCRAPE END OK ===
[2026-08-05 21:45:02] === SCRAPE START ===
[2026-08-05 21:45:02] Fetching https://waitz.io/live/ucsd-rec
[2026-08-05 21:45:02] Saved 4 rows to ucsd_occupancy_history.csv
[2026-08-05 21:45:02] Main Gym Fitness Gym: 1% (Closed) people=1 capacity=72 is_open=False hour_summary=closed
[2026-08-05 21:45:02] Outback Climbing Center: 0% (Closed) people=0 capacity=30 is_open=False hour_summary=Closed until 2:00pm
[2026-08-05 21:45:02] RIMAC Fitness Gym: 4% (Closed) people=2 capacity=50 is_open=False hour_summary=Closed until 6:00am
[2026-08-05 21:45:02] Triton Esports Center: 0% (Closed) people=0 capacity=35 is_open=False hour_summary=closed
[2026-08-05 21:45:02] === SCRAPE END OK ===
