[2026-07-30 00:00:01] === SCRAPE START ===
[2026-07-30 00:00:01] Fetching https://waitz.io/live/ucsd-rec
[2026-07-30 00:00:02] Saved 4 rows to ucsd_occupancy_history.csv
[2026-07-30 00:00:02] Main Gym Fitness Gym: 0% (Closed) people=0 capacity=72 is_open=False hour_summary=closed
[2026-07-30 00:00:02] Outback Climbing Center: 0% (Closed) people=0 capacity=30 is_open=False hour_summary=Closed until 2:00pm
[2026-07-30 00:00:02] RIMAC Fitness Gym: 1% (Closed) people=2 capacity=150 is_open=False hour_summary=Closed until 6:00am
[2026-07-30 00:00:02] Triton Esports Center: 0% (Closed) people=0 capacity=35 is_open=False hour_summary=closed
[2026-07-30 00:00:02] === SCRAPE END OK ===
[2026-07-30 00:15:02] === SCRAPE START ===
[2026-07-30 00:15:02] Fetching https://waitz.io/live/ucsd-rec
[2026-07-30 00:15:03] Saved 4 rows to ucsd_occupancy_history.csv
[2026-07-30 00:15:03] Main Gym Fitness Gym: 0% (Closed) people=0 capacity=72 is_open=False hour_summary=closed
[2026-07-30 00:15:03] Outback Climbing Center: 0% (Closed) people=0 capacity=30 is_open=False hour_summary=Closed until 2:00pm
[2026-07-30 00:15:03] RIMAC Fitness Gym: 1% (Closed) people=2 capacity=150 is_open=False hour_summary=Closed until 6:00am
[2026-07-30 00:15:03] Triton Esports Center: 0% (Closed) people=0 capacity=35 is_open=False hour_summary=closed
[2026-07-30 00:15:03] === SCRAPE END OK ===
[2026-07-30 00:30:02] === SCRAPE START ===
[2026-07-30 00:30:02] Fetching https://waitz.io/live/ucsd-rec
[2026-07-30 00:30:04] Saved 4 rows to ucsd_occupancy_history.csv
[2026-07-30 00:30:04] Main Gym Fitness Gym: 1% (Closed) people=1 capacity=72 is_open=False hour_summary=closed
[2026-07-30 00:30:04] Outback Climbing Center: 0% (Closed) people=0 capacity=30 is_open=False hour_summary=Closed until 2:00pm
[2026-07-30 00:30:04] RIMAC Fitness Gym: 1% (Closed) people=2 capacity=150 is_open=False hour_summary=Closed until 6:00am
[2026-07-30 00:30:04] Triton Esports Center: 0% (Closed) people=0 capacity=35 is_open=False hour_summary=closed
[2026-07-30 00:30:04] === SCRAPE END OK ===
[2026-07-30 00:45:02] === SCRAPE START ===
[2026-07-30 00:45:02] Fetching https://waitz.io/live/ucsd-rec
[2026-07-30 00:45:03] Saved 4 rows to ucsd_occupancy_history.csv
[2026-07-30 00:45:03] Main Gym Fitness Gym: 1% (Closed) people=1 capacity=72 is_open=False hour_summary=closed
[2026-07-30 00:45:03] Outback Climbing Center: 0% (Closed) people=0 capacity=30 is_open=False hour_summary=Closed until 2:00pm
[2026-07-30 00:45:03] RIMAC Fitness Gym: 1% (Closed) people=2 capacity=150 is_open=False hour_summary=Closed until 6:00am
[2026-07-30 00:45:03] Triton Esports Center: 0% (Closed) people=0 capacity=35 is_open=False hour_summary=closed
[2026-07-30 00:45:03] === SCRAPE END OK ===
[2026-07-30 01:00:02] === SCRAPE START ===
[2026-07-30 01:00:02] Fetching https://waitz.io/live/ucsd-rec
[2026-07-30 01:00:04] Saved 4 rows to ucsd_occupancy_history.csv
[2026-07-30 01:00:04] Main Gym Fitness Gym: 1% (Closed) people=1 capacity=72 is_open=False hour_summary=closed
[2026-07-30 01:00:04] Outback Climbing Center: 0% (Closed) people=0 capacity=30 is_open=False hour_summary=Closed until 2:00pm
[2026-07-30 01:00:04] RIMAC Fitness Gym: 1% (Closed) people=2 capacity=150 is_open=False hour_summary=Closed until 6:00am
[2026-07-30 01:00:04] Triton Esports Center: 0% (Closed) people=0 capacity=35 is_open=False hour_summary=closed
[2026-07-30 01:00:04] === SCRAPE END OK ===
[2026-07-30 01:15:02] === SCRAPE START ===
[2026-07-30 01:15:02] Fetching https://waitz.io/live/ucsd-rec
[2026-07-30 01:15:03] Saved 4 rows to ucsd_occupancy_history.csv
[2026-07-30 01:15:03] Main Gym Fitness Gym: 0% (Closed) people=0 capacity=72 is_open=False hour_summary=closed
[2026-07-30 01:15:03] Outback Climbing Center: 0% (Closed) people=0 capacity=30 is_open=False hour_summary=Closed until 2:00pm
[2026-07-30 01:15:03] RIMAC Fitness Gym: 1% (Closed) people=2 capacity=150 is_open=False hour_summary=Closed until 6:00am
[2026-07-30 01:15:03] Triton Esports Center: 0% (Closed) people=0 capacity=35 is_open=False hour_summary=closed
[2026-07-30 01:15:03] === SCRAPE END OK ===
[2026-07-30 01:30:02] === SCRAPE START ===
[2026-07-30 01:30:02] Fetching https://waitz.io/live/ucsd-rec
[2026-07-30 01:30:03] Saved 4 rows to ucsd_occupancy_history.csv
[2026-07-30 01:30:03] Main Gym Fitness Gym: 1% (Closed) people=1 capacity=72 is_open=False hour_summary=closed
[2026-07-30 01:30:03] Outback Climbing Center: 0% (Closed) people=0 capacity=30 is_open=False hour_summary=Closed until 2:00pm
[2026-07-30 01:30:03] RIMAC Fitness Gym: 1% (Closed) people=2 capacity=150 is_open=False hour_summary=Closed until 6:00am
[2026-07-30 01:30:03] Triton Esports Center: 0% (Closed) people=0 capacity=35 is_open=False hour_summary=closed
[2026-07-30 01:30:03] === SCRAPE END OK ===
[2026-07-30 01:45:02] === SCRAPE START ===
[2026-07-30 01:45:02] Fetching https://waitz.io/live/ucsd-rec
[2026-07-30 01:45:03] Saved 4 rows to ucsd_occupancy_history.csv
[2026-07-30 01:45:03] Main Gym Fitness Gym: 0% (Closed) people=0 capacity=72 is_open=False hour_summary=closed
[2026-07-30 01:45:03] Outback Climbing Center: 0% (Closed) people=0 capacity=30 is_open=False hour_summary=Closed until 2:00pm
[2026-07-30 01:45:03] RIMAC Fitness Gym: 1% (Closed) people=2 capacity=150 is_open=False hour_summary=Closed until 6:00am
[2026-07-30 01:45:03] Triton Esports Center: 0% (Closed) people=0 capacity=35 is_open=False hour_summary=closed
[2026-07-30 01:45:03] === SCRAPE END OK ===
[2026-07-30 02:00:02] === SCRAPE START ===
[2026-07-30 02:00:02] Fetching https://waitz.io/live/ucsd-rec
[2026-07-30 02:00:04] Saved 4 rows to ucsd_occupancy_history.csv
[2026-07-30 02:00:04] Main Gym Fitness Gym: 0% (Closed) people=0 capacity=72 is_open=False hour_summary=closed
[2026-07-30 02:00:04] Outback Climbing Center: 0% (Closed) people=0 capacity=30 is_open=False hour_summary=Closed until 2:00pm
[2026-07-30 02:00:04] RIMAC Fitness Gym: 1% (Closed) people=2 capacity=150 is_open=False hour_summary=Closed until 6:00am
[2026-07-30 02:00:04] Triton Esports Center: 0% (Closed) people=0 capacity=35 is_open=False hour_summary=closed
[2026-07-30 02:00:04] === SCRAPE END OK ===
[2026-07-30 02:15:02] === SCRAPE START ===
[2026-07-30 02:15:02] Fetching https://waitz.io/live/ucsd-rec
[2026-07-30 02:15:04] Saved 4 rows to ucsd_occupancy_history.csv
[2026-07-30 02:15:04] Main Gym Fitness Gym: 1% (Closed) people=1 capacity=72 is_open=False hour_summary=closed
[2026-07-30 02:15:04] Outback Climbing Center: 0% (Closed) people=0 capacity=30 is_open=False hour_summary=Closed until 2:00pm
[2026-07-30 02:15:04] RIMAC Fitness Gym: 1% (Closed) people=2 capacity=150 is_open=False hour_summary=Closed until 6:00am
[2026-07-30 02:15:04] Triton Esports Center: 0% (Closed) people=0 capacity=35 is_open=False hour_summary=closed
[2026-07-30 02:15:04] === SCRAPE END OK ===
[2026-07-30 02:30:02] === SCRAPE START ===
[2026-07-30 02:30:02] Fetching https://waitz.io/live/ucsd-rec
[2026-07-30 02:30:03] Saved 4 rows to ucsd_occupancy_history.csv
[2026-07-30 02:30:03] Main Gym Fitness Gym: 0% (Closed) people=0 capacity=72 is_open=False hour_summary=closed
[2026-07-30 02:30:03] Outback Climbing Center: 0% (Closed) people=0 capacity=30 is_open=False hour_summary=Closed until 2:00pm
[2026-07-30 02:30:03] RIMAC Fitness Gym: 0% (Closed) people=0 capacity=150 is_open=False hour_summary=Closed until 6:00am
[2026-07-30 02:30:03] Triton Esports Center: 0% (Closed) people=0 capacity=35 is_open=False hour_summary=closed
[2026-07-30 02:30:03] === SCRAPE END OK ===
[2026-07-30 02:45:03] === SCRAPE START ===
[2026-07-30 02:45:03] Fetching https://waitz.io/live/ucsd-rec
[2026-07-30 02:45:04] Saved 4 rows to ucsd_occupancy_history.csv
[2026-07-30 02:45:04] Main Gym Fitness Gym: 1% (Closed) people=1 capacity=72 is_open=False hour_summary=closed
[2026-07-30 02:45:04] Outback Climbing Center: 0% (Closed) people=0 capacity=30 is_open=False hour_summary=Closed until 2:00pm
[2026-07-30 02:45:04] RIMAC Fitness Gym: 1% (Closed) people=2 capacity=150 is_open=False hour_summary=Closed until 6:00am
[2026-07-30 02:45:04] Triton Esports Center: 0% (Closed) people=0 capacity=35 is_open=False hour_summary=closed
[2026-07-30 02:45:04] === SCRAPE END OK ===
[2026-07-30 03:00:02] === SCRAPE START ===
[2026-07-30 03:00:02] Fetching https://waitz.io/live/ucsd-rec
[2026-07-30 03:00:03] Saved 4 rows to ucsd_occupancy_history.csv
[2026-07-30 03:00:03] Main Gym Fitness Gym: 0% (Closed) people=0 capacity=72 is_open=False hour_summary=closed
[2026-07-30 03:00:03] Outback Climbing Center: 0% (Closed) people=0 capacity=30 is_open=False hour_summary=Closed until 2:00pm
[2026-07-30 03:00:03] RIMAC Fitness Gym: 1% (Closed) people=2 capacity=150 is_open=False hour_summary=Closed until 6:00am
[2026-07-30 03:00:03] Triton Esports Center: 0% (Closed) people=0 capacity=35 is_open=False hour_summary=closed
[2026-07-30 03:00:03] === SCRAPE END OK ===
[2026-07-30 03:15:02] === SCRAPE START ===
[2026-07-30 03:15:02] Fetching https://waitz.io/live/ucsd-rec
[2026-07-30 03:15:03] Saved 4 rows to ucsd_occupancy_history.csv
[2026-07-30 03:15:03] Main Gym Fitness Gym: 0% (Closed) people=0 capacity=72 is_open=False hour_summary=closed
[2026-07-30 03:15:03] Outback Climbing Center: 0% (Closed) people=0 capacity=30 is_open=False hour_summary=Closed until 2:00pm
[2026-07-30 03:15:03] RIMAC Fitness Gym: 1% (Closed) people=2 capacity=150 is_open=False hour_summary=Closed until 6:00am
[2026-07-30 03:15:03] Triton Esports Center: 0% (Closed) people=0 capacity=35 is_open=False hour_summary=closed
[2026-07-30 03:15:03] === SCRAPE END OK ===
[2026-07-30 03:30:02] === SCRAPE START ===
[2026-07-30 03:30:02] Fetching https://waitz.io/live/ucsd-rec
[2026-07-30 03:30:03] Saved 4 rows to ucsd_occupancy_history.csv
[2026-07-30 03:30:03] Main Gym Fitness Gym: 0% (Closed) people=0 capacity=72 is_open=False hour_summary=closed
[2026-07-30 03:30:03] Outback Climbing Center: 0% (Closed) people=0 capacity=30 is_open=False hour_summary=Closed until 2:00pm
[2026-07-30 03:30:03] RIMAC Fitness Gym: 0% (Closed) people=0 capacity=150 is_open=False hour_summary=Closed until 6:00am
[2026-07-30 03:30:03] Triton Esports Center: 0% (Closed) people=0 capacity=35 is_open=False hour_summary=closed
[2026-07-30 03:30:03] === SCRAPE END OK ===
[2026-07-30 03:45:02] === SCRAPE START ===
[2026-07-30 03:45:02] Fetching https://waitz.io/live/ucsd-rec
[2026-07-30 03:45:03] Saved 4 rows to ucsd_occupancy_history.csv
[2026-07-30 03:45:03] Main Gym Fitness Gym: 0% (Closed) people=0 capacity=72 is_open=False hour_summary=closed
[2026-07-30 03:45:03] Outback Climbing Center: 0% (Closed) people=0 capacity=30 is_open=False hour_summary=Closed until 2:00pm
[2026-07-30 03:45:03] RIMAC Fitness Gym: 1% (Closed) people=2 capacity=150 is_open=False hour_summary=Closed until 6:00am
[2026-07-30 03:45:03] Triton Esports Center: 0% (Closed) people=0 capacity=35 is_open=False hour_summary=closed
[2026-07-30 03:45:03] === SCRAPE END OK ===
[2026-07-30 04:00:02] === SCRAPE START ===
[2026-07-30 04:00:02] Fetching https://waitz.io/live/ucsd-rec
[2026-07-30 04:00:03] Saved 4 rows to ucsd_occupancy_history.csv
[2026-07-30 04:00:03] Main Gym Fitness Gym: 0% (Closed) people=0 capacity=72 is_open=False hour_summary=closed
[2026-07-30 04:00:03] Outback Climbing Center: 0% (Closed) people=0 capacity=30 is_open=False hour_summary=Closed until 2:00pm
[2026-07-30 04:00:03] RIMAC Fitness Gym: 0% (Closed) people=0 capacity=150 is_open=False hour_summary=Closed until 6:00am
[2026-07-30 04:00:03] Triton Esports Center: 0% (Closed) people=0 capacity=35 is_open=False hour_summary=closed
[2026-07-30 04:00:03] === SCRAPE END OK ===
[2026-07-30 04:15:02] === SCRAPE START ===
[2026-07-30 04:15:02] Fetching https://waitz.io/live/ucsd-rec
[2026-07-30 04:15:03] Saved 4 rows to ucsd_occupancy_history.csv
[2026-07-30 04:15:03] Main Gym Fitness Gym: 1% (Closed) people=1 capacity=72 is_open=False hour_summary=closed
[2026-07-30 04:15:03] Outback Climbing Center: 0% (Closed) people=0 capacity=30 is_open=False hour_summary=Closed until 2:00pm
[2026-07-30 04:15:03] RIMAC Fitness Gym: 1% (Closed) people=2 capacity=150 is_open=False hour_summary=Closed until 6:00am
[2026-07-30 04:15:03] Triton Esports Center: 0% (Closed) people=0 capacity=35 is_open=False hour_summary=closed
[2026-07-30 04:15:03] === SCRAPE END OK ===
[2026-07-30 04:30:02] === SCRAPE START ===
[2026-07-30 04:30:02] Fetching https://waitz.io/live/ucsd-rec
[2026-07-30 04:30:04] Saved 4 rows to ucsd_occupancy_history.csv
[2026-07-30 04:30:04] Main Gym Fitness Gym: 1% (Closed) people=1 capacity=72 is_open=False hour_summary=closed
[2026-07-30 04:30:04] Outback Climbing Center: 0% (Closed) people=0 capacity=30 is_open=False hour_summary=Closed until 2:00pm
[2026-07-30 04:30:04] RIMAC Fitness Gym: 1% (Closed) people=2 capacity=150 is_open=False hour_summary=Closed until 6:00am
[2026-07-30 04:30:04] Triton Esports Center: 0% (Closed) people=0 capacity=35 is_open=False hour_summary=closed
[2026-07-30 04:30:04] === SCRAPE END OK ===
[2026-07-30 04:45:02] === SCRAPE START ===
[2026-07-30 04:45:02] Fetching https://waitz.io/live/ucsd-rec
[2026-07-30 04:45:03] Saved 4 rows to ucsd_occupancy_history.csv
[2026-07-30 04:45:03] Main Gym Fitness Gym: 0% (Closed) people=0 capacity=72 is_open=False hour_summary=closed
[2026-07-30 04:45:03] Outback Climbing Center: 0% (Closed) people=0 capacity=30 is_open=False hour_summary=Closed until 2:00pm
[2026-07-30 04:45:03] RIMAC Fitness Gym: 1% (Closed) people=2 capacity=150 is_open=False hour_summary=Closed until 6:00am
[2026-07-30 04:45:03] Triton Esports Center: 0% (Closed) people=0 capacity=35 is_open=False hour_summary=closed
[2026-07-30 04:45:03] === SCRAPE END OK ===
[2026-07-30 05:00:02] === SCRAPE START ===
[2026-07-30 05:00:02] Fetching https://waitz.io/live/ucsd-rec
[2026-07-30 05:00:04] Saved 4 rows to ucsd_occupancy_history.csv
[2026-07-30 05:00:04] Main Gym Fitness Gym: 0% (Closed) people=0 capacity=72 is_open=False hour_summary=closed
[2026-07-30 05:00:04] Outback Climbing Center: 0% (Closed) people=0 capacity=30 is_open=False hour_summary=Closed until 2:00pm
[2026-07-30 05:00:04] RIMAC Fitness Gym: 1% (Closed) people=2 capacity=150 is_open=False hour_summary=Closed until 6:00am
[2026-07-30 05:00:04] Triton Esports Center: 0% (Closed) people=0 capacity=35 is_open=False hour_summary=closed
[2026-07-30 05:00:04] === SCRAPE END OK ===
[2026-07-30 05:15:02] === SCRAPE START ===
[2026-07-30 05:15:02] Fetching https://waitz.io/live/ucsd-rec
[2026-07-30 05:15:03] Saved 4 rows to ucsd_occupancy_history.csv
[2026-07-30 05:15:03] Main Gym Fitness Gym: 0% (Closed) people=0 capacity=72 is_open=False hour_summary=closed
[2026-07-30 05:15:03] Outback Climbing Center: 0% (Closed) people=0 capacity=30 is_open=False hour_summary=Closed until 2:00pm
[2026-07-30 05:15:03] RIMAC Fitness Gym: 3% (Closed) people=5 capacity=150 is_open=False hour_summary=Closed until 6:00am
[2026-07-30 05:15:03] Triton Esports Center: 0% (Closed) people=0 capacity=35 is_open=False hour_summary=closed
[2026-07-30 05:15:03] === SCRAPE END OK ===
[2026-07-30 05:30:02] === SCRAPE START ===
[2026-07-30 05:30:02] Fetching https://waitz.io/live/ucsd-rec
[2026-07-30 05:30:04] Saved 4 rows to ucsd_occupancy_history.csv
[2026-07-30 05:30:04] Main Gym Fitness Gym: 0% (Closed) people=0 capacity=72 is_open=False hour_summary=closed
[2026-07-30 05:30:04] Outback Climbing Center: 0% (Closed) people=0 capacity=30 is_open=False hour_summary=Closed until 2:00pm
[2026-07-30 05:30:04] RIMAC Fitness Gym: 1% (Closed) people=2 capacity=150 is_open=False hour_summary=Closed until 6:00am
[2026-07-30 05:30:04] Triton Esports Center: 0% (Closed) people=0 capacity=35 is_open=False hour_summary=closed
[2026-07-30 05:30:04] === SCRAPE END OK ===
[2026-07-30 05:45:02] === SCRAPE START ===
[2026-07-30 05:45:02] Fetching https://waitz.io/live/ucsd-rec
[2026-07-30 05:45:03] Saved 4 rows to ucsd_occupancy_history.csv
[2026-07-30 05:45:03] Main Gym Fitness Gym: 0% (Closed) people=0 capacity=72 is_open=False hour_summary=closed
[2026-07-30 05:45:03] Outback Climbing Center: 0% (Closed) people=0 capacity=30 is_open=False hour_summary=Closed until 2:00pm
[2026-07-30 05:45:03] RIMAC Fitness Gym: 6% (Closed) people=9 capacity=150 is_open=False hour_summary=Closed until 6:00am
[2026-07-30 05:45:03] Triton Esports Center: 0% (Closed) people=0 capacity=35 is_open=False hour_summary=closed
[2026-07-30 05:45:03] === SCRAPE END OK ===
[2026-07-30 06:00:02] === SCRAPE START ===
[2026-07-30 06:00:02] Fetching https://waitz.io/live/ucsd-rec
[2026-07-30 06:00:03] Saved 4 rows to ucsd_occupancy_history.csv
[2026-07-30 06:00:03] Main Gym Fitness Gym: 0% (Closed) people=0 capacity=72 is_open=False hour_summary=closed
[2026-07-30 06:00:03] Outback Climbing Center: 0% (Closed) people=0 capacity=30 is_open=False hour_summary=Closed until 2:00pm
[2026-07-30 06:00:03] RIMAC Fitness Gym: 1% (Not Busy) people=2 capacity=150 is_open=True hour_summary=open
[2026-07-30 06:00:03] Triton Esports Center: 0% (Closed) people=0 capacity=35 is_open=False hour_summary=closed
[2026-07-30 06:00:03] === SCRAPE END OK ===
[2026-07-30 06:15:02] === SCRAPE START ===
[2026-07-30 06:15:02] Fetching https://waitz.io/live/ucsd-rec
[2026-07-30 06:15:03] Saved 4 rows to ucsd_occupancy_history.csv
[2026-07-30 06:15:03] Main Gym Fitness Gym: 0% (Closed) people=0 capacity=72 is_open=False hour_summary=closed
[2026-07-30 06:15:03] Outback Climbing Center: 0% (Closed) people=0 capacity=30 is_open=False hour_summary=Closed until 2:00pm
[2026-07-30 06:15:03] RIMAC Fitness Gym: 7% (Not Busy) people=11 capacity=150 is_open=True hour_summary=open
[2026-07-30 06:15:03] Triton Esports Center: 0% (Closed) people=0 capacity=35 is_open=False hour_summary=closed
[2026-07-30 06:15:03] === SCRAPE END OK ===
[2026-07-30 06:30:02] === SCRAPE START ===
[2026-07-30 06:30:02] Fetching https://waitz.io/live/ucsd-rec
[2026-07-30 06:30:03] Saved 4 rows to ucsd_occupancy_history.csv
[2026-07-30 06:30:03] Main Gym Fitness Gym: 1% (Closed) people=1 capacity=72 is_open=False hour_summary=closed
[2026-07-30 06:30:03] Outback Climbing Center: 0% (Closed) people=0 capacity=30 is_open=False hour_summary=Closed until 2:00pm
[2026-07-30 06:30:03] RIMAC Fitness Gym: 6% (Not Busy) people=9 capacity=150 is_open=True hour_summary=open
[2026-07-30 06:30:03] Triton Esports Center: 0% (Closed) people=0 capacity=35 is_open=False hour_summary=closed
[2026-07-30 06:30:03] === SCRAPE END OK ===
[2026-07-30 06:45:02] === SCRAPE START ===
[2026-07-30 06:45:02] Fetching https://waitz.io/live/ucsd-rec
[2026-07-30 06:45:03] Saved 4 rows to ucsd_occupancy_history.csv
[2026-07-30 06:45:03] Main Gym Fitness Gym: 1% (Closed) people=1 capacity=72 is_open=False hour_summary=closed
[2026-07-30 06:45:03] Outback Climbing Center: 0% (Closed) people=0 capacity=30 is_open=False hour_summary=Closed until 2:00pm
[2026-07-30 06:45:03] RIMAC Fitness Gym: 10% (Not Busy) people=15 capacity=150 is_open=True hour_summary=open
[2026-07-30 06:45:03] Triton Esports Center: 0% (Closed) people=0 capacity=35 is_open=False hour_summary=closed
[2026-07-30 06:45:03] === SCRAPE END OK ===
[2026-07-30 07:00:02] === SCRAPE START ===
[2026-07-30 07:00:02] Fetching https://waitz.io/live/ucsd-rec
[2026-07-30 07:00:04] Saved 4 rows to ucsd_occupancy_history.csv
[2026-07-30 07:00:04] Main Gym Fitness Gym: 0% (Closed) people=0 capacity=72 is_open=False hour_summary=closed
[2026-07-30 07:00:04] Outback Climbing Center: 3% (Closed) people=1 capacity=30 is_open=False hour_summary=Closed until 2:00pm
[2026-07-30 07:00:04] RIMAC Fitness Gym: 11% (Not Busy) people=17 capacity=150 is_open=True hour_summary=open
[2026-07-30 07:00:04] Triton Esports Center: 0% (Closed) people=0 capacity=35 is_open=False hour_summary=closed
[2026-07-30 07:00:04] === SCRAPE END OK ===
[2026-07-30 07:15:02] === SCRAPE START ===
[2026-07-30 07:15:02] Fetching https://waitz.io/live/ucsd-rec
[2026-07-30 07:15:03] Saved 4 rows to ucsd_occupancy_history.csv
[2026-07-30 07:15:03] Main Gym Fitness Gym: 1% (Closed) people=1 capacity=72 is_open=False hour_summary=closed
[2026-07-30 07:15:03] Outback Climbing Center: 0% (Closed) people=0 capacity=30 is_open=False hour_summary=Closed until 2:00pm
[2026-07-30 07:15:03] RIMAC Fitness Gym: 11% (Not Busy) people=17 capacity=150 is_open=True hour_summary=open
[2026-07-30 07:15:03] Triton Esports Center: 0% (Closed) people=0 capacity=35 is_open=False hour_summary=closed
[2026-07-30 07:15:03] === SCRAPE END OK ===
[2026-07-30 07:30:02] === SCRAPE START ===
[2026-07-30 07:30:02] Fetching https://waitz.io/live/ucsd-rec
[2026-07-30 07:30:03] Saved 4 rows to ucsd_occupancy_history.csv
[2026-07-30 07:30:03] Main Gym Fitness Gym: 7% (Closed) people=5 capacity=72 is_open=False hour_summary=closed
[2026-07-30 07:30:03] Outback Climbing Center: 0% (Closed) people=0 capacity=30 is_open=False hour_summary=Closed until 2:00pm
[2026-07-30 07:30:03] RIMAC Fitness Gym: 15% (Not Busy) people=23 capacity=150 is_open=True hour_summary=open
[2026-07-30 07:30:03] Triton Esports Center: 0% (Closed) people=0 capacity=35 is_open=False hour_summary=closed
[2026-07-30 07:30:03] === SCRAPE END OK ===
[2026-07-30 07:45:02] === SCRAPE START ===
[2026-07-30 07:45:02] Fetching https://waitz.io/live/ucsd-rec
[2026-07-30 07:45:03] Saved 4 rows to ucsd_occupancy_history.csv
[2026-07-30 07:45:03] Main Gym Fitness Gym: 7% (Closed) people=5 capacity=72 is_open=False hour_summary=closed
[2026-07-30 07:45:03] Outback Climbing Center: 3% (Closed) people=1 capacity=30 is_open=False hour_summary=Closed until 2:00pm
[2026-07-30 07:45:03] RIMAC Fitness Gym: 12% (Not Busy) people=18 capacity=150 is_open=True hour_summary=open
[2026-07-30 07:45:03] Triton Esports Center: 0% (Closed) people=0 capacity=35 is_open=False hour_summary=closed
[2026-07-30 07:45:03] === SCRAPE END OK ===
[2026-07-30 08:00:02] === SCRAPE START ===
[2026-07-30 08:00:02] Fetching https://waitz.io/live/ucsd-rec
[2026-07-30 08:00:04] Saved 4 rows to ucsd_occupancy_history.csv
[2026-07-30 08:00:04] Main Gym Fitness Gym: 18% (Closed) people=13 capacity=72 is_open=False hour_summary=closed
[2026-07-30 08:00:04] Outback Climbing Center: 0% (Closed) people=0 capacity=30 is_open=False hour_summary=Closed until 2:00pm
[2026-07-30 08:00:04] RIMAC Fitness Gym: 17% (Not Busy) people=26 capacity=150 is_open=True hour_summary=open
[2026-07-30 08:00:04] Triton Esports Center: 0% (Closed) people=0 capacity=35 is_open=False hour_summary=closed
[2026-07-30 08:00:04] === SCRAPE END OK ===
[2026-07-30 08:15:02] === SCRAPE START ===
[2026-07-30 08:15:02] Fetching https://waitz.io/live/ucsd-rec
[2026-07-30 08:15:03] Saved 4 rows to ucsd_occupancy_history.csv
[2026-07-30 08:15:03] Main Gym Fitness Gym: 13% (Closed) people=9 capacity=72 is_open=False hour_summary=closed
[2026-07-30 08:15:03] Outback Climbing Center: 0% (Closed) people=0 capacity=30 is_open=False hour_summary=Closed until 2:00pm
[2026-07-30 08:15:03] RIMAC Fitness Gym: 13% (Not Busy) people=20 capacity=150 is_open=True hour_summary=open
[2026-07-30 08:15:03] Triton Esports Center: 0% (Closed) people=0 capacity=35 is_open=False hour_summary=closed
[2026-07-30 08:15:03] === SCRAPE END OK ===
[2026-07-30 08:30:02] === SCRAPE START ===
[2026-07-30 08:30:02] Fetching https://waitz.io/live/ucsd-rec
[2026-07-30 08:30:03] Saved 4 rows to ucsd_occupancy_history.csv
[2026-07-30 08:30:03] Main Gym Fitness Gym: 17% (Closed) people=12 capacity=72 is_open=False hour_summary=closed
[2026-07-30 08:30:03] Outback Climbing Center: 0% (Closed) people=0 capacity=30 is_open=False hour_summary=Closed until 2:00pm
[2026-07-30 08:30:03] RIMAC Fitness Gym: 13% (Not Busy) people=20 capacity=150 is_open=True hour_summary=open
[2026-07-30 08:30:03] Triton Esports Center: 0% (Closed) people=0 capacity=35 is_open=False hour_summary=closed
[2026-07-30 08:30:03] === SCRAPE END OK ===
[2026-07-30 08:45:02] === SCRAPE START ===
[2026-07-30 08:45:02] Fetching https://waitz.io/live/ucsd-rec
[2026-07-30 08:45:03] Saved 4 rows to ucsd_occupancy_history.csv
[2026-07-30 08:45:03] Main Gym Fitness Gym: 19% (Closed) people=14 capacity=72 is_open=False hour_summary=closed
[2026-07-30 08:45:03] Outback Climbing Center: 10% (Closed) people=3 capacity=30 is_open=False hour_summary=Closed until 2:00pm
[2026-07-30 08:45:03] RIMAC Fitness Gym: 9% (Not Busy) people=14 capacity=150 is_open=True hour_summary=open
[2026-07-30 08:45:03] Triton Esports Center: 0% (Closed) people=0 capacity=35 is_open=False hour_summary=closed
[2026-07-30 08:45:03] === SCRAPE END OK ===
[2026-07-30 09:00:02] === SCRAPE START ===
[2026-07-30 09:00:02] Fetching https://waitz.io/live/ucsd-rec
[2026-07-30 09:00:03] Saved 4 rows to ucsd_occupancy_history.csv
[2026-07-30 09:00:03] Main Gym Fitness Gym: 19% (Closed) people=14 capacity=72 is_open=False hour_summary=closed
[2026-07-30 09:00:03] Outback Climbing Center: 20% (Closed) people=6 capacity=30 is_open=False hour_summary=Closed until 2:00pm
[2026-07-30 09:00:03] RIMAC Fitness Gym: 13% (Not Busy) people=20 capacity=150 is_open=True hour_summary=open
[2026-07-30 09:00:03] Triton Esports Center: 0% (Closed) people=0 capacity=35 is_open=False hour_summary=closed
[2026-07-30 09:00:03] === SCRAPE END OK ===
[2026-07-30 09:15:02] === SCRAPE START ===
[2026-07-30 09:15:02] Fetching https://waitz.io/live/ucsd-rec
[2026-07-30 09:15:03] Saved 4 rows to ucsd_occupancy_history.csv
[2026-07-30 09:15:03] Main Gym Fitness Gym: 47% (Closed) people=34 capacity=72 is_open=False hour_summary=closed
[2026-07-30 09:15:03] Outback Climbing Center: 23% (Closed) people=7 capacity=30 is_open=False hour_summary=Closed until 2:00pm
[2026-07-30 09:15:03] RIMAC Fitness Gym: 11% (Not Busy) people=17 capacity=150 is_open=True hour_summary=open
[2026-07-30 09:15:03] Triton Esports Center: 0% (Closed) people=0 capacity=35 is_open=False hour_summary=closed
[2026-07-30 09:15:03] === SCRAPE END OK ===
[2026-07-30 09:30:02] === SCRAPE START ===
[2026-07-30 09:30:02] Fetching https://waitz.io/live/ucsd-rec
[2026-07-30 09:30:03] Saved 4 rows to ucsd_occupancy_history.csv
[2026-07-30 09:30:03] Main Gym Fitness Gym: 50% (Closed) people=36 capacity=72 is_open=False hour_summary=closed
[2026-07-30 09:30:03] Outback Climbing Center: 33% (Closed) people=10 capacity=30 is_open=False hour_summary=Closed until 2:00pm
[2026-07-30 09:30:03] RIMAC Fitness Gym: 11% (Not Busy) people=17 capacity=150 is_open=True hour_summary=open
[2026-07-30 09:30:03] Triton Esports Center: 0% (Closed) people=0 capacity=35 is_open=False hour_summary=closed
[2026-07-30 09:30:03] === SCRAPE END OK ===
[2026-07-30 09:45:02] === SCRAPE START ===
[2026-07-30 09:45:02] Fetching https://waitz.io/live/ucsd-rec
[2026-07-30 09:45:03] Saved 4 rows to ucsd_occupancy_history.csv
[2026-07-30 09:45:03] Main Gym Fitness Gym: 43% (Closed) people=31 capacity=72 is_open=False hour_summary=closed
[2026-07-30 09:45:03] Outback Climbing Center: 50% (Closed) people=15 capacity=30 is_open=False hour_summary=Closed until 2:00pm
[2026-07-30 09:45:03] RIMAC Fitness Gym: 15% (Not Busy) people=23 capacity=150 is_open=True hour_summary=open
[2026-07-30 09:45:03] Triton Esports Center: 0% (Closed) people=0 capacity=35 is_open=False hour_summary=closed
[2026-07-30 09:45:03] === SCRAPE END OK ===
[2026-07-30 10:00:02] === SCRAPE START ===
[2026-07-30 10:00:02] Fetching https://waitz.io/live/ucsd-rec
[2026-07-30 10:00:04] Saved 4 rows to ucsd_occupancy_history.csv
[2026-07-30 10:00:04] Main Gym Fitness Gym: 39% (Closed) people=28 capacity=72 is_open=False hour_summary=closed
[2026-07-30 10:00:04] Outback Climbing Center: 43% (Closed) people=13 capacity=30 is_open=False hour_summary=Closed until 2:00pm
[2026-07-30 10:00:04] RIMAC Fitness Gym: 13% (Not Busy) people=20 capacity=150 is_open=True hour_summary=open
[2026-07-30 10:00:04] Triton Esports Center: 0% (Closed) people=0 capacity=35 is_open=False hour_summary=closed
[2026-07-30 10:00:04] === SCRAPE END OK ===
[2026-07-30 10:15:02] === SCRAPE START ===
[2026-07-30 10:15:02] Fetching https://waitz.io/live/ucsd-rec
[2026-07-30 10:15:03] Saved 4 rows to ucsd_occupancy_history.csv
[2026-07-30 10:15:03] Main Gym Fitness Gym: 35% (Closed) people=25 capacity=72 is_open=False hour_summary=closed
[2026-07-30 10:15:03] Outback Climbing Center: 47% (Closed) people=14 capacity=30 is_open=False hour_summary=Closed until 2:00pm
[2026-07-30 10:15:03] RIMAC Fitness Gym: 13% (Not Busy) people=20 capacity=150 is_open=True hour_summary=open
[2026-07-30 10:15:03] Triton Esports Center: 0% (Closed) people=0 capacity=35 is_open=False hour_summary=closed
[2026-07-30 10:15:03] === SCRAPE END OK ===
