[2026-09-26 00:00:01] === SCRAPE START ===
[2026-09-26 00:00:01] Fetching https://waitz.io/live/ucsd-rec
[2026-09-26 00:00:03] Saved 4 rows to ucsd_occupancy_history.csv
[2026-09-26 00:00:03] Main Gym Fitness Gym: 1% (Closed) people=1 capacity=72 is_open=False hour_summary=Closed until 8:00am
[2026-09-26 00:00:03] Outback Climbing Center: 23% (Closed) people=7 capacity=30 is_open=False hour_summary=Closed until 2:00pm
[2026-09-26 00:00:03] RIMAC Fitness Gym: 0% (Closed) people=0 capacity=65 is_open=False hour_summary=Closed until 8:00am
[2026-09-26 00:00:03] Triton Esports Center: 0% (Closed) people=0 capacity=35 is_open=False hour_summary=closed
[2026-09-26 00:00:03] === SCRAPE END OK ===
[2026-09-26 00:15:01] === SCRAPE START ===
[2026-09-26 00:15:01] Fetching https://waitz.io/live/ucsd-rec
[2026-09-26 00:15:03] Saved 4 rows to ucsd_occupancy_history.csv
[2026-09-26 00:15:03] Main Gym Fitness Gym: 1% (Closed) people=1 capacity=72 is_open=False hour_summary=Closed until 8:00am
[2026-09-26 00:15:03] Outback Climbing Center: 27% (Closed) people=8 capacity=30 is_open=False hour_summary=Closed until 2:00pm
[2026-09-26 00:15:03] RIMAC Fitness Gym: 0% (Closed) people=0 capacity=65 is_open=False hour_summary=Closed until 8:00am
[2026-09-26 00:15:03] Triton Esports Center: 0% (Closed) people=0 capacity=35 is_open=False hour_summary=closed
[2026-09-26 00:15:03] === SCRAPE END OK ===
[2026-09-26 00:30:01] === SCRAPE START ===
[2026-09-26 00:30:01] Fetching https://waitz.io/live/ucsd-rec
[2026-09-26 00:30:03] Saved 4 rows to ucsd_occupancy_history.csv
[2026-09-26 00:30:03] Main Gym Fitness Gym: 1% (Closed) people=1 capacity=72 is_open=False hour_summary=Closed until 8:00am
[2026-09-26 00:30:03] Outback Climbing Center: 27% (Closed) people=8 capacity=30 is_open=False hour_summary=Closed until 2:00pm
[2026-09-26 00:30:03] RIMAC Fitness Gym: 0% (Closed) people=0 capacity=65 is_open=False hour_summary=Closed until 8:00am
[2026-09-26 00:30:03] Triton Esports Center: 0% (Closed) people=0 capacity=35 is_open=False hour_summary=closed
[2026-09-26 00:30:03] === SCRAPE END OK ===
[2026-09-26 00:45:01] === SCRAPE START ===
[2026-09-26 00:45:01] Fetching https://waitz.io/live/ucsd-rec
[2026-09-26 00:45:03] Saved 4 rows to ucsd_occupancy_history.csv
[2026-09-26 00:45:03] Main Gym Fitness Gym: 1% (Closed) people=1 capacity=72 is_open=False hour_summary=Closed until 8:00am
[2026-09-26 00:45:03] Outback Climbing Center: 23% (Closed) people=7 capacity=30 is_open=False hour_summary=Closed until 2:00pm
[2026-09-26 00:45:03] RIMAC Fitness Gym: 0% (Closed) people=0 capacity=65 is_open=False hour_summary=Closed until 8:00am
[2026-09-26 00:45:03] Triton Esports Center: 0% (Closed) people=0 capacity=35 is_open=False hour_summary=closed
[2026-09-26 00:45:03] === SCRAPE END OK ===
[2026-09-26 01:00:02] === SCRAPE START ===
[2026-09-26 01:00:02] Fetching https://waitz.io/live/ucsd-rec
[2026-09-26 01:00:04] Saved 4 rows to ucsd_occupancy_history.csv
[2026-09-26 01:00:04] Main Gym Fitness Gym: 1% (Closed) people=1 capacity=72 is_open=False hour_summary=Closed until 8:00am
[2026-09-26 01:00:04] Outback Climbing Center: 27% (Closed) people=8 capacity=30 is_open=False hour_summary=Closed until 2:00pm
[2026-09-26 01:00:04] RIMAC Fitness Gym: 0% (Closed) people=0 capacity=65 is_open=False hour_summary=Closed until 8:00am
[2026-09-26 01:00:04] Triton Esports Center: 0% (Closed) people=0 capacity=35 is_open=False hour_summary=closed
[2026-09-26 01:00:04] === SCRAPE END OK ===
[2026-09-26 01:15:01] === SCRAPE START ===
[2026-09-26 01:15:01] Fetching https://waitz.io/live/ucsd-rec
[2026-09-26 01:15:03] Saved 4 rows to ucsd_occupancy_history.csv
[2026-09-26 01:15:03] Main Gym Fitness Gym: 1% (Closed) people=1 capacity=72 is_open=False hour_summary=Closed until 8:00am
[2026-09-26 01:15:03] Outback Climbing Center: 23% (Closed) people=7 capacity=30 is_open=False hour_summary=Closed until 2:00pm
[2026-09-26 01:15:03] RIMAC Fitness Gym: 0% (Closed) people=0 capacity=65 is_open=False hour_summary=Closed until 8:00am
[2026-09-26 01:15:03] Triton Esports Center: 0% (Closed) people=0 capacity=35 is_open=False hour_summary=closed
[2026-09-26 01:15:03] === SCRAPE END OK ===
[2026-09-26 01:30:01] === SCRAPE START ===
[2026-09-26 01:30:01] Fetching https://waitz.io/live/ucsd-rec
[2026-09-26 01:30:03] Saved 4 rows to ucsd_occupancy_history.csv
[2026-09-26 01:30:03] Main Gym Fitness Gym: 7% (Closed) people=5 capacity=72 is_open=False hour_summary=Closed until 8:00am
[2026-09-26 01:30:03] Outback Climbing Center: 27% (Closed) people=8 capacity=30 is_open=False hour_summary=Closed until 2:00pm
[2026-09-26 01:30:03] RIMAC Fitness Gym: 0% (Closed) people=0 capacity=65 is_open=False hour_summary=Closed until 8:00am
[2026-09-26 01:30:03] Triton Esports Center: 0% (Closed) people=0 capacity=35 is_open=False hour_summary=closed
[2026-09-26 01:30:03] === SCRAPE END OK ===
[2026-09-26 01:45:01] === SCRAPE START ===
[2026-09-26 01:45:01] Fetching https://waitz.io/live/ucsd-rec
[2026-09-26 01:45:02] Saved 4 rows to ucsd_occupancy_history.csv
[2026-09-26 01:45:02] Main Gym Fitness Gym: 1% (Closed) people=1 capacity=72 is_open=False hour_summary=Closed until 8:00am
[2026-09-26 01:45:02] Outback Climbing Center: 23% (Closed) people=7 capacity=30 is_open=False hour_summary=Closed until 2:00pm
[2026-09-26 01:45:02] RIMAC Fitness Gym: 0% (Closed) people=0 capacity=65 is_open=False hour_summary=Closed until 8:00am
[2026-09-26 01:45:02] Triton Esports Center: 0% (Closed) people=0 capacity=35 is_open=False hour_summary=closed
[2026-09-26 01:45:02] === SCRAPE END OK ===
[2026-09-26 02:00:01] === SCRAPE START ===
[2026-09-26 02:00:01] Fetching https://waitz.io/live/ucsd-rec
[2026-09-26 02:00:02] Saved 4 rows to ucsd_occupancy_history.csv
[2026-09-26 02:00:02] Main Gym Fitness Gym: 1% (Closed) people=1 capacity=72 is_open=False hour_summary=Closed until 8:00am
[2026-09-26 02:00:02] Outback Climbing Center: 27% (Closed) people=8 capacity=30 is_open=False hour_summary=Closed until 2:00pm
[2026-09-26 02:00:02] RIMAC Fitness Gym: 0% (Closed) people=0 capacity=65 is_open=False hour_summary=Closed until 8:00am
[2026-09-26 02:00:02] Triton Esports Center: 0% (Closed) people=0 capacity=35 is_open=False hour_summary=closed
[2026-09-26 02:00:02] === SCRAPE END OK ===
[2026-09-26 02:15:01] === SCRAPE START ===
[2026-09-26 02:15:01] Fetching https://waitz.io/live/ucsd-rec
[2026-09-26 02:15:02] Saved 4 rows to ucsd_occupancy_history.csv
[2026-09-26 02:15:02] Main Gym Fitness Gym: 1% (Closed) people=1 capacity=72 is_open=False hour_summary=Closed until 8:00am
[2026-09-26 02:15:02] Outback Climbing Center: 23% (Closed) people=7 capacity=30 is_open=False hour_summary=Closed until 2:00pm
[2026-09-26 02:15:02] RIMAC Fitness Gym: 0% (Closed) people=0 capacity=65 is_open=False hour_summary=Closed until 8:00am
[2026-09-26 02:15:02] Triton Esports Center: 0% (Closed) people=0 capacity=35 is_open=False hour_summary=closed
[2026-09-26 02:15:02] === SCRAPE END OK ===
[2026-09-26 02:30:01] === SCRAPE START ===
[2026-09-26 02:30:01] Fetching https://waitz.io/live/ucsd-rec
[2026-09-26 02:30:03] Saved 4 rows to ucsd_occupancy_history.csv
[2026-09-26 02:30:03] Main Gym Fitness Gym: 1% (Closed) people=1 capacity=72 is_open=False hour_summary=Closed until 8:00am
[2026-09-26 02:30:03] Outback Climbing Center: 23% (Closed) people=7 capacity=30 is_open=False hour_summary=Closed until 2:00pm
[2026-09-26 02:30:03] RIMAC Fitness Gym: 0% (Closed) people=0 capacity=65 is_open=False hour_summary=Closed until 8:00am
[2026-09-26 02:30:03] Triton Esports Center: 0% (Closed) people=0 capacity=35 is_open=False hour_summary=closed
[2026-09-26 02:30:03] === SCRAPE END OK ===
[2026-09-26 02:45:01] === SCRAPE START ===
[2026-09-26 02:45:01] Fetching https://waitz.io/live/ucsd-rec
[2026-09-26 02:45:03] Saved 4 rows to ucsd_occupancy_history.csv
[2026-09-26 02:45:03] Main Gym Fitness Gym: 1% (Closed) people=1 capacity=72 is_open=False hour_summary=Closed until 8:00am
[2026-09-26 02:45:03] Outback Climbing Center: 23% (Closed) people=7 capacity=30 is_open=False hour_summary=Closed until 2:00pm
[2026-09-26 02:45:03] RIMAC Fitness Gym: 0% (Closed) people=0 capacity=65 is_open=False hour_summary=Closed until 8:00am
[2026-09-26 02:45:03] Triton Esports Center: 0% (Closed) people=0 capacity=35 is_open=False hour_summary=closed
[2026-09-26 02:45:03] === SCRAPE END OK ===
[2026-09-26 03:00:01] === SCRAPE START ===
[2026-09-26 03:00:01] Fetching https://waitz.io/live/ucsd-rec
[2026-09-26 03:00:03] Saved 4 rows to ucsd_occupancy_history.csv
[2026-09-26 03:00:03] Main Gym Fitness Gym: 1% (Closed) people=1 capacity=72 is_open=False hour_summary=Closed until 8:00am
[2026-09-26 03:00:03] Outback Climbing Center: 23% (Closed) people=7 capacity=30 is_open=False hour_summary=Closed until 2:00pm
[2026-09-26 03:00:03] RIMAC Fitness Gym: 0% (Closed) people=0 capacity=65 is_open=False hour_summary=Closed until 8:00am
[2026-09-26 03:00:03] Triton Esports Center: 0% (Closed) people=0 capacity=35 is_open=False hour_summary=closed
[2026-09-26 03:00:03] === SCRAPE END OK ===
[2026-09-26 03:15:01] === SCRAPE START ===
[2026-09-26 03:15:01] Fetching https://waitz.io/live/ucsd-rec
[2026-09-26 03:15:02] Saved 4 rows to ucsd_occupancy_history.csv
[2026-09-26 03:15:02] Main Gym Fitness Gym: 1% (Closed) people=1 capacity=72 is_open=False hour_summary=Closed until 8:00am
[2026-09-26 03:15:02] Outback Climbing Center: 23% (Closed) people=7 capacity=30 is_open=False hour_summary=Closed until 2:00pm
[2026-09-26 03:15:02] RIMAC Fitness Gym: 0% (Closed) people=0 capacity=65 is_open=False hour_summary=Closed until 8:00am
[2026-09-26 03:15:02] Triton Esports Center: 0% (Closed) people=0 capacity=35 is_open=False hour_summary=closed
[2026-09-26 03:15:02] === SCRAPE END OK ===
[2026-09-26 03:30:01] === SCRAPE START ===
[2026-09-26 03:30:01] Fetching https://waitz.io/live/ucsd-rec
[2026-09-26 03:30:03] Saved 4 rows to ucsd_occupancy_history.csv
[2026-09-26 03:30:03] Main Gym Fitness Gym: 1% (Closed) people=1 capacity=72 is_open=False hour_summary=Closed until 8:00am
[2026-09-26 03:30:03] Outback Climbing Center: 23% (Closed) people=7 capacity=30 is_open=False hour_summary=Closed until 2:00pm
[2026-09-26 03:30:03] RIMAC Fitness Gym: 0% (Closed) people=0 capacity=65 is_open=False hour_summary=Closed until 8:00am
[2026-09-26 03:30:03] Triton Esports Center: 0% (Closed) people=0 capacity=35 is_open=False hour_summary=closed
[2026-09-26 03:30:03] === SCRAPE END OK ===
[2026-09-26 03:45:03] === SCRAPE START ===
[2026-09-26 03:45:03] Fetching https://waitz.io/live/ucsd-rec
[2026-09-26 03:45:04] Saved 4 rows to ucsd_occupancy_history.csv
[2026-09-26 03:45:04] Main Gym Fitness Gym: 1% (Closed) people=1 capacity=72 is_open=False hour_summary=Closed until 8:00am
[2026-09-26 03:45:04] Outback Climbing Center: 23% (Closed) people=7 capacity=30 is_open=False hour_summary=Closed until 2:00pm
[2026-09-26 03:45:04] RIMAC Fitness Gym: 0% (Closed) people=0 capacity=65 is_open=False hour_summary=Closed until 8:00am
[2026-09-26 03:45:04] Triton Esports Center: 0% (Closed) people=0 capacity=35 is_open=False hour_summary=closed
[2026-09-26 03:45:04] === SCRAPE END OK ===
[2026-09-26 04:00:01] === SCRAPE START ===
[2026-09-26 04:00:01] Fetching https://waitz.io/live/ucsd-rec
[2026-09-26 04:00:03] Saved 4 rows to ucsd_occupancy_history.csv
[2026-09-26 04:00:03] Main Gym Fitness Gym: 1% (Closed) people=1 capacity=72 is_open=False hour_summary=Closed until 8:00am
[2026-09-26 04:00:03] Outback Climbing Center: 23% (Closed) people=7 capacity=30 is_open=False hour_summary=Closed until 2:00pm
[2026-09-26 04:00:03] RIMAC Fitness Gym: 0% (Closed) people=0 capacity=65 is_open=False hour_summary=Closed until 8:00am
[2026-09-26 04:00:03] Triton Esports Center: 0% (Closed) people=0 capacity=35 is_open=False hour_summary=closed
[2026-09-26 04:00:03] === SCRAPE END OK ===
[2026-09-26 04:15:01] === SCRAPE START ===
[2026-09-26 04:15:01] Fetching https://waitz.io/live/ucsd-rec
[2026-09-26 04:15:03] Saved 4 rows to ucsd_occupancy_history.csv
[2026-09-26 04:15:03] Main Gym Fitness Gym: 1% (Closed) people=1 capacity=72 is_open=False hour_summary=Closed until 8:00am
[2026-09-26 04:15:03] Outback Climbing Center: 23% (Closed) people=7 capacity=30 is_open=False hour_summary=Closed until 2:00pm
[2026-09-26 04:15:03] RIMAC Fitness Gym: 0% (Closed) people=0 capacity=65 is_open=False hour_summary=Closed until 8:00am
[2026-09-26 04:15:03] Triton Esports Center: 0% (Closed) people=0 capacity=35 is_open=False hour_summary=closed
[2026-09-26 04:15:03] === SCRAPE END OK ===
[2026-09-26 04:30:01] === SCRAPE START ===
[2026-09-26 04:30:01] Fetching https://waitz.io/live/ucsd-rec
[2026-09-26 04:30:03] Saved 4 rows to ucsd_occupancy_history.csv
[2026-09-26 04:30:03] Main Gym Fitness Gym: 1% (Closed) people=1 capacity=72 is_open=False hour_summary=Closed until 8:00am
[2026-09-26 04:30:03] Outback Climbing Center: 23% (Closed) people=7 capacity=30 is_open=False hour_summary=Closed until 2:00pm
[2026-09-26 04:30:03] RIMAC Fitness Gym: 0% (Closed) people=0 capacity=65 is_open=False hour_summary=Closed until 8:00am
[2026-09-26 04:30:03] Triton Esports Center: 0% (Closed) people=0 capacity=35 is_open=False hour_summary=closed
[2026-09-26 04:30:03] === SCRAPE END OK ===
[2026-09-26 04:45:01] === SCRAPE START ===
[2026-09-26 04:45:01] Fetching https://waitz.io/live/ucsd-rec
[2026-09-26 04:45:02] Saved 4 rows to ucsd_occupancy_history.csv
[2026-09-26 04:45:02] Main Gym Fitness Gym: 1% (Closed) people=1 capacity=72 is_open=False hour_summary=Closed until 8:00am
[2026-09-26 04:45:02] Outback Climbing Center: 23% (Closed) people=7 capacity=30 is_open=False hour_summary=Closed until 2:00pm
[2026-09-26 04:45:02] RIMAC Fitness Gym: 0% (Closed) people=0 capacity=65 is_open=False hour_summary=Closed until 8:00am
[2026-09-26 04:45:02] Triton Esports Center: 0% (Closed) people=0 capacity=35 is_open=False hour_summary=closed
[2026-09-26 04:45:02] === SCRAPE END OK ===
[2026-09-26 05:00:01] === SCRAPE START ===
[2026-09-26 05:00:01] Fetching https://waitz.io/live/ucsd-rec
[2026-09-26 05:00:03] Saved 4 rows to ucsd_occupancy_history.csv
[2026-09-26 05:00:03] Main Gym Fitness Gym: 1% (Closed) people=1 capacity=72 is_open=False hour_summary=Closed until 8:00am
[2026-09-26 05:00:03] Outback Climbing Center: 20% (Closed) people=6 capacity=30 is_open=False hour_summary=Closed until 2:00pm
[2026-09-26 05:00:03] RIMAC Fitness Gym: 0% (Closed) people=0 capacity=65 is_open=False hour_summary=Closed until 8:00am
[2026-09-26 05:00:03] Triton Esports Center: 0% (Closed) people=0 capacity=35 is_open=False hour_summary=closed
[2026-09-26 05:00:03] === SCRAPE END OK ===
[2026-09-26 05:15:01] === SCRAPE START ===
[2026-09-26 05:15:01] Fetching https://waitz.io/live/ucsd-rec
[2026-09-26 05:15:02] Saved 4 rows to ucsd_occupancy_history.csv
[2026-09-26 05:15:02] Main Gym Fitness Gym: 1% (Closed) people=1 capacity=72 is_open=False hour_summary=Closed until 8:00am
[2026-09-26 05:15:02] Outback Climbing Center: 20% (Closed) people=6 capacity=30 is_open=False hour_summary=Closed until 2:00pm
[2026-09-26 05:15:02] RIMAC Fitness Gym: 0% (Closed) people=0 capacity=65 is_open=False hour_summary=Closed until 8:00am
[2026-09-26 05:15:02] Triton Esports Center: 0% (Closed) people=0 capacity=35 is_open=False hour_summary=closed
[2026-09-26 05:15:02] === SCRAPE END OK ===
[2026-09-26 05:30:01] === SCRAPE START ===
[2026-09-26 05:30:01] Fetching https://waitz.io/live/ucsd-rec
[2026-09-26 05:30:03] Saved 4 rows to ucsd_occupancy_history.csv
[2026-09-26 05:30:03] Main Gym Fitness Gym: 1% (Closed) people=1 capacity=72 is_open=False hour_summary=Closed until 8:00am
[2026-09-26 05:30:03] Outback Climbing Center: 20% (Closed) people=6 capacity=30 is_open=False hour_summary=Closed until 2:00pm
[2026-09-26 05:30:03] RIMAC Fitness Gym: 0% (Closed) people=0 capacity=65 is_open=False hour_summary=Closed until 8:00am
[2026-09-26 05:30:03] Triton Esports Center: 0% (Closed) people=0 capacity=35 is_open=False hour_summary=closed
[2026-09-26 05:30:03] === SCRAPE END OK ===
[2026-09-26 05:45:01] === SCRAPE START ===
[2026-09-26 05:45:01] Fetching https://waitz.io/live/ucsd-rec
[2026-09-26 05:45:03] Saved 4 rows to ucsd_occupancy_history.csv
[2026-09-26 05:45:03] Main Gym Fitness Gym: 1% (Closed) people=1 capacity=72 is_open=False hour_summary=Closed until 8:00am
[2026-09-26 05:45:03] Outback Climbing Center: 23% (Closed) people=7 capacity=30 is_open=False hour_summary=Closed until 2:00pm
[2026-09-26 05:45:03] RIMAC Fitness Gym: 0% (Closed) people=0 capacity=65 is_open=False hour_summary=Closed until 8:00am
[2026-09-26 05:45:03] Triton Esports Center: 0% (Closed) people=0 capacity=35 is_open=False hour_summary=closed
[2026-09-26 05:45:03] === SCRAPE END OK ===
[2026-09-26 06:00:01] === SCRAPE START ===
[2026-09-26 06:00:01] Fetching https://waitz.io/live/ucsd-rec
[2026-09-26 06:00:03] Saved 4 rows to ucsd_occupancy_history.csv
[2026-09-26 06:00:03] Main Gym Fitness Gym: 1% (Closed) people=1 capacity=72 is_open=False hour_summary=Closed until 8:00am
[2026-09-26 06:00:03] Outback Climbing Center: 23% (Closed) people=7 capacity=30 is_open=False hour_summary=Closed until 2:00pm
[2026-09-26 06:00:03] RIMAC Fitness Gym: 0% (Closed) people=0 capacity=65 is_open=False hour_summary=Closed until 8:00am
[2026-09-26 06:00:03] Triton Esports Center: 0% (Closed) people=0 capacity=35 is_open=False hour_summary=closed
[2026-09-26 06:00:03] === SCRAPE END OK ===
[2026-09-26 06:15:01] === SCRAPE START ===
[2026-09-26 06:15:01] Fetching https://waitz.io/live/ucsd-rec
[2026-09-26 06:15:03] Saved 4 rows to ucsd_occupancy_history.csv
[2026-09-26 06:15:03] Main Gym Fitness Gym: 1% (Closed) people=1 capacity=72 is_open=False hour_summary=Closed until 8:00am
[2026-09-26 06:15:03] Outback Climbing Center: 27% (Closed) people=8 capacity=30 is_open=False hour_summary=Closed until 2:00pm
[2026-09-26 06:15:03] RIMAC Fitness Gym: 0% (Closed) people=0 capacity=65 is_open=False hour_summary=Closed until 8:00am
[2026-09-26 06:15:03] Triton Esports Center: 0% (Closed) people=0 capacity=35 is_open=False hour_summary=closed
[2026-09-26 06:15:03] === SCRAPE END OK ===
[2026-09-26 06:30:01] === SCRAPE START ===
[2026-09-26 06:30:01] Fetching https://waitz.io/live/ucsd-rec
[2026-09-26 06:30:03] Saved 4 rows to ucsd_occupancy_history.csv
[2026-09-26 06:30:03] Main Gym Fitness Gym: 1% (Closed) people=1 capacity=72 is_open=False hour_summary=Closed until 8:00am
[2026-09-26 06:30:03] Outback Climbing Center: 27% (Closed) people=8 capacity=30 is_open=False hour_summary=Closed until 2:00pm
[2026-09-26 06:30:03] RIMAC Fitness Gym: 0% (Closed) people=0 capacity=65 is_open=False hour_summary=Closed until 8:00am
[2026-09-26 06:30:03] Triton Esports Center: 0% (Closed) people=0 capacity=35 is_open=False hour_summary=closed
[2026-09-26 06:30:03] === SCRAPE END OK ===
[2026-09-26 06:45:01] === SCRAPE START ===
[2026-09-26 06:45:01] Fetching https://waitz.io/live/ucsd-rec
[2026-09-26 06:45:02] Saved 4 rows to ucsd_occupancy_history.csv
[2026-09-26 06:45:02] Main Gym Fitness Gym: 1% (Closed) people=1 capacity=72 is_open=False hour_summary=Closed until 8:00am
[2026-09-26 06:45:02] Outback Climbing Center: 23% (Closed) people=7 capacity=30 is_open=False hour_summary=Closed until 2:00pm
[2026-09-26 06:45:02] RIMAC Fitness Gym: 0% (Closed) people=0 capacity=65 is_open=False hour_summary=Closed until 8:00am
[2026-09-26 06:45:02] Triton Esports Center: 0% (Closed) people=0 capacity=35 is_open=False hour_summary=closed
[2026-09-26 06:45:02] === SCRAPE END OK ===
[2026-09-26 07:00:01] === SCRAPE START ===
[2026-09-26 07:00:01] Fetching https://waitz.io/live/ucsd-rec
[2026-09-26 07:00:03] Saved 4 rows to ucsd_occupancy_history.csv
[2026-09-26 07:00:03] Main Gym Fitness Gym: 1% (Closed) people=1 capacity=72 is_open=False hour_summary=Closed until 8:00am
[2026-09-26 07:00:03] Outback Climbing Center: 27% (Closed) people=8 capacity=30 is_open=False hour_summary=Closed until 2:00pm
[2026-09-26 07:00:03] RIMAC Fitness Gym: 0% (Closed) people=0 capacity=65 is_open=False hour_summary=Closed until 8:00am
[2026-09-26 07:00:03] Triton Esports Center: 0% (Closed) people=0 capacity=35 is_open=False hour_summary=closed
[2026-09-26 07:00:03] === SCRAPE END OK ===
[2026-09-26 07:15:02] === SCRAPE START ===
[2026-09-26 07:15:02] Fetching https://waitz.io/live/ucsd-rec
[2026-09-26 07:15:03] Saved 4 rows to ucsd_occupancy_history.csv
[2026-09-26 07:15:03] Main Gym Fitness Gym: 1% (Closed) people=1 capacity=72 is_open=False hour_summary=Closed until 8:00am
[2026-09-26 07:15:03] Outback Climbing Center: 30% (Closed) people=9 capacity=30 is_open=False hour_summary=Closed until 2:00pm
[2026-09-26 07:15:03] RIMAC Fitness Gym: 2% (Closed) people=1 capacity=65 is_open=False hour_summary=Closed until 8:00am
[2026-09-26 07:15:03] Triton Esports Center: 0% (Closed) people=0 capacity=35 is_open=False hour_summary=closed
[2026-09-26 07:15:03] === SCRAPE END OK ===
[2026-09-26 07:30:01] === SCRAPE START ===
[2026-09-26 07:30:01] Fetching https://waitz.io/live/ucsd-rec
[2026-09-26 07:30:03] Saved 4 rows to ucsd_occupancy_history.csv
[2026-09-26 07:30:03] Main Gym Fitness Gym: 1% (Closed) people=1 capacity=72 is_open=False hour_summary=Closed until 8:00am
[2026-09-26 07:30:03] Outback Climbing Center: 27% (Closed) people=8 capacity=30 is_open=False hour_summary=Closed until 2:00pm
[2026-09-26 07:30:03] RIMAC Fitness Gym: 2% (Closed) people=1 capacity=65 is_open=False hour_summary=Closed until 8:00am
[2026-09-26 07:30:03] Triton Esports Center: 0% (Closed) people=0 capacity=35 is_open=False hour_summary=closed
[2026-09-26 07:30:03] === SCRAPE END OK ===
[2026-09-26 07:45:01] === SCRAPE START ===
[2026-09-26 07:45:01] Fetching https://waitz.io/live/ucsd-rec
[2026-09-26 07:45:02] Saved 4 rows to ucsd_occupancy_history.csv
[2026-09-26 07:45:02] Main Gym Fitness Gym: 1% (Closed) people=1 capacity=72 is_open=False hour_summary=Closed until 8:00am
[2026-09-26 07:45:02] Outback Climbing Center: 27% (Closed) people=8 capacity=30 is_open=False hour_summary=Closed until 2:00pm
[2026-09-26 07:45:02] RIMAC Fitness Gym: 2% (Closed) people=1 capacity=65 is_open=False hour_summary=Closed until 8:00am
[2026-09-26 07:45:02] Triton Esports Center: 0% (Closed) people=0 capacity=35 is_open=False hour_summary=closed
[2026-09-26 07:45:02] === SCRAPE END OK ===
[2026-09-26 08:00:01] === SCRAPE START ===
[2026-09-26 08:00:01] Fetching https://waitz.io/live/ucsd-rec
[2026-09-26 08:00:03] Saved 4 rows to ucsd_occupancy_history.csv
[2026-09-26 08:00:03] Main Gym Fitness Gym: 1% (Not Busy) people=1 capacity=72 is_open=True hour_summary=open
[2026-09-26 08:00:03] Outback Climbing Center: 27% (Closed) people=8 capacity=30 is_open=False hour_summary=Closed until 2:00pm
[2026-09-26 08:00:03] RIMAC Fitness Gym: 0% (Data Unavailable) people=0 capacity=65 is_open=True hour_summary=open
[2026-09-26 08:00:03] Triton Esports Center: 0% (Closed) people=0 capacity=35 is_open=False hour_summary=closed
[2026-09-26 08:00:03] === SCRAPE END OK ===
[2026-09-26 08:15:01] === SCRAPE START ===
[2026-09-26 08:15:01] Fetching https://waitz.io/live/ucsd-rec
[2026-09-26 08:15:02] Saved 4 rows to ucsd_occupancy_history.csv
[2026-09-26 08:15:02] Main Gym Fitness Gym: 18% (Not Busy) people=13 capacity=72 is_open=True hour_summary=open
[2026-09-26 08:15:02] Outback Climbing Center: 27% (Closed) people=8 capacity=30 is_open=False hour_summary=Closed until 2:00pm
[2026-09-26 08:15:02] RIMAC Fitness Gym: 75% (Busy) people=49 capacity=65 is_open=True hour_summary=open
[2026-09-26 08:15:02] Triton Esports Center: 0% (Closed) people=0 capacity=35 is_open=False hour_summary=closed
[2026-09-26 08:15:02] === SCRAPE END OK ===
[2026-09-26 08:30:01] === SCRAPE START ===
[2026-09-26 08:30:01] Fetching https://waitz.io/live/ucsd-rec
[2026-09-26 08:30:03] Saved 4 rows to ucsd_occupancy_history.csv
[2026-09-26 08:30:03] Main Gym Fitness Gym: 11% (Not Busy) people=8 capacity=72 is_open=True hour_summary=open
[2026-09-26 08:30:03] Outback Climbing Center: 30% (Closed) people=9 capacity=30 is_open=False hour_summary=Closed until 2:00pm
[2026-09-26 08:30:03] RIMAC Fitness Gym: 98% (Very Active) people=64 capacity=65 is_open=True hour_summary=open
[2026-09-26 08:30:03] Triton Esports Center: 0% (Closed) people=0 capacity=35 is_open=False hour_summary=closed
[2026-09-26 08:30:03] === SCRAPE END OK ===
[2026-09-26 08:45:01] === SCRAPE START ===
[2026-09-26 08:45:01] Fetching https://waitz.io/live/ucsd-rec
[2026-09-26 08:45:02] Saved 4 rows to ucsd_occupancy_history.csv
[2026-09-26 08:45:02] Main Gym Fitness Gym: 11% (Not Busy) people=8 capacity=72 is_open=True hour_summary=open
[2026-09-26 08:45:02] Outback Climbing Center: 27% (Closed) people=8 capacity=30 is_open=False hour_summary=Closed until 2:00pm
[2026-09-26 08:45:02] RIMAC Fitness Gym: 99% (Very Active) people=64 capacity=65 is_open=True hour_summary=open
[2026-09-26 08:45:02] Triton Esports Center: 0% (Closed) people=0 capacity=35 is_open=False hour_summary=closed
[2026-09-26 08:45:02] === SCRAPE END OK ===
[2026-09-26 09:00:01] === SCRAPE START ===
[2026-09-26 09:00:01] Fetching https://waitz.io/live/ucsd-rec
[2026-09-26 09:00:03] Saved 4 rows to ucsd_occupancy_history.csv
[2026-09-26 09:00:03] Main Gym Fitness Gym: 25% (Not Busy) people=18 capacity=72 is_open=True hour_summary=open
[2026-09-26 09:00:03] Outback Climbing Center: 23% (Closed) people=7 capacity=30 is_open=False hour_summary=Closed until 2:00pm
[2026-09-26 09:00:03] RIMAC Fitness Gym: 98% (Very Active) people=64 capacity=65 is_open=True hour_summary=open
[2026-09-26 09:00:03] Triton Esports Center: 0% (Closed) people=0 capacity=35 is_open=False hour_summary=closed
[2026-09-26 09:00:03] === SCRAPE END OK ===
[2026-09-26 09:15:01] === SCRAPE START ===
[2026-09-26 09:15:01] Fetching https://waitz.io/live/ucsd-rec
[2026-09-26 09:15:02] Saved 4 rows to ucsd_occupancy_history.csv
[2026-09-26 09:15:02] Main Gym Fitness Gym: 8% (Not Busy) people=6 capacity=72 is_open=True hour_summary=open
[2026-09-26 09:15:02] Outback Climbing Center: 30% (Closed) people=9 capacity=30 is_open=False hour_summary=Closed until 2:00pm
[2026-09-26 09:15:02] RIMAC Fitness Gym: 98% (Very Active) people=64 capacity=65 is_open=True hour_summary=open
[2026-09-26 09:15:02] Triton Esports Center: 0% (Closed) people=0 capacity=35 is_open=False hour_summary=closed
[2026-09-26 09:15:02] === SCRAPE END OK ===
[2026-09-26 09:30:01] === SCRAPE START ===
[2026-09-26 09:30:01] Fetching https://waitz.io/live/ucsd-rec
[2026-09-26 09:30:03] Saved 4 rows to ucsd_occupancy_history.csv
[2026-09-26 09:30:03] Main Gym Fitness Gym: 21% (Not Busy) people=15 capacity=72 is_open=True hour_summary=open
[2026-09-26 09:30:03] Outback Climbing Center: 27% (Closed) people=8 capacity=30 is_open=False hour_summary=Closed until 2:00pm
[2026-09-26 09:30:03] RIMAC Fitness Gym: 85% (Very Active) people=55 capacity=65 is_open=True hour_summary=open
[2026-09-26 09:30:03] Triton Esports Center: 0% (Closed) people=0 capacity=35 is_open=False hour_summary=closed
[2026-09-26 09:30:03] === SCRAPE END OK ===
[2026-09-26 09:45:01] === SCRAPE START ===
[2026-09-26 09:45:01] Fetching https://waitz.io/live/ucsd-rec
[2026-09-26 09:45:02] Saved 4 rows to ucsd_occupancy_history.csv
[2026-09-26 09:45:02] Main Gym Fitness Gym: 25% (Not Busy) people=18 capacity=72 is_open=True hour_summary=open
[2026-09-26 09:45:02] Outback Climbing Center: 27% (Closed) people=8 capacity=30 is_open=False hour_summary=Closed until 2:00pm
[2026-09-26 09:45:02] RIMAC Fitness Gym: 66% (Busy) people=43 capacity=65 is_open=True hour_summary=open
[2026-09-26 09:45:02] Triton Esports Center: 0% (Closed) people=0 capacity=35 is_open=False hour_summary=closed
[2026-09-26 09:45:02] === SCRAPE END OK ===
[2026-09-26 10:00:01] === SCRAPE START ===
[2026-09-26 10:00:01] Fetching https://waitz.io/live/ucsd-rec
[2026-09-26 10:00:03] Saved 4 rows to ucsd_occupancy_history.csv
[2026-09-26 10:00:03] Main Gym Fitness Gym: 18% (Not Busy) people=13 capacity=72 is_open=True hour_summary=open
[2026-09-26 10:00:03] Outback Climbing Center: 27% (Closed) people=8 capacity=30 is_open=False hour_summary=Closed until 2:00pm
[2026-09-26 10:00:03] RIMAC Fitness Gym: 65% (Busy) people=42 capacity=65 is_open=True hour_summary=open
[2026-09-26 10:00:03] Triton Esports Center: 0% (Closed) people=0 capacity=35 is_open=False hour_summary=closed
[2026-09-26 10:00:03] === SCRAPE END OK ===
[2026-09-26 10:15:01] === SCRAPE START ===
[2026-09-26 10:15:01] Fetching https://waitz.io/live/ucsd-rec
[2026-09-26 10:15:02] Saved 4 rows to ucsd_occupancy_history.csv
[2026-09-26 10:15:02] Main Gym Fitness Gym: 18% (Not Busy) people=13 capacity=72 is_open=True hour_summary=open
[2026-09-26 10:15:02] Outback Climbing Center: 27% (Closed) people=8 capacity=30 is_open=False hour_summary=Closed until 2:00pm
[2026-09-26 10:15:02] RIMAC Fitness Gym: 48% (Busy) people=31 capacity=65 is_open=True hour_summary=open
[2026-09-26 10:15:02] Triton Esports Center: 0% (Closed) people=0 capacity=35 is_open=False hour_summary=closed
[2026-09-26 10:15:02] === SCRAPE END OK ===
[2026-09-26 10:30:01] === SCRAPE START ===
[2026-09-26 10:30:01] Fetching https://waitz.io/live/ucsd-rec
[2026-09-26 10:30:03] Saved 4 rows to ucsd_occupancy_history.csv
[2026-09-26 10:30:03] Main Gym Fitness Gym: 32% (Not Busy) people=23 capacity=72 is_open=True hour_summary=open
[2026-09-26 10:30:03] Outback Climbing Center: 27% (Closed) people=8 capacity=30 is_open=False hour_summary=Closed until 2:00pm
[2026-09-26 10:30:03] RIMAC Fitness Gym: 52% (Busy) people=34 capacity=65 is_open=True hour_summary=open
[2026-09-26 10:30:03] Triton Esports Center: 0% (Closed) people=0 capacity=35 is_open=False hour_summary=closed
[2026-09-26 10:30:03] === SCRAPE END OK ===
[2026-09-26 10:45:01] === SCRAPE START ===
[2026-09-26 10:45:01] Fetching https://waitz.io/live/ucsd-rec
[2026-09-26 10:45:02] Saved 4 rows to ucsd_occupancy_history.csv
[2026-09-26 10:45:02] Main Gym Fitness Gym: 14% (Not Busy) people=10 capacity=72 is_open=True hour_summary=open
[2026-09-26 10:45:02] Outback Climbing Center: 27% (Closed) people=8 capacity=30 is_open=False hour_summary=Closed until 2:00pm
[2026-09-26 10:45:02] RIMAC Fitness Gym: 75% (Busy) people=49 capacity=65 is_open=True hour_summary=open
[2026-09-26 10:45:02] Triton Esports Center: 0% (Closed) people=0 capacity=35 is_open=False hour_summary=closed
[2026-09-26 10:45:02] === SCRAPE END OK ===
[2026-09-26 11:00:01] === SCRAPE START ===
[2026-09-26 11:00:01] Fetching https://waitz.io/live/ucsd-rec
[2026-09-26 11:00:03] Saved 4 rows to ucsd_occupancy_history.csv
[2026-09-26 11:00:03] Main Gym Fitness Gym: 25% (Not Busy) people=18 capacity=72 is_open=True hour_summary=open
[2026-09-26 11:00:03] Outback Climbing Center: 27% (Closed) people=8 capacity=30 is_open=False hour_summary=Closed until 2:00pm
[2026-09-26 11:00:03] RIMAC Fitness Gym: 99% (Very Active) people=64 capacity=65 is_open=True hour_summary=open
[2026-09-26 11:00:03] Triton Esports Center: 0% (Closed) people=0 capacity=35 is_open=False hour_summary=closed
[2026-09-26 11:00:03] === SCRAPE END OK ===
[2026-09-26 11:15:01] === SCRAPE START ===
[2026-09-26 11:15:01] Fetching https://waitz.io/live/ucsd-rec
[2026-09-26 11:15:02] Saved 4 rows to ucsd_occupancy_history.csv
[2026-09-26 11:15:02] Main Gym Fitness Gym: 24% (Not Busy) people=17 capacity=72 is_open=True hour_summary=open
[2026-09-26 11:15:02] Outback Climbing Center: 73% (Closed) people=22 capacity=30 is_open=False hour_summary=Closed until 2:00pm
[2026-09-26 11:15:02] RIMAC Fitness Gym: 99% (Very Active) people=64 capacity=65 is_open=True hour_summary=open
[2026-09-26 11:15:02] Triton Esports Center: 0% (Closed) people=0 capacity=35 is_open=False hour_summary=closed
[2026-09-26 11:15:02] === SCRAPE END OK ===
[2026-09-26 11:30:01] === SCRAPE START ===
[2026-09-26 11:30:01] Fetching https://waitz.io/live/ucsd-rec
[2026-09-26 11:30:03] Saved 4 rows to ucsd_occupancy_history.csv
[2026-09-26 11:30:03] Main Gym Fitness Gym: 39% (Not Busy) people=28 capacity=72 is_open=True hour_summary=open
[2026-09-26 11:30:03] Outback Climbing Center: 99% (Closed) people=30 capacity=30 is_open=False hour_summary=Closed until 2:00pm
[2026-09-26 11:30:03] RIMAC Fitness Gym: 99% (Very Active) people=64 capacity=65 is_open=True hour_summary=open
[2026-09-26 11:30:03] Triton Esports Center: 0% (Closed) people=0 capacity=35 is_open=False hour_summary=closed
[2026-09-26 11:30:03] === SCRAPE END OK ===
[2026-09-26 11:45:01] === SCRAPE START ===
[2026-09-26 11:45:01] Fetching https://waitz.io/live/ucsd-rec
[2026-09-26 11:45:02] Saved 4 rows to ucsd_occupancy_history.csv
[2026-09-26 11:45:02] Main Gym Fitness Gym: 21% (Not Busy) people=15 capacity=72 is_open=True hour_summary=open
[2026-09-26 11:45:02] Outback Climbing Center: 99% (Closed) people=30 capacity=30 is_open=False hour_summary=Closed until 2:00pm
[2026-09-26 11:45:02] RIMAC Fitness Gym: 99% (Very Active) people=64 capacity=65 is_open=True hour_summary=open
[2026-09-26 11:45:02] Triton Esports Center: 0% (Closed) people=0 capacity=35 is_open=False hour_summary=closed
[2026-09-26 11:45:02] === SCRAPE END OK ===
