[2026-08-07 00:00:01] === SCRAPE START ===
[2026-08-07 00:00:01] Fetching https://waitz.io/live/ucsd-rec
[2026-08-07 00:00:02] Saved 4 rows to ucsd_occupancy_history.csv
[2026-08-07 00:00:02] Main Gym Fitness Gym: 1% (Closed) people=1 capacity=72 is_open=False hour_summary=closed
[2026-08-07 00:00:02] Outback Climbing Center: 0% (Closed) people=0 capacity=30 is_open=False hour_summary=Closed until 2:00pm
[2026-08-07 00:00:02] RIMAC Fitness Gym: 0% (Closed) people=0 capacity=65 is_open=False hour_summary=Closed until 6:00am
[2026-08-07 00:00:02] Triton Esports Center: 0% (Closed) people=0 capacity=35 is_open=False hour_summary=closed
[2026-08-07 00:00:02] === SCRAPE END OK ===
[2026-08-07 00:15:02] === SCRAPE START ===
[2026-08-07 00:15:02] Fetching https://waitz.io/live/ucsd-rec
[2026-08-07 00:15:03] Saved 4 rows to ucsd_occupancy_history.csv
[2026-08-07 00:15:03] Main Gym Fitness Gym: 1% (Closed) people=1 capacity=72 is_open=False hour_summary=closed
[2026-08-07 00:15:03] Outback Climbing Center: 0% (Closed) people=0 capacity=30 is_open=False hour_summary=Closed until 2:00pm
[2026-08-07 00:15:03] RIMAC Fitness Gym: 0% (Closed) people=0 capacity=65 is_open=False hour_summary=Closed until 6:00am
[2026-08-07 00:15:03] Triton Esports Center: 0% (Closed) people=0 capacity=35 is_open=False hour_summary=closed
[2026-08-07 00:15:03] === SCRAPE END OK ===
[2026-08-07 00:30:02] === SCRAPE START ===
[2026-08-07 00:30:02] Fetching https://waitz.io/live/ucsd-rec
[2026-08-07 00:30:04] Saved 4 rows to ucsd_occupancy_history.csv
[2026-08-07 00:30:04] Main Gym Fitness Gym: 1% (Closed) people=1 capacity=72 is_open=False hour_summary=closed
[2026-08-07 00:30:04] Outback Climbing Center: 0% (Closed) people=0 capacity=30 is_open=False hour_summary=Closed until 2:00pm
[2026-08-07 00:30:04] RIMAC Fitness Gym: 0% (Closed) people=0 capacity=65 is_open=False hour_summary=Closed until 6:00am
[2026-08-07 00:30:04] Triton Esports Center: 0% (Closed) people=0 capacity=35 is_open=False hour_summary=closed
[2026-08-07 00:30:04] === SCRAPE END OK ===
[2026-08-07 00:45:02] === SCRAPE START ===
[2026-08-07 00:45:02] Fetching https://waitz.io/live/ucsd-rec
[2026-08-07 00:45:03] Saved 4 rows to ucsd_occupancy_history.csv
[2026-08-07 00:45:03] Main Gym Fitness Gym: 1% (Closed) people=1 capacity=72 is_open=False hour_summary=closed
[2026-08-07 00:45:03] Outback Climbing Center: 0% (Closed) people=0 capacity=30 is_open=False hour_summary=Closed until 2:00pm
[2026-08-07 00:45:03] RIMAC Fitness Gym: 0% (Closed) people=0 capacity=65 is_open=False hour_summary=Closed until 6:00am
[2026-08-07 00:45:03] Triton Esports Center: 0% (Closed) people=0 capacity=35 is_open=False hour_summary=closed
[2026-08-07 00:45:03] === SCRAPE END OK ===
[2026-08-07 01:00:02] === SCRAPE START ===
[2026-08-07 01:00:02] Fetching https://waitz.io/live/ucsd-rec
[2026-08-07 01:00:03] Saved 4 rows to ucsd_occupancy_history.csv
[2026-08-07 01:00:03] Main Gym Fitness Gym: 1% (Closed) people=1 capacity=72 is_open=False hour_summary=closed
[2026-08-07 01:00:03] Outback Climbing Center: 0% (Closed) people=0 capacity=30 is_open=False hour_summary=Closed until 2:00pm
[2026-08-07 01:00:03] RIMAC Fitness Gym: 0% (Closed) people=0 capacity=65 is_open=False hour_summary=Closed until 6:00am
[2026-08-07 01:00:03] Triton Esports Center: 0% (Closed) people=0 capacity=35 is_open=False hour_summary=closed
[2026-08-07 01:00:03] === SCRAPE END OK ===
[2026-08-07 01:15:02] === SCRAPE START ===
[2026-08-07 01:15:02] Fetching https://waitz.io/live/ucsd-rec
[2026-08-07 01:15:03] Saved 4 rows to ucsd_occupancy_history.csv
[2026-08-07 01:15:03] Main Gym Fitness Gym: 1% (Closed) people=1 capacity=72 is_open=False hour_summary=closed
[2026-08-07 01:15:03] Outback Climbing Center: 0% (Closed) people=0 capacity=30 is_open=False hour_summary=Closed until 2:00pm
[2026-08-07 01:15:03] RIMAC Fitness Gym: 0% (Closed) people=0 capacity=65 is_open=False hour_summary=Closed until 6:00am
[2026-08-07 01:15:03] Triton Esports Center: 0% (Closed) people=0 capacity=35 is_open=False hour_summary=closed
[2026-08-07 01:15:03] === SCRAPE END OK ===
[2026-08-07 01:30:02] === SCRAPE START ===
[2026-08-07 01:30:02] Fetching https://waitz.io/live/ucsd-rec
[2026-08-07 01:30:03] Saved 4 rows to ucsd_occupancy_history.csv
[2026-08-07 01:30:03] Main Gym Fitness Gym: 0% (Closed) people=0 capacity=72 is_open=False hour_summary=closed
[2026-08-07 01:30:03] Outback Climbing Center: 0% (Closed) people=0 capacity=30 is_open=False hour_summary=Closed until 2:00pm
[2026-08-07 01:30:03] RIMAC Fitness Gym: 2% (Closed) people=1 capacity=65 is_open=False hour_summary=Closed until 6:00am
[2026-08-07 01:30:03] Triton Esports Center: 0% (Closed) people=0 capacity=35 is_open=False hour_summary=closed
[2026-08-07 01:30:03] === SCRAPE END OK ===
[2026-08-07 01:45:02] === SCRAPE START ===
[2026-08-07 01:45:02] Fetching https://waitz.io/live/ucsd-rec
[2026-08-07 01:45:03] Saved 4 rows to ucsd_occupancy_history.csv
[2026-08-07 01:45:03] Main Gym Fitness Gym: 0% (Closed) people=0 capacity=72 is_open=False hour_summary=closed
[2026-08-07 01:45:03] Outback Climbing Center: 0% (Closed) people=0 capacity=30 is_open=False hour_summary=Closed until 2:00pm
[2026-08-07 01:45:03] RIMAC Fitness Gym: 2% (Closed) people=1 capacity=65 is_open=False hour_summary=Closed until 6:00am
[2026-08-07 01:45:03] Triton Esports Center: 0% (Closed) people=0 capacity=35 is_open=False hour_summary=closed
[2026-08-07 01:45:03] === SCRAPE END OK ===
[2026-08-07 02:00:02] === SCRAPE START ===
[2026-08-07 02:00:02] Fetching https://waitz.io/live/ucsd-rec
[2026-08-07 02:00:04] Saved 4 rows to ucsd_occupancy_history.csv
[2026-08-07 02:00:04] Main Gym Fitness Gym: 0% (Closed) people=0 capacity=72 is_open=False hour_summary=closed
[2026-08-07 02:00:04] Outback Climbing Center: 0% (Closed) people=0 capacity=30 is_open=False hour_summary=Closed until 2:00pm
[2026-08-07 02:00:04] RIMAC Fitness Gym: 2% (Closed) people=1 capacity=65 is_open=False hour_summary=Closed until 6:00am
[2026-08-07 02:00:04] Triton Esports Center: 0% (Closed) people=0 capacity=35 is_open=False hour_summary=closed
[2026-08-07 02:00:04] === SCRAPE END OK ===
[2026-08-07 02:15:02] === SCRAPE START ===
[2026-08-07 02:15:02] Fetching https://waitz.io/live/ucsd-rec
[2026-08-07 02:15:03] Saved 4 rows to ucsd_occupancy_history.csv
[2026-08-07 02:15:03] Main Gym Fitness Gym: 0% (Closed) people=0 capacity=72 is_open=False hour_summary=closed
[2026-08-07 02:15:03] Outback Climbing Center: 0% (Closed) people=0 capacity=30 is_open=False hour_summary=Closed until 2:00pm
[2026-08-07 02:15:03] RIMAC Fitness Gym: 2% (Closed) people=1 capacity=65 is_open=False hour_summary=Closed until 6:00am
[2026-08-07 02:15:03] Triton Esports Center: 0% (Closed) people=0 capacity=35 is_open=False hour_summary=closed
[2026-08-07 02:15:03] === SCRAPE END OK ===
[2026-08-07 02:30:02] === SCRAPE START ===
[2026-08-07 02:30:02] Fetching https://waitz.io/live/ucsd-rec
[2026-08-07 02:30:03] Saved 4 rows to ucsd_occupancy_history.csv
[2026-08-07 02:30:03] Main Gym Fitness Gym: 0% (Closed) people=0 capacity=72 is_open=False hour_summary=closed
[2026-08-07 02:30:03] Outback Climbing Center: 0% (Closed) people=0 capacity=30 is_open=False hour_summary=Closed until 2:00pm
[2026-08-07 02:30:03] RIMAC Fitness Gym: 0% (Closed) people=0 capacity=65 is_open=False hour_summary=Closed until 6:00am
[2026-08-07 02:30:03] Triton Esports Center: 0% (Closed) people=0 capacity=35 is_open=False hour_summary=closed
[2026-08-07 02:30:03] === SCRAPE END OK ===
[2026-08-07 02:45:02] === SCRAPE START ===
[2026-08-07 02:45:02] Fetching https://waitz.io/live/ucsd-rec
[2026-08-07 02:45:03] Saved 4 rows to ucsd_occupancy_history.csv
[2026-08-07 02:45:03] Main Gym Fitness Gym: 0% (Closed) people=0 capacity=72 is_open=False hour_summary=closed
[2026-08-07 02:45:03] Outback Climbing Center: 0% (Closed) people=0 capacity=30 is_open=False hour_summary=Closed until 2:00pm
[2026-08-07 02:45:03] RIMAC Fitness Gym: 2% (Closed) people=1 capacity=65 is_open=False hour_summary=Closed until 6:00am
[2026-08-07 02:45:03] Triton Esports Center: 0% (Closed) people=0 capacity=35 is_open=False hour_summary=closed
[2026-08-07 02:45:03] === SCRAPE END OK ===
[2026-08-07 03:00:02] === SCRAPE START ===
[2026-08-07 03:00:02] Fetching https://waitz.io/live/ucsd-rec
[2026-08-07 03:00:03] Saved 4 rows to ucsd_occupancy_history.csv
[2026-08-07 03:00:03] Main Gym Fitness Gym: 0% (Closed) people=0 capacity=72 is_open=False hour_summary=closed
[2026-08-07 03:00:03] Outback Climbing Center: 0% (Closed) people=0 capacity=30 is_open=False hour_summary=Closed until 2:00pm
[2026-08-07 03:00:03] RIMAC Fitness Gym: 2% (Closed) people=1 capacity=65 is_open=False hour_summary=Closed until 6:00am
[2026-08-07 03:00:03] Triton Esports Center: 0% (Closed) people=0 capacity=35 is_open=False hour_summary=closed
[2026-08-07 03:00:03] === SCRAPE END OK ===
[2026-08-07 03:15:02] === SCRAPE START ===
[2026-08-07 03:15:02] Fetching https://waitz.io/live/ucsd-rec
[2026-08-07 03:15:03] Saved 4 rows to ucsd_occupancy_history.csv
[2026-08-07 03:15:03] Main Gym Fitness Gym: 0% (Closed) people=0 capacity=72 is_open=False hour_summary=closed
[2026-08-07 03:15:03] Outback Climbing Center: 0% (Closed) people=0 capacity=30 is_open=False hour_summary=Closed until 2:00pm
[2026-08-07 03:15:03] RIMAC Fitness Gym: 2% (Closed) people=1 capacity=65 is_open=False hour_summary=Closed until 6:00am
[2026-08-07 03:15:03] Triton Esports Center: 0% (Closed) people=0 capacity=35 is_open=False hour_summary=closed
[2026-08-07 03:15:03] === SCRAPE END OK ===
[2026-08-07 03:30:02] === SCRAPE START ===
[2026-08-07 03:30:02] Fetching https://waitz.io/live/ucsd-rec
[2026-08-07 03:30:04] Saved 4 rows to ucsd_occupancy_history.csv
[2026-08-07 03:30:04] Main Gym Fitness Gym: 0% (Closed) people=0 capacity=72 is_open=False hour_summary=closed
[2026-08-07 03:30:04] Outback Climbing Center: 0% (Closed) people=0 capacity=30 is_open=False hour_summary=Closed until 2:00pm
[2026-08-07 03:30:04] RIMAC Fitness Gym: 0% (Closed) people=0 capacity=65 is_open=False hour_summary=Closed until 6:00am
[2026-08-07 03:30:04] Triton Esports Center: 0% (Closed) people=0 capacity=35 is_open=False hour_summary=closed
[2026-08-07 03:30:04] === SCRAPE END OK ===
[2026-08-07 03:45:02] === SCRAPE START ===
[2026-08-07 03:45:02] Fetching https://waitz.io/live/ucsd-rec
[2026-08-07 03:45:02] Saved 4 rows to ucsd_occupancy_history.csv
[2026-08-07 03:45:02] Main Gym Fitness Gym: 0% (Closed) people=0 capacity=72 is_open=False hour_summary=closed
[2026-08-07 03:45:02] Outback Climbing Center: 0% (Closed) people=0 capacity=30 is_open=False hour_summary=Closed until 2:00pm
[2026-08-07 03:45:02] RIMAC Fitness Gym: 0% (Closed) people=0 capacity=65 is_open=False hour_summary=Closed until 6:00am
[2026-08-07 03:45:02] Triton Esports Center: 0% (Closed) people=0 capacity=35 is_open=False hour_summary=closed
[2026-08-07 03:45:02] === SCRAPE END OK ===
[2026-08-07 04:00:02] === SCRAPE START ===
[2026-08-07 04:00:02] Fetching https://waitz.io/live/ucsd-rec
[2026-08-07 04:00:03] Saved 4 rows to ucsd_occupancy_history.csv
[2026-08-07 04:00:03] Main Gym Fitness Gym: 0% (Closed) people=0 capacity=72 is_open=False hour_summary=closed
[2026-08-07 04:00:03] Outback Climbing Center: 0% (Closed) people=0 capacity=30 is_open=False hour_summary=Closed until 2:00pm
[2026-08-07 04:00:03] RIMAC Fitness Gym: 0% (Closed) people=0 capacity=65 is_open=False hour_summary=Closed until 6:00am
[2026-08-07 04:00:03] Triton Esports Center: 0% (Closed) people=0 capacity=35 is_open=False hour_summary=closed
[2026-08-07 04:00:03] === SCRAPE END OK ===
[2026-08-07 04:15:02] === SCRAPE START ===
[2026-08-07 04:15:02] Fetching https://waitz.io/live/ucsd-rec
[2026-08-07 04:15:03] Saved 4 rows to ucsd_occupancy_history.csv
[2026-08-07 04:15:03] Main Gym Fitness Gym: 0% (Closed) people=0 capacity=72 is_open=False hour_summary=closed
[2026-08-07 04:15:03] Outback Climbing Center: 0% (Closed) people=0 capacity=30 is_open=False hour_summary=Closed until 2:00pm
[2026-08-07 04:15:03] RIMAC Fitness Gym: 0% (Closed) people=0 capacity=65 is_open=False hour_summary=Closed until 6:00am
[2026-08-07 04:15:03] Triton Esports Center: 0% (Closed) people=0 capacity=35 is_open=False hour_summary=closed
[2026-08-07 04:15:03] === SCRAPE END OK ===
[2026-08-07 04:30:02] === SCRAPE START ===
[2026-08-07 04:30:02] Fetching https://waitz.io/live/ucsd-rec
[2026-08-07 04:30:03] Saved 4 rows to ucsd_occupancy_history.csv
[2026-08-07 04:30:03] Main Gym Fitness Gym: 0% (Closed) people=0 capacity=72 is_open=False hour_summary=closed
[2026-08-07 04:30:03] Outback Climbing Center: 0% (Closed) people=0 capacity=30 is_open=False hour_summary=Closed until 2:00pm
[2026-08-07 04:30:03] RIMAC Fitness Gym: 2% (Closed) people=1 capacity=65 is_open=False hour_summary=Closed until 6:00am
[2026-08-07 04:30:03] Triton Esports Center: 0% (Closed) people=0 capacity=35 is_open=False hour_summary=closed
[2026-08-07 04:30:03] === SCRAPE END OK ===
[2026-08-07 04:45:02] === SCRAPE START ===
[2026-08-07 04:45:02] Fetching https://waitz.io/live/ucsd-rec
[2026-08-07 04:45:03] Saved 4 rows to ucsd_occupancy_history.csv
[2026-08-07 04:45:03] Main Gym Fitness Gym: 1% (Closed) people=1 capacity=72 is_open=False hour_summary=closed
[2026-08-07 04:45:03] Outback Climbing Center: 0% (Closed) people=0 capacity=30 is_open=False hour_summary=Closed until 2:00pm
[2026-08-07 04:45:03] RIMAC Fitness Gym: 0% (Closed) people=0 capacity=65 is_open=False hour_summary=Closed until 6:00am
[2026-08-07 04:45:03] Triton Esports Center: 0% (Closed) people=0 capacity=35 is_open=False hour_summary=closed
[2026-08-07 04:45:03] === SCRAPE END OK ===
[2026-08-07 05:00:02] === SCRAPE START ===
[2026-08-07 05:00:02] Fetching https://waitz.io/live/ucsd-rec
[2026-08-07 05:00:03] Saved 4 rows to ucsd_occupancy_history.csv
[2026-08-07 05:00:03] Main Gym Fitness Gym: 0% (Closed) people=0 capacity=72 is_open=False hour_summary=closed
[2026-08-07 05:00:03] Outback Climbing Center: 0% (Closed) people=0 capacity=30 is_open=False hour_summary=Closed until 2:00pm
[2026-08-07 05:00:03] RIMAC Fitness Gym: 0% (Closed) people=0 capacity=65 is_open=False hour_summary=Closed until 6:00am
[2026-08-07 05:00:03] Triton Esports Center: 0% (Closed) people=0 capacity=35 is_open=False hour_summary=closed
[2026-08-07 05:00:03] === SCRAPE END OK ===
[2026-08-07 05:15:02] === SCRAPE START ===
[2026-08-07 05:15:02] Fetching https://waitz.io/live/ucsd-rec
[2026-08-07 05:15:03] Saved 4 rows to ucsd_occupancy_history.csv
[2026-08-07 05:15:03] Main Gym Fitness Gym: 0% (Closed) people=0 capacity=72 is_open=False hour_summary=closed
[2026-08-07 05:15:03] Outback Climbing Center: 0% (Closed) people=0 capacity=30 is_open=False hour_summary=Closed until 2:00pm
[2026-08-07 05:15:03] RIMAC Fitness Gym: 2% (Closed) people=1 capacity=65 is_open=False hour_summary=Closed until 6:00am
[2026-08-07 05:15:03] Triton Esports Center: 0% (Closed) people=0 capacity=35 is_open=False hour_summary=closed
[2026-08-07 05:15:03] === SCRAPE END OK ===
[2026-08-07 05:30:02] === SCRAPE START ===
[2026-08-07 05:30:02] Fetching https://waitz.io/live/ucsd-rec
[2026-08-07 05:30:03] Saved 4 rows to ucsd_occupancy_history.csv
[2026-08-07 05:30:03] Main Gym Fitness Gym: 0% (Closed) people=0 capacity=72 is_open=False hour_summary=closed
[2026-08-07 05:30:03] Outback Climbing Center: 0% (Closed) people=0 capacity=30 is_open=False hour_summary=Closed until 2:00pm
[2026-08-07 05:30:03] RIMAC Fitness Gym: 2% (Closed) people=1 capacity=65 is_open=False hour_summary=Closed until 6:00am
[2026-08-07 05:30:03] Triton Esports Center: 0% (Closed) people=0 capacity=35 is_open=False hour_summary=closed
[2026-08-07 05:30:03] === SCRAPE END OK ===
[2026-08-07 05:45:02] === SCRAPE START ===
[2026-08-07 05:45:02] Fetching https://waitz.io/live/ucsd-rec
[2026-08-07 05:45:03] Saved 4 rows to ucsd_occupancy_history.csv
[2026-08-07 05:45:03] Main Gym Fitness Gym: 1% (Closed) people=1 capacity=72 is_open=False hour_summary=closed
[2026-08-07 05:45:03] Outback Climbing Center: 0% (Closed) people=0 capacity=30 is_open=False hour_summary=Closed until 2:00pm
[2026-08-07 05:45:03] RIMAC Fitness Gym: 2% (Closed) people=1 capacity=65 is_open=False hour_summary=Closed until 6:00am
[2026-08-07 05:45:03] Triton Esports Center: 0% (Closed) people=0 capacity=35 is_open=False hour_summary=closed
[2026-08-07 05:45:03] === SCRAPE END OK ===
[2026-08-07 06:00:02] === SCRAPE START ===
[2026-08-07 06:00:02] Fetching https://waitz.io/live/ucsd-rec
[2026-08-07 06:00:03] Saved 4 rows to ucsd_occupancy_history.csv
[2026-08-07 06:00:03] Main Gym Fitness Gym: 0% (Closed) people=0 capacity=72 is_open=False hour_summary=closed
[2026-08-07 06:00:03] Outback Climbing Center: 0% (Closed) people=0 capacity=30 is_open=False hour_summary=Closed until 2:00pm
[2026-08-07 06:00:03] RIMAC Fitness Gym: 2% (Not Busy) people=1 capacity=65 is_open=True hour_summary=open
[2026-08-07 06:00:03] Triton Esports Center: 0% (Closed) people=0 capacity=35 is_open=False hour_summary=closed
[2026-08-07 06:00:03] === SCRAPE END OK ===
[2026-08-07 06:15:02] === SCRAPE START ===
[2026-08-07 06:15:02] Fetching https://waitz.io/live/ucsd-rec
[2026-08-07 06:15:03] Saved 4 rows to ucsd_occupancy_history.csv
[2026-08-07 06:15:03] Main Gym Fitness Gym: 1% (Closed) people=1 capacity=72 is_open=False hour_summary=closed
[2026-08-07 06:15:03] Outback Climbing Center: 0% (Closed) people=0 capacity=30 is_open=False hour_summary=Closed until 2:00pm
[2026-08-07 06:15:03] RIMAC Fitness Gym: 9% (Not Busy) people=6 capacity=65 is_open=True hour_summary=open
[2026-08-07 06:15:03] Triton Esports Center: 0% (Closed) people=0 capacity=35 is_open=False hour_summary=closed
[2026-08-07 06:15:03] === SCRAPE END OK ===
[2026-08-07 06:30:02] === SCRAPE START ===
[2026-08-07 06:30:02] Fetching https://waitz.io/live/ucsd-rec
[2026-08-07 06:30:03] Saved 4 rows to ucsd_occupancy_history.csv
[2026-08-07 06:30:03] Main Gym Fitness Gym: 0% (Closed) people=0 capacity=72 is_open=False hour_summary=closed
[2026-08-07 06:30:03] Outback Climbing Center: 0% (Closed) people=0 capacity=30 is_open=False hour_summary=Closed until 2:00pm
[2026-08-07 06:30:03] RIMAC Fitness Gym: 25% (Not Busy) people=16 capacity=65 is_open=True hour_summary=open
[2026-08-07 06:30:03] Triton Esports Center: 0% (Closed) people=0 capacity=35 is_open=False hour_summary=closed
[2026-08-07 06:30:03] === SCRAPE END OK ===
[2026-08-07 06:45:02] === SCRAPE START ===
[2026-08-07 06:45:02] Fetching https://waitz.io/live/ucsd-rec
[2026-08-07 06:45:03] Saved 4 rows to ucsd_occupancy_history.csv
[2026-08-07 06:45:03] Main Gym Fitness Gym: 0% (Closed) people=0 capacity=72 is_open=False hour_summary=closed
[2026-08-07 06:45:03] Outback Climbing Center: 0% (Closed) people=0 capacity=30 is_open=False hour_summary=Closed until 2:00pm
[2026-08-07 06:45:03] RIMAC Fitness Gym: 26% (Not Busy) people=17 capacity=65 is_open=True hour_summary=open
[2026-08-07 06:45:03] Triton Esports Center: 0% (Closed) people=0 capacity=35 is_open=False hour_summary=closed
[2026-08-07 06:45:03] === SCRAPE END OK ===
[2026-08-07 07:00:02] === SCRAPE START ===
[2026-08-07 07:00:02] Fetching https://waitz.io/live/ucsd-rec
[2026-08-07 07:00:03] Saved 4 rows to ucsd_occupancy_history.csv
[2026-08-07 07:00:03] Main Gym Fitness Gym: 1% (Closed) people=1 capacity=72 is_open=False hour_summary=closed
[2026-08-07 07:00:03] Outback Climbing Center: 0% (Closed) people=0 capacity=30 is_open=False hour_summary=Closed until 2:00pm
[2026-08-07 07:00:03] RIMAC Fitness Gym: 35% (Not Busy) people=23 capacity=65 is_open=True hour_summary=open
[2026-08-07 07:00:03] Triton Esports Center: 0% (Closed) people=0 capacity=35 is_open=False hour_summary=closed
[2026-08-07 07:00:03] === SCRAPE END OK ===
[2026-08-07 07:15:02] === SCRAPE START ===
[2026-08-07 07:15:02] Fetching https://waitz.io/live/ucsd-rec
[2026-08-07 07:15:03] Saved 4 rows to ucsd_occupancy_history.csv
[2026-08-07 07:15:03] Main Gym Fitness Gym: 1% (Closed) people=1 capacity=72 is_open=False hour_summary=closed
[2026-08-07 07:15:03] Outback Climbing Center: 0% (Closed) people=0 capacity=30 is_open=False hour_summary=Closed until 2:00pm
[2026-08-07 07:15:03] RIMAC Fitness Gym: 34% (Not Busy) people=22 capacity=65 is_open=True hour_summary=open
[2026-08-07 07:15:03] Triton Esports Center: 0% (Closed) people=0 capacity=35 is_open=False hour_summary=closed
[2026-08-07 07:15:03] === SCRAPE END OK ===
[2026-08-07 07:30:02] === SCRAPE START ===
[2026-08-07 07:30:02] Fetching https://waitz.io/live/ucsd-rec
[2026-08-07 07:30:03] Saved 4 rows to ucsd_occupancy_history.csv
[2026-08-07 07:30:03] Main Gym Fitness Gym: 0% (Closed) people=0 capacity=72 is_open=False hour_summary=closed
[2026-08-07 07:30:03] Outback Climbing Center: 0% (Closed) people=0 capacity=30 is_open=False hour_summary=Closed until 2:00pm
[2026-08-07 07:30:03] RIMAC Fitness Gym: 29% (Not Busy) people=19 capacity=65 is_open=True hour_summary=open
[2026-08-07 07:30:03] Triton Esports Center: 0% (Closed) people=0 capacity=35 is_open=False hour_summary=closed
[2026-08-07 07:30:03] === SCRAPE END OK ===
[2026-08-07 07:45:02] === SCRAPE START ===
[2026-08-07 07:45:02] Fetching https://waitz.io/live/ucsd-rec
[2026-08-07 07:45:03] Saved 4 rows to ucsd_occupancy_history.csv
[2026-08-07 07:45:03] Main Gym Fitness Gym: 3% (Closed) people=2 capacity=72 is_open=False hour_summary=closed
[2026-08-07 07:45:03] Outback Climbing Center: 0% (Closed) people=0 capacity=30 is_open=False hour_summary=Closed until 2:00pm
[2026-08-07 07:45:03] RIMAC Fitness Gym: 25% (Not Busy) people=16 capacity=65 is_open=True hour_summary=open
[2026-08-07 07:45:03] Triton Esports Center: 0% (Closed) people=0 capacity=35 is_open=False hour_summary=closed
[2026-08-07 07:45:03] === SCRAPE END OK ===
[2026-08-07 08:00:02] === SCRAPE START ===
[2026-08-07 08:00:02] Fetching https://waitz.io/live/ucsd-rec
[2026-08-07 08:00:03] Saved 4 rows to ucsd_occupancy_history.csv
[2026-08-07 08:00:03] Main Gym Fitness Gym: 7% (Closed) people=5 capacity=72 is_open=False hour_summary=closed
[2026-08-07 08:00:03] Outback Climbing Center: 0% (Closed) people=0 capacity=30 is_open=False hour_summary=Closed until 2:00pm
[2026-08-07 08:00:03] RIMAC Fitness Gym: 23% (Not Busy) people=15 capacity=65 is_open=True hour_summary=open
[2026-08-07 08:00:03] Triton Esports Center: 0% (Closed) people=0 capacity=35 is_open=False hour_summary=closed
[2026-08-07 08:00:03] === SCRAPE END OK ===
[2026-08-07 08:15:02] === SCRAPE START ===
[2026-08-07 08:15:02] Fetching https://waitz.io/live/ucsd-rec
[2026-08-07 08:15:03] Saved 4 rows to ucsd_occupancy_history.csv
[2026-08-07 08:15:03] Main Gym Fitness Gym: 3% (Closed) people=2 capacity=72 is_open=False hour_summary=closed
[2026-08-07 08:15:03] Outback Climbing Center: 0% (Closed) people=0 capacity=30 is_open=False hour_summary=Closed until 2:00pm
[2026-08-07 08:15:03] RIMAC Fitness Gym: 25% (Not Busy) people=16 capacity=65 is_open=True hour_summary=open
[2026-08-07 08:15:03] Triton Esports Center: 0% (Closed) people=0 capacity=35 is_open=False hour_summary=closed
[2026-08-07 08:15:03] === SCRAPE END OK ===
[2026-08-07 08:30:02] === SCRAPE START ===
[2026-08-07 08:30:02] Fetching https://waitz.io/live/ucsd-rec
[2026-08-07 08:30:03] Saved 4 rows to ucsd_occupancy_history.csv
[2026-08-07 08:30:03] Main Gym Fitness Gym: 7% (Closed) people=5 capacity=72 is_open=False hour_summary=closed
[2026-08-07 08:30:03] Outback Climbing Center: 0% (Closed) people=0 capacity=30 is_open=False hour_summary=Closed until 2:00pm
[2026-08-07 08:30:03] RIMAC Fitness Gym: 23% (Not Busy) people=15 capacity=65 is_open=True hour_summary=open
[2026-08-07 08:30:03] Triton Esports Center: 0% (Closed) people=0 capacity=35 is_open=False hour_summary=closed
[2026-08-07 08:30:03] === SCRAPE END OK ===
[2026-08-07 08:45:02] === SCRAPE START ===
[2026-08-07 08:45:02] Fetching https://waitz.io/live/ucsd-rec
[2026-08-07 08:45:03] Saved 4 rows to ucsd_occupancy_history.csv
[2026-08-07 08:45:03] Main Gym Fitness Gym: 3% (Closed) people=2 capacity=72 is_open=False hour_summary=closed
[2026-08-07 08:45:03] Outback Climbing Center: 0% (Closed) people=0 capacity=30 is_open=False hour_summary=Closed until 2:00pm
[2026-08-07 08:45:03] RIMAC Fitness Gym: 15% (Not Busy) people=10 capacity=65 is_open=True hour_summary=open
[2026-08-07 08:45:03] Triton Esports Center: 0% (Closed) people=0 capacity=35 is_open=False hour_summary=closed
[2026-08-07 08:45:03] === SCRAPE END OK ===
[2026-08-07 09:00:02] === SCRAPE START ===
[2026-08-07 09:00:02] Fetching https://waitz.io/live/ucsd-rec
[2026-08-07 09:00:04] Saved 4 rows to ucsd_occupancy_history.csv
[2026-08-07 09:00:04] Main Gym Fitness Gym: 10% (Closed) people=7 capacity=72 is_open=False hour_summary=closed
[2026-08-07 09:00:04] Outback Climbing Center: 0% (Closed) people=0 capacity=30 is_open=False hour_summary=Closed until 2:00pm
[2026-08-07 09:00:04] RIMAC Fitness Gym: 18% (Not Busy) people=12 capacity=65 is_open=True hour_summary=open
[2026-08-07 09:00:04] Triton Esports Center: 0% (Closed) people=0 capacity=35 is_open=False hour_summary=closed
[2026-08-07 09:00:04] === SCRAPE END OK ===
[2026-08-07 09:15:02] === SCRAPE START ===
[2026-08-07 09:15:02] Fetching https://waitz.io/live/ucsd-rec
[2026-08-07 09:15:03] Saved 4 rows to ucsd_occupancy_history.csv
[2026-08-07 09:15:03] Main Gym Fitness Gym: 6% (Closed) people=4 capacity=72 is_open=False hour_summary=closed
[2026-08-07 09:15:03] Outback Climbing Center: 0% (Closed) people=0 capacity=30 is_open=False hour_summary=Closed until 2:00pm
[2026-08-07 09:15:03] RIMAC Fitness Gym: 38% (Not Busy) people=25 capacity=65 is_open=True hour_summary=open
[2026-08-07 09:15:03] Triton Esports Center: 0% (Closed) people=0 capacity=35 is_open=False hour_summary=closed
[2026-08-07 09:15:03] === SCRAPE END OK ===
[2026-08-07 09:30:02] === SCRAPE START ===
[2026-08-07 09:30:02] Fetching https://waitz.io/live/ucsd-rec
[2026-08-07 09:30:03] Saved 4 rows to ucsd_occupancy_history.csv
[2026-08-07 09:30:03] Main Gym Fitness Gym: 6% (Closed) people=4 capacity=72 is_open=False hour_summary=closed
[2026-08-07 09:30:03] Outback Climbing Center: 0% (Closed) people=0 capacity=30 is_open=False hour_summary=Closed until 2:00pm
[2026-08-07 09:30:03] RIMAC Fitness Gym: 31% (Not Busy) people=20 capacity=65 is_open=True hour_summary=open
[2026-08-07 09:30:03] Triton Esports Center: 0% (Closed) people=0 capacity=35 is_open=False hour_summary=closed
[2026-08-07 09:30:03] === SCRAPE END OK ===
[2026-08-07 09:45:02] === SCRAPE START ===
[2026-08-07 09:45:02] Fetching https://waitz.io/live/ucsd-rec
[2026-08-07 09:45:02] Saved 4 rows to ucsd_occupancy_history.csv
[2026-08-07 09:45:02] Main Gym Fitness Gym: 4% (Closed) people=3 capacity=72 is_open=False hour_summary=closed
[2026-08-07 09:45:02] Outback Climbing Center: 0% (Closed) people=0 capacity=30 is_open=False hour_summary=Closed until 2:00pm
[2026-08-07 09:45:02] RIMAC Fitness Gym: 34% (Not Busy) people=22 capacity=65 is_open=True hour_summary=open
[2026-08-07 09:45:02] Triton Esports Center: 0% (Closed) people=0 capacity=35 is_open=False hour_summary=closed
[2026-08-07 09:45:02] === SCRAPE END OK ===
[2026-08-07 10:00:02] === SCRAPE START ===
[2026-08-07 10:00:02] Fetching https://waitz.io/live/ucsd-rec
[2026-08-07 10:00:03] Saved 4 rows to ucsd_occupancy_history.csv
[2026-08-07 10:00:03] Main Gym Fitness Gym: 7% (Closed) people=5 capacity=72 is_open=False hour_summary=closed
[2026-08-07 10:00:03] Outback Climbing Center: 0% (Closed) people=0 capacity=30 is_open=False hour_summary=Closed until 2:00pm
[2026-08-07 10:00:03] RIMAC Fitness Gym: 26% (Not Busy) people=17 capacity=65 is_open=True hour_summary=open
[2026-08-07 10:00:03] Triton Esports Center: 0% (Closed) people=0 capacity=35 is_open=False hour_summary=closed
[2026-08-07 10:00:03] === SCRAPE END OK ===
[2026-08-07 10:15:02] === SCRAPE START ===
[2026-08-07 10:15:02] Fetching https://waitz.io/live/ucsd-rec
[2026-08-07 10:15:03] Saved 4 rows to ucsd_occupancy_history.csv
[2026-08-07 10:15:03] Main Gym Fitness Gym: 10% (Closed) people=7 capacity=72 is_open=False hour_summary=closed
[2026-08-07 10:15:03] Outback Climbing Center: 0% (Closed) people=0 capacity=30 is_open=False hour_summary=Closed until 2:00pm
[2026-08-07 10:15:03] RIMAC Fitness Gym: 37% (Not Busy) people=24 capacity=65 is_open=True hour_summary=open
[2026-08-07 10:15:03] Triton Esports Center: 0% (Closed) people=0 capacity=35 is_open=False hour_summary=closed
[2026-08-07 10:15:04] === SCRAPE END OK ===
[2026-08-07 10:30:02] === SCRAPE START ===
[2026-08-07 10:30:02] Fetching https://waitz.io/live/ucsd-rec
[2026-08-07 10:30:03] Saved 4 rows to ucsd_occupancy_history.csv
[2026-08-07 10:30:03] Main Gym Fitness Gym: 10% (Closed) people=7 capacity=72 is_open=False hour_summary=closed
[2026-08-07 10:30:03] Outback Climbing Center: 0% (Closed) people=0 capacity=30 is_open=False hour_summary=Closed until 2:00pm
[2026-08-07 10:30:03] RIMAC Fitness Gym: 37% (Not Busy) people=24 capacity=65 is_open=True hour_summary=open
[2026-08-07 10:30:03] Triton Esports Center: 0% (Closed) people=0 capacity=35 is_open=False hour_summary=closed
[2026-08-07 10:30:03] === SCRAPE END OK ===
[2026-08-07 10:45:02] === SCRAPE START ===
[2026-08-07 10:45:02] Fetching https://waitz.io/live/ucsd-rec
[2026-08-07 10:45:03] Saved 4 rows to ucsd_occupancy_history.csv
[2026-08-07 10:45:03] Main Gym Fitness Gym: 11% (Closed) people=8 capacity=72 is_open=False hour_summary=closed
[2026-08-07 10:45:03] Outback Climbing Center: 0% (Closed) people=0 capacity=30 is_open=False hour_summary=Closed until 2:00pm
[2026-08-07 10:45:03] RIMAC Fitness Gym: 38% (Not Busy) people=25 capacity=65 is_open=True hour_summary=open
[2026-08-07 10:45:03] Triton Esports Center: 0% (Closed) people=0 capacity=35 is_open=False hour_summary=closed
[2026-08-07 10:45:03] === SCRAPE END OK ===
[2026-08-07 11:00:02] === SCRAPE START ===
[2026-08-07 11:00:02] Fetching https://waitz.io/live/ucsd-rec
[2026-08-07 11:00:03] Saved 4 rows to ucsd_occupancy_history.csv
[2026-08-07 11:00:03] Main Gym Fitness Gym: 13% (Closed) people=9 capacity=72 is_open=False hour_summary=closed
[2026-08-07 11:00:03] Outback Climbing Center: 0% (Closed) people=0 capacity=30 is_open=False hour_summary=Closed until 2:00pm
[2026-08-07 11:00:03] RIMAC Fitness Gym: 31% (Not Busy) people=20 capacity=65 is_open=True hour_summary=open
[2026-08-07 11:00:03] Triton Esports Center: 0% (Closed) people=0 capacity=35 is_open=False hour_summary=closed
[2026-08-07 11:00:03] === SCRAPE END OK ===
[2026-08-07 11:15:02] === SCRAPE START ===
[2026-08-07 11:15:02] Fetching https://waitz.io/live/ucsd-rec
[2026-08-07 11:15:03] Saved 4 rows to ucsd_occupancy_history.csv
[2026-08-07 11:15:03] Main Gym Fitness Gym: 17% (Closed) people=12 capacity=72 is_open=False hour_summary=closed
[2026-08-07 11:15:03] Outback Climbing Center: 0% (Closed) people=0 capacity=30 is_open=False hour_summary=Closed until 2:00pm
[2026-08-07 11:15:03] RIMAC Fitness Gym: 29% (Not Busy) people=19 capacity=65 is_open=True hour_summary=open
[2026-08-07 11:15:03] Triton Esports Center: 0% (Closed) people=0 capacity=35 is_open=False hour_summary=closed
[2026-08-07 11:15:03] === SCRAPE END OK ===
[2026-08-07 11:30:02] === SCRAPE START ===
[2026-08-07 11:30:02] Fetching https://waitz.io/live/ucsd-rec
[2026-08-07 11:30:04] Saved 4 rows to ucsd_occupancy_history.csv
[2026-08-07 11:30:04] Main Gym Fitness Gym: 15% (Closed) people=11 capacity=72 is_open=False hour_summary=closed
[2026-08-07 11:30:04] Outback Climbing Center: 0% (Closed) people=0 capacity=30 is_open=False hour_summary=Closed until 2:00pm
[2026-08-07 11:30:04] RIMAC Fitness Gym: 32% (Not Busy) people=21 capacity=65 is_open=True hour_summary=open
[2026-08-07 11:30:04] Triton Esports Center: 0% (Closed) people=0 capacity=35 is_open=False hour_summary=closed
[2026-08-07 11:30:04] === SCRAPE END OK ===
[2026-08-07 11:45:02] === SCRAPE START ===
[2026-08-07 11:45:02] Fetching https://waitz.io/live/ucsd-rec
[2026-08-07 11:45:03] Saved 4 rows to ucsd_occupancy_history.csv
[2026-08-07 11:45:03] Main Gym Fitness Gym: 15% (Closed) people=11 capacity=72 is_open=False hour_summary=closed
[2026-08-07 11:45:03] Outback Climbing Center: 0% (Closed) people=0 capacity=30 is_open=False hour_summary=Closed until 2:00pm
[2026-08-07 11:45:03] RIMAC Fitness Gym: 38% (Not Busy) people=25 capacity=65 is_open=True hour_summary=open
[2026-08-07 11:45:03] Triton Esports Center: 0% (Closed) people=0 capacity=35 is_open=False hour_summary=closed
[2026-08-07 11:45:03] === SCRAPE END OK ===
[2026-08-07 12:00:02] === SCRAPE START ===
[2026-08-07 12:00:02] Fetching https://waitz.io/live/ucsd-rec
[2026-08-07 12:00:03] Saved 4 rows to ucsd_occupancy_history.csv
[2026-08-07 12:00:03] Main Gym Fitness Gym: 6% (Closed) people=4 capacity=72 is_open=False hour_summary=closed
[2026-08-07 12:00:03] Outback Climbing Center: 0% (Closed) people=0 capacity=30 is_open=False hour_summary=Closed until 2:00pm
[2026-08-07 12:00:03] RIMAC Fitness Gym: 43% (Not Busy) people=28 capacity=65 is_open=True hour_summary=open
[2026-08-07 12:00:03] Triton Esports Center: 0% (Closed) people=0 capacity=35 is_open=False hour_summary=closed
[2026-08-07 12:00:03] === SCRAPE END OK ===
[2026-08-07 12:15:02] === SCRAPE START ===
[2026-08-07 12:15:02] Fetching https://waitz.io/live/ucsd-rec
[2026-08-07 12:15:03] Saved 4 rows to ucsd_occupancy_history.csv
[2026-08-07 12:15:03] Main Gym Fitness Gym: 17% (Closed) people=12 capacity=72 is_open=False hour_summary=closed
[2026-08-07 12:15:03] Outback Climbing Center: 0% (Closed) people=0 capacity=30 is_open=False hour_summary=Closed until 2:00pm
[2026-08-07 12:15:03] RIMAC Fitness Gym: 28% (Not Busy) people=18 capacity=65 is_open=True hour_summary=open
[2026-08-07 12:15:03] Triton Esports Center: 0% (Closed) people=0 capacity=35 is_open=False hour_summary=closed
[2026-08-07 12:15:03] === SCRAPE END OK ===
[2026-08-07 12:30:02] === SCRAPE START ===
[2026-08-07 12:30:02] Fetching https://waitz.io/live/ucsd-rec
[2026-08-07 12:30:04] Saved 4 rows to ucsd_occupancy_history.csv
[2026-08-07 12:30:04] Main Gym Fitness Gym: 14% (Closed) people=10 capacity=72 is_open=False hour_summary=closed
[2026-08-07 12:30:04] Outback Climbing Center: 0% (Closed) people=0 capacity=30 is_open=False hour_summary=Closed until 2:00pm
[2026-08-07 12:30:04] RIMAC Fitness Gym: 26% (Not Busy) people=17 capacity=65 is_open=True hour_summary=open
[2026-08-07 12:30:04] Triton Esports Center: 0% (Closed) people=0 capacity=35 is_open=False hour_summary=closed
[2026-08-07 12:30:04] === SCRAPE END OK ===
[2026-08-07 12:45:02] === SCRAPE START ===
[2026-08-07 12:45:02] Fetching https://waitz.io/live/ucsd-rec
[2026-08-07 12:45:03] Saved 4 rows to ucsd_occupancy_history.csv
[2026-08-07 12:45:03] Main Gym Fitness Gym: 15% (Closed) people=11 capacity=72 is_open=False hour_summary=closed
[2026-08-07 12:45:03] Outback Climbing Center: 0% (Closed) people=0 capacity=30 is_open=False hour_summary=Closed until 2:00pm
[2026-08-07 12:45:03] RIMAC Fitness Gym: 32% (Not Busy) people=21 capacity=65 is_open=True hour_summary=open
[2026-08-07 12:45:03] Triton Esports Center: 0% (Closed) people=0 capacity=35 is_open=False hour_summary=closed
[2026-08-07 12:45:03] === SCRAPE END OK ===
[2026-08-07 13:00:02] === SCRAPE START ===
[2026-08-07 13:00:02] Fetching https://waitz.io/live/ucsd-rec
[2026-08-07 13:00:03] Saved 4 rows to ucsd_occupancy_history.csv
[2026-08-07 13:00:03] Main Gym Fitness Gym: 15% (Closed) people=11 capacity=72 is_open=False hour_summary=closed
[2026-08-07 13:00:03] Outback Climbing Center: 0% (Closed) people=0 capacity=30 is_open=False hour_summary=Closed until 2:00pm
[2026-08-07 13:00:03] RIMAC Fitness Gym: 22% (Not Busy) people=14 capacity=65 is_open=True hour_summary=open
[2026-08-07 13:00:03] Triton Esports Center: 0% (Closed) people=0 capacity=35 is_open=False hour_summary=closed
[2026-08-07 13:00:03] === SCRAPE END OK ===
[2026-08-07 13:15:02] === SCRAPE START ===
[2026-08-07 13:15:02] Fetching https://waitz.io/live/ucsd-rec
[2026-08-07 13:15:03] Saved 4 rows to ucsd_occupancy_history.csv
[2026-08-07 13:15:03] Main Gym Fitness Gym: 14% (Closed) people=10 capacity=72 is_open=False hour_summary=closed
[2026-08-07 13:15:03] Outback Climbing Center: 0% (Closed) people=0 capacity=30 is_open=False hour_summary=Closed until 2:00pm
[2026-08-07 13:15:03] RIMAC Fitness Gym: 26% (Not Busy) people=17 capacity=65 is_open=True hour_summary=open
[2026-08-07 13:15:03] Triton Esports Center: 0% (Closed) people=0 capacity=35 is_open=False hour_summary=closed
[2026-08-07 13:15:03] === SCRAPE END OK ===
[2026-08-07 13:30:02] === SCRAPE START ===
[2026-08-07 13:30:02] Fetching https://waitz.io/live/ucsd-rec
[2026-08-07 13:30:03] Saved 4 rows to ucsd_occupancy_history.csv
[2026-08-07 13:30:03] Main Gym Fitness Gym: 13% (Closed) people=9 capacity=72 is_open=False hour_summary=closed
[2026-08-07 13:30:03] Outback Climbing Center: 0% (Closed) people=0 capacity=30 is_open=False hour_summary=Closed until 2:00pm
[2026-08-07 13:30:03] RIMAC Fitness Gym: 32% (Not Busy) people=21 capacity=65 is_open=True hour_summary=open
[2026-08-07 13:30:03] Triton Esports Center: 0% (Closed) people=0 capacity=35 is_open=False hour_summary=closed
[2026-08-07 13:30:03] === SCRAPE END OK ===
[2026-08-07 13:45:02] === SCRAPE START ===
[2026-08-07 13:45:02] Fetching https://waitz.io/live/ucsd-rec
[2026-08-07 13:45:02] Saved 4 rows to ucsd_occupancy_history.csv
[2026-08-07 13:45:02] Main Gym Fitness Gym: 4% (Closed) people=3 capacity=72 is_open=False hour_summary=closed
[2026-08-07 13:45:02] Outback Climbing Center: 0% (Closed) people=0 capacity=30 is_open=False hour_summary=Closed until 2:00pm
[2026-08-07 13:45:02] RIMAC Fitness Gym: 26% (Not Busy) people=17 capacity=65 is_open=True hour_summary=open
[2026-08-07 13:45:02] Triton Esports Center: 0% (Closed) people=0 capacity=35 is_open=False hour_summary=closed
[2026-08-07 13:45:02] === SCRAPE END OK ===
[2026-08-07 14:00:02] === SCRAPE START ===
[2026-08-07 14:00:02] Fetching https://waitz.io/live/ucsd-rec
[2026-08-07 14:00:03] Saved 4 rows to ucsd_occupancy_history.csv
[2026-08-07 14:00:03] Main Gym Fitness Gym: 13% (Closed) people=9 capacity=72 is_open=False hour_summary=closed
[2026-08-07 14:00:03] Outback Climbing Center: 0% (Data Unavailable) people=0 capacity=30 is_open=True hour_summary=open
[2026-08-07 14:00:03] RIMAC Fitness Gym: 32% (Not Busy) people=21 capacity=65 is_open=True hour_summary=open
[2026-08-07 14:00:03] Triton Esports Center: 0% (Closed) people=0 capacity=35 is_open=False hour_summary=closed
[2026-08-07 14:00:03] === SCRAPE END OK ===
[2026-08-07 14:15:02] === SCRAPE START ===
[2026-08-07 14:15:02] Fetching https://waitz.io/live/ucsd-rec
[2026-08-07 14:15:03] Saved 4 rows to ucsd_occupancy_history.csv
[2026-08-07 14:15:03] Main Gym Fitness Gym: 13% (Closed) people=9 capacity=72 is_open=False hour_summary=closed
[2026-08-07 14:15:03] Outback Climbing Center: 0% (Data Unavailable) people=0 capacity=30 is_open=True hour_summary=open
[2026-08-07 14:15:03] RIMAC Fitness Gym: 31% (Not Busy) people=20 capacity=65 is_open=True hour_summary=open
[2026-08-07 14:15:03] Triton Esports Center: 0% (Closed) people=0 capacity=35 is_open=False hour_summary=closed
[2026-08-07 14:15:03] === SCRAPE END OK ===
[2026-08-07 14:30:02] === SCRAPE START ===
[2026-08-07 14:30:02] Fetching https://waitz.io/live/ucsd-rec
[2026-08-07 14:30:03] Saved 4 rows to ucsd_occupancy_history.csv
[2026-08-07 14:30:03] Main Gym Fitness Gym: 11% (Closed) people=8 capacity=72 is_open=False hour_summary=closed
[2026-08-07 14:30:03] Outback Climbing Center: 0% (Data Unavailable) people=0 capacity=30 is_open=True hour_summary=open
[2026-08-07 14:30:03] RIMAC Fitness Gym: 43% (Not Busy) people=28 capacity=65 is_open=True hour_summary=open
[2026-08-07 14:30:03] Triton Esports Center: 0% (Closed) people=0 capacity=35 is_open=False hour_summary=closed
[2026-08-07 14:30:03] === SCRAPE END OK ===
[2026-08-07 14:45:02] === SCRAPE START ===
[2026-08-07 14:45:02] Fetching https://waitz.io/live/ucsd-rec
[2026-08-07 14:45:03] Saved 4 rows to ucsd_occupancy_history.csv
[2026-08-07 14:45:03] Main Gym Fitness Gym: 14% (Closed) people=10 capacity=72 is_open=False hour_summary=closed
[2026-08-07 14:45:03] Outback Climbing Center: 0% (Data Unavailable) people=0 capacity=30 is_open=True hour_summary=open
[2026-08-07 14:45:03] RIMAC Fitness Gym: 42% (Not Busy) people=27 capacity=65 is_open=True hour_summary=open
[2026-08-07 14:45:03] Triton Esports Center: 0% (Closed) people=0 capacity=35 is_open=False hour_summary=closed
[2026-08-07 14:45:03] === SCRAPE END OK ===
[2026-08-07 15:00:02] === SCRAPE START ===
[2026-08-07 15:00:02] Fetching https://waitz.io/live/ucsd-rec
[2026-08-07 15:00:03] Saved 4 rows to ucsd_occupancy_history.csv
[2026-08-07 15:00:03] Main Gym Fitness Gym: 24% (Closed) people=17 capacity=72 is_open=False hour_summary=closed
[2026-08-07 15:00:03] Outback Climbing Center: 0% (Data Unavailable) people=0 capacity=30 is_open=True hour_summary=open
[2026-08-07 15:00:03] RIMAC Fitness Gym: 34% (Not Busy) people=22 capacity=65 is_open=True hour_summary=open
[2026-08-07 15:00:03] Triton Esports Center: 0% (Closed) people=0 capacity=35 is_open=False hour_summary=closed
[2026-08-07 15:00:03] === SCRAPE END OK ===
[2026-08-07 15:15:02] === SCRAPE START ===
[2026-08-07 15:15:02] Fetching https://waitz.io/live/ucsd-rec
[2026-08-07 15:15:03] Saved 4 rows to ucsd_occupancy_history.csv
[2026-08-07 15:15:03] Main Gym Fitness Gym: 18% (Closed) people=13 capacity=72 is_open=False hour_summary=closed
[2026-08-07 15:15:03] Outback Climbing Center: 0% (Data Unavailable) people=0 capacity=30 is_open=True hour_summary=open
[2026-08-07 15:15:03] RIMAC Fitness Gym: 35% (Not Busy) people=23 capacity=65 is_open=True hour_summary=open
[2026-08-07 15:15:03] Triton Esports Center: 0% (Closed) people=0 capacity=35 is_open=False hour_summary=closed
[2026-08-07 15:15:03] === SCRAPE END OK ===
[2026-08-07 15:30:02] === SCRAPE START ===
[2026-08-07 15:30:02] Fetching https://waitz.io/live/ucsd-rec
[2026-08-07 15:30:04] Saved 4 rows to ucsd_occupancy_history.csv
[2026-08-07 15:30:04] Main Gym Fitness Gym: 17% (Closed) people=12 capacity=72 is_open=False hour_summary=closed
[2026-08-07 15:30:04] Outback Climbing Center: 0% (Data Unavailable) people=0 capacity=30 is_open=True hour_summary=open
[2026-08-07 15:30:04] RIMAC Fitness Gym: 35% (Not Busy) people=23 capacity=65 is_open=True hour_summary=open
[2026-08-07 15:30:04] Triton Esports Center: 0% (Closed) people=0 capacity=35 is_open=False hour_summary=closed
[2026-08-07 15:30:04] === SCRAPE END OK ===
[2026-08-07 15:45:02] === SCRAPE START ===
[2026-08-07 15:45:02] Fetching https://waitz.io/live/ucsd-rec
[2026-08-07 15:45:02] Saved 4 rows to ucsd_occupancy_history.csv
[2026-08-07 15:45:02] Main Gym Fitness Gym: 13% (Closed) people=9 capacity=72 is_open=False hour_summary=closed
[2026-08-07 15:45:02] Outback Climbing Center: 0% (Data Unavailable) people=0 capacity=30 is_open=True hour_summary=open
[2026-08-07 15:45:02] RIMAC Fitness Gym: 34% (Not Busy) people=22 capacity=65 is_open=True hour_summary=open
[2026-08-07 15:45:02] Triton Esports Center: 0% (Closed) people=0 capacity=35 is_open=False hour_summary=closed
[2026-08-07 15:45:02] === SCRAPE END OK ===
[2026-08-07 16:00:02] === SCRAPE START ===
[2026-08-07 16:00:02] Fetching https://waitz.io/live/ucsd-rec
[2026-08-07 16:00:03] Saved 4 rows to ucsd_occupancy_history.csv
[2026-08-07 16:00:03] Main Gym Fitness Gym: 14% (Closed) people=10 capacity=72 is_open=False hour_summary=closed
[2026-08-07 16:00:03] Outback Climbing Center: 0% (Data Unavailable) people=0 capacity=30 is_open=True hour_summary=open
[2026-08-07 16:00:03] RIMAC Fitness Gym: 45% (Not Busy) people=29 capacity=65 is_open=True hour_summary=open
[2026-08-07 16:00:03] Triton Esports Center: 0% (Closed) people=0 capacity=35 is_open=False hour_summary=closed
[2026-08-07 16:00:03] === SCRAPE END OK ===
[2026-08-07 16:15:02] === SCRAPE START ===
[2026-08-07 16:15:02] Fetching https://waitz.io/live/ucsd-rec
[2026-08-07 16:15:03] Saved 4 rows to ucsd_occupancy_history.csv
[2026-08-07 16:15:03] Main Gym Fitness Gym: 21% (Closed) people=15 capacity=72 is_open=False hour_summary=closed
[2026-08-07 16:15:03] Outback Climbing Center: 0% (Data Unavailable) people=0 capacity=30 is_open=True hour_summary=open
[2026-08-07 16:15:03] RIMAC Fitness Gym: 32% (Not Busy) people=21 capacity=65 is_open=True hour_summary=open
[2026-08-07 16:15:03] Triton Esports Center: 0% (Closed) people=0 capacity=35 is_open=False hour_summary=closed
[2026-08-07 16:15:03] === SCRAPE END OK ===
[2026-08-07 16:30:02] === SCRAPE START ===
[2026-08-07 16:30:02] Fetching https://waitz.io/live/ucsd-rec
[2026-08-07 16:30:03] Saved 4 rows to ucsd_occupancy_history.csv
[2026-08-07 16:30:03] Main Gym Fitness Gym: 18% (Closed) people=13 capacity=72 is_open=False hour_summary=closed
[2026-08-07 16:30:03] Outback Climbing Center: 0% (Data Unavailable) people=0 capacity=30 is_open=True hour_summary=open
[2026-08-07 16:30:03] RIMAC Fitness Gym: 52% (Busy) people=34 capacity=65 is_open=True hour_summary=open
[2026-08-07 16:30:03] Triton Esports Center: 0% (Closed) people=0 capacity=35 is_open=False hour_summary=closed
[2026-08-07 16:30:03] === SCRAPE END OK ===
[2026-08-07 16:45:02] === SCRAPE START ===
[2026-08-07 16:45:02] Fetching https://waitz.io/live/ucsd-rec
[2026-08-07 16:45:02] Saved 4 rows to ucsd_occupancy_history.csv
[2026-08-07 16:45:02] Main Gym Fitness Gym: 24% (Closed) people=17 capacity=72 is_open=False hour_summary=closed
[2026-08-07 16:45:02] Outback Climbing Center: 0% (Data Unavailable) people=0 capacity=30 is_open=True hour_summary=open
[2026-08-07 16:45:02] RIMAC Fitness Gym: 48% (Busy) people=31 capacity=65 is_open=True hour_summary=open
[2026-08-07 16:45:02] Triton Esports Center: 0% (Closed) people=0 capacity=35 is_open=False hour_summary=closed
[2026-08-07 16:45:02] === SCRAPE END OK ===
[2026-08-07 17:00:02] === SCRAPE START ===
[2026-08-07 17:00:02] Fetching https://waitz.io/live/ucsd-rec
[2026-08-07 17:00:03] Saved 4 rows to ucsd_occupancy_history.csv
[2026-08-07 17:00:03] Main Gym Fitness Gym: 24% (Closed) people=17 capacity=72 is_open=False hour_summary=closed
[2026-08-07 17:00:03] Outback Climbing Center: 0% (Data Unavailable) people=0 capacity=30 is_open=True hour_summary=open
[2026-08-07 17:00:03] RIMAC Fitness Gym: 46% (Busy) people=30 capacity=65 is_open=True hour_summary=open
[2026-08-07 17:00:03] Triton Esports Center: 0% (Closed) people=0 capacity=35 is_open=False hour_summary=closed
[2026-08-07 17:00:03] === SCRAPE END OK ===
[2026-08-07 17:15:02] === SCRAPE START ===
[2026-08-07 17:15:02] Fetching https://waitz.io/live/ucsd-rec
[2026-08-07 17:15:02] Saved 4 rows to ucsd_occupancy_history.csv
[2026-08-07 17:15:02] Main Gym Fitness Gym: 14% (Closed) people=10 capacity=72 is_open=False hour_summary=closed
[2026-08-07 17:15:02] Outback Climbing Center: 0% (Data Unavailable) people=0 capacity=30 is_open=True hour_summary=open
[2026-08-07 17:15:02] RIMAC Fitness Gym: 40% (Not Busy) people=26 capacity=65 is_open=True hour_summary=open
[2026-08-07 17:15:02] Triton Esports Center: 0% (Closed) people=0 capacity=35 is_open=False hour_summary=closed
[2026-08-07 17:15:02] === SCRAPE END OK ===
[2026-08-07 17:30:02] === SCRAPE START ===
[2026-08-07 17:30:02] Fetching https://waitz.io/live/ucsd-rec
[2026-08-07 17:30:03] Saved 4 rows to ucsd_occupancy_history.csv
[2026-08-07 17:30:03] Main Gym Fitness Gym: 15% (Closed) people=11 capacity=72 is_open=False hour_summary=closed
[2026-08-07 17:30:03] Outback Climbing Center: 0% (Data Unavailable) people=0 capacity=30 is_open=True hour_summary=open
[2026-08-07 17:30:03] RIMAC Fitness Gym: 52% (Busy) people=34 capacity=65 is_open=True hour_summary=open
[2026-08-07 17:30:03] Triton Esports Center: 0% (Closed) people=0 capacity=35 is_open=False hour_summary=closed
[2026-08-07 17:30:03] === SCRAPE END OK ===
[2026-08-07 17:45:02] === SCRAPE START ===
[2026-08-07 17:45:02] Fetching https://waitz.io/live/ucsd-rec
[2026-08-07 17:45:02] Saved 4 rows to ucsd_occupancy_history.csv
[2026-08-07 17:45:02] Main Gym Fitness Gym: 21% (Closed) people=15 capacity=72 is_open=False hour_summary=closed
[2026-08-07 17:45:02] Outback Climbing Center: 0% (Data Unavailable) people=0 capacity=30 is_open=True hour_summary=open
[2026-08-07 17:45:02] RIMAC Fitness Gym: 71% (Busy) people=46 capacity=65 is_open=True hour_summary=open
[2026-08-07 17:45:02] Triton Esports Center: 0% (Closed) people=0 capacity=35 is_open=False hour_summary=closed
[2026-08-07 17:45:02] === SCRAPE END OK ===
[2026-08-07 18:00:01] === SCRAPE START ===
[2026-08-07 18:00:01] Fetching https://waitz.io/live/ucsd-rec
[2026-08-07 18:00:03] Saved 4 rows to ucsd_occupancy_history.csv
[2026-08-07 18:00:03] Main Gym Fitness Gym: 21% (Closed) people=15 capacity=72 is_open=False hour_summary=closed
[2026-08-07 18:00:03] Outback Climbing Center: 0% (Data Unavailable) people=0 capacity=30 is_open=True hour_summary=open
[2026-08-07 18:00:03] RIMAC Fitness Gym: 60% (Busy) people=39 capacity=65 is_open=True hour_summary=open
[2026-08-07 18:00:03] Triton Esports Center: 0% (Closed) people=0 capacity=35 is_open=False hour_summary=closed
[2026-08-07 18:00:03] === SCRAPE END OK ===
[2026-08-07 18:15:02] === SCRAPE START ===
[2026-08-07 18:15:02] Fetching https://waitz.io/live/ucsd-rec
[2026-08-07 18:15:03] Saved 4 rows to ucsd_occupancy_history.csv
[2026-08-07 18:15:03] Main Gym Fitness Gym: 19% (Closed) people=14 capacity=72 is_open=False hour_summary=closed
[2026-08-07 18:15:03] Outback Climbing Center: 0% (Data Unavailable) people=0 capacity=30 is_open=True hour_summary=open
[2026-08-07 18:15:03] RIMAC Fitness Gym: 69% (Busy) people=45 capacity=65 is_open=True hour_summary=open
[2026-08-07 18:15:03] Triton Esports Center: 0% (Closed) people=0 capacity=35 is_open=False hour_summary=closed
[2026-08-07 18:15:03] === SCRAPE END OK ===
[2026-08-07 18:30:02] === SCRAPE START ===
[2026-08-07 18:30:02] Fetching https://waitz.io/live/ucsd-rec
[2026-08-07 18:30:03] Saved 4 rows to ucsd_occupancy_history.csv
[2026-08-07 18:30:03] Main Gym Fitness Gym: 21% (Closed) people=15 capacity=72 is_open=False hour_summary=closed
[2026-08-07 18:30:03] Outback Climbing Center: 0% (Data Unavailable) people=0 capacity=30 is_open=True hour_summary=open
[2026-08-07 18:30:03] RIMAC Fitness Gym: 51% (Busy) people=33 capacity=65 is_open=True hour_summary=open
[2026-08-07 18:30:03] Triton Esports Center: 0% (Closed) people=0 capacity=35 is_open=False hour_summary=closed
[2026-08-07 18:30:03] === SCRAPE END OK ===
[2026-08-07 18:45:02] === SCRAPE START ===
[2026-08-07 18:45:02] Fetching https://waitz.io/live/ucsd-rec
[2026-08-07 18:45:02] Saved 4 rows to ucsd_occupancy_history.csv
[2026-08-07 18:45:02] Main Gym Fitness Gym: 15% (Closed) people=11 capacity=72 is_open=False hour_summary=closed
[2026-08-07 18:45:02] Outback Climbing Center: 0% (Data Unavailable) people=0 capacity=30 is_open=True hour_summary=open
[2026-08-07 18:45:02] RIMAC Fitness Gym: 65% (Busy) people=42 capacity=65 is_open=True hour_summary=open
[2026-08-07 18:45:02] Triton Esports Center: 0% (Closed) people=0 capacity=35 is_open=False hour_summary=closed
[2026-08-07 18:45:02] === SCRAPE END OK ===
[2026-08-07 19:00:03] === SCRAPE START ===
[2026-08-07 19:00:03] Fetching https://waitz.io/live/ucsd-rec
[2026-08-07 19:00:03] Saved 4 rows to ucsd_occupancy_history.csv
[2026-08-07 19:00:03] Main Gym Fitness Gym: 17% (Closed) people=12 capacity=72 is_open=False hour_summary=closed
[2026-08-07 19:00:03] Outback Climbing Center: 0% (Data Unavailable) people=0 capacity=30 is_open=True hour_summary=open
[2026-08-07 19:00:03] RIMAC Fitness Gym: 97% (Very Active) people=63 capacity=65 is_open=True hour_summary=open
[2026-08-07 19:00:03] Triton Esports Center: 0% (Closed) people=0 capacity=35 is_open=False hour_summary=closed
[2026-08-07 19:00:03] === SCRAPE END OK ===
[2026-08-07 19:15:02] === SCRAPE START ===
[2026-08-07 19:15:02] Fetching https://waitz.io/live/ucsd-rec
[2026-08-07 19:15:03] Saved 4 rows to ucsd_occupancy_history.csv
[2026-08-07 19:15:03] Main Gym Fitness Gym: 15% (Closed) people=11 capacity=72 is_open=False hour_summary=closed
[2026-08-07 19:15:03] Outback Climbing Center: 0% (Data Unavailable) people=0 capacity=30 is_open=True hour_summary=open
[2026-08-07 19:15:03] RIMAC Fitness Gym: 86% (Very Active) people=56 capacity=65 is_open=True hour_summary=open
[2026-08-07 19:15:03] Triton Esports Center: 0% (Closed) people=0 capacity=35 is_open=False hour_summary=closed
[2026-08-07 19:15:03] === SCRAPE END OK ===
[2026-08-07 19:30:02] === SCRAPE START ===
[2026-08-07 19:30:02] Fetching https://waitz.io/live/ucsd-rec
[2026-08-07 19:30:03] Saved 4 rows to ucsd_occupancy_history.csv
[2026-08-07 19:30:03] Main Gym Fitness Gym: 17% (Closed) people=12 capacity=72 is_open=False hour_summary=closed
[2026-08-07 19:30:03] Outback Climbing Center: 0% (Data Unavailable) people=0 capacity=30 is_open=True hour_summary=open
[2026-08-07 19:30:03] RIMAC Fitness Gym: 69% (Busy) people=45 capacity=65 is_open=True hour_summary=open
[2026-08-07 19:30:03] Triton Esports Center: 0% (Closed) people=0 capacity=35 is_open=False hour_summary=closed
[2026-08-07 19:30:03] === SCRAPE END OK ===
[2026-08-07 19:45:02] === SCRAPE START ===
[2026-08-07 19:45:02] Fetching https://waitz.io/live/ucsd-rec
[2026-08-07 19:45:03] Saved 4 rows to ucsd_occupancy_history.csv
[2026-08-07 19:45:03] Main Gym Fitness Gym: 17% (Closed) people=12 capacity=72 is_open=False hour_summary=closed
[2026-08-07 19:45:03] Outback Climbing Center: 0% (Data Unavailable) people=0 capacity=30 is_open=True hour_summary=open
[2026-08-07 19:45:03] RIMAC Fitness Gym: 63% (Busy) people=41 capacity=65 is_open=True hour_summary=open
[2026-08-07 19:45:03] Triton Esports Center: 0% (Closed) people=0 capacity=35 is_open=False hour_summary=closed
[2026-08-07 19:45:03] === SCRAPE END OK ===
[2026-08-07 20:00:02] === SCRAPE START ===
[2026-08-07 20:00:02] Fetching https://waitz.io/live/ucsd-rec
[2026-08-07 20:00:03] Saved 4 rows to ucsd_occupancy_history.csv
[2026-08-07 20:00:03] Main Gym Fitness Gym: 3% (Closed) people=2 capacity=72 is_open=False hour_summary=closed
[2026-08-07 20:00:03] Outback Climbing Center: 0% (Closed) people=0 capacity=30 is_open=False hour_summary=Closed until 2:00pm
[2026-08-07 20:00:03] RIMAC Fitness Gym: 43% (Not Busy) people=28 capacity=65 is_open=True hour_summary=open
[2026-08-07 20:00:03] Triton Esports Center: 0% (Closed) people=0 capacity=35 is_open=False hour_summary=closed
[2026-08-07 20:00:03] === SCRAPE END OK ===
[2026-08-07 20:15:02] === SCRAPE START ===
[2026-08-07 20:15:02] Fetching https://waitz.io/live/ucsd-rec
[2026-08-07 20:15:03] Saved 4 rows to ucsd_occupancy_history.csv
[2026-08-07 20:15:03] Main Gym Fitness Gym: 3% (Closed) people=2 capacity=72 is_open=False hour_summary=closed
[2026-08-07 20:15:03] Outback Climbing Center: 0% (Closed) people=0 capacity=30 is_open=False hour_summary=Closed until 2:00pm
[2026-08-07 20:15:03] RIMAC Fitness Gym: 45% (Not Busy) people=29 capacity=65 is_open=True hour_summary=open
[2026-08-07 20:15:03] Triton Esports Center: 0% (Closed) people=0 capacity=35 is_open=False hour_summary=closed
[2026-08-07 20:15:03] === SCRAPE END OK ===
[2026-08-07 20:30:02] === SCRAPE START ===
[2026-08-07 20:30:02] Fetching https://waitz.io/live/ucsd-rec
[2026-08-07 20:30:03] Saved 4 rows to ucsd_occupancy_history.csv
[2026-08-07 20:30:03] Main Gym Fitness Gym: 7% (Closed) people=5 capacity=72 is_open=False hour_summary=closed
[2026-08-07 20:30:03] Outback Climbing Center: 0% (Closed) people=0 capacity=30 is_open=False hour_summary=Closed until 2:00pm
[2026-08-07 20:30:03] RIMAC Fitness Gym: 28% (Not Busy) people=18 capacity=65 is_open=True hour_summary=open
[2026-08-07 20:30:03] Triton Esports Center: 0% (Closed) people=0 capacity=35 is_open=False hour_summary=closed
[2026-08-07 20:30:03] === SCRAPE END OK ===
[2026-08-07 20:45:02] === SCRAPE START ===
[2026-08-07 20:45:02] Fetching https://waitz.io/live/ucsd-rec
[2026-08-07 20:45:02] Saved 4 rows to ucsd_occupancy_history.csv
[2026-08-07 20:45:02] Main Gym Fitness Gym: 1% (Closed) people=1 capacity=72 is_open=False hour_summary=closed
[2026-08-07 20:45:02] Outback Climbing Center: 0% (Closed) people=0 capacity=30 is_open=False hour_summary=Closed until 2:00pm
[2026-08-07 20:45:02] RIMAC Fitness Gym: 37% (Not Busy) people=24 capacity=65 is_open=True hour_summary=open
[2026-08-07 20:45:02] Triton Esports Center: 0% (Closed) people=0 capacity=35 is_open=False hour_summary=closed
[2026-08-07 20:45:02] === SCRAPE END OK ===
[2026-08-07 21:00:02] === SCRAPE START ===
[2026-08-07 21:00:02] Fetching https://waitz.io/live/ucsd-rec
[2026-08-07 21:00:03] Saved 4 rows to ucsd_occupancy_history.csv
[2026-08-07 21:00:03] Main Gym Fitness Gym: 4% (Closed) people=3 capacity=72 is_open=False hour_summary=closed
[2026-08-07 21:00:03] Outback Climbing Center: 0% (Closed) people=0 capacity=30 is_open=False hour_summary=Closed until 2:00pm
[2026-08-07 21:00:03] RIMAC Fitness Gym: 20% (Closed) people=13 capacity=65 is_open=False hour_summary=Closed until 8:00am
[2026-08-07 21:00:03] Triton Esports Center: 0% (Closed) people=0 capacity=35 is_open=False hour_summary=closed
[2026-08-07 21:00:03] === SCRAPE END OK ===
