[2026-09-23 00:00:01] === SCRAPE START ===
[2026-09-23 00:00:01] Fetching https://waitz.io/live/ucsd-rec
[2026-09-23 00:00:02] Saved 4 rows to ucsd_occupancy_history.csv
[2026-09-23 00:00:02] Main Gym Fitness Gym: 0% (Closed) people=0 capacity=72 is_open=False hour_summary=Closed until 6:00am
[2026-09-23 00:00:02] Outback Climbing Center: 7% (Closed) people=2 capacity=30 is_open=False hour_summary=Closed until 2:00pm
[2026-09-23 00:00:02] RIMAC Fitness Gym: 0% (Closed) people=0 capacity=65 is_open=False hour_summary=Closed until 6:00am
[2026-09-23 00:00:02] Triton Esports Center: 0% (Closed) people=0 capacity=35 is_open=False hour_summary=closed
[2026-09-23 00:00:02] === SCRAPE END OK ===
[2026-09-23 00:15:02] === SCRAPE START ===
[2026-09-23 00:15:02] Fetching https://waitz.io/live/ucsd-rec
[2026-09-23 00:15:03] Saved 4 rows to ucsd_occupancy_history.csv
[2026-09-23 00:15:03] Main Gym Fitness Gym: 0% (Closed) people=0 capacity=72 is_open=False hour_summary=Closed until 6:00am
[2026-09-23 00:15:03] Outback Climbing Center: 7% (Closed) people=2 capacity=30 is_open=False hour_summary=Closed until 2:00pm
[2026-09-23 00:15:03] RIMAC Fitness Gym: 0% (Closed) people=0 capacity=65 is_open=False hour_summary=Closed until 6:00am
[2026-09-23 00:15:03] Triton Esports Center: 0% (Closed) people=0 capacity=35 is_open=False hour_summary=closed
[2026-09-23 00:15:03] === SCRAPE END OK ===
[2026-09-23 00:30:02] === SCRAPE START ===
[2026-09-23 00:30:02] Fetching https://waitz.io/live/ucsd-rec
[2026-09-23 00:30:04] Saved 4 rows to ucsd_occupancy_history.csv
[2026-09-23 00:30:04] Main Gym Fitness Gym: 1% (Closed) people=1 capacity=72 is_open=False hour_summary=Closed until 6:00am
[2026-09-23 00:30:04] Outback Climbing Center: 3% (Closed) people=1 capacity=30 is_open=False hour_summary=Closed until 2:00pm
[2026-09-23 00:30:04] RIMAC Fitness Gym: 0% (Closed) people=0 capacity=65 is_open=False hour_summary=Closed until 6:00am
[2026-09-23 00:30:04] Triton Esports Center: 0% (Closed) people=0 capacity=35 is_open=False hour_summary=closed
[2026-09-23 00:30:04] === SCRAPE END OK ===
[2026-09-23 00:45:03] === SCRAPE START ===
[2026-09-23 00:45:03] Fetching https://waitz.io/live/ucsd-rec
[2026-09-23 00:45:04] Saved 4 rows to ucsd_occupancy_history.csv
[2026-09-23 00:45:04] Main Gym Fitness Gym: 0% (Closed) people=0 capacity=72 is_open=False hour_summary=Closed until 6:00am
[2026-09-23 00:45:04] Outback Climbing Center: 3% (Closed) people=1 capacity=30 is_open=False hour_summary=Closed until 2:00pm
[2026-09-23 00:45:04] RIMAC Fitness Gym: 0% (Closed) people=0 capacity=65 is_open=False hour_summary=Closed until 6:00am
[2026-09-23 00:45:04] Triton Esports Center: 0% (Closed) people=0 capacity=35 is_open=False hour_summary=closed
[2026-09-23 00:45:04] === SCRAPE END OK ===
[2026-09-23 01:00:02] === SCRAPE START ===
[2026-09-23 01:00:02] Fetching https://waitz.io/live/ucsd-rec
[2026-09-23 01:00:03] Saved 4 rows to ucsd_occupancy_history.csv
[2026-09-23 01:00:03] Main Gym Fitness Gym: 0% (Closed) people=0 capacity=72 is_open=False hour_summary=Closed until 6:00am
[2026-09-23 01:00:03] Outback Climbing Center: 7% (Closed) people=2 capacity=30 is_open=False hour_summary=Closed until 2:00pm
[2026-09-23 01:00:03] RIMAC Fitness Gym: 0% (Closed) people=0 capacity=65 is_open=False hour_summary=Closed until 6:00am
[2026-09-23 01:00:03] Triton Esports Center: 0% (Closed) people=0 capacity=35 is_open=False hour_summary=closed
[2026-09-23 01:00:03] === SCRAPE END OK ===
[2026-09-23 01:15:02] === SCRAPE START ===
[2026-09-23 01:15:02] Fetching https://waitz.io/live/ucsd-rec
[2026-09-23 01:15:03] Saved 4 rows to ucsd_occupancy_history.csv
[2026-09-23 01:15:03] Main Gym Fitness Gym: 0% (Closed) people=0 capacity=72 is_open=False hour_summary=Closed until 6:00am
[2026-09-23 01:15:03] Outback Climbing Center: 3% (Closed) people=1 capacity=30 is_open=False hour_summary=Closed until 2:00pm
[2026-09-23 01:15:03] RIMAC Fitness Gym: 0% (Closed) people=0 capacity=65 is_open=False hour_summary=Closed until 6:00am
[2026-09-23 01:15:03] Triton Esports Center: 0% (Closed) people=0 capacity=35 is_open=False hour_summary=closed
[2026-09-23 01:15:03] === SCRAPE END OK ===
[2026-09-23 01:30:02] === SCRAPE START ===
[2026-09-23 01:30:02] Fetching https://waitz.io/live/ucsd-rec
[2026-09-23 01:30:04] Saved 4 rows to ucsd_occupancy_history.csv
[2026-09-23 01:30:04] Main Gym Fitness Gym: 0% (Closed) people=0 capacity=72 is_open=False hour_summary=Closed until 6:00am
[2026-09-23 01:30:04] Outback Climbing Center: 7% (Closed) people=2 capacity=30 is_open=False hour_summary=Closed until 2:00pm
[2026-09-23 01:30:04] RIMAC Fitness Gym: 0% (Closed) people=0 capacity=65 is_open=False hour_summary=Closed until 6:00am
[2026-09-23 01:30:04] Triton Esports Center: 0% (Closed) people=0 capacity=35 is_open=False hour_summary=closed
[2026-09-23 01:30:04] === SCRAPE END OK ===
[2026-09-23 01:45:02] === SCRAPE START ===
[2026-09-23 01:45:02] Fetching https://waitz.io/live/ucsd-rec
[2026-09-23 01:45:03] Saved 4 rows to ucsd_occupancy_history.csv
[2026-09-23 01:45:03] Main Gym Fitness Gym: 0% (Closed) people=0 capacity=72 is_open=False hour_summary=Closed until 6:00am
[2026-09-23 01:45:03] Outback Climbing Center: 7% (Closed) people=2 capacity=30 is_open=False hour_summary=Closed until 2:00pm
[2026-09-23 01:45:03] RIMAC Fitness Gym: 0% (Closed) people=0 capacity=65 is_open=False hour_summary=Closed until 6:00am
[2026-09-23 01:45:03] Triton Esports Center: 0% (Closed) people=0 capacity=35 is_open=False hour_summary=closed
[2026-09-23 01:45:03] === SCRAPE END OK ===
[2026-09-23 02:00:02] === SCRAPE START ===
[2026-09-23 02:00:02] Fetching https://waitz.io/live/ucsd-rec
[2026-09-23 02:00:03] Saved 4 rows to ucsd_occupancy_history.csv
[2026-09-23 02:00:03] Main Gym Fitness Gym: 0% (Closed) people=0 capacity=72 is_open=False hour_summary=Closed until 6:00am
[2026-09-23 02:00:03] Outback Climbing Center: 3% (Closed) people=1 capacity=30 is_open=False hour_summary=Closed until 2:00pm
[2026-09-23 02:00:03] RIMAC Fitness Gym: 0% (Closed) people=0 capacity=65 is_open=False hour_summary=Closed until 6:00am
[2026-09-23 02:00:03] Triton Esports Center: 0% (Closed) people=0 capacity=35 is_open=False hour_summary=closed
[2026-09-23 02:00:03] === SCRAPE END OK ===
[2026-09-23 02:15:02] === SCRAPE START ===
[2026-09-23 02:15:02] Fetching https://waitz.io/live/ucsd-rec
[2026-09-23 02:15:03] Saved 4 rows to ucsd_occupancy_history.csv
[2026-09-23 02:15:03] Main Gym Fitness Gym: 0% (Closed) people=0 capacity=72 is_open=False hour_summary=Closed until 6:00am
[2026-09-23 02:15:03] Outback Climbing Center: 3% (Closed) people=1 capacity=30 is_open=False hour_summary=Closed until 2:00pm
[2026-09-23 02:15:03] RIMAC Fitness Gym: 0% (Closed) people=0 capacity=65 is_open=False hour_summary=Closed until 6:00am
[2026-09-23 02:15:03] Triton Esports Center: 0% (Closed) people=0 capacity=35 is_open=False hour_summary=closed
[2026-09-23 02:15:03] === SCRAPE END OK ===
[2026-09-23 02:30:02] === SCRAPE START ===
[2026-09-23 02:30:02] Fetching https://waitz.io/live/ucsd-rec
[2026-09-23 02:30:04] Saved 4 rows to ucsd_occupancy_history.csv
[2026-09-23 02:30:04] Main Gym Fitness Gym: 0% (Closed) people=0 capacity=72 is_open=False hour_summary=Closed until 6:00am
[2026-09-23 02:30:04] Outback Climbing Center: 3% (Closed) people=1 capacity=30 is_open=False hour_summary=Closed until 2:00pm
[2026-09-23 02:30:04] RIMAC Fitness Gym: 0% (Closed) people=0 capacity=65 is_open=False hour_summary=Closed until 6:00am
[2026-09-23 02:30:04] Triton Esports Center: 0% (Closed) people=0 capacity=35 is_open=False hour_summary=closed
[2026-09-23 02:30:04] === SCRAPE END OK ===
[2026-09-23 02:45:02] === SCRAPE START ===
[2026-09-23 02:45:02] Fetching https://waitz.io/live/ucsd-rec
[2026-09-23 02:45:03] Saved 4 rows to ucsd_occupancy_history.csv
[2026-09-23 02:45:03] Main Gym Fitness Gym: 0% (Closed) people=0 capacity=72 is_open=False hour_summary=Closed until 6:00am
[2026-09-23 02:45:03] Outback Climbing Center: 7% (Closed) people=2 capacity=30 is_open=False hour_summary=Closed until 2:00pm
[2026-09-23 02:45:03] RIMAC Fitness Gym: 0% (Closed) people=0 capacity=65 is_open=False hour_summary=Closed until 6:00am
[2026-09-23 02:45:03] Triton Esports Center: 0% (Closed) people=0 capacity=35 is_open=False hour_summary=closed
[2026-09-23 02:45:03] === SCRAPE END OK ===
[2026-09-23 03:00:02] === SCRAPE START ===
[2026-09-23 03:00:02] Fetching https://waitz.io/live/ucsd-rec
[2026-09-23 03:00:03] Saved 4 rows to ucsd_occupancy_history.csv
[2026-09-23 03:00:03] Main Gym Fitness Gym: 0% (Closed) people=0 capacity=72 is_open=False hour_summary=Closed until 6:00am
[2026-09-23 03:00:03] Outback Climbing Center: 7% (Closed) people=2 capacity=30 is_open=False hour_summary=Closed until 2:00pm
[2026-09-23 03:00:03] RIMAC Fitness Gym: 0% (Closed) people=0 capacity=65 is_open=False hour_summary=Closed until 6:00am
[2026-09-23 03:00:03] Triton Esports Center: 0% (Closed) people=0 capacity=35 is_open=False hour_summary=closed
[2026-09-23 03:00:03] === SCRAPE END OK ===
[2026-09-23 03:15:02] === SCRAPE START ===
[2026-09-23 03:15:02] Fetching https://waitz.io/live/ucsd-rec
[2026-09-23 03:15:03] Saved 4 rows to ucsd_occupancy_history.csv
[2026-09-23 03:15:03] Main Gym Fitness Gym: 0% (Closed) people=0 capacity=72 is_open=False hour_summary=Closed until 6:00am
[2026-09-23 03:15:03] Outback Climbing Center: 3% (Closed) people=1 capacity=30 is_open=False hour_summary=Closed until 2:00pm
[2026-09-23 03:15:03] RIMAC Fitness Gym: 0% (Closed) people=0 capacity=65 is_open=False hour_summary=Closed until 6:00am
[2026-09-23 03:15:03] Triton Esports Center: 0% (Closed) people=0 capacity=35 is_open=False hour_summary=closed
[2026-09-23 03:15:03] === SCRAPE END OK ===
[2026-09-23 03:30:03] === SCRAPE START ===
[2026-09-23 03:30:03] Fetching https://waitz.io/live/ucsd-rec
[2026-09-23 03:30:04] Saved 4 rows to ucsd_occupancy_history.csv
[2026-09-23 03:30:04] Main Gym Fitness Gym: 0% (Closed) people=0 capacity=72 is_open=False hour_summary=Closed until 6:00am
[2026-09-23 03:30:04] Outback Climbing Center: 7% (Closed) people=2 capacity=30 is_open=False hour_summary=Closed until 2:00pm
[2026-09-23 03:30:04] RIMAC Fitness Gym: 0% (Closed) people=0 capacity=65 is_open=False hour_summary=Closed until 6:00am
[2026-09-23 03:30:04] Triton Esports Center: 0% (Closed) people=0 capacity=35 is_open=False hour_summary=closed
[2026-09-23 03:30:04] === SCRAPE END OK ===
[2026-09-23 03:45:02] === SCRAPE START ===
[2026-09-23 03:45:02] Fetching https://waitz.io/live/ucsd-rec
[2026-09-23 03:45:03] Saved 4 rows to ucsd_occupancy_history.csv
[2026-09-23 03:45:03] Main Gym Fitness Gym: 0% (Closed) people=0 capacity=72 is_open=False hour_summary=Closed until 6:00am
[2026-09-23 03:45:03] Outback Climbing Center: 7% (Closed) people=2 capacity=30 is_open=False hour_summary=Closed until 2:00pm
[2026-09-23 03:45:03] RIMAC Fitness Gym: 0% (Closed) people=0 capacity=65 is_open=False hour_summary=Closed until 6:00am
[2026-09-23 03:45:03] Triton Esports Center: 0% (Closed) people=0 capacity=35 is_open=False hour_summary=closed
[2026-09-23 03:45:03] === SCRAPE END OK ===
[2026-09-23 04:00:02] === SCRAPE START ===
[2026-09-23 04:00:02] Fetching https://waitz.io/live/ucsd-rec
[2026-09-23 04:00:03] Saved 4 rows to ucsd_occupancy_history.csv
[2026-09-23 04:00:03] Main Gym Fitness Gym: 0% (Closed) people=0 capacity=72 is_open=False hour_summary=Closed until 6:00am
[2026-09-23 04:00:03] Outback Climbing Center: 7% (Closed) people=2 capacity=30 is_open=False hour_summary=Closed until 2:00pm
[2026-09-23 04:00:03] RIMAC Fitness Gym: 0% (Closed) people=0 capacity=65 is_open=False hour_summary=Closed until 6:00am
[2026-09-23 04:00:03] Triton Esports Center: 0% (Closed) people=0 capacity=35 is_open=False hour_summary=closed
[2026-09-23 04:00:03] === SCRAPE END OK ===
[2026-09-23 04:15:02] === SCRAPE START ===
[2026-09-23 04:15:02] Fetching https://waitz.io/live/ucsd-rec
[2026-09-23 04:15:03] Saved 4 rows to ucsd_occupancy_history.csv
[2026-09-23 04:15:03] Main Gym Fitness Gym: 0% (Closed) people=0 capacity=72 is_open=False hour_summary=Closed until 6:00am
[2026-09-23 04:15:03] Outback Climbing Center: 3% (Closed) people=1 capacity=30 is_open=False hour_summary=Closed until 2:00pm
[2026-09-23 04:15:03] RIMAC Fitness Gym: 0% (Closed) people=0 capacity=65 is_open=False hour_summary=Closed until 6:00am
[2026-09-23 04:15:03] Triton Esports Center: 0% (Closed) people=0 capacity=35 is_open=False hour_summary=closed
[2026-09-23 04:15:03] === SCRAPE END OK ===
[2026-09-23 04:30:02] === SCRAPE START ===
[2026-09-23 04:30:02] Fetching https://waitz.io/live/ucsd-rec
[2026-09-23 04:30:03] Saved 4 rows to ucsd_occupancy_history.csv
[2026-09-23 04:30:03] Main Gym Fitness Gym: 0% (Closed) people=0 capacity=72 is_open=False hour_summary=Closed until 6:00am
[2026-09-23 04:30:03] Outback Climbing Center: 7% (Closed) people=2 capacity=30 is_open=False hour_summary=Closed until 2:00pm
[2026-09-23 04:30:03] RIMAC Fitness Gym: 0% (Closed) people=0 capacity=65 is_open=False hour_summary=Closed until 6:00am
[2026-09-23 04:30:03] Triton Esports Center: 0% (Closed) people=0 capacity=35 is_open=False hour_summary=closed
[2026-09-23 04:30:03] === SCRAPE END OK ===
[2026-09-23 04:45:02] === SCRAPE START ===
[2026-09-23 04:45:02] Fetching https://waitz.io/live/ucsd-rec
[2026-09-23 04:45:03] Saved 4 rows to ucsd_occupancy_history.csv
[2026-09-23 04:45:03] Main Gym Fitness Gym: 0% (Closed) people=0 capacity=72 is_open=False hour_summary=Closed until 6:00am
[2026-09-23 04:45:03] Outback Climbing Center: 10% (Closed) people=3 capacity=30 is_open=False hour_summary=Closed until 2:00pm
[2026-09-23 04:45:03] RIMAC Fitness Gym: 0% (Closed) people=0 capacity=65 is_open=False hour_summary=Closed until 6:00am
[2026-09-23 04:45:03] Triton Esports Center: 0% (Closed) people=0 capacity=35 is_open=False hour_summary=closed
[2026-09-23 04:45:03] === SCRAPE END OK ===
[2026-09-23 05:00:02] === SCRAPE START ===
[2026-09-23 05:00:02] Fetching https://waitz.io/live/ucsd-rec
[2026-09-23 05:00:04] Saved 4 rows to ucsd_occupancy_history.csv
[2026-09-23 05:00:04] Main Gym Fitness Gym: 0% (Closed) people=0 capacity=72 is_open=False hour_summary=Closed until 6:00am
[2026-09-23 05:00:04] Outback Climbing Center: 7% (Closed) people=2 capacity=30 is_open=False hour_summary=Closed until 2:00pm
[2026-09-23 05:00:04] RIMAC Fitness Gym: 0% (Closed) people=0 capacity=65 is_open=False hour_summary=Closed until 6:00am
[2026-09-23 05:00:04] Triton Esports Center: 0% (Closed) people=0 capacity=35 is_open=False hour_summary=closed
[2026-09-23 05:00:04] === SCRAPE END OK ===
[2026-09-23 05:15:02] === SCRAPE START ===
[2026-09-23 05:15:02] Fetching https://waitz.io/live/ucsd-rec
[2026-09-23 05:15:03] Saved 4 rows to ucsd_occupancy_history.csv
[2026-09-23 05:15:03] Main Gym Fitness Gym: 0% (Closed) people=0 capacity=72 is_open=False hour_summary=Closed until 6:00am
[2026-09-23 05:15:03] Outback Climbing Center: 7% (Closed) people=2 capacity=30 is_open=False hour_summary=Closed until 2:00pm
[2026-09-23 05:15:03] RIMAC Fitness Gym: 2% (Closed) people=1 capacity=65 is_open=False hour_summary=Closed until 6:00am
[2026-09-23 05:15:03] Triton Esports Center: 0% (Closed) people=0 capacity=35 is_open=False hour_summary=closed
[2026-09-23 05:15:03] === SCRAPE END OK ===
[2026-09-23 09:30:04] === SCRAPE START ===
[2026-09-23 09:30:04] Fetching https://waitz.io/live/ucsd-rec
[2026-09-23 09:30:05] Saved 4 rows to ucsd_occupancy_history.csv
[2026-09-23 09:30:05] Main Gym Fitness Gym: 10% (Not Busy) people=7 capacity=72 is_open=True hour_summary=open
[2026-09-23 09:30:05] Outback Climbing Center: 27% (Closed) people=8 capacity=30 is_open=False hour_summary=Closed until 2:00pm
[2026-09-23 09:30:05] RIMAC Fitness Gym: 99% (Very Active) people=64 capacity=65 is_open=True hour_summary=open
[2026-09-23 09:30:05] Triton Esports Center: 0% (Closed) people=0 capacity=35 is_open=False hour_summary=closed
[2026-09-23 09:30:05] === SCRAPE END OK ===
[2026-09-23 09:45:03] === SCRAPE START ===
[2026-09-23 09:45:03] Fetching https://waitz.io/live/ucsd-rec
[2026-09-23 09:45:04] Saved 4 rows to ucsd_occupancy_history.csv
[2026-09-23 09:45:04] Main Gym Fitness Gym: 18% (Not Busy) people=13 capacity=72 is_open=True hour_summary=open
[2026-09-23 09:45:04] Outback Climbing Center: 13% (Closed) people=4 capacity=30 is_open=False hour_summary=Closed until 2:00pm
[2026-09-23 09:45:04] RIMAC Fitness Gym: 99% (Very Active) people=64 capacity=65 is_open=True hour_summary=open
[2026-09-23 09:45:04] Triton Esports Center: 0% (Closed) people=0 capacity=35 is_open=False hour_summary=closed
[2026-09-23 09:45:04] === SCRAPE END OK ===
[2026-09-23 10:00:03] === SCRAPE START ===
[2026-09-23 10:00:03] Fetching https://waitz.io/live/ucsd-rec
[2026-09-23 10:00:05] Saved 4 rows to ucsd_occupancy_history.csv
[2026-09-23 10:00:05] Main Gym Fitness Gym: 17% (Not Busy) people=12 capacity=72 is_open=True hour_summary=open
[2026-09-23 10:00:05] Outback Climbing Center: 20% (Closed) people=6 capacity=30 is_open=False hour_summary=Closed until 2:00pm
[2026-09-23 10:00:05] RIMAC Fitness Gym: 99% (Very Active) people=64 capacity=65 is_open=True hour_summary=open
[2026-09-23 10:00:05] Triton Esports Center: 0% (Closed) people=0 capacity=35 is_open=False hour_summary=closed
[2026-09-23 10:00:05] === SCRAPE END OK ===
[2026-09-23 10:15:03] === SCRAPE START ===
[2026-09-23 10:15:03] Fetching https://waitz.io/live/ucsd-rec
[2026-09-23 10:15:04] Saved 4 rows to ucsd_occupancy_history.csv
[2026-09-23 10:15:04] Main Gym Fitness Gym: 25% (Not Busy) people=18 capacity=72 is_open=True hour_summary=open
[2026-09-23 10:15:04] Outback Climbing Center: 99% (Closed) people=30 capacity=30 is_open=False hour_summary=Closed until 2:00pm
[2026-09-23 10:15:04] RIMAC Fitness Gym: 99% (Very Active) people=64 capacity=65 is_open=True hour_summary=open
[2026-09-23 10:15:04] Triton Esports Center: 0% (Closed) people=0 capacity=35 is_open=False hour_summary=closed
[2026-09-23 10:15:04] === SCRAPE END OK ===
[2026-09-23 10:30:03] === SCRAPE START ===
[2026-09-23 10:30:03] Fetching https://waitz.io/live/ucsd-rec
[2026-09-23 10:30:04] Saved 4 rows to ucsd_occupancy_history.csv
[2026-09-23 10:30:04] Main Gym Fitness Gym: 26% (Not Busy) people=19 capacity=72 is_open=True hour_summary=open
[2026-09-23 10:30:04] Outback Climbing Center: 99% (Closed) people=30 capacity=30 is_open=False hour_summary=Closed until 2:00pm
[2026-09-23 10:30:04] RIMAC Fitness Gym: 99% (Very Active) people=64 capacity=65 is_open=True hour_summary=open
[2026-09-23 10:30:04] Triton Esports Center: 0% (Closed) people=0 capacity=35 is_open=False hour_summary=closed
[2026-09-23 10:30:04] === SCRAPE END OK ===
[2026-09-23 10:45:03] === SCRAPE START ===
[2026-09-23 10:45:03] Fetching https://waitz.io/live/ucsd-rec
[2026-09-23 10:45:05] Saved 4 rows to ucsd_occupancy_history.csv
[2026-09-23 10:45:05] Main Gym Fitness Gym: 24% (Not Busy) people=17 capacity=72 is_open=True hour_summary=open
[2026-09-23 10:45:05] Outback Climbing Center: 99% (Closed) people=30 capacity=30 is_open=False hour_summary=Closed until 2:00pm
[2026-09-23 10:45:05] RIMAC Fitness Gym: 99% (Very Active) people=64 capacity=65 is_open=True hour_summary=open
[2026-09-23 10:45:05] Triton Esports Center: 0% (Closed) people=0 capacity=35 is_open=False hour_summary=closed
[2026-09-23 10:45:05] === SCRAPE END OK ===
