[2026-07-21 00:00:02] === SCRAPE START ===
[2026-07-21 00:00:02] Fetching https://waitz.io/live/ucsd-rec
[2026-07-21 00:00:05] Saved 4 rows to ucsd_occupancy_history.csv
[2026-07-21 00:00:05] Main Gym Fitness Gym: 1% (Closed) people=1 capacity=72 is_open=False hour_summary=closed
[2026-07-21 00:00:05] Outback Climbing Center: 7% (Closed) people=2 capacity=30 is_open=False hour_summary=Closed until 2:00pm
[2026-07-21 00:00:05] RIMAC Fitness Gym: 0% (Closed) people=0 capacity=150 is_open=False hour_summary=Closed until 6:00am
[2026-07-21 00:00:05] Triton Esports Center: 0% (Closed) people=0 capacity=35 is_open=False hour_summary=closed
[2026-07-21 00:00:05] === SCRAPE END OK ===
[2026-07-21 00:15:02] === SCRAPE START ===
[2026-07-21 00:15:02] Fetching https://waitz.io/live/ucsd-rec
[2026-07-21 00:15:03] Saved 4 rows to ucsd_occupancy_history.csv
[2026-07-21 00:15:03] Main Gym Fitness Gym: 0% (Closed) people=0 capacity=72 is_open=False hour_summary=closed
[2026-07-21 00:15:03] Outback Climbing Center: 7% (Closed) people=2 capacity=30 is_open=False hour_summary=Closed until 2:00pm
[2026-07-21 00:15:03] RIMAC Fitness Gym: 0% (Closed) people=0 capacity=150 is_open=False hour_summary=Closed until 6:00am
[2026-07-21 00:15:03] Triton Esports Center: 0% (Closed) people=0 capacity=35 is_open=False hour_summary=closed
[2026-07-21 00:15:03] === SCRAPE END OK ===
[2026-07-21 00:30:02] === SCRAPE START ===
[2026-07-21 00:30:02] Fetching https://waitz.io/live/ucsd-rec
[2026-07-21 00:30:04] Saved 4 rows to ucsd_occupancy_history.csv
[2026-07-21 00:30:04] Main Gym Fitness Gym: 0% (Closed) people=0 capacity=72 is_open=False hour_summary=closed
[2026-07-21 00:30:04] Outback Climbing Center: 3% (Closed) people=1 capacity=30 is_open=False hour_summary=Closed until 2:00pm
[2026-07-21 00:30:04] RIMAC Fitness Gym: 0% (Closed) people=0 capacity=150 is_open=False hour_summary=Closed until 6:00am
[2026-07-21 00:30:04] Triton Esports Center: 0% (Closed) people=0 capacity=35 is_open=False hour_summary=closed
[2026-07-21 00:30:04] === SCRAPE END OK ===
[2026-07-21 00:45:02] === SCRAPE START ===
[2026-07-21 00:45:02] Fetching https://waitz.io/live/ucsd-rec
[2026-07-21 00:45:03] Saved 4 rows to ucsd_occupancy_history.csv
[2026-07-21 00:45:03] Main Gym Fitness Gym: 0% (Closed) people=0 capacity=72 is_open=False hour_summary=closed
[2026-07-21 00:45:03] Outback Climbing Center: 0% (Closed) people=0 capacity=30 is_open=False hour_summary=Closed until 2:00pm
[2026-07-21 00:45:03] RIMAC Fitness Gym: 0% (Closed) people=0 capacity=150 is_open=False hour_summary=Closed until 6:00am
[2026-07-21 00:45:03] Triton Esports Center: 0% (Closed) people=0 capacity=35 is_open=False hour_summary=closed
[2026-07-21 00:45:03] === SCRAPE END OK ===
[2026-07-21 01:00:02] === SCRAPE START ===
[2026-07-21 01:00:02] Fetching https://waitz.io/live/ucsd-rec
[2026-07-21 01:00:04] Saved 4 rows to ucsd_occupancy_history.csv
[2026-07-21 01:00:04] Main Gym Fitness Gym: 0% (Closed) people=0 capacity=72 is_open=False hour_summary=closed
[2026-07-21 01:00:04] Outback Climbing Center: 7% (Closed) people=2 capacity=30 is_open=False hour_summary=Closed until 2:00pm
[2026-07-21 01:00:04] RIMAC Fitness Gym: 0% (Closed) people=0 capacity=150 is_open=False hour_summary=Closed until 6:00am
[2026-07-21 01:00:04] Triton Esports Center: 0% (Closed) people=0 capacity=35 is_open=False hour_summary=closed
[2026-07-21 01:00:04] === SCRAPE END OK ===
[2026-07-21 01:15:02] === SCRAPE START ===
[2026-07-21 01:15:02] Fetching https://waitz.io/live/ucsd-rec
[2026-07-21 01:15:03] Saved 4 rows to ucsd_occupancy_history.csv
[2026-07-21 01:15:03] Main Gym Fitness Gym: 0% (Closed) people=0 capacity=72 is_open=False hour_summary=closed
[2026-07-21 01:15:03] Outback Climbing Center: 7% (Closed) people=2 capacity=30 is_open=False hour_summary=Closed until 2:00pm
[2026-07-21 01:15:03] RIMAC Fitness Gym: 0% (Closed) people=0 capacity=150 is_open=False hour_summary=Closed until 6:00am
[2026-07-21 01:15:03] Triton Esports Center: 0% (Closed) people=0 capacity=35 is_open=False hour_summary=closed
[2026-07-21 01:15:03] === SCRAPE END OK ===
[2026-07-21 01:30:02] === SCRAPE START ===
[2026-07-21 01:30:02] Fetching https://waitz.io/live/ucsd-rec
[2026-07-21 01:30:03] Saved 4 rows to ucsd_occupancy_history.csv
[2026-07-21 01:30:03] Main Gym Fitness Gym: 0% (Closed) people=0 capacity=72 is_open=False hour_summary=closed
[2026-07-21 01:30:03] Outback Climbing Center: 3% (Closed) people=1 capacity=30 is_open=False hour_summary=Closed until 2:00pm
[2026-07-21 01:30:03] RIMAC Fitness Gym: 0% (Closed) people=0 capacity=150 is_open=False hour_summary=Closed until 6:00am
[2026-07-21 01:30:03] Triton Esports Center: 0% (Closed) people=0 capacity=35 is_open=False hour_summary=closed
[2026-07-21 01:30:03] === SCRAPE END OK ===
[2026-07-21 01:45:02] === SCRAPE START ===
[2026-07-21 01:45:02] Fetching https://waitz.io/live/ucsd-rec
[2026-07-21 01:45:03] Saved 4 rows to ucsd_occupancy_history.csv
[2026-07-21 01:45:03] Main Gym Fitness Gym: 0% (Closed) people=0 capacity=72 is_open=False hour_summary=closed
[2026-07-21 01:45:03] Outback Climbing Center: 7% (Closed) people=2 capacity=30 is_open=False hour_summary=Closed until 2:00pm
[2026-07-21 01:45:03] RIMAC Fitness Gym: 0% (Closed) people=0 capacity=150 is_open=False hour_summary=Closed until 6:00am
[2026-07-21 01:45:03] Triton Esports Center: 0% (Closed) people=0 capacity=35 is_open=False hour_summary=closed
[2026-07-21 01:45:03] === SCRAPE END OK ===
[2026-07-21 02:00:02] === SCRAPE START ===
[2026-07-21 02:00:02] Fetching https://waitz.io/live/ucsd-rec
[2026-07-21 02:00:05] Saved 4 rows to ucsd_occupancy_history.csv
[2026-07-21 02:00:05] Main Gym Fitness Gym: 0% (Closed) people=0 capacity=72 is_open=False hour_summary=closed
[2026-07-21 02:00:05] Outback Climbing Center: 10% (Closed) people=3 capacity=30 is_open=False hour_summary=Closed until 2:00pm
[2026-07-21 02:00:05] RIMAC Fitness Gym: 0% (Closed) people=0 capacity=150 is_open=False hour_summary=Closed until 6:00am
[2026-07-21 02:00:05] Triton Esports Center: 0% (Closed) people=0 capacity=35 is_open=False hour_summary=closed
[2026-07-21 02:00:05] === SCRAPE END OK ===
[2026-07-21 02:15:02] === SCRAPE START ===
[2026-07-21 02:15:02] Fetching https://waitz.io/live/ucsd-rec
[2026-07-21 02:15:04] Saved 4 rows to ucsd_occupancy_history.csv
[2026-07-21 02:15:04] Main Gym Fitness Gym: 0% (Closed) people=0 capacity=72 is_open=False hour_summary=closed
[2026-07-21 02:15:04] Outback Climbing Center: 3% (Closed) people=1 capacity=30 is_open=False hour_summary=Closed until 2:00pm
[2026-07-21 02:15:04] RIMAC Fitness Gym: 0% (Closed) people=0 capacity=150 is_open=False hour_summary=Closed until 6:00am
[2026-07-21 02:15:04] Triton Esports Center: 0% (Closed) people=0 capacity=35 is_open=False hour_summary=closed
[2026-07-21 02:15:04] === SCRAPE END OK ===
[2026-07-21 02:30:02] === SCRAPE START ===
[2026-07-21 02:30:02] Fetching https://waitz.io/live/ucsd-rec
[2026-07-21 02:30:03] Saved 4 rows to ucsd_occupancy_history.csv
[2026-07-21 02:30:03] Main Gym Fitness Gym: 0% (Closed) people=0 capacity=72 is_open=False hour_summary=closed
[2026-07-21 02:30:03] Outback Climbing Center: 10% (Closed) people=3 capacity=30 is_open=False hour_summary=Closed until 2:00pm
[2026-07-21 02:30:03] RIMAC Fitness Gym: 0% (Closed) people=0 capacity=150 is_open=False hour_summary=Closed until 6:00am
[2026-07-21 02:30:03] Triton Esports Center: 0% (Closed) people=0 capacity=35 is_open=False hour_summary=closed
[2026-07-21 02:30:03] === SCRAPE END OK ===
[2026-07-21 02:45:03] === SCRAPE START ===
[2026-07-21 02:45:03] Fetching https://waitz.io/live/ucsd-rec
[2026-07-21 02:45:04] Saved 4 rows to ucsd_occupancy_history.csv
[2026-07-21 02:45:04] Main Gym Fitness Gym: 0% (Closed) people=0 capacity=72 is_open=False hour_summary=closed
[2026-07-21 02:45:04] Outback Climbing Center: 3% (Closed) people=1 capacity=30 is_open=False hour_summary=Closed until 2:00pm
[2026-07-21 02:45:04] RIMAC Fitness Gym: 0% (Closed) people=0 capacity=150 is_open=False hour_summary=Closed until 6:00am
[2026-07-21 02:45:04] Triton Esports Center: 0% (Closed) people=0 capacity=35 is_open=False hour_summary=closed
[2026-07-21 02:45:04] === SCRAPE END OK ===
[2026-07-21 12:45:05] === SCRAPE START ===
[2026-07-21 12:45:05] Fetching https://waitz.io/live/ucsd-rec
[2026-07-21 12:45:05] Saved 4 rows to ucsd_occupancy_history.csv
[2026-07-21 12:45:05] Main Gym Fitness Gym: 10% (Closed) people=7 capacity=72 is_open=False hour_summary=closed
[2026-07-21 12:45:05] Outback Climbing Center: 0% (Closed) people=0 capacity=30 is_open=False hour_summary=Closed until 2:00pm
[2026-07-21 12:45:05] RIMAC Fitness Gym: 17% (Not Busy) people=26 capacity=150 is_open=True hour_summary=open
[2026-07-21 12:45:05] Triton Esports Center: 0% (Closed) people=0 capacity=35 is_open=False hour_summary=closed
[2026-07-21 12:45:05] === SCRAPE END OK ===
[2026-07-21 13:00:03] === SCRAPE START ===
[2026-07-21 13:00:03] Fetching https://waitz.io/live/ucsd-rec
[2026-07-21 13:00:05] Saved 4 rows to ucsd_occupancy_history.csv
[2026-07-21 13:00:05] Main Gym Fitness Gym: 11% (Closed) people=8 capacity=72 is_open=False hour_summary=closed
[2026-07-21 13:00:05] Outback Climbing Center: 10% (Closed) people=3 capacity=30 is_open=False hour_summary=Closed until 2:00pm
[2026-07-21 13:00:05] RIMAC Fitness Gym: 17% (Not Busy) people=26 capacity=150 is_open=True hour_summary=open
[2026-07-21 13:00:05] Triton Esports Center: 0% (Closed) people=0 capacity=35 is_open=False hour_summary=closed
[2026-07-21 13:00:05] === SCRAPE END OK ===
[2026-07-21 13:15:03] === SCRAPE START ===
[2026-07-21 13:15:03] Fetching https://waitz.io/live/ucsd-rec
[2026-07-21 13:15:04] Saved 4 rows to ucsd_occupancy_history.csv
[2026-07-21 13:15:04] Main Gym Fitness Gym: 6% (Closed) people=4 capacity=72 is_open=False hour_summary=closed
[2026-07-21 13:15:04] Outback Climbing Center: 3% (Closed) people=1 capacity=30 is_open=False hour_summary=Closed until 2:00pm
[2026-07-21 13:15:04] RIMAC Fitness Gym: 21% (Not Busy) people=32 capacity=150 is_open=True hour_summary=open
[2026-07-21 13:15:04] Triton Esports Center: 0% (Closed) people=0 capacity=35 is_open=False hour_summary=closed
[2026-07-21 13:15:04] === SCRAPE END OK ===
[2026-07-21 13:30:03] === SCRAPE START ===
[2026-07-21 13:30:03] Fetching https://waitz.io/live/ucsd-rec
[2026-07-21 13:30:04] Saved 4 rows to ucsd_occupancy_history.csv
[2026-07-21 13:30:04] Main Gym Fitness Gym: 15% (Closed) people=11 capacity=72 is_open=False hour_summary=closed
[2026-07-21 13:30:04] Outback Climbing Center: 7% (Closed) people=2 capacity=30 is_open=False hour_summary=Closed until 2:00pm
[2026-07-21 13:30:04] RIMAC Fitness Gym: 18% (Not Busy) people=27 capacity=150 is_open=True hour_summary=open
[2026-07-21 13:30:04] Triton Esports Center: 0% (Closed) people=0 capacity=35 is_open=False hour_summary=closed
[2026-07-21 13:30:04] === SCRAPE END OK ===
[2026-07-21 20:30:09] === SCRAPE START ===
[2026-07-21 20:30:09] Fetching https://waitz.io/live/ucsd-rec
[2026-07-21 20:30:11] Saved 4 rows to ucsd_occupancy_history.csv
[2026-07-21 20:30:11] Main Gym Fitness Gym: 4% (Closed) people=3 capacity=72 is_open=False hour_summary=closed
[2026-07-21 20:30:11] Outback Climbing Center: 3% (Closed) people=1 capacity=30 is_open=False hour_summary=Closed until 2:00pm
[2026-07-21 20:30:11] RIMAC Fitness Gym: 19% (Not Busy) people=29 capacity=150 is_open=True hour_summary=open
[2026-07-21 20:30:11] Triton Esports Center: 0% (Closed) people=0 capacity=35 is_open=False hour_summary=closed
[2026-07-21 20:30:11] === SCRAPE END OK ===
[2026-07-21 20:37:01] === SCRAPE START ===
[2026-07-21 20:37:01] Fetching https://waitz.io/live/ucsd-rec
[2026-07-21 20:37:02] Saved 4 rows to ucsd_occupancy_history.csv
[2026-07-21 20:37:02] Main Gym Fitness Gym: 1% (Closed) people=1 capacity=72 is_open=False hour_summary=closed
[2026-07-21 20:37:02] Outback Climbing Center: 0% (Closed) people=0 capacity=30 is_open=False hour_summary=Closed until 2:00pm
[2026-07-21 20:37:02] RIMAC Fitness Gym: 21% (Not Busy) people=32 capacity=150 is_open=True hour_summary=open
[2026-07-21 20:37:02] Triton Esports Center: 0% (Closed) people=0 capacity=35 is_open=False hour_summary=closed
[2026-07-21 20:37:02] === SCRAPE END OK ===
[2026-07-21 20:45:03] === SCRAPE START ===
[2026-07-21 20:45:03] Fetching https://waitz.io/live/ucsd-rec
[2026-07-21 20:45:04] Saved 4 rows to ucsd_occupancy_history.csv
[2026-07-21 20:45:04] Main Gym Fitness Gym: 1% (Closed) people=1 capacity=72 is_open=False hour_summary=closed
[2026-07-21 20:45:04] Outback Climbing Center: 3% (Closed) people=1 capacity=30 is_open=False hour_summary=Closed until 2:00pm
[2026-07-21 20:45:04] RIMAC Fitness Gym: 16% (Not Busy) people=24 capacity=150 is_open=True hour_summary=open
[2026-07-21 20:45:04] Triton Esports Center: 0% (Closed) people=0 capacity=35 is_open=False hour_summary=closed
[2026-07-21 20:45:04] === SCRAPE END OK ===
[2026-07-21 20:52:00] === SCRAPE START ===
[2026-07-21 20:52:00] Fetching https://waitz.io/live/ucsd-rec
[2026-07-21 20:52:01] Saved 4 rows to ucsd_occupancy_history.csv
[2026-07-21 20:52:01] Main Gym Fitness Gym: 1% (Closed) people=1 capacity=72 is_open=False hour_summary=closed
[2026-07-21 20:52:01] Outback Climbing Center: 3% (Closed) people=1 capacity=30 is_open=False hour_summary=Closed until 2:00pm
[2026-07-21 20:52:01] RIMAC Fitness Gym: 11% (Not Busy) people=17 capacity=150 is_open=True hour_summary=open
[2026-07-21 20:52:01] Triton Esports Center: 0% (Closed) people=0 capacity=35 is_open=False hour_summary=closed
[2026-07-21 20:52:01] === SCRAPE END OK ===
[2026-07-21 21:00:03] === SCRAPE START ===
[2026-07-21 21:00:03] Fetching https://waitz.io/live/ucsd-rec
[2026-07-21 21:00:04] Saved 4 rows to ucsd_occupancy_history.csv
[2026-07-21 21:00:04] Main Gym Fitness Gym: 0% (Closed) people=0 capacity=72 is_open=False hour_summary=closed
[2026-07-21 21:00:04] Outback Climbing Center: 3% (Closed) people=1 capacity=30 is_open=False hour_summary=Closed until 2:00pm
[2026-07-21 21:00:04] RIMAC Fitness Gym: 5% (Closed) people=8 capacity=150 is_open=False hour_summary=Closed until 6:00am
[2026-07-21 21:00:04] Triton Esports Center: 0% (Closed) people=0 capacity=35 is_open=False hour_summary=closed
[2026-07-21 21:00:04] === SCRAPE END OK ===
[2026-07-21 21:07:00] === SCRAPE START ===
[2026-07-21 21:07:00] Fetching https://waitz.io/live/ucsd-rec
[2026-07-21 21:07:01] Saved 4 rows to ucsd_occupancy_history.csv
[2026-07-21 21:07:01] Main Gym Fitness Gym: 0% (Closed) people=0 capacity=72 is_open=False hour_summary=closed
[2026-07-21 21:07:01] Outback Climbing Center: 7% (Closed) people=2 capacity=30 is_open=False hour_summary=Closed until 2:00pm
[2026-07-21 21:07:02] RIMAC Fitness Gym: 1% (Closed) people=2 capacity=150 is_open=False hour_summary=Closed until 6:00am
[2026-07-21 21:07:02] Triton Esports Center: 0% (Closed) people=0 capacity=35 is_open=False hour_summary=closed
[2026-07-21 21:07:02] === SCRAPE END OK ===
[2026-07-21 21:15:03] === SCRAPE START ===
[2026-07-21 21:15:03] Fetching https://waitz.io/live/ucsd-rec
[2026-07-21 21:15:04] Saved 4 rows to ucsd_occupancy_history.csv
[2026-07-21 21:15:04] Main Gym Fitness Gym: 0% (Closed) people=0 capacity=72 is_open=False hour_summary=closed
[2026-07-21 21:15:04] Outback Climbing Center: 7% (Closed) people=2 capacity=30 is_open=False hour_summary=Closed until 2:00pm
[2026-07-21 21:15:04] RIMAC Fitness Gym: 1% (Closed) people=2 capacity=150 is_open=False hour_summary=Closed until 6:00am
[2026-07-21 21:15:04] Triton Esports Center: 0% (Closed) people=0 capacity=35 is_open=False hour_summary=closed
[2026-07-21 21:15:04] === SCRAPE END OK ===
[2026-07-21 21:22:00] === SCRAPE START ===
[2026-07-21 21:22:00] Fetching https://waitz.io/live/ucsd-rec
[2026-07-21 21:22:01] Saved 4 rows to ucsd_occupancy_history.csv
[2026-07-21 21:22:01] Main Gym Fitness Gym: 0% (Closed) people=0 capacity=72 is_open=False hour_summary=closed
[2026-07-21 21:22:01] Outback Climbing Center: 7% (Closed) people=2 capacity=30 is_open=False hour_summary=Closed until 2:00pm
[2026-07-21 21:22:01] RIMAC Fitness Gym: 0% (Closed) people=0 capacity=150 is_open=False hour_summary=Closed until 6:00am
[2026-07-21 21:22:01] Triton Esports Center: 0% (Closed) people=0 capacity=35 is_open=False hour_summary=closed
[2026-07-21 21:22:01] === SCRAPE END OK ===
[2026-07-21 21:30:03] === SCRAPE START ===
[2026-07-21 21:30:03] Fetching https://waitz.io/live/ucsd-rec
[2026-07-21 21:30:04] Saved 4 rows to ucsd_occupancy_history.csv
[2026-07-21 21:30:04] Main Gym Fitness Gym: 0% (Closed) people=0 capacity=72 is_open=False hour_summary=closed
[2026-07-21 21:30:04] Outback Climbing Center: 3% (Closed) people=1 capacity=30 is_open=False hour_summary=Closed until 2:00pm
[2026-07-21 21:30:04] RIMAC Fitness Gym: 0% (Closed) people=0 capacity=150 is_open=False hour_summary=Closed until 6:00am
[2026-07-21 21:30:04] Triton Esports Center: 0% (Closed) people=0 capacity=35 is_open=False hour_summary=closed
[2026-07-21 21:30:04] === SCRAPE END OK ===
[2026-07-21 21:37:01] === SCRAPE START ===
[2026-07-21 21:37:01] Fetching https://waitz.io/live/ucsd-rec
[2026-07-21 21:37:07] Saved 4 rows to ucsd_occupancy_history.csv
[2026-07-21 21:37:07] Main Gym Fitness Gym: 0% (Closed) people=0 capacity=72 is_open=False hour_summary=closed
[2026-07-21 21:37:07] Outback Climbing Center: 3% (Closed) people=1 capacity=30 is_open=False hour_summary=Closed until 2:00pm
[2026-07-21 21:37:07] RIMAC Fitness Gym: 0% (Closed) people=0 capacity=150 is_open=False hour_summary=Closed until 6:00am
[2026-07-21 21:37:07] Triton Esports Center: 0% (Closed) people=0 capacity=35 is_open=False hour_summary=closed
[2026-07-21 21:37:07] === SCRAPE END OK ===
[2026-07-21 21:45:03] === SCRAPE START ===
[2026-07-21 21:45:03] Fetching https://waitz.io/live/ucsd-rec
[2026-07-21 21:45:04] Saved 4 rows to ucsd_occupancy_history.csv
[2026-07-21 21:45:04] Main Gym Fitness Gym: 0% (Closed) people=0 capacity=72 is_open=False hour_summary=closed
[2026-07-21 21:45:04] Outback Climbing Center: 3% (Closed) people=1 capacity=30 is_open=False hour_summary=Closed until 2:00pm
[2026-07-21 21:45:04] RIMAC Fitness Gym: 0% (Closed) people=0 capacity=150 is_open=False hour_summary=Closed until 6:00am
[2026-07-21 21:45:04] Triton Esports Center: 0% (Closed) people=0 capacity=35 is_open=False hour_summary=closed
[2026-07-21 21:45:04] === SCRAPE END OK ===
[2026-07-21 21:52:00] === SCRAPE START ===
[2026-07-21 21:52:00] Fetching https://waitz.io/live/ucsd-rec
[2026-07-21 21:52:01] Saved 4 rows to ucsd_occupancy_history.csv
[2026-07-21 21:52:01] Main Gym Fitness Gym: 0% (Closed) people=0 capacity=72 is_open=False hour_summary=closed
[2026-07-21 21:52:01] Outback Climbing Center: 7% (Closed) people=2 capacity=30 is_open=False hour_summary=Closed until 2:00pm
[2026-07-21 21:52:01] RIMAC Fitness Gym: 0% (Closed) people=0 capacity=150 is_open=False hour_summary=Closed until 6:00am
[2026-07-21 21:52:01] Triton Esports Center: 0% (Closed) people=0 capacity=35 is_open=False hour_summary=closed
[2026-07-21 21:52:01] === SCRAPE END OK ===
[2026-07-21 22:00:03] === SCRAPE START ===
[2026-07-21 22:00:03] Fetching https://waitz.io/live/ucsd-rec
[2026-07-21 22:00:04] Saved 4 rows to ucsd_occupancy_history.csv
[2026-07-21 22:00:04] Main Gym Fitness Gym: 0% (Closed) people=0 capacity=72 is_open=False hour_summary=closed
[2026-07-21 22:00:04] Outback Climbing Center: 3% (Closed) people=1 capacity=30 is_open=False hour_summary=Closed until 2:00pm
[2026-07-21 22:00:04] RIMAC Fitness Gym: 0% (Closed) people=0 capacity=150 is_open=False hour_summary=Closed until 6:00am
[2026-07-21 22:00:04] Triton Esports Center: 0% (Closed) people=0 capacity=35 is_open=False hour_summary=closed
[2026-07-21 22:00:04] === SCRAPE END OK ===
[2026-07-21 22:07:00] === SCRAPE START ===
[2026-07-21 22:07:00] Fetching https://waitz.io/live/ucsd-rec
[2026-07-21 22:07:03] Saved 4 rows to ucsd_occupancy_history.csv
[2026-07-21 22:07:03] Main Gym Fitness Gym: 0% (Closed) people=0 capacity=72 is_open=False hour_summary=closed
[2026-07-21 22:07:03] Outback Climbing Center: 0% (Closed) people=0 capacity=30 is_open=False hour_summary=Closed until 2:00pm
[2026-07-21 22:07:03] RIMAC Fitness Gym: 0% (Closed) people=0 capacity=150 is_open=False hour_summary=Closed until 6:00am
[2026-07-21 22:07:03] Triton Esports Center: 0% (Closed) people=0 capacity=35 is_open=False hour_summary=closed
[2026-07-21 22:07:03] === SCRAPE END OK ===
[2026-07-21 22:15:03] === SCRAPE START ===
[2026-07-21 22:15:03] Fetching https://waitz.io/live/ucsd-rec
[2026-07-21 22:15:12] Saved 4 rows to ucsd_occupancy_history.csv
[2026-07-21 22:15:12] Main Gym Fitness Gym: 0% (Closed) people=0 capacity=72 is_open=False hour_summary=closed
[2026-07-21 22:15:12] Outback Climbing Center: 3% (Closed) people=1 capacity=30 is_open=False hour_summary=Closed until 2:00pm
[2026-07-21 22:15:12] RIMAC Fitness Gym: 0% (Closed) people=0 capacity=150 is_open=False hour_summary=Closed until 6:00am
[2026-07-21 22:15:12] Triton Esports Center: 0% (Closed) people=0 capacity=35 is_open=False hour_summary=closed
[2026-07-21 22:15:12] === SCRAPE END OK ===
[2026-07-21 22:22:00] === SCRAPE START ===
[2026-07-21 22:22:00] Fetching https://waitz.io/live/ucsd-rec
[2026-07-21 22:22:02] Saved 4 rows to ucsd_occupancy_history.csv
[2026-07-21 22:22:02] Main Gym Fitness Gym: 1% (Closed) people=1 capacity=72 is_open=False hour_summary=closed
[2026-07-21 22:22:02] Outback Climbing Center: 3% (Closed) people=1 capacity=30 is_open=False hour_summary=Closed until 2:00pm
[2026-07-21 22:22:02] RIMAC Fitness Gym: 0% (Closed) people=0 capacity=150 is_open=False hour_summary=Closed until 6:00am
[2026-07-21 22:22:02] Triton Esports Center: 0% (Closed) people=0 capacity=35 is_open=False hour_summary=closed
[2026-07-21 22:22:02] === SCRAPE END OK ===
[2026-07-21 22:30:03] === SCRAPE START ===
[2026-07-21 22:30:03] Fetching https://waitz.io/live/ucsd-rec
[2026-07-21 22:30:06] Saved 4 rows to ucsd_occupancy_history.csv
[2026-07-21 22:30:06] Main Gym Fitness Gym: 1% (Closed) people=1 capacity=72 is_open=False hour_summary=closed
[2026-07-21 22:30:06] Outback Climbing Center: 0% (Closed) people=0 capacity=30 is_open=False hour_summary=Closed until 2:00pm
[2026-07-21 22:30:06] RIMAC Fitness Gym: 0% (Closed) people=0 capacity=150 is_open=False hour_summary=Closed until 6:00am
[2026-07-21 22:30:06] Triton Esports Center: 0% (Closed) people=0 capacity=35 is_open=False hour_summary=closed
[2026-07-21 22:30:06] === SCRAPE END OK ===
[2026-07-21 22:37:00] === SCRAPE START ===
[2026-07-21 22:37:00] Fetching https://waitz.io/live/ucsd-rec
[2026-07-21 22:37:02] Saved 4 rows to ucsd_occupancy_history.csv
[2026-07-21 22:37:02] Main Gym Fitness Gym: 1% (Closed) people=1 capacity=72 is_open=False hour_summary=closed
[2026-07-21 22:37:02] Outback Climbing Center: 3% (Closed) people=1 capacity=30 is_open=False hour_summary=Closed until 2:00pm
[2026-07-21 22:37:02] RIMAC Fitness Gym: 0% (Closed) people=0 capacity=150 is_open=False hour_summary=Closed until 6:00am
[2026-07-21 22:37:02] Triton Esports Center: 0% (Closed) people=0 capacity=35 is_open=False hour_summary=closed
[2026-07-21 22:37:02] === SCRAPE END OK ===
[2026-07-21 22:45:03] === SCRAPE START ===
[2026-07-21 22:45:03] Fetching https://waitz.io/live/ucsd-rec
[2026-07-21 22:45:04] Saved 4 rows to ucsd_occupancy_history.csv
[2026-07-21 22:45:04] Main Gym Fitness Gym: 1% (Closed) people=1 capacity=72 is_open=False hour_summary=closed
[2026-07-21 22:45:04] Outback Climbing Center: 3% (Closed) people=1 capacity=30 is_open=False hour_summary=Closed until 2:00pm
[2026-07-21 22:45:04] RIMAC Fitness Gym: 0% (Closed) people=0 capacity=150 is_open=False hour_summary=Closed until 6:00am
[2026-07-21 22:45:04] Triton Esports Center: 0% (Closed) people=0 capacity=35 is_open=False hour_summary=closed
[2026-07-21 22:45:04] === SCRAPE END OK ===
[2026-07-21 22:52:00] === SCRAPE START ===
[2026-07-21 22:52:00] Fetching https://waitz.io/live/ucsd-rec
[2026-07-21 22:52:03] Saved 4 rows to ucsd_occupancy_history.csv
[2026-07-21 22:52:03] Main Gym Fitness Gym: 1% (Closed) people=1 capacity=72 is_open=False hour_summary=closed
[2026-07-21 22:52:03] Outback Climbing Center: 0% (Closed) people=0 capacity=30 is_open=False hour_summary=Closed until 2:00pm
[2026-07-21 22:52:03] RIMAC Fitness Gym: 0% (Closed) people=0 capacity=150 is_open=False hour_summary=Closed until 6:00am
[2026-07-21 22:52:03] Triton Esports Center: 0% (Closed) people=0 capacity=35 is_open=False hour_summary=closed
[2026-07-21 22:52:03] === SCRAPE END OK ===
[2026-07-21 23:00:03] === SCRAPE START ===
[2026-07-21 23:00:03] Fetching https://waitz.io/live/ucsd-rec
[2026-07-21 23:00:05] Saved 4 rows to ucsd_occupancy_history.csv
[2026-07-21 23:00:05] Main Gym Fitness Gym: 1% (Closed) people=1 capacity=72 is_open=False hour_summary=closed
[2026-07-21 23:00:05] Outback Climbing Center: 3% (Closed) people=1 capacity=30 is_open=False hour_summary=Closed until 2:00pm
[2026-07-21 23:00:05] RIMAC Fitness Gym: 0% (Closed) people=0 capacity=150 is_open=False hour_summary=Closed until 6:00am
[2026-07-21 23:00:05] Triton Esports Center: 0% (Closed) people=0 capacity=35 is_open=False hour_summary=closed
[2026-07-21 23:00:05] === SCRAPE END OK ===
[2026-07-21 23:07:00] === SCRAPE START ===
[2026-07-21 23:07:00] Fetching https://waitz.io/live/ucsd-rec
[2026-07-21 23:07:01] Saved 4 rows to ucsd_occupancy_history.csv
[2026-07-21 23:07:01] Main Gym Fitness Gym: 1% (Closed) people=1 capacity=72 is_open=False hour_summary=closed
[2026-07-21 23:07:01] Outback Climbing Center: 3% (Closed) people=1 capacity=30 is_open=False hour_summary=Closed until 2:00pm
[2026-07-21 23:07:01] RIMAC Fitness Gym: 0% (Closed) people=0 capacity=150 is_open=False hour_summary=Closed until 6:00am
[2026-07-21 23:07:01] Triton Esports Center: 0% (Closed) people=0 capacity=35 is_open=False hour_summary=closed
[2026-07-21 23:07:01] === SCRAPE END OK ===
[2026-07-21 23:15:03] === SCRAPE START ===
[2026-07-21 23:15:03] Fetching https://waitz.io/live/ucsd-rec
[2026-07-21 23:15:13] Saved 4 rows to ucsd_occupancy_history.csv
[2026-07-21 23:15:13] Main Gym Fitness Gym: 1% (Closed) people=1 capacity=72 is_open=False hour_summary=closed
[2026-07-21 23:15:13] Outback Climbing Center: 0% (Closed) people=0 capacity=30 is_open=False hour_summary=Closed until 2:00pm
[2026-07-21 23:15:13] RIMAC Fitness Gym: 0% (Closed) people=0 capacity=150 is_open=False hour_summary=Closed until 6:00am
[2026-07-21 23:15:13] Triton Esports Center: 0% (Closed) people=0 capacity=35 is_open=False hour_summary=closed
[2026-07-21 23:15:13] === SCRAPE END OK ===
[2026-07-21 23:22:00] === SCRAPE START ===
[2026-07-21 23:22:00] Fetching https://waitz.io/live/ucsd-rec
[2026-07-21 23:22:02] Saved 4 rows to ucsd_occupancy_history.csv
[2026-07-21 23:22:02] Main Gym Fitness Gym: 1% (Closed) people=1 capacity=72 is_open=False hour_summary=closed
[2026-07-21 23:22:02] Outback Climbing Center: 3% (Closed) people=1 capacity=30 is_open=False hour_summary=Closed until 2:00pm
[2026-07-21 23:22:02] RIMAC Fitness Gym: 0% (Closed) people=0 capacity=150 is_open=False hour_summary=Closed until 6:00am
[2026-07-21 23:22:02] Triton Esports Center: 0% (Closed) people=0 capacity=35 is_open=False hour_summary=closed
[2026-07-21 23:22:02] === SCRAPE END OK ===
[2026-07-21 23:30:03] === SCRAPE START ===
[2026-07-21 23:30:03] Fetching https://waitz.io/live/ucsd-rec
[2026-07-21 23:30:05] Saved 4 rows to ucsd_occupancy_history.csv
[2026-07-21 23:30:05] Main Gym Fitness Gym: 0% (Closed) people=0 capacity=72 is_open=False hour_summary=closed
[2026-07-21 23:30:05] Outback Climbing Center: 0% (Closed) people=0 capacity=30 is_open=False hour_summary=Closed until 2:00pm
[2026-07-21 23:30:05] RIMAC Fitness Gym: 0% (Closed) people=0 capacity=150 is_open=False hour_summary=Closed until 6:00am
[2026-07-21 23:30:05] Triton Esports Center: 0% (Closed) people=0 capacity=35 is_open=False hour_summary=closed
[2026-07-21 23:30:05] === SCRAPE END OK ===
[2026-07-21 23:37:01] === SCRAPE START ===
[2026-07-21 23:37:01] Fetching https://waitz.io/live/ucsd-rec
[2026-07-21 23:37:04] Saved 4 rows to ucsd_occupancy_history.csv
[2026-07-21 23:37:04] Main Gym Fitness Gym: 1% (Closed) people=1 capacity=72 is_open=False hour_summary=closed
[2026-07-21 23:37:04] Outback Climbing Center: 0% (Closed) people=0 capacity=30 is_open=False hour_summary=Closed until 2:00pm
[2026-07-21 23:37:04] RIMAC Fitness Gym: 0% (Closed) people=0 capacity=150 is_open=False hour_summary=Closed until 6:00am
[2026-07-21 23:37:04] Triton Esports Center: 0% (Closed) people=0 capacity=35 is_open=False hour_summary=closed
[2026-07-21 23:37:04] === SCRAPE END OK ===
[2026-07-21 23:45:03] === SCRAPE START ===
[2026-07-21 23:45:03] Fetching https://waitz.io/live/ucsd-rec
[2026-07-21 23:45:04] Saved 4 rows to ucsd_occupancy_history.csv
[2026-07-21 23:45:04] Main Gym Fitness Gym: 6% (Closed) people=4 capacity=72 is_open=False hour_summary=closed
[2026-07-21 23:45:04] Outback Climbing Center: 0% (Closed) people=0 capacity=30 is_open=False hour_summary=Closed until 2:00pm
[2026-07-21 23:45:04] RIMAC Fitness Gym: 0% (Closed) people=0 capacity=150 is_open=False hour_summary=Closed until 6:00am
[2026-07-21 23:45:04] Triton Esports Center: 0% (Closed) people=0 capacity=35 is_open=False hour_summary=closed
[2026-07-21 23:45:04] === SCRAPE END OK ===
