[2026-09-29 00:00:01] === SCRAPE START ===
[2026-09-29 00:00:01] Fetching https://waitz.io/live/ucsd-rec
[2026-09-29 00:00:03] Saved 4 rows to ucsd_occupancy_history.csv
[2026-09-29 00:00:03] Main Gym Fitness Gym: 10% (Closed) people=7 capacity=72 is_open=False hour_summary=Closed until 6:00am
[2026-09-29 00:00:03] Outback Climbing Center: 13% (Closed) people=4 capacity=30 is_open=False hour_summary=Closed until 2:00pm
[2026-09-29 00:00:03] RIMAC Fitness Gym: 0% (Closed) people=0 capacity=65 is_open=False hour_summary=Closed until 6:00am
[2026-09-29 00:00:03] Triton Esports Center: 0% (Closed) people=0 capacity=35 is_open=False hour_summary=closed
[2026-09-29 00:00:03] === SCRAPE END OK ===
[2026-09-29 00:15:01] === SCRAPE START ===
[2026-09-29 00:15:01] Fetching https://waitz.io/live/ucsd-rec
[2026-09-29 00:15:02] Saved 4 rows to ucsd_occupancy_history.csv
[2026-09-29 00:15:02] Main Gym Fitness Gym: 7% (Closed) people=5 capacity=72 is_open=False hour_summary=Closed until 6:00am
[2026-09-29 00:15:02] Outback Climbing Center: 13% (Closed) people=4 capacity=30 is_open=False hour_summary=Closed until 2:00pm
[2026-09-29 00:15:02] RIMAC Fitness Gym: 0% (Closed) people=0 capacity=65 is_open=False hour_summary=Closed until 6:00am
[2026-09-29 00:15:02] Triton Esports Center: 0% (Closed) people=0 capacity=35 is_open=False hour_summary=closed
[2026-09-29 00:15:02] === SCRAPE END OK ===
[2026-09-29 00:30:01] === SCRAPE START ===
[2026-09-29 00:30:01] Fetching https://waitz.io/live/ucsd-rec
[2026-09-29 00:30:03] Saved 4 rows to ucsd_occupancy_history.csv
[2026-09-29 00:30:03] Main Gym Fitness Gym: 1% (Closed) people=1 capacity=72 is_open=False hour_summary=Closed until 6:00am
[2026-09-29 00:30:03] Outback Climbing Center: 17% (Closed) people=5 capacity=30 is_open=False hour_summary=Closed until 2:00pm
[2026-09-29 00:30:03] RIMAC Fitness Gym: 0% (Closed) people=0 capacity=65 is_open=False hour_summary=Closed until 6:00am
[2026-09-29 00:30:03] Triton Esports Center: 0% (Closed) people=0 capacity=35 is_open=False hour_summary=closed
[2026-09-29 00:30:03] === SCRAPE END OK ===
[2026-09-29 00:45:01] === SCRAPE START ===
[2026-09-29 00:45:01] Fetching https://waitz.io/live/ucsd-rec
[2026-09-29 00:45:02] Saved 4 rows to ucsd_occupancy_history.csv
[2026-09-29 00:45:02] Main Gym Fitness Gym: 3% (Closed) people=2 capacity=72 is_open=False hour_summary=Closed until 6:00am
[2026-09-29 00:45:02] Outback Climbing Center: 13% (Closed) people=4 capacity=30 is_open=False hour_summary=Closed until 2:00pm
[2026-09-29 00:45:02] RIMAC Fitness Gym: 0% (Closed) people=0 capacity=65 is_open=False hour_summary=Closed until 6:00am
[2026-09-29 00:45:02] Triton Esports Center: 0% (Closed) people=0 capacity=35 is_open=False hour_summary=closed
[2026-09-29 00:45:02] === SCRAPE END OK ===
[2026-09-29 01:00:01] === SCRAPE START ===
[2026-09-29 01:00:01] Fetching https://waitz.io/live/ucsd-rec
[2026-09-29 01:00:03] Saved 4 rows to ucsd_occupancy_history.csv
[2026-09-29 01:00:03] Main Gym Fitness Gym: 1% (Closed) people=1 capacity=72 is_open=False hour_summary=Closed until 6:00am
[2026-09-29 01:00:03] Outback Climbing Center: 13% (Closed) people=4 capacity=30 is_open=False hour_summary=Closed until 2:00pm
[2026-09-29 01:00:03] RIMAC Fitness Gym: 0% (Closed) people=0 capacity=65 is_open=False hour_summary=Closed until 6:00am
[2026-09-29 01:00:03] Triton Esports Center: 0% (Closed) people=0 capacity=35 is_open=False hour_summary=closed
[2026-09-29 01:00:03] === SCRAPE END OK ===
[2026-09-29 01:15:01] === SCRAPE START ===
[2026-09-29 01:15:01] Fetching https://waitz.io/live/ucsd-rec
[2026-09-29 01:15:02] Saved 4 rows to ucsd_occupancy_history.csv
[2026-09-29 01:15:02] Main Gym Fitness Gym: 10% (Closed) people=7 capacity=72 is_open=False hour_summary=Closed until 6:00am
[2026-09-29 01:15:02] Outback Climbing Center: 17% (Closed) people=5 capacity=30 is_open=False hour_summary=Closed until 2:00pm
[2026-09-29 01:15:02] RIMAC Fitness Gym: 0% (Closed) people=0 capacity=65 is_open=False hour_summary=Closed until 6:00am
[2026-09-29 01:15:02] Triton Esports Center: 0% (Closed) people=0 capacity=35 is_open=False hour_summary=closed
[2026-09-29 01:15:02] === SCRAPE END OK ===
[2026-09-29 01:30:01] === SCRAPE START ===
[2026-09-29 01:30:01] Fetching https://waitz.io/live/ucsd-rec
[2026-09-29 01:30:02] Saved 4 rows to ucsd_occupancy_history.csv
[2026-09-29 01:30:02] Main Gym Fitness Gym: 8% (Closed) people=6 capacity=72 is_open=False hour_summary=Closed until 6:00am
[2026-09-29 01:30:02] Outback Climbing Center: 13% (Closed) people=4 capacity=30 is_open=False hour_summary=Closed until 2:00pm
[2026-09-29 01:30:02] RIMAC Fitness Gym: 0% (Closed) people=0 capacity=65 is_open=False hour_summary=Closed until 6:00am
[2026-09-29 01:30:02] Triton Esports Center: 0% (Closed) people=0 capacity=35 is_open=False hour_summary=closed
[2026-09-29 01:30:02] === SCRAPE END OK ===
[2026-09-29 01:45:01] === SCRAPE START ===
[2026-09-29 01:45:01] Fetching https://waitz.io/live/ucsd-rec
[2026-09-29 01:45:02] Saved 4 rows to ucsd_occupancy_history.csv
[2026-09-29 01:45:02] Main Gym Fitness Gym: 1% (Closed) people=1 capacity=72 is_open=False hour_summary=Closed until 6:00am
[2026-09-29 01:45:02] Outback Climbing Center: 13% (Closed) people=4 capacity=30 is_open=False hour_summary=Closed until 2:00pm
[2026-09-29 01:45:02] RIMAC Fitness Gym: 0% (Closed) people=0 capacity=65 is_open=False hour_summary=Closed until 6:00am
[2026-09-29 01:45:02] Triton Esports Center: 0% (Closed) people=0 capacity=35 is_open=False hour_summary=closed
[2026-09-29 01:45:02] === SCRAPE END OK ===
[2026-09-29 02:00:01] === SCRAPE START ===
[2026-09-29 02:00:01] Fetching https://waitz.io/live/ucsd-rec
[2026-09-29 02:00:03] Saved 4 rows to ucsd_occupancy_history.csv
[2026-09-29 02:00:03] Main Gym Fitness Gym: 1% (Closed) people=1 capacity=72 is_open=False hour_summary=Closed until 6:00am
[2026-09-29 02:00:03] Outback Climbing Center: 17% (Closed) people=5 capacity=30 is_open=False hour_summary=Closed until 2:00pm
[2026-09-29 02:00:03] RIMAC Fitness Gym: 0% (Closed) people=0 capacity=65 is_open=False hour_summary=Closed until 6:00am
[2026-09-29 02:00:03] Triton Esports Center: 0% (Closed) people=0 capacity=35 is_open=False hour_summary=closed
[2026-09-29 02:00:03] === SCRAPE END OK ===
[2026-09-29 02:15:01] === SCRAPE START ===
[2026-09-29 02:15:01] Fetching https://waitz.io/live/ucsd-rec
[2026-09-29 02:15:03] Saved 4 rows to ucsd_occupancy_history.csv
[2026-09-29 02:15:03] Main Gym Fitness Gym: 1% (Closed) people=1 capacity=72 is_open=False hour_summary=Closed until 6:00am
[2026-09-29 02:15:03] Outback Climbing Center: 13% (Closed) people=4 capacity=30 is_open=False hour_summary=Closed until 2:00pm
[2026-09-29 02:15:03] RIMAC Fitness Gym: 0% (Closed) people=0 capacity=65 is_open=False hour_summary=Closed until 6:00am
[2026-09-29 02:15:03] Triton Esports Center: 0% (Closed) people=0 capacity=35 is_open=False hour_summary=closed
[2026-09-29 02:15:03] === SCRAPE END OK ===
[2026-09-29 02:30:01] === SCRAPE START ===
[2026-09-29 02:30:01] Fetching https://waitz.io/live/ucsd-rec
[2026-09-29 02:30:03] Saved 4 rows to ucsd_occupancy_history.csv
[2026-09-29 02:30:03] Main Gym Fitness Gym: 1% (Closed) people=1 capacity=72 is_open=False hour_summary=Closed until 6:00am
[2026-09-29 02:30:03] Outback Climbing Center: 13% (Closed) people=4 capacity=30 is_open=False hour_summary=Closed until 2:00pm
[2026-09-29 02:30:03] RIMAC Fitness Gym: 0% (Closed) people=0 capacity=65 is_open=False hour_summary=Closed until 6:00am
[2026-09-29 02:30:03] Triton Esports Center: 0% (Closed) people=0 capacity=35 is_open=False hour_summary=closed
[2026-09-29 02:30:03] === SCRAPE END OK ===
[2026-09-29 02:45:01] === SCRAPE START ===
[2026-09-29 02:45:01] Fetching https://waitz.io/live/ucsd-rec
[2026-09-29 02:45:02] Saved 4 rows to ucsd_occupancy_history.csv
[2026-09-29 02:45:02] Main Gym Fitness Gym: 1% (Closed) people=1 capacity=72 is_open=False hour_summary=Closed until 6:00am
[2026-09-29 02:45:02] Outback Climbing Center: 13% (Closed) people=4 capacity=30 is_open=False hour_summary=Closed until 2:00pm
[2026-09-29 02:45:02] RIMAC Fitness Gym: 0% (Closed) people=0 capacity=65 is_open=False hour_summary=Closed until 6:00am
[2026-09-29 02:45:02] Triton Esports Center: 0% (Closed) people=0 capacity=35 is_open=False hour_summary=closed
[2026-09-29 02:45:02] === SCRAPE END OK ===
[2026-09-29 03:00:01] === SCRAPE START ===
[2026-09-29 03:00:01] Fetching https://waitz.io/live/ucsd-rec
[2026-09-29 03:00:03] Saved 4 rows to ucsd_occupancy_history.csv
[2026-09-29 03:00:03] Main Gym Fitness Gym: 1% (Closed) people=1 capacity=72 is_open=False hour_summary=Closed until 6:00am
[2026-09-29 03:00:03] Outback Climbing Center: 17% (Closed) people=5 capacity=30 is_open=False hour_summary=Closed until 2:00pm
[2026-09-29 03:00:03] RIMAC Fitness Gym: 0% (Closed) people=0 capacity=65 is_open=False hour_summary=Closed until 6:00am
[2026-09-29 03:00:03] Triton Esports Center: 0% (Closed) people=0 capacity=35 is_open=False hour_summary=closed
[2026-09-29 03:00:03] === SCRAPE END OK ===
[2026-09-29 03:15:01] === SCRAPE START ===
[2026-09-29 03:15:01] Fetching https://waitz.io/live/ucsd-rec
[2026-09-29 03:15:02] Saved 4 rows to ucsd_occupancy_history.csv
[2026-09-29 03:15:02] Main Gym Fitness Gym: 1% (Closed) people=1 capacity=72 is_open=False hour_summary=Closed until 6:00am
[2026-09-29 03:15:02] Outback Climbing Center: 17% (Closed) people=5 capacity=30 is_open=False hour_summary=Closed until 2:00pm
[2026-09-29 03:15:02] RIMAC Fitness Gym: 0% (Closed) people=0 capacity=65 is_open=False hour_summary=Closed until 6:00am
[2026-09-29 03:15:02] Triton Esports Center: 0% (Closed) people=0 capacity=35 is_open=False hour_summary=closed
[2026-09-29 03:15:02] === SCRAPE END OK ===
[2026-09-29 03:30:01] === SCRAPE START ===
[2026-09-29 03:30:01] Fetching https://waitz.io/live/ucsd-rec
[2026-09-29 03:30:03] Saved 4 rows to ucsd_occupancy_history.csv
[2026-09-29 03:30:03] Main Gym Fitness Gym: 1% (Closed) people=1 capacity=72 is_open=False hour_summary=Closed until 6:00am
[2026-09-29 03:30:03] Outback Climbing Center: 13% (Closed) people=4 capacity=30 is_open=False hour_summary=Closed until 2:00pm
[2026-09-29 03:30:03] RIMAC Fitness Gym: 0% (Closed) people=0 capacity=65 is_open=False hour_summary=Closed until 6:00am
[2026-09-29 03:30:03] Triton Esports Center: 0% (Closed) people=0 capacity=35 is_open=False hour_summary=closed
[2026-09-29 03:30:03] === SCRAPE END OK ===
[2026-09-29 03:45:02] === SCRAPE START ===
[2026-09-29 03:45:02] Fetching https://waitz.io/live/ucsd-rec
[2026-09-29 03:45:03] Saved 4 rows to ucsd_occupancy_history.csv
[2026-09-29 03:45:03] Main Gym Fitness Gym: 1% (Closed) people=1 capacity=72 is_open=False hour_summary=Closed until 6:00am
[2026-09-29 03:45:03] Outback Climbing Center: 13% (Closed) people=4 capacity=30 is_open=False hour_summary=Closed until 2:00pm
[2026-09-29 03:45:03] RIMAC Fitness Gym: 0% (Closed) people=0 capacity=65 is_open=False hour_summary=Closed until 6:00am
[2026-09-29 03:45:03] Triton Esports Center: 0% (Closed) people=0 capacity=35 is_open=False hour_summary=closed
[2026-09-29 03:45:03] === SCRAPE END OK ===
[2026-09-29 04:00:01] === SCRAPE START ===
[2026-09-29 04:00:01] Fetching https://waitz.io/live/ucsd-rec
[2026-09-29 04:00:02] Saved 4 rows to ucsd_occupancy_history.csv
[2026-09-29 04:00:02] Main Gym Fitness Gym: 1% (Closed) people=1 capacity=72 is_open=False hour_summary=Closed until 6:00am
[2026-09-29 04:00:02] Outback Climbing Center: 13% (Closed) people=4 capacity=30 is_open=False hour_summary=Closed until 2:00pm
[2026-09-29 04:00:02] RIMAC Fitness Gym: 0% (Closed) people=0 capacity=65 is_open=False hour_summary=Closed until 6:00am
[2026-09-29 04:00:02] Triton Esports Center: 0% (Closed) people=0 capacity=35 is_open=False hour_summary=closed
[2026-09-29 04:00:02] === SCRAPE END OK ===
[2026-09-29 04:15:01] === SCRAPE START ===
[2026-09-29 04:15:01] Fetching https://waitz.io/live/ucsd-rec
[2026-09-29 04:15:03] Saved 4 rows to ucsd_occupancy_history.csv
[2026-09-29 04:15:03] Main Gym Fitness Gym: 0% (Closed) people=0 capacity=72 is_open=False hour_summary=Closed until 6:00am
[2026-09-29 04:15:03] Outback Climbing Center: 20% (Closed) people=6 capacity=30 is_open=False hour_summary=Closed until 2:00pm
[2026-09-29 04:15:03] RIMAC Fitness Gym: 0% (Closed) people=0 capacity=65 is_open=False hour_summary=Closed until 6:00am
[2026-09-29 04:15:03] Triton Esports Center: 0% (Closed) people=0 capacity=35 is_open=False hour_summary=closed
[2026-09-29 04:15:03] === SCRAPE END OK ===
[2026-09-29 04:30:01] === SCRAPE START ===
[2026-09-29 04:30:01] Fetching https://waitz.io/live/ucsd-rec
[2026-09-29 04:30:03] Saved 4 rows to ucsd_occupancy_history.csv
[2026-09-29 04:30:03] Main Gym Fitness Gym: 1% (Closed) people=1 capacity=72 is_open=False hour_summary=Closed until 6:00am
[2026-09-29 04:30:03] Outback Climbing Center: 17% (Closed) people=5 capacity=30 is_open=False hour_summary=Closed until 2:00pm
[2026-09-29 04:30:03] RIMAC Fitness Gym: 0% (Closed) people=0 capacity=65 is_open=False hour_summary=Closed until 6:00am
[2026-09-29 04:30:03] Triton Esports Center: 0% (Closed) people=0 capacity=35 is_open=False hour_summary=closed
[2026-09-29 04:30:03] === SCRAPE END OK ===
[2026-09-29 04:45:01] === SCRAPE START ===
[2026-09-29 04:45:01] Fetching https://waitz.io/live/ucsd-rec
[2026-09-29 04:45:02] Saved 4 rows to ucsd_occupancy_history.csv
[2026-09-29 04:45:02] Main Gym Fitness Gym: 1% (Closed) people=1 capacity=72 is_open=False hour_summary=Closed until 6:00am
[2026-09-29 04:45:02] Outback Climbing Center: 17% (Closed) people=5 capacity=30 is_open=False hour_summary=Closed until 2:00pm
[2026-09-29 04:45:02] RIMAC Fitness Gym: 0% (Closed) people=0 capacity=65 is_open=False hour_summary=Closed until 6:00am
[2026-09-29 04:45:02] Triton Esports Center: 0% (Closed) people=0 capacity=35 is_open=False hour_summary=closed
[2026-09-29 04:45:02] === SCRAPE END OK ===
[2026-09-29 05:00:01] === SCRAPE START ===
[2026-09-29 05:00:01] Fetching https://waitz.io/live/ucsd-rec
[2026-09-29 05:00:03] Saved 4 rows to ucsd_occupancy_history.csv
[2026-09-29 05:00:03] Main Gym Fitness Gym: 1% (Closed) people=1 capacity=72 is_open=False hour_summary=Closed until 6:00am
[2026-09-29 05:00:03] Outback Climbing Center: 13% (Closed) people=4 capacity=30 is_open=False hour_summary=Closed until 2:00pm
[2026-09-29 05:00:03] RIMAC Fitness Gym: 2% (Closed) people=1 capacity=65 is_open=False hour_summary=Closed until 6:00am
[2026-09-29 05:00:03] Triton Esports Center: 0% (Closed) people=0 capacity=35 is_open=False hour_summary=closed
[2026-09-29 05:00:03] === SCRAPE END OK ===
[2026-09-29 05:15:01] === SCRAPE START ===
[2026-09-29 05:15:01] Fetching https://waitz.io/live/ucsd-rec
[2026-09-29 05:15:03] Saved 4 rows to ucsd_occupancy_history.csv
[2026-09-29 05:15:03] Main Gym Fitness Gym: 1% (Closed) people=1 capacity=72 is_open=False hour_summary=Closed until 6:00am
[2026-09-29 05:15:03] Outback Climbing Center: 13% (Closed) people=4 capacity=30 is_open=False hour_summary=Closed until 2:00pm
[2026-09-29 05:15:03] RIMAC Fitness Gym: 2% (Closed) people=1 capacity=65 is_open=False hour_summary=Closed until 6:00am
[2026-09-29 05:15:03] Triton Esports Center: 0% (Closed) people=0 capacity=35 is_open=False hour_summary=closed
[2026-09-29 05:15:03] === SCRAPE END OK ===
[2026-09-29 05:30:01] === SCRAPE START ===
[2026-09-29 05:30:01] Fetching https://waitz.io/live/ucsd-rec
[2026-09-29 05:30:03] Saved 4 rows to ucsd_occupancy_history.csv
[2026-09-29 05:30:03] Main Gym Fitness Gym: 1% (Closed) people=1 capacity=72 is_open=False hour_summary=Closed until 6:00am
[2026-09-29 05:30:03] Outback Climbing Center: 17% (Closed) people=5 capacity=30 is_open=False hour_summary=Closed until 2:00pm
[2026-09-29 05:30:03] RIMAC Fitness Gym: 0% (Closed) people=0 capacity=65 is_open=False hour_summary=Closed until 6:00am
[2026-09-29 05:30:03] Triton Esports Center: 0% (Closed) people=0 capacity=35 is_open=False hour_summary=closed
[2026-09-29 05:30:03] === SCRAPE END OK ===
[2026-09-29 05:45:01] === SCRAPE START ===
[2026-09-29 05:45:01] Fetching https://waitz.io/live/ucsd-rec
[2026-09-29 05:45:02] Saved 4 rows to ucsd_occupancy_history.csv
[2026-09-29 05:45:02] Main Gym Fitness Gym: 1% (Closed) people=1 capacity=72 is_open=False hour_summary=Closed until 6:00am
[2026-09-29 05:45:02] Outback Climbing Center: 17% (Closed) people=5 capacity=30 is_open=False hour_summary=Closed until 2:00pm
[2026-09-29 05:45:02] RIMAC Fitness Gym: 0% (Closed) people=0 capacity=65 is_open=False hour_summary=Closed until 6:00am
[2026-09-29 05:45:02] Triton Esports Center: 0% (Closed) people=0 capacity=35 is_open=False hour_summary=closed
[2026-09-29 05:45:02] === SCRAPE END OK ===
[2026-09-29 06:00:01] === SCRAPE START ===
[2026-09-29 06:00:01] Fetching https://waitz.io/live/ucsd-rec
[2026-09-29 06:00:03] Saved 4 rows to ucsd_occupancy_history.csv
[2026-09-29 06:00:03] Main Gym Fitness Gym: 14% (Not Busy) people=10 capacity=72 is_open=True hour_summary=open
[2026-09-29 06:00:03] Outback Climbing Center: 23% (Closed) people=7 capacity=30 is_open=False hour_summary=Closed until 2:00pm
[2026-09-29 06:00:03] RIMAC Fitness Gym: 0% (Not Busy) people=0 capacity=65 is_open=True hour_summary=open
[2026-09-29 06:00:03] Triton Esports Center: 0% (Closed) people=0 capacity=35 is_open=False hour_summary=closed
[2026-09-29 06:00:03] === SCRAPE END OK ===
[2026-09-29 06:15:01] === SCRAPE START ===
[2026-09-29 06:15:01] Fetching https://waitz.io/live/ucsd-rec
[2026-09-29 06:15:02] Saved 4 rows to ucsd_occupancy_history.csv
[2026-09-29 06:15:02] Main Gym Fitness Gym: 69% (Busy) people=50 capacity=72 is_open=True hour_summary=open
[2026-09-29 06:15:02] Outback Climbing Center: 13% (Closed) people=4 capacity=30 is_open=False hour_summary=Closed until 2:00pm
[2026-09-29 06:15:02] RIMAC Fitness Gym: 0% (Not Busy) people=0 capacity=65 is_open=True hour_summary=open
[2026-09-29 06:15:02] Triton Esports Center: 0% (Closed) people=0 capacity=35 is_open=False hour_summary=closed
[2026-09-29 06:15:02] === SCRAPE END OK ===
[2026-09-29 06:30:01] === SCRAPE START ===
[2026-09-29 06:30:01] Fetching https://waitz.io/live/ucsd-rec
[2026-09-29 06:30:03] Saved 4 rows to ucsd_occupancy_history.csv
[2026-09-29 06:30:03] Main Gym Fitness Gym: 99% (Very Active) people=71 capacity=72 is_open=True hour_summary=open
[2026-09-29 06:30:03] Outback Climbing Center: 13% (Closed) people=4 capacity=30 is_open=False hour_summary=Closed until 2:00pm
[2026-09-29 06:30:03] RIMAC Fitness Gym: 0% (Not Busy) people=0 capacity=65 is_open=True hour_summary=open
[2026-09-29 06:30:03] Triton Esports Center: 0% (Closed) people=0 capacity=35 is_open=False hour_summary=closed
[2026-09-29 06:30:03] === SCRAPE END OK ===
[2026-09-29 06:45:01] === SCRAPE START ===
[2026-09-29 06:45:01] Fetching https://waitz.io/live/ucsd-rec
[2026-09-29 06:45:02] Saved 4 rows to ucsd_occupancy_history.csv
[2026-09-29 06:45:02] Main Gym Fitness Gym: 99% (Very Active) people=71 capacity=72 is_open=True hour_summary=open
[2026-09-29 06:45:02] Outback Climbing Center: 13% (Closed) people=4 capacity=30 is_open=False hour_summary=Closed until 2:00pm
[2026-09-29 06:45:02] RIMAC Fitness Gym: 0% (Not Busy) people=0 capacity=65 is_open=True hour_summary=open
[2026-09-29 06:45:02] Triton Esports Center: 0% (Closed) people=0 capacity=35 is_open=False hour_summary=closed
[2026-09-29 06:45:02] === SCRAPE END OK ===
[2026-09-29 07:00:01] === SCRAPE START ===
[2026-09-29 07:00:01] Fetching https://waitz.io/live/ucsd-rec
[2026-09-29 07:00:03] Saved 4 rows to ucsd_occupancy_history.csv
[2026-09-29 07:00:03] Main Gym Fitness Gym: 99% (Very Active) people=71 capacity=72 is_open=True hour_summary=open
[2026-09-29 07:00:03] Outback Climbing Center: 13% (Closed) people=4 capacity=30 is_open=False hour_summary=Closed until 2:00pm
[2026-09-29 07:00:03] RIMAC Fitness Gym: 0% (Not Busy) people=0 capacity=65 is_open=True hour_summary=open
[2026-09-29 07:00:03] Triton Esports Center: 0% (Closed) people=0 capacity=35 is_open=False hour_summary=closed
[2026-09-29 07:00:03] === SCRAPE END OK ===
[2026-09-29 07:15:01] === SCRAPE START ===
[2026-09-29 07:15:01] Fetching https://waitz.io/live/ucsd-rec
[2026-09-29 07:15:02] Saved 4 rows to ucsd_occupancy_history.csv
[2026-09-29 07:15:02] Main Gym Fitness Gym: 99% (Very Active) people=71 capacity=72 is_open=True hour_summary=open
[2026-09-29 07:15:02] Outback Climbing Center: 17% (Closed) people=5 capacity=30 is_open=False hour_summary=Closed until 2:00pm
[2026-09-29 07:15:02] RIMAC Fitness Gym: 0% (Not Busy) people=0 capacity=65 is_open=True hour_summary=open
[2026-09-29 07:15:02] Triton Esports Center: 0% (Closed) people=0 capacity=35 is_open=False hour_summary=closed
[2026-09-29 07:15:02] === SCRAPE END OK ===
[2026-09-29 07:30:01] === SCRAPE START ===
[2026-09-29 07:30:01] Fetching https://waitz.io/live/ucsd-rec
[2026-09-29 07:30:03] Saved 4 rows to ucsd_occupancy_history.csv
[2026-09-29 07:30:03] Main Gym Fitness Gym: 99% (Very Active) people=71 capacity=72 is_open=True hour_summary=open
[2026-09-29 07:30:03] Outback Climbing Center: 13% (Closed) people=4 capacity=30 is_open=False hour_summary=Closed until 2:00pm
[2026-09-29 07:30:03] RIMAC Fitness Gym: 0% (Not Busy) people=0 capacity=65 is_open=True hour_summary=open
[2026-09-29 07:30:03] Triton Esports Center: 0% (Closed) people=0 capacity=35 is_open=False hour_summary=closed
[2026-09-29 07:30:03] === SCRAPE END OK ===
[2026-09-29 07:45:01] === SCRAPE START ===
[2026-09-29 07:45:01] Fetching https://waitz.io/live/ucsd-rec
[2026-09-29 07:45:02] Saved 4 rows to ucsd_occupancy_history.csv
[2026-09-29 07:45:02] Main Gym Fitness Gym: 99% (Very Active) people=71 capacity=72 is_open=True hour_summary=open
[2026-09-29 07:45:02] Outback Climbing Center: 13% (Closed) people=4 capacity=30 is_open=False hour_summary=Closed until 2:00pm
[2026-09-29 07:45:02] RIMAC Fitness Gym: 0% (Not Busy) people=0 capacity=65 is_open=True hour_summary=open
[2026-09-29 07:45:02] Triton Esports Center: 0% (Closed) people=0 capacity=35 is_open=False hour_summary=closed
[2026-09-29 07:45:02] === SCRAPE END OK ===
[2026-09-29 08:00:01] === SCRAPE START ===
[2026-09-29 08:00:01] Fetching https://waitz.io/live/ucsd-rec
[2026-09-29 08:00:03] Saved 4 rows to ucsd_occupancy_history.csv
[2026-09-29 08:00:03] Main Gym Fitness Gym: 99% (Very Active) people=71 capacity=72 is_open=True hour_summary=open
[2026-09-29 08:00:03] Outback Climbing Center: 17% (Closed) people=5 capacity=30 is_open=False hour_summary=Closed until 2:00pm
[2026-09-29 08:00:03] RIMAC Fitness Gym: 3% (Not Busy) people=2 capacity=65 is_open=True hour_summary=open
[2026-09-29 08:00:03] Triton Esports Center: 0% (Closed) people=0 capacity=35 is_open=False hour_summary=closed
[2026-09-29 08:00:03] === SCRAPE END OK ===
[2026-09-29 08:15:01] === SCRAPE START ===
[2026-09-29 08:15:01] Fetching https://waitz.io/live/ucsd-rec
[2026-09-29 08:15:02] Saved 4 rows to ucsd_occupancy_history.csv
[2026-09-29 08:15:02] Main Gym Fitness Gym: 99% (Very Active) people=71 capacity=72 is_open=True hour_summary=open
[2026-09-29 08:15:02] Outback Climbing Center: 17% (Closed) people=5 capacity=30 is_open=False hour_summary=Closed until 2:00pm
[2026-09-29 08:15:02] RIMAC Fitness Gym: 99% (Very Active) people=64 capacity=65 is_open=True hour_summary=open
[2026-09-29 08:15:02] Triton Esports Center: 0% (Closed) people=0 capacity=35 is_open=False hour_summary=closed
[2026-09-29 08:15:02] === SCRAPE END OK ===
[2026-09-29 08:30:01] === SCRAPE START ===
[2026-09-29 08:30:01] Fetching https://waitz.io/live/ucsd-rec
[2026-09-29 08:30:03] Saved 4 rows to ucsd_occupancy_history.csv
[2026-09-29 08:30:03] Main Gym Fitness Gym: 99% (Very Active) people=71 capacity=72 is_open=True hour_summary=open
[2026-09-29 08:30:03] Outback Climbing Center: 13% (Closed) people=4 capacity=30 is_open=False hour_summary=Closed until 2:00pm
[2026-09-29 08:30:03] RIMAC Fitness Gym: 99% (Very Active) people=64 capacity=65 is_open=True hour_summary=open
[2026-09-29 08:30:03] Triton Esports Center: 0% (Closed) people=0 capacity=35 is_open=False hour_summary=closed
[2026-09-29 08:30:03] === SCRAPE END OK ===
[2026-09-29 08:45:01] === SCRAPE START ===
[2026-09-29 08:45:01] Fetching https://waitz.io/live/ucsd-rec
[2026-09-29 08:45:02] Saved 4 rows to ucsd_occupancy_history.csv
[2026-09-29 08:45:02] Main Gym Fitness Gym: 99% (Very Active) people=71 capacity=72 is_open=True hour_summary=open
[2026-09-29 08:45:02] Outback Climbing Center: 20% (Closed) people=6 capacity=30 is_open=False hour_summary=Closed until 2:00pm
[2026-09-29 08:45:02] RIMAC Fitness Gym: 99% (Very Active) people=64 capacity=65 is_open=True hour_summary=open
[2026-09-29 08:45:02] Triton Esports Center: 0% (Closed) people=0 capacity=35 is_open=False hour_summary=closed
[2026-09-29 08:45:02] === SCRAPE END OK ===
[2026-09-29 09:00:01] === SCRAPE START ===
[2026-09-29 09:00:01] Fetching https://waitz.io/live/ucsd-rec
[2026-09-29 09:00:02] Saved 4 rows to ucsd_occupancy_history.csv
[2026-09-29 09:00:02] Main Gym Fitness Gym: 99% (Very Active) people=71 capacity=72 is_open=True hour_summary=open
[2026-09-29 09:00:02] Outback Climbing Center: 20% (Closed) people=6 capacity=30 is_open=False hour_summary=Closed until 2:00pm
[2026-09-29 09:00:02] RIMAC Fitness Gym: 99% (Very Active) people=64 capacity=65 is_open=True hour_summary=open
[2026-09-29 09:00:02] Triton Esports Center: 0% (Closed) people=0 capacity=35 is_open=False hour_summary=closed
[2026-09-29 09:00:02] === SCRAPE END OK ===
[2026-09-29 09:15:01] === SCRAPE START ===
[2026-09-29 09:15:01] Fetching https://waitz.io/live/ucsd-rec
[2026-09-29 09:15:03] Saved 4 rows to ucsd_occupancy_history.csv
[2026-09-29 09:15:03] Main Gym Fitness Gym: 99% (Very Active) people=71 capacity=72 is_open=True hour_summary=open
[2026-09-29 09:15:03] Outback Climbing Center: 20% (Closed) people=6 capacity=30 is_open=False hour_summary=Closed until 2:00pm
[2026-09-29 09:15:03] RIMAC Fitness Gym: 99% (Very Active) people=64 capacity=65 is_open=True hour_summary=open
[2026-09-29 09:15:03] Triton Esports Center: 0% (Closed) people=0 capacity=35 is_open=False hour_summary=closed
[2026-09-29 09:15:03] === SCRAPE END OK ===
[2026-09-29 09:30:01] === SCRAPE START ===
[2026-09-29 09:30:01] Fetching https://waitz.io/live/ucsd-rec
[2026-09-29 09:30:03] Saved 4 rows to ucsd_occupancy_history.csv
[2026-09-29 09:30:03] Main Gym Fitness Gym: 99% (Very Active) people=71 capacity=72 is_open=True hour_summary=open
[2026-09-29 09:30:03] Outback Climbing Center: 23% (Closed) people=7 capacity=30 is_open=False hour_summary=Closed until 2:00pm
[2026-09-29 09:30:03] RIMAC Fitness Gym: 99% (Very Active) people=64 capacity=65 is_open=True hour_summary=open
[2026-09-29 09:30:03] Triton Esports Center: 0% (Closed) people=0 capacity=35 is_open=False hour_summary=closed
[2026-09-29 09:30:03] === SCRAPE END OK ===
[2026-09-29 09:45:01] === SCRAPE START ===
[2026-09-29 09:45:01] Fetching https://waitz.io/live/ucsd-rec
[2026-09-29 09:45:02] Saved 4 rows to ucsd_occupancy_history.csv
[2026-09-29 09:45:02] Main Gym Fitness Gym: 99% (Very Active) people=71 capacity=72 is_open=True hour_summary=open
[2026-09-29 09:45:02] Outback Climbing Center: 23% (Closed) people=7 capacity=30 is_open=False hour_summary=Closed until 2:00pm
[2026-09-29 09:45:02] RIMAC Fitness Gym: 99% (Very Active) people=64 capacity=65 is_open=True hour_summary=open
[2026-09-29 09:45:02] Triton Esports Center: 0% (Closed) people=0 capacity=35 is_open=False hour_summary=closed
[2026-09-29 09:45:02] === SCRAPE END OK ===
[2026-09-29 10:00:01] === SCRAPE START ===
[2026-09-29 10:00:01] Fetching https://waitz.io/live/ucsd-rec
[2026-09-29 10:00:03] Saved 4 rows to ucsd_occupancy_history.csv
[2026-09-29 10:00:03] Main Gym Fitness Gym: 99% (Very Active) people=71 capacity=72 is_open=True hour_summary=open
[2026-09-29 10:00:03] Outback Climbing Center: 27% (Closed) people=8 capacity=30 is_open=False hour_summary=Closed until 2:00pm
[2026-09-29 10:00:03] RIMAC Fitness Gym: 99% (Very Active) people=64 capacity=65 is_open=True hour_summary=open
[2026-09-29 10:00:03] Triton Esports Center: 0% (Closed) people=0 capacity=35 is_open=False hour_summary=closed
[2026-09-29 10:00:03] === SCRAPE END OK ===
[2026-09-29 10:15:01] === SCRAPE START ===
[2026-09-29 10:15:01] Fetching https://waitz.io/live/ucsd-rec
[2026-09-29 10:15:03] Saved 4 rows to ucsd_occupancy_history.csv
[2026-09-29 10:15:03] Main Gym Fitness Gym: 99% (Very Active) people=71 capacity=72 is_open=True hour_summary=open
[2026-09-29 10:15:03] Outback Climbing Center: 20% (Closed) people=6 capacity=30 is_open=False hour_summary=Closed until 2:00pm
[2026-09-29 10:15:03] RIMAC Fitness Gym: 99% (Very Active) people=64 capacity=65 is_open=True hour_summary=open
[2026-09-29 10:15:03] Triton Esports Center: 0% (Closed) people=0 capacity=35 is_open=False hour_summary=closed
[2026-09-29 10:15:03] === SCRAPE END OK ===
[2026-09-29 10:30:01] === SCRAPE START ===
[2026-09-29 10:30:01] Fetching https://waitz.io/live/ucsd-rec
[2026-09-29 10:30:03] Saved 4 rows to ucsd_occupancy_history.csv
[2026-09-29 10:30:03] Main Gym Fitness Gym: 99% (Very Active) people=71 capacity=72 is_open=True hour_summary=open
[2026-09-29 10:30:03] Outback Climbing Center: 47% (Closed) people=14 capacity=30 is_open=False hour_summary=Closed until 2:00pm
[2026-09-29 10:30:03] RIMAC Fitness Gym: 99% (Very Active) people=64 capacity=65 is_open=True hour_summary=open
[2026-09-29 10:30:03] Triton Esports Center: 0% (Closed) people=0 capacity=35 is_open=False hour_summary=closed
[2026-09-29 10:30:03] === SCRAPE END OK ===
[2026-09-29 10:45:01] === SCRAPE START ===
[2026-09-29 10:45:01] Fetching https://waitz.io/live/ucsd-rec
[2026-09-29 10:45:02] Saved 4 rows to ucsd_occupancy_history.csv
[2026-09-29 10:45:02] Main Gym Fitness Gym: 99% (Very Active) people=71 capacity=72 is_open=True hour_summary=open
[2026-09-29 10:45:02] Outback Climbing Center: 97% (Closed) people=29 capacity=30 is_open=False hour_summary=Closed until 2:00pm
[2026-09-29 10:45:02] RIMAC Fitness Gym: 99% (Very Active) people=64 capacity=65 is_open=True hour_summary=open
[2026-09-29 10:45:02] Triton Esports Center: 0% (Closed) people=0 capacity=35 is_open=False hour_summary=closed
[2026-09-29 10:45:02] === SCRAPE END OK ===
[2026-09-29 11:00:02] === SCRAPE START ===
[2026-09-29 11:00:02] Fetching https://waitz.io/live/ucsd-rec
[2026-09-29 11:00:03] Saved 4 rows to ucsd_occupancy_history.csv
[2026-09-29 11:00:03] Main Gym Fitness Gym: 99% (Very Active) people=71 capacity=72 is_open=True hour_summary=open
[2026-09-29 11:00:03] Outback Climbing Center: 63% (Closed) people=19 capacity=30 is_open=False hour_summary=Closed until 2:00pm
[2026-09-29 11:00:03] RIMAC Fitness Gym: 99% (Very Active) people=64 capacity=65 is_open=True hour_summary=open
[2026-09-29 11:00:03] Triton Esports Center: 0% (Closed) people=0 capacity=35 is_open=False hour_summary=closed
[2026-09-29 11:00:03] === SCRAPE END OK ===
[2026-09-29 11:15:01] === SCRAPE START ===
[2026-09-29 11:15:01] Fetching https://waitz.io/live/ucsd-rec
[2026-09-29 11:15:03] Saved 4 rows to ucsd_occupancy_history.csv
[2026-09-29 11:15:03] Main Gym Fitness Gym: 99% (Very Active) people=71 capacity=72 is_open=True hour_summary=open
[2026-09-29 11:15:03] Outback Climbing Center: 99% (Closed) people=30 capacity=30 is_open=False hour_summary=Closed until 2:00pm
[2026-09-29 11:15:03] RIMAC Fitness Gym: 99% (Very Active) people=64 capacity=65 is_open=True hour_summary=open
[2026-09-29 11:15:03] Triton Esports Center: 0% (Closed) people=0 capacity=35 is_open=False hour_summary=closed
[2026-09-29 11:15:03] === SCRAPE END OK ===
[2026-09-29 11:30:01] === SCRAPE START ===
[2026-09-29 11:30:01] Fetching https://waitz.io/live/ucsd-rec
[2026-09-29 11:30:03] Saved 4 rows to ucsd_occupancy_history.csv
[2026-09-29 11:30:03] Main Gym Fitness Gym: 99% (Very Active) people=71 capacity=72 is_open=True hour_summary=open
[2026-09-29 11:30:03] Outback Climbing Center: 99% (Closed) people=30 capacity=30 is_open=False hour_summary=Closed until 2:00pm
[2026-09-29 11:30:03] RIMAC Fitness Gym: 99% (Very Active) people=64 capacity=65 is_open=True hour_summary=open
[2026-09-29 11:30:03] Triton Esports Center: 0% (Closed) people=0 capacity=35 is_open=False hour_summary=closed
[2026-09-29 11:30:03] === SCRAPE END OK ===
