[2026-09-27 00:00:01] === SCRAPE START ===
[2026-09-27 00:00:01] Fetching https://waitz.io/live/ucsd-rec
[2026-09-27 00:00:03] Saved 4 rows to ucsd_occupancy_history.csv
[2026-09-27 00:00:03] Main Gym Fitness Gym: 1% (Closed) people=1 capacity=72 is_open=False hour_summary=Closed until 8:00am
[2026-09-27 00:00:03] Outback Climbing Center: 23% (Closed) people=7 capacity=30 is_open=False hour_summary=Closed until 2:00pm
[2026-09-27 00:00:03] RIMAC Fitness Gym: 0% (Closed) people=0 capacity=65 is_open=False hour_summary=Closed until 8:00am
[2026-09-27 00:00:03] Triton Esports Center: 0% (Closed) people=0 capacity=35 is_open=False hour_summary=closed
[2026-09-27 00:00:03] === SCRAPE END OK ===
[2026-09-27 00:15:01] === SCRAPE START ===
[2026-09-27 00:15:01] Fetching https://waitz.io/live/ucsd-rec
[2026-09-27 00:15:03] Saved 4 rows to ucsd_occupancy_history.csv
[2026-09-27 00:15:03] Main Gym Fitness Gym: 1% (Closed) people=1 capacity=72 is_open=False hour_summary=Closed until 8:00am
[2026-09-27 00:15:03] Outback Climbing Center: 23% (Closed) people=7 capacity=30 is_open=False hour_summary=Closed until 2:00pm
[2026-09-27 00:15:03] RIMAC Fitness Gym: 0% (Closed) people=0 capacity=65 is_open=False hour_summary=Closed until 8:00am
[2026-09-27 00:15:03] Triton Esports Center: 0% (Closed) people=0 capacity=35 is_open=False hour_summary=closed
[2026-09-27 00:15:03] === SCRAPE END OK ===
[2026-09-27 00:30:01] === SCRAPE START ===
[2026-09-27 00:30:01] Fetching https://waitz.io/live/ucsd-rec
[2026-09-27 00:30:03] Saved 4 rows to ucsd_occupancy_history.csv
[2026-09-27 00:30:03] Main Gym Fitness Gym: 1% (Closed) people=1 capacity=72 is_open=False hour_summary=Closed until 8:00am
[2026-09-27 00:30:03] Outback Climbing Center: 20% (Closed) people=6 capacity=30 is_open=False hour_summary=Closed until 2:00pm
[2026-09-27 00:30:03] RIMAC Fitness Gym: 0% (Closed) people=0 capacity=65 is_open=False hour_summary=Closed until 8:00am
[2026-09-27 00:30:03] Triton Esports Center: 0% (Closed) people=0 capacity=35 is_open=False hour_summary=closed
[2026-09-27 00:30:03] === SCRAPE END OK ===
[2026-09-27 00:45:01] === SCRAPE START ===
[2026-09-27 00:45:01] Fetching https://waitz.io/live/ucsd-rec
[2026-09-27 00:45:03] Saved 4 rows to ucsd_occupancy_history.csv
[2026-09-27 00:45:03] Main Gym Fitness Gym: 1% (Closed) people=1 capacity=72 is_open=False hour_summary=Closed until 8:00am
[2026-09-27 00:45:03] Outback Climbing Center: 27% (Closed) people=8 capacity=30 is_open=False hour_summary=Closed until 2:00pm
[2026-09-27 00:45:03] RIMAC Fitness Gym: 0% (Closed) people=0 capacity=65 is_open=False hour_summary=Closed until 8:00am
[2026-09-27 00:45:03] Triton Esports Center: 0% (Closed) people=0 capacity=35 is_open=False hour_summary=closed
[2026-09-27 00:45:03] === SCRAPE END OK ===
[2026-09-27 01:00:02] === SCRAPE START ===
[2026-09-27 01:00:02] Fetching https://waitz.io/live/ucsd-rec
[2026-09-27 01:00:04] Saved 4 rows to ucsd_occupancy_history.csv
[2026-09-27 01:00:04] Main Gym Fitness Gym: 1% (Closed) people=1 capacity=72 is_open=False hour_summary=Closed until 8:00am
[2026-09-27 01:00:04] Outback Climbing Center: 20% (Closed) people=6 capacity=30 is_open=False hour_summary=Closed until 2:00pm
[2026-09-27 01:00:04] RIMAC Fitness Gym: 0% (Closed) people=0 capacity=65 is_open=False hour_summary=Closed until 8:00am
[2026-09-27 01:00:04] Triton Esports Center: 0% (Closed) people=0 capacity=35 is_open=False hour_summary=closed
[2026-09-27 01:00:04] === SCRAPE END OK ===
[2026-09-27 01:15:01] === SCRAPE START ===
[2026-09-27 01:15:01] Fetching https://waitz.io/live/ucsd-rec
[2026-09-27 01:15:03] Saved 4 rows to ucsd_occupancy_history.csv
[2026-09-27 01:15:03] Main Gym Fitness Gym: 1% (Closed) people=1 capacity=72 is_open=False hour_summary=Closed until 8:00am
[2026-09-27 01:15:03] Outback Climbing Center: 20% (Closed) people=6 capacity=30 is_open=False hour_summary=Closed until 2:00pm
[2026-09-27 01:15:03] RIMAC Fitness Gym: 0% (Closed) people=0 capacity=65 is_open=False hour_summary=Closed until 8:00am
[2026-09-27 01:15:03] Triton Esports Center: 0% (Closed) people=0 capacity=35 is_open=False hour_summary=closed
[2026-09-27 01:15:03] === SCRAPE END OK ===
[2026-09-27 01:30:01] === SCRAPE START ===
[2026-09-27 01:30:01] Fetching https://waitz.io/live/ucsd-rec
[2026-09-27 01:30:03] Saved 4 rows to ucsd_occupancy_history.csv
[2026-09-27 01:30:03] Main Gym Fitness Gym: 1% (Closed) people=1 capacity=72 is_open=False hour_summary=Closed until 8:00am
[2026-09-27 01:30:03] Outback Climbing Center: 23% (Closed) people=7 capacity=30 is_open=False hour_summary=Closed until 2:00pm
[2026-09-27 01:30:03] RIMAC Fitness Gym: 0% (Closed) people=0 capacity=65 is_open=False hour_summary=Closed until 8:00am
[2026-09-27 01:30:03] Triton Esports Center: 0% (Closed) people=0 capacity=35 is_open=False hour_summary=closed
[2026-09-27 01:30:03] === SCRAPE END OK ===
[2026-09-27 01:45:01] === SCRAPE START ===
[2026-09-27 01:45:01] Fetching https://waitz.io/live/ucsd-rec
[2026-09-27 01:45:02] Saved 4 rows to ucsd_occupancy_history.csv
[2026-09-27 01:45:02] Main Gym Fitness Gym: 1% (Closed) people=1 capacity=72 is_open=False hour_summary=Closed until 8:00am
[2026-09-27 01:45:02] Outback Climbing Center: 27% (Closed) people=8 capacity=30 is_open=False hour_summary=Closed until 2:00pm
[2026-09-27 01:45:02] RIMAC Fitness Gym: 0% (Closed) people=0 capacity=65 is_open=False hour_summary=Closed until 8:00am
[2026-09-27 01:45:02] Triton Esports Center: 0% (Closed) people=0 capacity=35 is_open=False hour_summary=closed
[2026-09-27 01:45:02] === SCRAPE END OK ===
[2026-09-27 02:00:01] === SCRAPE START ===
[2026-09-27 02:00:01] Fetching https://waitz.io/live/ucsd-rec
[2026-09-27 02:00:03] Saved 4 rows to ucsd_occupancy_history.csv
[2026-09-27 02:00:03] Main Gym Fitness Gym: 1% (Closed) people=1 capacity=72 is_open=False hour_summary=Closed until 8:00am
[2026-09-27 02:00:03] Outback Climbing Center: 23% (Closed) people=7 capacity=30 is_open=False hour_summary=Closed until 2:00pm
[2026-09-27 02:00:03] RIMAC Fitness Gym: 0% (Closed) people=0 capacity=65 is_open=False hour_summary=Closed until 8:00am
[2026-09-27 02:00:03] Triton Esports Center: 0% (Closed) people=0 capacity=35 is_open=False hour_summary=closed
[2026-09-27 02:00:03] === SCRAPE END OK ===
[2026-09-27 02:15:01] === SCRAPE START ===
[2026-09-27 02:15:01] Fetching https://waitz.io/live/ucsd-rec
[2026-09-27 02:15:03] Saved 4 rows to ucsd_occupancy_history.csv
[2026-09-27 02:15:03] Main Gym Fitness Gym: 1% (Closed) people=1 capacity=72 is_open=False hour_summary=Closed until 8:00am
[2026-09-27 02:15:03] Outback Climbing Center: 23% (Closed) people=7 capacity=30 is_open=False hour_summary=Closed until 2:00pm
[2026-09-27 02:15:03] RIMAC Fitness Gym: 0% (Closed) people=0 capacity=65 is_open=False hour_summary=Closed until 8:00am
[2026-09-27 02:15:03] Triton Esports Center: 0% (Closed) people=0 capacity=35 is_open=False hour_summary=closed
[2026-09-27 02:15:03] === SCRAPE END OK ===
[2026-09-27 02:30:01] === SCRAPE START ===
[2026-09-27 02:30:01] Fetching https://waitz.io/live/ucsd-rec
[2026-09-27 02:30:03] Saved 4 rows to ucsd_occupancy_history.csv
[2026-09-27 02:30:03] Main Gym Fitness Gym: 1% (Closed) people=1 capacity=72 is_open=False hour_summary=Closed until 8:00am
[2026-09-27 02:30:03] Outback Climbing Center: 20% (Closed) people=6 capacity=30 is_open=False hour_summary=Closed until 2:00pm
[2026-09-27 02:30:03] RIMAC Fitness Gym: 0% (Closed) people=0 capacity=65 is_open=False hour_summary=Closed until 8:00am
[2026-09-27 02:30:03] Triton Esports Center: 0% (Closed) people=0 capacity=35 is_open=False hour_summary=closed
[2026-09-27 02:30:03] === SCRAPE END OK ===
[2026-09-27 02:45:01] === SCRAPE START ===
[2026-09-27 02:45:01] Fetching https://waitz.io/live/ucsd-rec
[2026-09-27 02:45:02] Saved 4 rows to ucsd_occupancy_history.csv
[2026-09-27 02:45:02] Main Gym Fitness Gym: 1% (Closed) people=1 capacity=72 is_open=False hour_summary=Closed until 8:00am
[2026-09-27 02:45:02] Outback Climbing Center: 27% (Closed) people=8 capacity=30 is_open=False hour_summary=Closed until 2:00pm
[2026-09-27 02:45:02] RIMAC Fitness Gym: 0% (Closed) people=0 capacity=65 is_open=False hour_summary=Closed until 8:00am
[2026-09-27 02:45:02] Triton Esports Center: 0% (Closed) people=0 capacity=35 is_open=False hour_summary=closed
[2026-09-27 02:45:02] === SCRAPE END OK ===
[2026-09-27 03:00:01] === SCRAPE START ===
[2026-09-27 03:00:01] Fetching https://waitz.io/live/ucsd-rec
[2026-09-27 03:00:03] Saved 4 rows to ucsd_occupancy_history.csv
[2026-09-27 03:00:03] Main Gym Fitness Gym: 1% (Closed) people=1 capacity=72 is_open=False hour_summary=Closed until 8:00am
[2026-09-27 03:00:03] Outback Climbing Center: 23% (Closed) people=7 capacity=30 is_open=False hour_summary=Closed until 2:00pm
[2026-09-27 03:00:03] RIMAC Fitness Gym: 0% (Closed) people=0 capacity=65 is_open=False hour_summary=Closed until 8:00am
[2026-09-27 03:00:03] Triton Esports Center: 0% (Closed) people=0 capacity=35 is_open=False hour_summary=closed
[2026-09-27 03:00:03] === SCRAPE END OK ===
[2026-09-27 03:15:01] === SCRAPE START ===
[2026-09-27 03:15:01] Fetching https://waitz.io/live/ucsd-rec
[2026-09-27 03:15:02] Saved 4 rows to ucsd_occupancy_history.csv
[2026-09-27 03:15:02] Main Gym Fitness Gym: 1% (Closed) people=1 capacity=72 is_open=False hour_summary=Closed until 8:00am
[2026-09-27 03:15:02] Outback Climbing Center: 23% (Closed) people=7 capacity=30 is_open=False hour_summary=Closed until 2:00pm
[2026-09-27 03:15:02] RIMAC Fitness Gym: 0% (Closed) people=0 capacity=65 is_open=False hour_summary=Closed until 8:00am
[2026-09-27 03:15:02] Triton Esports Center: 0% (Closed) people=0 capacity=35 is_open=False hour_summary=closed
[2026-09-27 03:15:02] === SCRAPE END OK ===
[2026-09-27 03:30:01] === SCRAPE START ===
[2026-09-27 03:30:01] Fetching https://waitz.io/live/ucsd-rec
[2026-09-27 03:30:03] Saved 4 rows to ucsd_occupancy_history.csv
[2026-09-27 03:30:03] Main Gym Fitness Gym: 1% (Closed) people=1 capacity=72 is_open=False hour_summary=Closed until 8:00am
[2026-09-27 03:30:03] Outback Climbing Center: 23% (Closed) people=7 capacity=30 is_open=False hour_summary=Closed until 2:00pm
[2026-09-27 03:30:03] RIMAC Fitness Gym: 0% (Closed) people=0 capacity=65 is_open=False hour_summary=Closed until 8:00am
[2026-09-27 03:30:03] Triton Esports Center: 0% (Closed) people=0 capacity=35 is_open=False hour_summary=closed
[2026-09-27 03:30:03] === SCRAPE END OK ===
[2026-09-27 03:45:02] === SCRAPE START ===
[2026-09-27 03:45:02] Fetching https://waitz.io/live/ucsd-rec
[2026-09-27 03:45:03] Saved 4 rows to ucsd_occupancy_history.csv
[2026-09-27 03:45:03] Main Gym Fitness Gym: 1% (Closed) people=1 capacity=72 is_open=False hour_summary=Closed until 8:00am
[2026-09-27 03:45:03] Outback Climbing Center: 27% (Closed) people=8 capacity=30 is_open=False hour_summary=Closed until 2:00pm
[2026-09-27 03:45:03] RIMAC Fitness Gym: 0% (Closed) people=0 capacity=65 is_open=False hour_summary=Closed until 8:00am
[2026-09-27 03:45:03] Triton Esports Center: 0% (Closed) people=0 capacity=35 is_open=False hour_summary=closed
[2026-09-27 03:45:03] === SCRAPE END OK ===
[2026-09-27 04:00:01] === SCRAPE START ===
[2026-09-27 04:00:01] Fetching https://waitz.io/live/ucsd-rec
[2026-09-27 04:00:03] Saved 4 rows to ucsd_occupancy_history.csv
[2026-09-27 04:00:03] Main Gym Fitness Gym: 1% (Closed) people=1 capacity=72 is_open=False hour_summary=Closed until 8:00am
[2026-09-27 04:00:03] Outback Climbing Center: 23% (Closed) people=7 capacity=30 is_open=False hour_summary=Closed until 2:00pm
[2026-09-27 04:00:03] RIMAC Fitness Gym: 0% (Closed) people=0 capacity=65 is_open=False hour_summary=Closed until 8:00am
[2026-09-27 04:00:03] Triton Esports Center: 0% (Closed) people=0 capacity=35 is_open=False hour_summary=closed
[2026-09-27 04:00:03] === SCRAPE END OK ===
[2026-09-27 04:15:01] === SCRAPE START ===
[2026-09-27 04:15:01] Fetching https://waitz.io/live/ucsd-rec
[2026-09-27 04:15:02] Saved 4 rows to ucsd_occupancy_history.csv
[2026-09-27 04:15:02] Main Gym Fitness Gym: 1% (Closed) people=1 capacity=72 is_open=False hour_summary=Closed until 8:00am
[2026-09-27 04:15:02] Outback Climbing Center: 20% (Closed) people=6 capacity=30 is_open=False hour_summary=Closed until 2:00pm
[2026-09-27 04:15:02] RIMAC Fitness Gym: 0% (Closed) people=0 capacity=65 is_open=False hour_summary=Closed until 8:00am
[2026-09-27 04:15:02] Triton Esports Center: 0% (Closed) people=0 capacity=35 is_open=False hour_summary=closed
[2026-09-27 04:15:02] === SCRAPE END OK ===
[2026-09-27 04:30:01] === SCRAPE START ===
[2026-09-27 04:30:01] Fetching https://waitz.io/live/ucsd-rec
[2026-09-27 04:30:03] Saved 4 rows to ucsd_occupancy_history.csv
[2026-09-27 04:30:03] Main Gym Fitness Gym: 1% (Closed) people=1 capacity=72 is_open=False hour_summary=Closed until 8:00am
[2026-09-27 04:30:03] Outback Climbing Center: 30% (Closed) people=9 capacity=30 is_open=False hour_summary=Closed until 2:00pm
[2026-09-27 04:30:03] RIMAC Fitness Gym: 0% (Closed) people=0 capacity=65 is_open=False hour_summary=Closed until 8:00am
[2026-09-27 04:30:03] Triton Esports Center: 0% (Closed) people=0 capacity=35 is_open=False hour_summary=closed
[2026-09-27 04:30:03] === SCRAPE END OK ===
[2026-09-27 04:45:01] === SCRAPE START ===
[2026-09-27 04:45:01] Fetching https://waitz.io/live/ucsd-rec
[2026-09-27 04:45:02] Saved 4 rows to ucsd_occupancy_history.csv
[2026-09-27 04:45:02] Main Gym Fitness Gym: 4% (Closed) people=3 capacity=72 is_open=False hour_summary=Closed until 8:00am
[2026-09-27 04:45:02] Outback Climbing Center: 20% (Closed) people=6 capacity=30 is_open=False hour_summary=Closed until 2:00pm
[2026-09-27 04:45:02] RIMAC Fitness Gym: 0% (Closed) people=0 capacity=65 is_open=False hour_summary=Closed until 8:00am
[2026-09-27 04:45:02] Triton Esports Center: 0% (Closed) people=0 capacity=35 is_open=False hour_summary=closed
[2026-09-27 04:45:02] === SCRAPE END OK ===
[2026-09-27 05:00:01] === SCRAPE START ===
[2026-09-27 05:00:01] Fetching https://waitz.io/live/ucsd-rec
[2026-09-27 05:00:03] Saved 4 rows to ucsd_occupancy_history.csv
[2026-09-27 05:00:03] Main Gym Fitness Gym: 1% (Closed) people=1 capacity=72 is_open=False hour_summary=Closed until 8:00am
[2026-09-27 05:00:03] Outback Climbing Center: 23% (Closed) people=7 capacity=30 is_open=False hour_summary=Closed until 2:00pm
[2026-09-27 05:00:03] RIMAC Fitness Gym: 0% (Closed) people=0 capacity=65 is_open=False hour_summary=Closed until 8:00am
[2026-09-27 05:00:03] Triton Esports Center: 0% (Closed) people=0 capacity=35 is_open=False hour_summary=closed
[2026-09-27 05:00:03] === SCRAPE END OK ===
[2026-09-27 05:15:01] === SCRAPE START ===
[2026-09-27 05:15:01] Fetching https://waitz.io/live/ucsd-rec
[2026-09-27 05:15:02] Saved 4 rows to ucsd_occupancy_history.csv
[2026-09-27 05:15:02] Main Gym Fitness Gym: 3% (Closed) people=2 capacity=72 is_open=False hour_summary=Closed until 8:00am
[2026-09-27 05:15:02] Outback Climbing Center: 23% (Closed) people=7 capacity=30 is_open=False hour_summary=Closed until 2:00pm
[2026-09-27 05:15:02] RIMAC Fitness Gym: 2% (Closed) people=1 capacity=65 is_open=False hour_summary=Closed until 8:00am
[2026-09-27 05:15:02] Triton Esports Center: 0% (Closed) people=0 capacity=35 is_open=False hour_summary=closed
[2026-09-27 05:15:02] === SCRAPE END OK ===
[2026-09-27 05:30:01] === SCRAPE START ===
[2026-09-27 05:30:01] Fetching https://waitz.io/live/ucsd-rec
[2026-09-27 05:30:02] Saved 4 rows to ucsd_occupancy_history.csv
[2026-09-27 05:30:02] Main Gym Fitness Gym: 1% (Closed) people=1 capacity=72 is_open=False hour_summary=Closed until 8:00am
[2026-09-27 05:30:02] Outback Climbing Center: 23% (Closed) people=7 capacity=30 is_open=False hour_summary=Closed until 2:00pm
[2026-09-27 05:30:02] RIMAC Fitness Gym: 2% (Closed) people=1 capacity=65 is_open=False hour_summary=Closed until 8:00am
[2026-09-27 05:30:02] Triton Esports Center: 0% (Closed) people=0 capacity=35 is_open=False hour_summary=closed
[2026-09-27 05:30:02] === SCRAPE END OK ===
[2026-09-27 05:45:01] === SCRAPE START ===
[2026-09-27 05:45:01] Fetching https://waitz.io/live/ucsd-rec
[2026-09-27 05:45:02] Saved 4 rows to ucsd_occupancy_history.csv
[2026-09-27 05:45:02] Main Gym Fitness Gym: 1% (Closed) people=1 capacity=72 is_open=False hour_summary=Closed until 8:00am
[2026-09-27 05:45:02] Outback Climbing Center: 23% (Closed) people=7 capacity=30 is_open=False hour_summary=Closed until 2:00pm
[2026-09-27 05:45:02] RIMAC Fitness Gym: 2% (Closed) people=1 capacity=65 is_open=False hour_summary=Closed until 8:00am
[2026-09-27 05:45:02] Triton Esports Center: 0% (Closed) people=0 capacity=35 is_open=False hour_summary=closed
[2026-09-27 05:45:02] === SCRAPE END OK ===
[2026-09-27 06:00:01] === SCRAPE START ===
[2026-09-27 06:00:01] Fetching https://waitz.io/live/ucsd-rec
[2026-09-27 06:00:03] Saved 4 rows to ucsd_occupancy_history.csv
[2026-09-27 06:00:03] Main Gym Fitness Gym: 3% (Closed) people=2 capacity=72 is_open=False hour_summary=Closed until 8:00am
[2026-09-27 06:00:03] Outback Climbing Center: 23% (Closed) people=7 capacity=30 is_open=False hour_summary=Closed until 2:00pm
[2026-09-27 06:00:03] RIMAC Fitness Gym: 3% (Closed) people=2 capacity=65 is_open=False hour_summary=Closed until 8:00am
[2026-09-27 06:00:03] Triton Esports Center: 0% (Closed) people=0 capacity=35 is_open=False hour_summary=closed
[2026-09-27 06:00:03] === SCRAPE END OK ===
[2026-09-27 06:15:01] === SCRAPE START ===
[2026-09-27 06:15:01] Fetching https://waitz.io/live/ucsd-rec
[2026-09-27 06:15:03] Saved 4 rows to ucsd_occupancy_history.csv
[2026-09-27 06:15:03] Main Gym Fitness Gym: 1% (Closed) people=1 capacity=72 is_open=False hour_summary=Closed until 8:00am
[2026-09-27 06:15:03] Outback Climbing Center: 20% (Closed) people=6 capacity=30 is_open=False hour_summary=Closed until 2:00pm
[2026-09-27 06:15:03] RIMAC Fitness Gym: 3% (Closed) people=2 capacity=65 is_open=False hour_summary=Closed until 8:00am
[2026-09-27 06:15:03] Triton Esports Center: 0% (Closed) people=0 capacity=35 is_open=False hour_summary=closed
[2026-09-27 06:15:03] === SCRAPE END OK ===
[2026-09-27 06:30:01] === SCRAPE START ===
[2026-09-27 06:30:01] Fetching https://waitz.io/live/ucsd-rec
[2026-09-27 06:30:03] Saved 4 rows to ucsd_occupancy_history.csv
[2026-09-27 06:30:03] Main Gym Fitness Gym: 1% (Closed) people=1 capacity=72 is_open=False hour_summary=Closed until 8:00am
[2026-09-27 06:30:03] Outback Climbing Center: 23% (Closed) people=7 capacity=30 is_open=False hour_summary=Closed until 2:00pm
[2026-09-27 06:30:03] RIMAC Fitness Gym: 2% (Closed) people=1 capacity=65 is_open=False hour_summary=Closed until 8:00am
[2026-09-27 06:30:03] Triton Esports Center: 0% (Closed) people=0 capacity=35 is_open=False hour_summary=closed
[2026-09-27 06:30:03] === SCRAPE END OK ===
[2026-09-27 06:45:01] === SCRAPE START ===
[2026-09-27 06:45:01] Fetching https://waitz.io/live/ucsd-rec
[2026-09-27 06:45:02] Saved 4 rows to ucsd_occupancy_history.csv
[2026-09-27 06:45:02] Main Gym Fitness Gym: 1% (Closed) people=1 capacity=72 is_open=False hour_summary=Closed until 8:00am
[2026-09-27 06:45:02] Outback Climbing Center: 23% (Closed) people=7 capacity=30 is_open=False hour_summary=Closed until 2:00pm
[2026-09-27 06:45:02] RIMAC Fitness Gym: 3% (Closed) people=2 capacity=65 is_open=False hour_summary=Closed until 8:00am
[2026-09-27 06:45:02] Triton Esports Center: 0% (Closed) people=0 capacity=35 is_open=False hour_summary=closed
[2026-09-27 06:45:02] === SCRAPE END OK ===
[2026-09-27 07:00:01] === SCRAPE START ===
[2026-09-27 07:00:01] Fetching https://waitz.io/live/ucsd-rec
[2026-09-27 07:00:02] Saved 4 rows to ucsd_occupancy_history.csv
[2026-09-27 07:00:02] Main Gym Fitness Gym: 1% (Closed) people=1 capacity=72 is_open=False hour_summary=Closed until 8:00am
[2026-09-27 07:00:02] Outback Climbing Center: 23% (Closed) people=7 capacity=30 is_open=False hour_summary=Closed until 2:00pm
[2026-09-27 07:00:02] RIMAC Fitness Gym: 2% (Closed) people=1 capacity=65 is_open=False hour_summary=Closed until 8:00am
[2026-09-27 07:00:02] Triton Esports Center: 0% (Closed) people=0 capacity=35 is_open=False hour_summary=closed
[2026-09-27 07:00:02] === SCRAPE END OK ===
[2026-09-27 07:15:01] === SCRAPE START ===
[2026-09-27 07:15:01] Fetching https://waitz.io/live/ucsd-rec
[2026-09-27 07:15:03] Saved 4 rows to ucsd_occupancy_history.csv
[2026-09-27 07:15:03] Main Gym Fitness Gym: 1% (Closed) people=1 capacity=72 is_open=False hour_summary=Closed until 8:00am
[2026-09-27 07:15:03] Outback Climbing Center: 20% (Closed) people=6 capacity=30 is_open=False hour_summary=Closed until 2:00pm
[2026-09-27 07:15:03] RIMAC Fitness Gym: 0% (Closed) people=0 capacity=65 is_open=False hour_summary=Closed until 8:00am
[2026-09-27 07:15:03] Triton Esports Center: 0% (Closed) people=0 capacity=35 is_open=False hour_summary=closed
[2026-09-27 07:15:03] === SCRAPE END OK ===
[2026-09-27 07:30:01] === SCRAPE START ===
[2026-09-27 07:30:01] Fetching https://waitz.io/live/ucsd-rec
[2026-09-27 07:30:03] Saved 4 rows to ucsd_occupancy_history.csv
[2026-09-27 07:30:03] Main Gym Fitness Gym: 1% (Closed) people=1 capacity=72 is_open=False hour_summary=Closed until 8:00am
[2026-09-27 07:30:03] Outback Climbing Center: 23% (Closed) people=7 capacity=30 is_open=False hour_summary=Closed until 2:00pm
[2026-09-27 07:30:03] RIMAC Fitness Gym: 0% (Closed) people=0 capacity=65 is_open=False hour_summary=Closed until 8:00am
[2026-09-27 07:30:03] Triton Esports Center: 0% (Closed) people=0 capacity=35 is_open=False hour_summary=closed
[2026-09-27 07:30:03] === SCRAPE END OK ===
[2026-09-27 07:45:01] === SCRAPE START ===
[2026-09-27 07:45:01] Fetching https://waitz.io/live/ucsd-rec
[2026-09-27 07:45:02] Saved 4 rows to ucsd_occupancy_history.csv
[2026-09-27 07:45:02] Main Gym Fitness Gym: 1% (Closed) people=1 capacity=72 is_open=False hour_summary=Closed until 8:00am
[2026-09-27 07:45:02] Outback Climbing Center: 23% (Closed) people=7 capacity=30 is_open=False hour_summary=Closed until 2:00pm
[2026-09-27 07:45:02] RIMAC Fitness Gym: 0% (Closed) people=0 capacity=65 is_open=False hour_summary=Closed until 8:00am
[2026-09-27 07:45:02] Triton Esports Center: 0% (Closed) people=0 capacity=35 is_open=False hour_summary=closed
[2026-09-27 07:45:02] === SCRAPE END OK ===
[2026-09-27 08:00:02] === SCRAPE START ===
[2026-09-27 08:00:02] Fetching https://waitz.io/live/ucsd-rec
[2026-09-27 08:00:04] Saved 4 rows to ucsd_occupancy_history.csv
[2026-09-27 08:00:04] Main Gym Fitness Gym: 1% (Not Busy) people=1 capacity=72 is_open=True hour_summary=open
[2026-09-27 08:00:04] Outback Climbing Center: 20% (Closed) people=6 capacity=30 is_open=False hour_summary=Closed until 2:00pm
[2026-09-27 08:00:04] RIMAC Fitness Gym: 0% (Data Unavailable) people=0 capacity=65 is_open=True hour_summary=open
[2026-09-27 08:00:04] Triton Esports Center: 0% (Closed) people=0 capacity=35 is_open=False hour_summary=closed
[2026-09-27 08:00:04] === SCRAPE END OK ===
[2026-09-27 08:15:01] === SCRAPE START ===
[2026-09-27 08:15:01] Fetching https://waitz.io/live/ucsd-rec
[2026-09-27 08:15:02] Saved 4 rows to ucsd_occupancy_history.csv
[2026-09-27 08:15:02] Main Gym Fitness Gym: 3% (Not Busy) people=2 capacity=72 is_open=True hour_summary=open
[2026-09-27 08:15:02] Outback Climbing Center: 20% (Closed) people=6 capacity=30 is_open=False hour_summary=Closed until 2:00pm
[2026-09-27 08:15:02] RIMAC Fitness Gym: 35% (Not Busy) people=23 capacity=65 is_open=True hour_summary=open
[2026-09-27 08:15:02] Triton Esports Center: 0% (Closed) people=0 capacity=35 is_open=False hour_summary=closed
[2026-09-27 08:15:02] === SCRAPE END OK ===
[2026-09-27 08:30:01] === SCRAPE START ===
[2026-09-27 08:30:01] Fetching https://waitz.io/live/ucsd-rec
[2026-09-27 08:30:03] Saved 4 rows to ucsd_occupancy_history.csv
[2026-09-27 08:30:03] Main Gym Fitness Gym: 17% (Not Busy) people=12 capacity=72 is_open=True hour_summary=open
[2026-09-27 08:30:03] Outback Climbing Center: 30% (Closed) people=9 capacity=30 is_open=False hour_summary=Closed until 2:00pm
[2026-09-27 08:30:03] RIMAC Fitness Gym: 66% (Busy) people=43 capacity=65 is_open=True hour_summary=open
[2026-09-27 08:30:03] Triton Esports Center: 0% (Closed) people=0 capacity=35 is_open=False hour_summary=closed
[2026-09-27 08:30:03] === SCRAPE END OK ===
[2026-09-27 08:45:01] === SCRAPE START ===
[2026-09-27 08:45:01] Fetching https://waitz.io/live/ucsd-rec
[2026-09-27 08:45:02] Saved 4 rows to ucsd_occupancy_history.csv
[2026-09-27 08:45:02] Main Gym Fitness Gym: 24% (Not Busy) people=17 capacity=72 is_open=True hour_summary=open
[2026-09-27 08:45:02] Outback Climbing Center: 20% (Closed) people=6 capacity=30 is_open=False hour_summary=Closed until 2:00pm
[2026-09-27 08:45:02] RIMAC Fitness Gym: 78% (Busy) people=51 capacity=65 is_open=True hour_summary=open
[2026-09-27 08:45:02] Triton Esports Center: 0% (Closed) people=0 capacity=35 is_open=False hour_summary=closed
[2026-09-27 08:45:02] === SCRAPE END OK ===
[2026-09-27 09:00:01] === SCRAPE START ===
[2026-09-27 09:00:01] Fetching https://waitz.io/live/ucsd-rec
[2026-09-27 09:00:03] Saved 4 rows to ucsd_occupancy_history.csv
[2026-09-27 09:00:03] Main Gym Fitness Gym: 24% (Not Busy) people=17 capacity=72 is_open=True hour_summary=open
[2026-09-27 09:00:03] Outback Climbing Center: 23% (Closed) people=7 capacity=30 is_open=False hour_summary=Closed until 2:00pm
[2026-09-27 09:00:03] RIMAC Fitness Gym: 63% (Busy) people=41 capacity=65 is_open=True hour_summary=open
[2026-09-27 09:00:03] Triton Esports Center: 0% (Closed) people=0 capacity=35 is_open=False hour_summary=closed
[2026-09-27 09:00:03] === SCRAPE END OK ===
[2026-09-27 09:15:01] === SCRAPE START ===
[2026-09-27 09:15:01] Fetching https://waitz.io/live/ucsd-rec
[2026-09-27 09:15:02] Saved 4 rows to ucsd_occupancy_history.csv
[2026-09-27 09:15:02] Main Gym Fitness Gym: 14% (Not Busy) people=10 capacity=72 is_open=True hour_summary=open
[2026-09-27 09:15:02] Outback Climbing Center: 23% (Closed) people=7 capacity=30 is_open=False hour_summary=Closed until 2:00pm
[2026-09-27 09:15:02] RIMAC Fitness Gym: 68% (Busy) people=44 capacity=65 is_open=True hour_summary=open
[2026-09-27 09:15:02] Triton Esports Center: 0% (Closed) people=0 capacity=35 is_open=False hour_summary=closed
[2026-09-27 09:15:02] === SCRAPE END OK ===
