[2026-10-02 00:00:01] === SCRAPE START ===
[2026-10-02 00:00:01] Fetching https://waitz.io/live/ucsd-rec
[2026-10-02 00:00:03] Saved 4 rows to ucsd_occupancy_history.csv
[2026-10-02 00:00:03] Main Gym Fitness Gym: 4% (Closed) people=3 capacity=72 is_open=False hour_summary=Closed until 6:00am
[2026-10-02 00:00:03] Outback Climbing Center: 3% (Closed) people=1 capacity=30 is_open=False hour_summary=Closed until 2:00pm
[2026-10-02 00:00:03] RIMAC Fitness Gym: 0% (Closed) people=0 capacity=65 is_open=False hour_summary=Closed until 6:00am
[2026-10-02 00:00:03] Triton Esports Center: 0% (Closed) people=0 capacity=35 is_open=False hour_summary=closed
[2026-10-02 00:00:03] === SCRAPE END OK ===
[2026-10-02 00:15:02] === SCRAPE START ===
[2026-10-02 00:15:02] Fetching https://waitz.io/live/ucsd-rec
[2026-10-02 00:15:03] Saved 4 rows to ucsd_occupancy_history.csv
[2026-10-02 00:15:03] Main Gym Fitness Gym: 8% (Closed) people=6 capacity=72 is_open=False hour_summary=Closed until 6:00am
[2026-10-02 00:15:03] Outback Climbing Center: 7% (Closed) people=2 capacity=30 is_open=False hour_summary=Closed until 2:00pm
[2026-10-02 00:15:03] RIMAC Fitness Gym: 0% (Closed) people=0 capacity=65 is_open=False hour_summary=Closed until 6:00am
[2026-10-02 00:15:03] Triton Esports Center: 0% (Closed) people=0 capacity=35 is_open=False hour_summary=closed
[2026-10-02 00:15:03] === SCRAPE END OK ===
[2026-10-02 00:30:02] === SCRAPE START ===
[2026-10-02 00:30:02] Fetching https://waitz.io/live/ucsd-rec
[2026-10-02 00:30:04] Saved 4 rows to ucsd_occupancy_history.csv
[2026-10-02 00:30:04] Main Gym Fitness Gym: 3% (Closed) people=2 capacity=72 is_open=False hour_summary=Closed until 6:00am
[2026-10-02 00:30:04] Outback Climbing Center: 3% (Closed) people=1 capacity=30 is_open=False hour_summary=Closed until 2:00pm
[2026-10-02 00:30:04] RIMAC Fitness Gym: 0% (Closed) people=0 capacity=65 is_open=False hour_summary=Closed until 6:00am
[2026-10-02 00:30:04] Triton Esports Center: 0% (Closed) people=0 capacity=35 is_open=False hour_summary=closed
[2026-10-02 00:30:04] === SCRAPE END OK ===
[2026-10-02 00:45:02] === SCRAPE START ===
[2026-10-02 00:45:02] Fetching https://waitz.io/live/ucsd-rec
[2026-10-02 00:45:03] Saved 4 rows to ucsd_occupancy_history.csv
[2026-10-02 00:45:03] Main Gym Fitness Gym: 7% (Closed) people=5 capacity=72 is_open=False hour_summary=Closed until 6:00am
[2026-10-02 00:45:03] Outback Climbing Center: 10% (Closed) people=3 capacity=30 is_open=False hour_summary=Closed until 2:00pm
[2026-10-02 00:45:03] RIMAC Fitness Gym: 0% (Closed) people=0 capacity=65 is_open=False hour_summary=Closed until 6:00am
[2026-10-02 00:45:03] Triton Esports Center: 0% (Closed) people=0 capacity=35 is_open=False hour_summary=closed
[2026-10-02 00:45:03] === SCRAPE END OK ===
[2026-10-02 01:00:02] === SCRAPE START ===
[2026-10-02 01:00:02] Fetching https://waitz.io/live/ucsd-rec
[2026-10-02 01:00:04] Saved 4 rows to ucsd_occupancy_history.csv
[2026-10-02 01:00:04] Main Gym Fitness Gym: 10% (Closed) people=7 capacity=72 is_open=False hour_summary=Closed until 6:00am
[2026-10-02 01:00:04] Outback Climbing Center: 7% (Closed) people=2 capacity=30 is_open=False hour_summary=Closed until 2:00pm
[2026-10-02 01:00:04] RIMAC Fitness Gym: 0% (Closed) people=0 capacity=65 is_open=False hour_summary=Closed until 6:00am
[2026-10-02 01:00:04] Triton Esports Center: 0% (Closed) people=0 capacity=35 is_open=False hour_summary=closed
[2026-10-02 01:00:04] === SCRAPE END OK ===
[2026-10-02 01:15:02] === SCRAPE START ===
[2026-10-02 01:15:02] Fetching https://waitz.io/live/ucsd-rec
[2026-10-02 01:15:03] Saved 4 rows to ucsd_occupancy_history.csv
[2026-10-02 01:15:03] Main Gym Fitness Gym: 10% (Closed) people=7 capacity=72 is_open=False hour_summary=Closed until 6:00am
[2026-10-02 01:15:03] Outback Climbing Center: 3% (Closed) people=1 capacity=30 is_open=False hour_summary=Closed until 2:00pm
[2026-10-02 01:15:03] RIMAC Fitness Gym: 0% (Closed) people=0 capacity=65 is_open=False hour_summary=Closed until 6:00am
[2026-10-02 01:15:03] Triton Esports Center: 0% (Closed) people=0 capacity=35 is_open=False hour_summary=closed
[2026-10-02 01:15:03] === SCRAPE END OK ===
[2026-10-02 01:30:02] === SCRAPE START ===
[2026-10-02 01:30:02] Fetching https://waitz.io/live/ucsd-rec
[2026-10-02 01:30:03] Saved 4 rows to ucsd_occupancy_history.csv
[2026-10-02 01:30:03] Main Gym Fitness Gym: 3% (Closed) people=2 capacity=72 is_open=False hour_summary=Closed until 6:00am
[2026-10-02 01:30:03] Outback Climbing Center: 7% (Closed) people=2 capacity=30 is_open=False hour_summary=Closed until 2:00pm
[2026-10-02 01:30:03] RIMAC Fitness Gym: 0% (Closed) people=0 capacity=65 is_open=False hour_summary=Closed until 6:00am
[2026-10-02 01:30:03] Triton Esports Center: 0% (Closed) people=0 capacity=35 is_open=False hour_summary=closed
[2026-10-02 01:30:03] === SCRAPE END OK ===
[2026-10-02 01:45:02] === SCRAPE START ===
[2026-10-02 01:45:02] Fetching https://waitz.io/live/ucsd-rec
[2026-10-02 01:45:03] Saved 4 rows to ucsd_occupancy_history.csv
[2026-10-02 01:45:03] Main Gym Fitness Gym: 1% (Closed) people=1 capacity=72 is_open=False hour_summary=Closed until 6:00am
[2026-10-02 01:45:03] Outback Climbing Center: 3% (Closed) people=1 capacity=30 is_open=False hour_summary=Closed until 2:00pm
[2026-10-02 01:45:03] RIMAC Fitness Gym: 0% (Closed) people=0 capacity=65 is_open=False hour_summary=Closed until 6:00am
[2026-10-02 01:45:03] Triton Esports Center: 0% (Closed) people=0 capacity=35 is_open=False hour_summary=closed
[2026-10-02 01:45:03] === SCRAPE END OK ===
[2026-10-02 02:00:02] === SCRAPE START ===
[2026-10-02 02:00:02] Fetching https://waitz.io/live/ucsd-rec
[2026-10-02 02:00:04] Saved 4 rows to ucsd_occupancy_history.csv
[2026-10-02 02:00:04] Main Gym Fitness Gym: 3% (Closed) people=2 capacity=72 is_open=False hour_summary=Closed until 6:00am
[2026-10-02 02:00:04] Outback Climbing Center: 7% (Closed) people=2 capacity=30 is_open=False hour_summary=Closed until 2:00pm
[2026-10-02 02:00:04] RIMAC Fitness Gym: 0% (Closed) people=0 capacity=65 is_open=False hour_summary=Closed until 6:00am
[2026-10-02 02:00:04] Triton Esports Center: 0% (Closed) people=0 capacity=35 is_open=False hour_summary=closed
[2026-10-02 02:00:04] === SCRAPE END OK ===
[2026-10-02 02:15:02] === SCRAPE START ===
[2026-10-02 02:15:02] Fetching https://waitz.io/live/ucsd-rec
[2026-10-02 02:15:03] Saved 4 rows to ucsd_occupancy_history.csv
[2026-10-02 02:15:03] Main Gym Fitness Gym: 1% (Closed) people=1 capacity=72 is_open=False hour_summary=Closed until 6:00am
[2026-10-02 02:15:03] Outback Climbing Center: 7% (Closed) people=2 capacity=30 is_open=False hour_summary=Closed until 2:00pm
[2026-10-02 02:15:03] RIMAC Fitness Gym: 0% (Closed) people=0 capacity=65 is_open=False hour_summary=Closed until 6:00am
[2026-10-02 02:15:03] Triton Esports Center: 0% (Closed) people=0 capacity=35 is_open=False hour_summary=closed
[2026-10-02 02:15:03] === SCRAPE END OK ===
[2026-10-02 02:30:02] === SCRAPE START ===
[2026-10-02 02:30:02] Fetching https://waitz.io/live/ucsd-rec
[2026-10-02 02:30:03] Saved 4 rows to ucsd_occupancy_history.csv
[2026-10-02 02:30:03] Main Gym Fitness Gym: 1% (Closed) people=1 capacity=72 is_open=False hour_summary=Closed until 6:00am
[2026-10-02 02:30:03] Outback Climbing Center: 7% (Closed) people=2 capacity=30 is_open=False hour_summary=Closed until 2:00pm
[2026-10-02 02:30:03] RIMAC Fitness Gym: 0% (Closed) people=0 capacity=65 is_open=False hour_summary=Closed until 6:00am
[2026-10-02 02:30:03] Triton Esports Center: 0% (Closed) people=0 capacity=35 is_open=False hour_summary=closed
[2026-10-02 02:30:03] === SCRAPE END OK ===
[2026-10-02 02:45:02] === SCRAPE START ===
[2026-10-02 02:45:02] Fetching https://waitz.io/live/ucsd-rec
[2026-10-02 02:45:03] Saved 4 rows to ucsd_occupancy_history.csv
[2026-10-02 02:45:03] Main Gym Fitness Gym: 1% (Closed) people=1 capacity=72 is_open=False hour_summary=Closed until 6:00am
[2026-10-02 02:45:03] Outback Climbing Center: 7% (Closed) people=2 capacity=30 is_open=False hour_summary=Closed until 2:00pm
[2026-10-02 02:45:03] RIMAC Fitness Gym: 0% (Closed) people=0 capacity=65 is_open=False hour_summary=Closed until 6:00am
[2026-10-02 02:45:03] Triton Esports Center: 0% (Closed) people=0 capacity=35 is_open=False hour_summary=closed
[2026-10-02 02:45:03] === SCRAPE END OK ===
[2026-10-02 03:00:02] === SCRAPE START ===
[2026-10-02 03:00:02] Fetching https://waitz.io/live/ucsd-rec
[2026-10-02 03:00:04] Saved 4 rows to ucsd_occupancy_history.csv
[2026-10-02 03:00:04] Main Gym Fitness Gym: 1% (Closed) people=1 capacity=72 is_open=False hour_summary=Closed until 6:00am
[2026-10-02 03:00:04] Outback Climbing Center: 10% (Closed) people=3 capacity=30 is_open=False hour_summary=Closed until 2:00pm
[2026-10-02 03:00:04] RIMAC Fitness Gym: 0% (Closed) people=0 capacity=65 is_open=False hour_summary=Closed until 6:00am
[2026-10-02 03:00:04] Triton Esports Center: 0% (Closed) people=0 capacity=35 is_open=False hour_summary=closed
[2026-10-02 03:00:04] === SCRAPE END OK ===
[2026-10-02 03:15:02] === SCRAPE START ===
[2026-10-02 03:15:02] Fetching https://waitz.io/live/ucsd-rec
[2026-10-02 03:15:03] Saved 4 rows to ucsd_occupancy_history.csv
[2026-10-02 03:15:03] Main Gym Fitness Gym: 1% (Closed) people=1 capacity=72 is_open=False hour_summary=Closed until 6:00am
[2026-10-02 03:15:03] Outback Climbing Center: 7% (Closed) people=2 capacity=30 is_open=False hour_summary=Closed until 2:00pm
[2026-10-02 03:15:03] RIMAC Fitness Gym: 0% (Closed) people=0 capacity=65 is_open=False hour_summary=Closed until 6:00am
[2026-10-02 03:15:03] Triton Esports Center: 0% (Closed) people=0 capacity=35 is_open=False hour_summary=closed
[2026-10-02 03:15:03] === SCRAPE END OK ===
[2026-10-02 03:30:02] === SCRAPE START ===
[2026-10-02 03:30:02] Fetching https://waitz.io/live/ucsd-rec
[2026-10-02 03:30:03] Saved 4 rows to ucsd_occupancy_history.csv
[2026-10-02 03:30:03] Main Gym Fitness Gym: 1% (Closed) people=1 capacity=72 is_open=False hour_summary=Closed until 6:00am
[2026-10-02 03:30:03] Outback Climbing Center: 7% (Closed) people=2 capacity=30 is_open=False hour_summary=Closed until 2:00pm
[2026-10-02 03:30:03] RIMAC Fitness Gym: 0% (Closed) people=0 capacity=65 is_open=False hour_summary=Closed until 6:00am
[2026-10-02 03:30:03] Triton Esports Center: 0% (Closed) people=0 capacity=35 is_open=False hour_summary=closed
[2026-10-02 03:30:03] === SCRAPE END OK ===
[2026-10-02 03:45:02] === SCRAPE START ===
[2026-10-02 03:45:02] Fetching https://waitz.io/live/ucsd-rec
[2026-10-02 03:45:03] Saved 4 rows to ucsd_occupancy_history.csv
[2026-10-02 03:45:03] Main Gym Fitness Gym: 1% (Closed) people=1 capacity=72 is_open=False hour_summary=Closed until 6:00am
[2026-10-02 03:45:03] Outback Climbing Center: 3% (Closed) people=1 capacity=30 is_open=False hour_summary=Closed until 2:00pm
[2026-10-02 03:45:03] RIMAC Fitness Gym: 0% (Closed) people=0 capacity=65 is_open=False hour_summary=Closed until 6:00am
[2026-10-02 03:45:03] Triton Esports Center: 0% (Closed) people=0 capacity=35 is_open=False hour_summary=closed
[2026-10-02 03:45:03] === SCRAPE END OK ===
[2026-10-02 04:00:02] === SCRAPE START ===
[2026-10-02 04:00:02] Fetching https://waitz.io/live/ucsd-rec
[2026-10-02 04:00:03] Saved 4 rows to ucsd_occupancy_history.csv
[2026-10-02 04:00:03] Main Gym Fitness Gym: 1% (Closed) people=1 capacity=72 is_open=False hour_summary=Closed until 6:00am
[2026-10-02 04:00:03] Outback Climbing Center: 7% (Closed) people=2 capacity=30 is_open=False hour_summary=Closed until 2:00pm
[2026-10-02 04:00:03] RIMAC Fitness Gym: 0% (Closed) people=0 capacity=65 is_open=False hour_summary=Closed until 6:00am
[2026-10-02 04:00:03] Triton Esports Center: 0% (Closed) people=0 capacity=35 is_open=False hour_summary=closed
[2026-10-02 04:00:03] === SCRAPE END OK ===
[2026-10-02 04:15:02] === SCRAPE START ===
[2026-10-02 04:15:02] Fetching https://waitz.io/live/ucsd-rec
[2026-10-02 04:15:03] Saved 4 rows to ucsd_occupancy_history.csv
[2026-10-02 04:15:03] Main Gym Fitness Gym: 1% (Closed) people=1 capacity=72 is_open=False hour_summary=Closed until 6:00am
[2026-10-02 04:15:03] Outback Climbing Center: 7% (Closed) people=2 capacity=30 is_open=False hour_summary=Closed until 2:00pm
[2026-10-02 04:15:03] RIMAC Fitness Gym: 0% (Closed) people=0 capacity=65 is_open=False hour_summary=Closed until 6:00am
[2026-10-02 04:15:03] Triton Esports Center: 0% (Closed) people=0 capacity=35 is_open=False hour_summary=closed
[2026-10-02 04:15:03] === SCRAPE END OK ===
[2026-10-02 04:30:02] === SCRAPE START ===
[2026-10-02 04:30:02] Fetching https://waitz.io/live/ucsd-rec
[2026-10-02 04:30:03] Saved 4 rows to ucsd_occupancy_history.csv
[2026-10-02 04:30:03] Main Gym Fitness Gym: 0% (Closed) people=0 capacity=72 is_open=False hour_summary=Closed until 6:00am
[2026-10-02 04:30:03] Outback Climbing Center: 10% (Closed) people=3 capacity=30 is_open=False hour_summary=Closed until 2:00pm
[2026-10-02 04:30:03] RIMAC Fitness Gym: 0% (Closed) people=0 capacity=65 is_open=False hour_summary=Closed until 6:00am
[2026-10-02 04:30:03] Triton Esports Center: 0% (Closed) people=0 capacity=35 is_open=False hour_summary=closed
[2026-10-02 04:30:03] === SCRAPE END OK ===
[2026-10-02 04:45:02] === SCRAPE START ===
[2026-10-02 04:45:02] Fetching https://waitz.io/live/ucsd-rec
[2026-10-02 04:45:04] Saved 4 rows to ucsd_occupancy_history.csv
[2026-10-02 04:45:04] Main Gym Fitness Gym: 1% (Closed) people=1 capacity=72 is_open=False hour_summary=Closed until 6:00am
[2026-10-02 04:45:04] Outback Climbing Center: 7% (Closed) people=2 capacity=30 is_open=False hour_summary=Closed until 2:00pm
[2026-10-02 04:45:04] RIMAC Fitness Gym: 0% (Closed) people=0 capacity=65 is_open=False hour_summary=Closed until 6:00am
[2026-10-02 04:45:04] Triton Esports Center: 0% (Closed) people=0 capacity=35 is_open=False hour_summary=closed
[2026-10-02 04:45:04] === SCRAPE END OK ===
[2026-10-02 05:00:02] === SCRAPE START ===
[2026-10-02 05:00:02] Fetching https://waitz.io/live/ucsd-rec
[2026-10-02 05:00:03] Saved 4 rows to ucsd_occupancy_history.csv
[2026-10-02 05:00:03] Main Gym Fitness Gym: 1% (Closed) people=1 capacity=72 is_open=False hour_summary=Closed until 6:00am
[2026-10-02 05:00:03] Outback Climbing Center: 13% (Closed) people=4 capacity=30 is_open=False hour_summary=Closed until 2:00pm
[2026-10-02 05:00:03] RIMAC Fitness Gym: 2% (Closed) people=1 capacity=65 is_open=False hour_summary=Closed until 6:00am
[2026-10-02 05:00:03] Triton Esports Center: 0% (Closed) people=0 capacity=35 is_open=False hour_summary=closed
[2026-10-02 05:00:03] === SCRAPE END OK ===
[2026-10-02 05:15:02] === SCRAPE START ===
[2026-10-02 05:15:02] Fetching https://waitz.io/live/ucsd-rec
[2026-10-02 05:15:03] Saved 4 rows to ucsd_occupancy_history.csv
[2026-10-02 05:15:03] Main Gym Fitness Gym: 1% (Closed) people=1 capacity=72 is_open=False hour_summary=Closed until 6:00am
[2026-10-02 05:15:03] Outback Climbing Center: 7% (Closed) people=2 capacity=30 is_open=False hour_summary=Closed until 2:00pm
[2026-10-02 05:15:03] RIMAC Fitness Gym: 0% (Closed) people=0 capacity=65 is_open=False hour_summary=Closed until 6:00am
[2026-10-02 05:15:03] Triton Esports Center: 0% (Closed) people=0 capacity=35 is_open=False hour_summary=closed
[2026-10-02 05:15:03] === SCRAPE END OK ===
[2026-10-02 05:30:02] === SCRAPE START ===
[2026-10-02 05:30:02] Fetching https://waitz.io/live/ucsd-rec
[2026-10-02 05:30:03] Saved 4 rows to ucsd_occupancy_history.csv
[2026-10-02 05:30:03] Main Gym Fitness Gym: 1% (Closed) people=1 capacity=72 is_open=False hour_summary=Closed until 6:00am
[2026-10-02 05:30:03] Outback Climbing Center: 10% (Closed) people=3 capacity=30 is_open=False hour_summary=Closed until 2:00pm
[2026-10-02 05:30:03] RIMAC Fitness Gym: 0% (Closed) people=0 capacity=65 is_open=False hour_summary=Closed until 6:00am
[2026-10-02 05:30:03] Triton Esports Center: 0% (Closed) people=0 capacity=35 is_open=False hour_summary=closed
[2026-10-02 05:30:03] === SCRAPE END OK ===
[2026-10-02 05:45:02] === SCRAPE START ===
[2026-10-02 05:45:02] Fetching https://waitz.io/live/ucsd-rec
[2026-10-02 05:45:03] Saved 4 rows to ucsd_occupancy_history.csv
[2026-10-02 05:45:03] Main Gym Fitness Gym: 1% (Closed) people=1 capacity=72 is_open=False hour_summary=Closed until 6:00am
[2026-10-02 05:45:03] Outback Climbing Center: 7% (Closed) people=2 capacity=30 is_open=False hour_summary=Closed until 2:00pm
[2026-10-02 05:45:03] RIMAC Fitness Gym: 0% (Closed) people=0 capacity=65 is_open=False hour_summary=Closed until 6:00am
[2026-10-02 05:45:03] Triton Esports Center: 0% (Closed) people=0 capacity=35 is_open=False hour_summary=closed
[2026-10-02 05:45:03] === SCRAPE END OK ===
[2026-10-02 06:00:02] === SCRAPE START ===
[2026-10-02 06:00:02] Fetching https://waitz.io/live/ucsd-rec
[2026-10-02 06:00:03] Saved 4 rows to ucsd_occupancy_history.csv
[2026-10-02 06:00:03] Main Gym Fitness Gym: 8% (Not Busy) people=6 capacity=72 is_open=True hour_summary=open
[2026-10-02 06:00:03] Outback Climbing Center: 17% (Closed) people=5 capacity=30 is_open=False hour_summary=Closed until 2:00pm
[2026-10-02 06:00:03] RIMAC Fitness Gym: 2% (Not Busy) people=1 capacity=65 is_open=True hour_summary=open
[2026-10-02 06:00:03] Triton Esports Center: 0% (Closed) people=0 capacity=35 is_open=False hour_summary=closed
[2026-10-02 06:00:03] === SCRAPE END OK ===
[2026-10-02 06:15:02] === SCRAPE START ===
[2026-10-02 06:15:02] Fetching https://waitz.io/live/ucsd-rec
[2026-10-02 06:15:03] Saved 4 rows to ucsd_occupancy_history.csv
[2026-10-02 06:15:03] Main Gym Fitness Gym: 46% (Busy) people=33 capacity=72 is_open=True hour_summary=open
[2026-10-02 06:15:03] Outback Climbing Center: 17% (Closed) people=5 capacity=30 is_open=False hour_summary=Closed until 2:00pm
[2026-10-02 06:15:03] RIMAC Fitness Gym: 52% (Busy) people=34 capacity=65 is_open=True hour_summary=open
[2026-10-02 06:15:03] Triton Esports Center: 0% (Closed) people=0 capacity=35 is_open=False hour_summary=closed
[2026-10-02 06:15:03] === SCRAPE END OK ===
[2026-10-02 06:30:02] === SCRAPE START ===
[2026-10-02 06:30:02] Fetching https://waitz.io/live/ucsd-rec
[2026-10-02 06:30:03] Saved 4 rows to ucsd_occupancy_history.csv
[2026-10-02 06:30:03] Main Gym Fitness Gym: 69% (Busy) people=50 capacity=72 is_open=True hour_summary=open
[2026-10-02 06:30:03] Outback Climbing Center: 13% (Closed) people=4 capacity=30 is_open=False hour_summary=Closed until 2:00pm
[2026-10-02 06:30:03] RIMAC Fitness Gym: 78% (Busy) people=51 capacity=65 is_open=True hour_summary=open
[2026-10-02 06:30:03] Triton Esports Center: 0% (Closed) people=0 capacity=35 is_open=False hour_summary=closed
[2026-10-02 06:30:03] === SCRAPE END OK ===
[2026-10-02 06:45:02] === SCRAPE START ===
[2026-10-02 06:45:02] Fetching https://waitz.io/live/ucsd-rec
[2026-10-02 06:45:03] Saved 4 rows to ucsd_occupancy_history.csv
[2026-10-02 06:45:03] Main Gym Fitness Gym: 83% (Very Active) people=60 capacity=72 is_open=True hour_summary=open
[2026-10-02 06:45:03] Outback Climbing Center: 10% (Closed) people=3 capacity=30 is_open=False hour_summary=Closed until 2:00pm
[2026-10-02 06:45:03] RIMAC Fitness Gym: 99% (Very Active) people=64 capacity=65 is_open=True hour_summary=open
[2026-10-02 06:45:03] Triton Esports Center: 0% (Closed) people=0 capacity=35 is_open=False hour_summary=closed
[2026-10-02 06:45:03] === SCRAPE END OK ===
[2026-10-02 07:00:02] === SCRAPE START ===
[2026-10-02 07:00:02] Fetching https://waitz.io/live/ucsd-rec
[2026-10-02 07:00:04] Saved 4 rows to ucsd_occupancy_history.csv
[2026-10-02 07:00:04] Main Gym Fitness Gym: 83% (Very Active) people=60 capacity=72 is_open=True hour_summary=open
[2026-10-02 07:00:04] Outback Climbing Center: 10% (Closed) people=3 capacity=30 is_open=False hour_summary=Closed until 2:00pm
[2026-10-02 07:00:04] RIMAC Fitness Gym: 86% (Very Active) people=56 capacity=65 is_open=True hour_summary=open
[2026-10-02 07:00:04] Triton Esports Center: 0% (Closed) people=0 capacity=35 is_open=False hour_summary=closed
[2026-10-02 07:00:04] === SCRAPE END OK ===
[2026-10-02 07:15:02] === SCRAPE START ===
[2026-10-02 07:15:02] Fetching https://waitz.io/live/ucsd-rec
[2026-10-02 07:15:03] Saved 4 rows to ucsd_occupancy_history.csv
[2026-10-02 07:15:03] Main Gym Fitness Gym: 86% (Very Active) people=62 capacity=72 is_open=True hour_summary=open
[2026-10-02 07:15:03] Outback Climbing Center: 10% (Closed) people=3 capacity=30 is_open=False hour_summary=Closed until 2:00pm
[2026-10-02 07:15:03] RIMAC Fitness Gym: 92% (Very Active) people=60 capacity=65 is_open=True hour_summary=open
[2026-10-02 07:15:03] Triton Esports Center: 0% (Closed) people=0 capacity=35 is_open=False hour_summary=closed
[2026-10-02 07:15:03] === SCRAPE END OK ===
[2026-10-02 07:30:02] === SCRAPE START ===
[2026-10-02 07:30:02] Fetching https://waitz.io/live/ucsd-rec
[2026-10-02 07:30:03] Saved 4 rows to ucsd_occupancy_history.csv
[2026-10-02 07:30:03] Main Gym Fitness Gym: 99% (Very Active) people=71 capacity=72 is_open=True hour_summary=open
[2026-10-02 07:30:03] Outback Climbing Center: 13% (Closed) people=4 capacity=30 is_open=False hour_summary=Closed until 2:00pm
[2026-10-02 07:30:03] RIMAC Fitness Gym: 99% (Very Active) people=64 capacity=65 is_open=True hour_summary=open
[2026-10-02 07:30:03] Triton Esports Center: 0% (Closed) people=0 capacity=35 is_open=False hour_summary=closed
[2026-10-02 07:30:03] === SCRAPE END OK ===
[2026-10-02 07:45:02] === SCRAPE START ===
[2026-10-02 07:45:02] Fetching https://waitz.io/live/ucsd-rec
[2026-10-02 07:45:03] Saved 4 rows to ucsd_occupancy_history.csv
[2026-10-02 07:45:03] Main Gym Fitness Gym: 99% (Very Active) people=71 capacity=72 is_open=True hour_summary=open
[2026-10-02 07:45:03] Outback Climbing Center: 13% (Closed) people=4 capacity=30 is_open=False hour_summary=Closed until 2:00pm
[2026-10-02 07:45:03] RIMAC Fitness Gym: 95% (Very Active) people=62 capacity=65 is_open=True hour_summary=open
[2026-10-02 07:45:03] Triton Esports Center: 0% (Closed) people=0 capacity=35 is_open=False hour_summary=closed
[2026-10-02 07:45:03] === SCRAPE END OK ===
[2026-10-02 08:00:02] === SCRAPE START ===
[2026-10-02 08:00:02] Fetching https://waitz.io/live/ucsd-rec
[2026-10-02 08:00:04] Saved 4 rows to ucsd_occupancy_history.csv
[2026-10-02 08:00:04] Main Gym Fitness Gym: 99% (Very Active) people=71 capacity=72 is_open=True hour_summary=open
[2026-10-02 08:00:04] Outback Climbing Center: 13% (Closed) people=4 capacity=30 is_open=False hour_summary=Closed until 2:00pm
[2026-10-02 08:00:04] RIMAC Fitness Gym: 99% (Very Active) people=64 capacity=65 is_open=True hour_summary=open
[2026-10-02 08:00:04] Triton Esports Center: 0% (Closed) people=0 capacity=35 is_open=False hour_summary=closed
[2026-10-02 08:00:04] === SCRAPE END OK ===
[2026-10-02 08:15:02] === SCRAPE START ===
[2026-10-02 08:15:02] Fetching https://waitz.io/live/ucsd-rec
[2026-10-02 08:15:04] Saved 4 rows to ucsd_occupancy_history.csv
[2026-10-02 08:15:04] Main Gym Fitness Gym: 99% (Very Active) people=71 capacity=72 is_open=True hour_summary=open
[2026-10-02 08:15:04] Outback Climbing Center: 13% (Closed) people=4 capacity=30 is_open=False hour_summary=Closed until 2:00pm
[2026-10-02 08:15:04] RIMAC Fitness Gym: 99% (Very Active) people=64 capacity=65 is_open=True hour_summary=open
[2026-10-02 08:15:04] Triton Esports Center: 0% (Closed) people=0 capacity=35 is_open=False hour_summary=closed
[2026-10-02 08:15:04] === SCRAPE END OK ===
[2026-10-02 08:30:02] === SCRAPE START ===
[2026-10-02 08:30:02] Fetching https://waitz.io/live/ucsd-rec
[2026-10-02 08:30:03] Saved 4 rows to ucsd_occupancy_history.csv
[2026-10-02 08:30:03] Main Gym Fitness Gym: 99% (Very Active) people=71 capacity=72 is_open=True hour_summary=open
[2026-10-02 08:30:03] Outback Climbing Center: 10% (Closed) people=3 capacity=30 is_open=False hour_summary=Closed until 2:00pm
[2026-10-02 08:30:03] RIMAC Fitness Gym: 85% (Very Active) people=55 capacity=65 is_open=True hour_summary=open
[2026-10-02 08:30:03] Triton Esports Center: 0% (Closed) people=0 capacity=35 is_open=False hour_summary=closed
[2026-10-02 08:30:03] === SCRAPE END OK ===
[2026-10-02 08:45:02] === SCRAPE START ===
[2026-10-02 08:45:02] Fetching https://waitz.io/live/ucsd-rec
[2026-10-02 08:45:03] Saved 4 rows to ucsd_occupancy_history.csv
[2026-10-02 08:45:03] Main Gym Fitness Gym: 99% (Very Active) people=71 capacity=72 is_open=True hour_summary=open
[2026-10-02 08:45:03] Outback Climbing Center: 17% (Closed) people=5 capacity=30 is_open=False hour_summary=Closed until 2:00pm
[2026-10-02 08:45:03] RIMAC Fitness Gym: 99% (Very Active) people=64 capacity=65 is_open=True hour_summary=open
[2026-10-02 08:45:03] Triton Esports Center: 0% (Closed) people=0 capacity=35 is_open=False hour_summary=closed
[2026-10-02 08:45:03] === SCRAPE END OK ===
[2026-10-02 09:00:02] === SCRAPE START ===
[2026-10-02 09:00:02] Fetching https://waitz.io/live/ucsd-rec
[2026-10-02 09:00:03] Saved 4 rows to ucsd_occupancy_history.csv
[2026-10-02 09:00:03] Main Gym Fitness Gym: 99% (Very Active) people=71 capacity=72 is_open=True hour_summary=open
[2026-10-02 09:00:03] Outback Climbing Center: 23% (Closed) people=7 capacity=30 is_open=False hour_summary=Closed until 2:00pm
[2026-10-02 09:00:03] RIMAC Fitness Gym: 91% (Very Active) people=59 capacity=65 is_open=True hour_summary=open
[2026-10-02 09:00:03] Triton Esports Center: 0% (Closed) people=0 capacity=35 is_open=False hour_summary=closed
[2026-10-02 09:00:03] === SCRAPE END OK ===
[2026-10-02 09:15:02] === SCRAPE START ===
[2026-10-02 09:15:02] Fetching https://waitz.io/live/ucsd-rec
[2026-10-02 09:15:03] Saved 4 rows to ucsd_occupancy_history.csv
[2026-10-02 09:15:03] Main Gym Fitness Gym: 99% (Very Active) people=71 capacity=72 is_open=True hour_summary=open
[2026-10-02 09:15:03] Outback Climbing Center: 40% (Closed) people=12 capacity=30 is_open=False hour_summary=Closed until 2:00pm
[2026-10-02 09:15:03] RIMAC Fitness Gym: 97% (Very Active) people=63 capacity=65 is_open=True hour_summary=open
[2026-10-02 09:15:03] Triton Esports Center: 0% (Closed) people=0 capacity=35 is_open=False hour_summary=closed
[2026-10-02 09:15:03] === SCRAPE END OK ===
[2026-10-02 09:30:02] === SCRAPE START ===
[2026-10-02 09:30:02] Fetching https://waitz.io/live/ucsd-rec
[2026-10-02 09:30:03] Saved 4 rows to ucsd_occupancy_history.csv
[2026-10-02 09:30:03] Main Gym Fitness Gym: 99% (Very Active) people=71 capacity=72 is_open=True hour_summary=open
[2026-10-02 09:30:03] Outback Climbing Center: 23% (Closed) people=7 capacity=30 is_open=False hour_summary=Closed until 2:00pm
[2026-10-02 09:30:03] RIMAC Fitness Gym: 99% (Very Active) people=64 capacity=65 is_open=True hour_summary=open
[2026-10-02 09:30:03] Triton Esports Center: 0% (Closed) people=0 capacity=35 is_open=False hour_summary=closed
[2026-10-02 09:30:03] === SCRAPE END OK ===
[2026-10-02 09:45:02] === SCRAPE START ===
[2026-10-02 09:45:02] Fetching https://waitz.io/live/ucsd-rec
[2026-10-02 09:45:03] Saved 4 rows to ucsd_occupancy_history.csv
[2026-10-02 09:45:03] Main Gym Fitness Gym: 99% (Very Active) people=71 capacity=72 is_open=True hour_summary=open
[2026-10-02 09:45:03] Outback Climbing Center: 23% (Closed) people=7 capacity=30 is_open=False hour_summary=Closed until 2:00pm
[2026-10-02 09:45:03] RIMAC Fitness Gym: 99% (Very Active) people=64 capacity=65 is_open=True hour_summary=open
[2026-10-02 09:45:03] Triton Esports Center: 0% (Closed) people=0 capacity=35 is_open=False hour_summary=closed
[2026-10-02 09:45:03] === SCRAPE END OK ===
[2026-10-02 10:00:02] === SCRAPE START ===
[2026-10-02 10:00:02] Fetching https://waitz.io/live/ucsd-rec
[2026-10-02 10:00:04] Saved 4 rows to ucsd_occupancy_history.csv
[2026-10-02 10:00:04] Main Gym Fitness Gym: 99% (Very Active) people=71 capacity=72 is_open=True hour_summary=open
[2026-10-02 10:00:04] Outback Climbing Center: 50% (Closed) people=15 capacity=30 is_open=False hour_summary=Closed until 2:00pm
[2026-10-02 10:00:04] RIMAC Fitness Gym: 99% (Very Active) people=64 capacity=65 is_open=True hour_summary=open
[2026-10-02 10:00:04] Triton Esports Center: 0% (Closed) people=0 capacity=35 is_open=False hour_summary=closed
[2026-10-02 10:00:04] === SCRAPE END OK ===
[2026-10-02 10:15:02] === SCRAPE START ===
[2026-10-02 10:15:02] Fetching https://waitz.io/live/ucsd-rec
[2026-10-02 10:15:03] Saved 4 rows to ucsd_occupancy_history.csv
[2026-10-02 10:15:03] Main Gym Fitness Gym: 99% (Very Active) people=71 capacity=72 is_open=True hour_summary=open
[2026-10-02 10:15:03] Outback Climbing Center: 90% (Closed) people=27 capacity=30 is_open=False hour_summary=Closed until 2:00pm
[2026-10-02 10:15:03] RIMAC Fitness Gym: 99% (Very Active) people=64 capacity=65 is_open=True hour_summary=open
[2026-10-02 10:15:03] Triton Esports Center: 0% (Closed) people=0 capacity=35 is_open=False hour_summary=closed
[2026-10-02 10:15:03] === SCRAPE END OK ===
[2026-10-02 10:30:02] === SCRAPE START ===
[2026-10-02 10:30:02] Fetching https://waitz.io/live/ucsd-rec
[2026-10-02 10:30:03] Saved 4 rows to ucsd_occupancy_history.csv
[2026-10-02 10:30:03] Main Gym Fitness Gym: 99% (Very Active) people=71 capacity=72 is_open=True hour_summary=open
[2026-10-02 10:30:03] Outback Climbing Center: 90% (Closed) people=27 capacity=30 is_open=False hour_summary=Closed until 2:00pm
[2026-10-02 10:30:03] RIMAC Fitness Gym: 99% (Very Active) people=64 capacity=65 is_open=True hour_summary=open
[2026-10-02 10:30:03] Triton Esports Center: 0% (Closed) people=0 capacity=35 is_open=False hour_summary=closed
[2026-10-02 10:30:03] === SCRAPE END OK ===
[2026-10-02 10:45:02] === SCRAPE START ===
[2026-10-02 10:45:02] Fetching https://waitz.io/live/ucsd-rec
[2026-10-02 10:45:03] Saved 4 rows to ucsd_occupancy_history.csv
[2026-10-02 10:45:03] Main Gym Fitness Gym: 99% (Very Active) people=71 capacity=72 is_open=True hour_summary=open
[2026-10-02 10:45:03] Outback Climbing Center: 99% (Closed) people=30 capacity=30 is_open=False hour_summary=Closed until 2:00pm
[2026-10-02 10:45:03] RIMAC Fitness Gym: 99% (Very Active) people=64 capacity=65 is_open=True hour_summary=open
[2026-10-02 10:45:03] Triton Esports Center: 0% (Closed) people=0 capacity=35 is_open=False hour_summary=closed
[2026-10-02 10:45:03] === SCRAPE END OK ===
[2026-10-02 11:00:02] === SCRAPE START ===
[2026-10-02 11:00:02] Fetching https://waitz.io/live/ucsd-rec
[2026-10-02 11:00:04] Saved 4 rows to ucsd_occupancy_history.csv
[2026-10-02 11:00:04] Main Gym Fitness Gym: 99% (Very Active) people=71 capacity=72 is_open=True hour_summary=open
[2026-10-02 11:00:04] Outback Climbing Center: 99% (Closed) people=30 capacity=30 is_open=False hour_summary=Closed until 2:00pm
[2026-10-02 11:00:04] RIMAC Fitness Gym: 99% (Very Active) people=64 capacity=65 is_open=True hour_summary=open
[2026-10-02 11:00:04] Triton Esports Center: 0% (Closed) people=0 capacity=35 is_open=False hour_summary=closed
[2026-10-02 11:00:04] === SCRAPE END OK ===
[2026-10-02 11:15:02] === SCRAPE START ===
[2026-10-02 11:15:02] Fetching https://waitz.io/live/ucsd-rec
[2026-10-02 11:15:03] Saved 4 rows to ucsd_occupancy_history.csv
[2026-10-02 11:15:03] Main Gym Fitness Gym: 99% (Very Active) people=71 capacity=72 is_open=True hour_summary=open
[2026-10-02 11:15:03] Outback Climbing Center: 99% (Closed) people=30 capacity=30 is_open=False hour_summary=Closed until 2:00pm
[2026-10-02 11:15:03] RIMAC Fitness Gym: 99% (Very Active) people=64 capacity=65 is_open=True hour_summary=open
[2026-10-02 11:15:03] Triton Esports Center: 0% (Closed) people=0 capacity=35 is_open=False hour_summary=closed
[2026-10-02 11:15:03] === SCRAPE END OK ===
[2026-10-02 11:30:02] === SCRAPE START ===
[2026-10-02 11:30:02] Fetching https://waitz.io/live/ucsd-rec
[2026-10-02 11:30:04] Saved 4 rows to ucsd_occupancy_history.csv
[2026-10-02 11:30:04] Main Gym Fitness Gym: 99% (Very Active) people=71 capacity=72 is_open=True hour_summary=open
[2026-10-02 11:30:04] Outback Climbing Center: 99% (Closed) people=30 capacity=30 is_open=False hour_summary=Closed until 2:00pm
[2026-10-02 11:30:04] RIMAC Fitness Gym: 99% (Very Active) people=64 capacity=65 is_open=True hour_summary=open
[2026-10-02 11:30:04] Triton Esports Center: 0% (Closed) people=0 capacity=35 is_open=False hour_summary=closed
[2026-10-02 11:30:04] === SCRAPE END OK ===
[2026-10-02 11:45:03] === SCRAPE START ===
[2026-10-02 11:45:03] Fetching https://waitz.io/live/ucsd-rec
[2026-10-02 11:45:04] Saved 4 rows to ucsd_occupancy_history.csv
[2026-10-02 11:45:04] Main Gym Fitness Gym: 99% (Very Active) people=71 capacity=72 is_open=True hour_summary=open
[2026-10-02 11:45:04] Outback Climbing Center: 99% (Closed) people=30 capacity=30 is_open=False hour_summary=Closed until 2:00pm
[2026-10-02 11:45:04] RIMAC Fitness Gym: 94% (Very Active) people=61 capacity=65 is_open=True hour_summary=open
[2026-10-02 11:45:04] Triton Esports Center: 0% (Closed) people=0 capacity=35 is_open=False hour_summary=closed
[2026-10-02 11:45:04] === SCRAPE END OK ===
[2026-10-02 12:00:02] === SCRAPE START ===
[2026-10-02 12:00:02] Fetching https://waitz.io/live/ucsd-rec
[2026-10-02 12:00:04] Saved 4 rows to ucsd_occupancy_history.csv
[2026-10-02 12:00:04] Main Gym Fitness Gym: 99% (Very Active) people=71 capacity=72 is_open=True hour_summary=open
[2026-10-02 12:00:04] Outback Climbing Center: 87% (Closed) people=26 capacity=30 is_open=False hour_summary=Closed until 2:00pm
[2026-10-02 12:00:04] RIMAC Fitness Gym: 99% (Very Active) people=64 capacity=65 is_open=True hour_summary=open
[2026-10-02 12:00:04] Triton Esports Center: 0% (Closed) people=0 capacity=35 is_open=False hour_summary=closed
[2026-10-02 12:00:04] === SCRAPE END OK ===
[2026-10-02 12:15:02] === SCRAPE START ===
[2026-10-02 12:15:02] Fetching https://waitz.io/live/ucsd-rec
[2026-10-02 12:15:03] Saved 4 rows to ucsd_occupancy_history.csv
[2026-10-02 12:15:03] Main Gym Fitness Gym: 99% (Very Active) people=71 capacity=72 is_open=True hour_summary=open
[2026-10-02 12:15:03] Outback Climbing Center: 99% (Closed) people=30 capacity=30 is_open=False hour_summary=Closed until 2:00pm
[2026-10-02 12:15:03] RIMAC Fitness Gym: 99% (Very Active) people=64 capacity=65 is_open=True hour_summary=open
[2026-10-02 12:15:03] Triton Esports Center: 0% (Closed) people=0 capacity=35 is_open=False hour_summary=closed
[2026-10-02 12:15:03] === SCRAPE END OK ===
[2026-10-02 12:30:02] === SCRAPE START ===
[2026-10-02 12:30:02] Fetching https://waitz.io/live/ucsd-rec
[2026-10-02 12:30:03] Saved 4 rows to ucsd_occupancy_history.csv
[2026-10-02 12:30:03] Main Gym Fitness Gym: 99% (Very Active) people=71 capacity=72 is_open=True hour_summary=open
[2026-10-02 12:30:03] Outback Climbing Center: 77% (Closed) people=23 capacity=30 is_open=False hour_summary=Closed until 2:00pm
[2026-10-02 12:30:03] RIMAC Fitness Gym: 99% (Very Active) people=64 capacity=65 is_open=True hour_summary=open
[2026-10-02 12:30:03] Triton Esports Center: 0% (Closed) people=0 capacity=35 is_open=False hour_summary=closed
[2026-10-02 12:30:03] === SCRAPE END OK ===
[2026-10-02 12:45:02] === SCRAPE START ===
[2026-10-02 12:45:02] Fetching https://waitz.io/live/ucsd-rec
[2026-10-02 12:45:03] Saved 4 rows to ucsd_occupancy_history.csv
[2026-10-02 12:45:03] Main Gym Fitness Gym: 99% (Very Active) people=71 capacity=72 is_open=True hour_summary=open
[2026-10-02 12:45:03] Outback Climbing Center: 99% (Closed) people=30 capacity=30 is_open=False hour_summary=Closed until 2:00pm
[2026-10-02 12:45:03] RIMAC Fitness Gym: 99% (Very Active) people=64 capacity=65 is_open=True hour_summary=open
[2026-10-02 12:45:03] Triton Esports Center: 0% (Closed) people=0 capacity=35 is_open=False hour_summary=closed
[2026-10-02 12:45:03] === SCRAPE END OK ===
[2026-10-02 13:00:02] === SCRAPE START ===
[2026-10-02 13:00:02] Fetching https://waitz.io/live/ucsd-rec
[2026-10-02 13:00:03] Saved 4 rows to ucsd_occupancy_history.csv
[2026-10-02 13:00:03] Main Gym Fitness Gym: 99% (Very Active) people=71 capacity=72 is_open=True hour_summary=open
[2026-10-02 13:00:03] Outback Climbing Center: 99% (Closed) people=30 capacity=30 is_open=False hour_summary=Closed until 2:00pm
[2026-10-02 13:00:03] RIMAC Fitness Gym: 99% (Very Active) people=64 capacity=65 is_open=True hour_summary=open
[2026-10-02 13:00:03] Triton Esports Center: 0% (Closed) people=0 capacity=35 is_open=False hour_summary=closed
[2026-10-02 13:00:03] === SCRAPE END OK ===
[2026-10-02 13:15:02] === SCRAPE START ===
[2026-10-02 13:15:02] Fetching https://waitz.io/live/ucsd-rec
[2026-10-02 13:15:03] Saved 4 rows to ucsd_occupancy_history.csv
[2026-10-02 13:15:03] Main Gym Fitness Gym: 99% (Very Active) people=71 capacity=72 is_open=True hour_summary=open
[2026-10-02 13:15:03] Outback Climbing Center: 99% (Closed) people=30 capacity=30 is_open=False hour_summary=Closed until 2:00pm
[2026-10-02 13:15:03] RIMAC Fitness Gym: 99% (Very Active) people=64 capacity=65 is_open=True hour_summary=open
[2026-10-02 13:15:03] Triton Esports Center: 40% (Closed) people=14 capacity=35 is_open=False hour_summary=closed
[2026-10-02 13:15:03] === SCRAPE END OK ===
[2026-10-02 13:30:02] === SCRAPE START ===
[2026-10-02 13:30:02] Fetching https://waitz.io/live/ucsd-rec
[2026-10-02 13:30:03] Saved 4 rows to ucsd_occupancy_history.csv
[2026-10-02 13:30:03] Main Gym Fitness Gym: 99% (Very Active) people=71 capacity=72 is_open=True hour_summary=open
[2026-10-02 13:30:03] Outback Climbing Center: 99% (Closed) people=30 capacity=30 is_open=False hour_summary=Closed until 2:00pm
[2026-10-02 13:30:03] RIMAC Fitness Gym: 94% (Very Active) people=61 capacity=65 is_open=True hour_summary=open
[2026-10-02 13:30:03] Triton Esports Center: 46% (Closed) people=16 capacity=35 is_open=False hour_summary=closed
[2026-10-02 13:30:03] === SCRAPE END OK ===
[2026-10-02 13:45:02] === SCRAPE START ===
[2026-10-02 13:45:02] Fetching https://waitz.io/live/ucsd-rec
[2026-10-02 13:45:03] Saved 4 rows to ucsd_occupancy_history.csv
[2026-10-02 13:45:03] Main Gym Fitness Gym: 99% (Very Active) people=71 capacity=72 is_open=True hour_summary=open
[2026-10-02 13:45:03] Outback Climbing Center: 99% (Closed) people=30 capacity=30 is_open=False hour_summary=Closed until 2:00pm
[2026-10-02 13:45:03] RIMAC Fitness Gym: 94% (Very Active) people=61 capacity=65 is_open=True hour_summary=open
[2026-10-02 13:45:03] Triton Esports Center: 57% (Closed) people=20 capacity=35 is_open=False hour_summary=closed
[2026-10-02 13:45:03] === SCRAPE END OK ===
[2026-10-02 14:00:02] === SCRAPE START ===
[2026-10-02 14:00:02] Fetching https://waitz.io/live/ucsd-rec
[2026-10-02 14:00:03] Saved 4 rows to ucsd_occupancy_history.csv
[2026-10-02 14:00:03] Main Gym Fitness Gym: 99% (Very Active) people=71 capacity=72 is_open=True hour_summary=open
[2026-10-02 14:00:03] Outback Climbing Center: 99% (Very Active) people=30 capacity=30 is_open=True hour_summary=open
[2026-10-02 14:00:03] RIMAC Fitness Gym: 99% (Very Active) people=64 capacity=65 is_open=True hour_summary=open
[2026-10-02 14:00:03] Triton Esports Center: 57% (Closed) people=20 capacity=35 is_open=False hour_summary=closed
[2026-10-02 14:00:03] === SCRAPE END OK ===
[2026-10-02 14:15:02] === SCRAPE START ===
[2026-10-02 14:15:02] Fetching https://waitz.io/live/ucsd-rec
[2026-10-02 14:15:03] Saved 4 rows to ucsd_occupancy_history.csv
[2026-10-02 14:15:03] Main Gym Fitness Gym: 46% (Busy) people=33 capacity=72 is_open=True hour_summary=open
[2026-10-02 14:15:03] Outback Climbing Center: 99% (Very Active) people=30 capacity=30 is_open=True hour_summary=open
[2026-10-02 14:15:03] RIMAC Fitness Gym: 99% (Very Active) people=64 capacity=65 is_open=True hour_summary=open
[2026-10-02 14:15:03] Triton Esports Center: 60% (Closed) people=21 capacity=35 is_open=False hour_summary=closed
[2026-10-02 14:15:03] === SCRAPE END OK ===
[2026-10-02 14:30:02] === SCRAPE START ===
[2026-10-02 14:30:02] Fetching https://waitz.io/live/ucsd-rec
[2026-10-02 14:30:03] Saved 4 rows to ucsd_occupancy_history.csv
[2026-10-02 14:30:03] Main Gym Fitness Gym: 31% (Not Busy) people=22 capacity=72 is_open=True hour_summary=open
[2026-10-02 14:30:03] Outback Climbing Center: 99% (Very Active) people=30 capacity=30 is_open=True hour_summary=open
[2026-10-02 14:30:03] RIMAC Fitness Gym: 99% (Very Active) people=64 capacity=65 is_open=True hour_summary=open
[2026-10-02 14:30:03] Triton Esports Center: 80% (Closed) people=28 capacity=35 is_open=False hour_summary=closed
[2026-10-02 14:30:03] === SCRAPE END OK ===
[2026-10-02 14:45:02] === SCRAPE START ===
[2026-10-02 14:45:02] Fetching https://waitz.io/live/ucsd-rec
[2026-10-02 14:45:03] Saved 4 rows to ucsd_occupancy_history.csv
[2026-10-02 14:45:03] Main Gym Fitness Gym: 51% (Busy) people=37 capacity=72 is_open=True hour_summary=open
[2026-10-02 14:45:03] Outback Climbing Center: 99% (Very Active) people=30 capacity=30 is_open=True hour_summary=open
[2026-10-02 14:45:03] RIMAC Fitness Gym: 99% (Very Active) people=64 capacity=65 is_open=True hour_summary=open
[2026-10-02 14:45:03] Triton Esports Center: 77% (Closed) people=27 capacity=35 is_open=False hour_summary=closed
[2026-10-02 14:45:03] === SCRAPE END OK ===
[2026-10-02 15:00:02] === SCRAPE START ===
[2026-10-02 15:00:02] Fetching https://waitz.io/live/ucsd-rec
[2026-10-02 15:00:03] Saved 4 rows to ucsd_occupancy_history.csv
[2026-10-02 15:00:03] Main Gym Fitness Gym: 72% (Busy) people=52 capacity=72 is_open=True hour_summary=open
[2026-10-02 15:00:03] Outback Climbing Center: 99% (Very Active) people=30 capacity=30 is_open=True hour_summary=open
[2026-10-02 15:00:03] RIMAC Fitness Gym: 99% (Very Active) people=64 capacity=65 is_open=True hour_summary=open
[2026-10-02 15:00:03] Triton Esports Center: 80% (Closed) people=28 capacity=35 is_open=False hour_summary=closed
[2026-10-02 15:00:03] === SCRAPE END OK ===
[2026-10-02 15:15:02] === SCRAPE START ===
[2026-10-02 15:15:02] Fetching https://waitz.io/live/ucsd-rec
[2026-10-02 15:15:03] Saved 4 rows to ucsd_occupancy_history.csv
[2026-10-02 15:15:03] Main Gym Fitness Gym: 53% (Busy) people=38 capacity=72 is_open=True hour_summary=open
[2026-10-02 15:15:03] Outback Climbing Center: 99% (Very Active) people=30 capacity=30 is_open=True hour_summary=open
[2026-10-02 15:15:03] RIMAC Fitness Gym: 99% (Very Active) people=64 capacity=65 is_open=True hour_summary=open
[2026-10-02 15:15:03] Triton Esports Center: 74% (Closed) people=26 capacity=35 is_open=False hour_summary=closed
[2026-10-02 15:15:03] === SCRAPE END OK ===
[2026-10-02 15:30:02] === SCRAPE START ===
[2026-10-02 15:30:02] Fetching https://waitz.io/live/ucsd-rec
[2026-10-02 15:30:04] Saved 4 rows to ucsd_occupancy_history.csv
[2026-10-02 15:30:04] Main Gym Fitness Gym: 29% (Not Busy) people=21 capacity=72 is_open=True hour_summary=open
[2026-10-02 15:30:04] Outback Climbing Center: 99% (Very Active) people=30 capacity=30 is_open=True hour_summary=open
[2026-10-02 15:30:04] RIMAC Fitness Gym: 99% (Very Active) people=64 capacity=65 is_open=True hour_summary=open
[2026-10-02 15:30:04] Triton Esports Center: 77% (Closed) people=27 capacity=35 is_open=False hour_summary=closed
[2026-10-02 15:30:04] === SCRAPE END OK ===
[2026-10-02 15:45:02] === SCRAPE START ===
[2026-10-02 15:45:02] Fetching https://waitz.io/live/ucsd-rec
[2026-10-02 15:45:03] Saved 4 rows to ucsd_occupancy_history.csv
[2026-10-02 15:45:03] Main Gym Fitness Gym: 40% (Not Busy) people=29 capacity=72 is_open=True hour_summary=open
[2026-10-02 15:45:03] Outback Climbing Center: 99% (Very Active) people=30 capacity=30 is_open=True hour_summary=open
[2026-10-02 15:45:03] RIMAC Fitness Gym: 99% (Very Active) people=64 capacity=65 is_open=True hour_summary=open
[2026-10-02 15:45:03] Triton Esports Center: 71% (Closed) people=25 capacity=35 is_open=False hour_summary=closed
[2026-10-02 15:45:03] === SCRAPE END OK ===
[2026-10-02 16:00:02] === SCRAPE START ===
[2026-10-02 16:00:02] Fetching https://waitz.io/live/ucsd-rec
[2026-10-02 16:00:04] Saved 4 rows to ucsd_occupancy_history.csv
[2026-10-02 16:00:04] Main Gym Fitness Gym: 65% (Busy) people=47 capacity=72 is_open=True hour_summary=open
[2026-10-02 16:00:04] Outback Climbing Center: 99% (Very Active) people=30 capacity=30 is_open=True hour_summary=open
[2026-10-02 16:00:04] RIMAC Fitness Gym: 99% (Very Active) people=64 capacity=65 is_open=True hour_summary=open
[2026-10-02 16:00:04] Triton Esports Center: 69% (Closed) people=24 capacity=35 is_open=False hour_summary=closed
[2026-10-02 16:00:04] === SCRAPE END OK ===
[2026-10-02 16:15:02] === SCRAPE START ===
[2026-10-02 16:15:02] Fetching https://waitz.io/live/ucsd-rec
[2026-10-02 16:15:03] Saved 4 rows to ucsd_occupancy_history.csv
[2026-10-02 16:15:03] Main Gym Fitness Gym: 39% (Not Busy) people=28 capacity=72 is_open=True hour_summary=open
[2026-10-02 16:15:03] Outback Climbing Center: 99% (Very Active) people=30 capacity=30 is_open=True hour_summary=open
[2026-10-02 16:15:03] RIMAC Fitness Gym: 99% (Very Active) people=64 capacity=65 is_open=True hour_summary=open
[2026-10-02 16:15:03] Triton Esports Center: 66% (Closed) people=23 capacity=35 is_open=False hour_summary=closed
[2026-10-02 16:15:03] === SCRAPE END OK ===
[2026-10-02 16:30:02] === SCRAPE START ===
[2026-10-02 16:30:02] Fetching https://waitz.io/live/ucsd-rec
[2026-10-02 16:30:03] Saved 4 rows to ucsd_occupancy_history.csv
[2026-10-02 16:30:03] Main Gym Fitness Gym: 99% (Very Active) people=71 capacity=72 is_open=True hour_summary=open
[2026-10-02 16:30:03] Outback Climbing Center: 99% (Very Active) people=30 capacity=30 is_open=True hour_summary=open
[2026-10-02 16:30:03] RIMAC Fitness Gym: 99% (Very Active) people=64 capacity=65 is_open=True hour_summary=open
[2026-10-02 16:30:03] Triton Esports Center: 60% (Closed) people=21 capacity=35 is_open=False hour_summary=closed
[2026-10-02 16:30:03] === SCRAPE END OK ===
[2026-10-02 16:45:02] === SCRAPE START ===
[2026-10-02 16:45:02] Fetching https://waitz.io/live/ucsd-rec
[2026-10-02 16:45:03] Saved 4 rows to ucsd_occupancy_history.csv
[2026-10-02 16:45:03] Main Gym Fitness Gym: 39% (Not Busy) people=28 capacity=72 is_open=True hour_summary=open
[2026-10-02 16:45:03] Outback Climbing Center: 99% (Very Active) people=30 capacity=30 is_open=True hour_summary=open
[2026-10-02 16:45:03] RIMAC Fitness Gym: 99% (Very Active) people=64 capacity=65 is_open=True hour_summary=open
[2026-10-02 16:45:03] Triton Esports Center: 51% (Closed) people=18 capacity=35 is_open=False hour_summary=closed
[2026-10-02 16:45:03] === SCRAPE END OK ===
[2026-10-02 17:00:02] === SCRAPE START ===
[2026-10-02 17:00:02] Fetching https://waitz.io/live/ucsd-rec
[2026-10-02 17:00:04] Saved 4 rows to ucsd_occupancy_history.csv
[2026-10-02 17:00:04] Main Gym Fitness Gym: 46% (Busy) people=33 capacity=72 is_open=True hour_summary=open
[2026-10-02 17:00:04] Outback Climbing Center: 99% (Very Active) people=30 capacity=30 is_open=True hour_summary=open
[2026-10-02 17:00:04] RIMAC Fitness Gym: 88% (Very Active) people=57 capacity=65 is_open=True hour_summary=open
[2026-10-02 17:00:04] Triton Esports Center: 57% (Closed) people=20 capacity=35 is_open=False hour_summary=closed
[2026-10-02 17:00:04] === SCRAPE END OK ===
[2026-10-02 17:15:02] === SCRAPE START ===
[2026-10-02 17:15:02] Fetching https://waitz.io/live/ucsd-rec
[2026-10-02 17:15:03] Saved 4 rows to ucsd_occupancy_history.csv
[2026-10-02 17:15:03] Main Gym Fitness Gym: 28% (Not Busy) people=20 capacity=72 is_open=True hour_summary=open
[2026-10-02 17:15:03] Outback Climbing Center: 99% (Very Active) people=30 capacity=30 is_open=True hour_summary=open
[2026-10-02 17:15:03] RIMAC Fitness Gym: 99% (Very Active) people=64 capacity=65 is_open=True hour_summary=open
[2026-10-02 17:15:03] Triton Esports Center: 49% (Closed) people=17 capacity=35 is_open=False hour_summary=closed
[2026-10-02 17:15:03] === SCRAPE END OK ===
[2026-10-02 17:30:02] === SCRAPE START ===
[2026-10-02 17:30:02] Fetching https://waitz.io/live/ucsd-rec
[2026-10-02 17:30:03] Saved 4 rows to ucsd_occupancy_history.csv
[2026-10-02 17:30:03] Main Gym Fitness Gym: 32% (Not Busy) people=23 capacity=72 is_open=True hour_summary=open
[2026-10-02 17:30:03] Outback Climbing Center: 99% (Very Active) people=30 capacity=30 is_open=True hour_summary=open
[2026-10-02 17:30:03] RIMAC Fitness Gym: 99% (Very Active) people=64 capacity=65 is_open=True hour_summary=open
[2026-10-02 17:30:03] Triton Esports Center: 49% (Closed) people=17 capacity=35 is_open=False hour_summary=closed
[2026-10-02 17:30:03] === SCRAPE END OK ===
[2026-10-02 17:45:02] === SCRAPE START ===
[2026-10-02 17:45:02] Fetching https://waitz.io/live/ucsd-rec
[2026-10-02 17:45:03] Saved 4 rows to ucsd_occupancy_history.csv
[2026-10-02 17:45:03] Main Gym Fitness Gym: 29% (Not Busy) people=21 capacity=72 is_open=True hour_summary=open
[2026-10-02 17:45:03] Outback Climbing Center: 99% (Very Active) people=30 capacity=30 is_open=True hour_summary=open
[2026-10-02 17:45:03] RIMAC Fitness Gym: 0% (Data Unavailable) people=0 capacity=65 is_open=True hour_summary=open
[2026-10-02 17:45:03] Triton Esports Center: 51% (Closed) people=18 capacity=35 is_open=False hour_summary=closed
[2026-10-02 17:45:03] === SCRAPE END OK ===
[2026-10-02 18:00:01] === SCRAPE START ===
[2026-10-02 18:00:01] Fetching https://waitz.io/live/ucsd-rec
[2026-10-02 18:00:03] Saved 4 rows to ucsd_occupancy_history.csv
[2026-10-02 18:00:03] Main Gym Fitness Gym: 99% (Very Active) people=71 capacity=72 is_open=True hour_summary=open
[2026-10-02 18:00:03] Outback Climbing Center: 99% (Very Active) people=30 capacity=30 is_open=True hour_summary=open
[2026-10-02 18:00:03] RIMAC Fitness Gym: 99% (Very Active) people=64 capacity=65 is_open=True hour_summary=open
[2026-10-02 18:00:03] Triton Esports Center: 57% (Closed) people=20 capacity=35 is_open=False hour_summary=closed
[2026-10-02 18:00:03] === SCRAPE END OK ===
[2026-10-02 18:15:02] === SCRAPE START ===
[2026-10-02 18:15:02] Fetching https://waitz.io/live/ucsd-rec
[2026-10-02 18:15:03] Saved 4 rows to ucsd_occupancy_history.csv
[2026-10-02 18:15:03] Main Gym Fitness Gym: 38% (Not Busy) people=27 capacity=72 is_open=True hour_summary=open
[2026-10-02 18:15:03] Outback Climbing Center: 99% (Very Active) people=30 capacity=30 is_open=True hour_summary=open
[2026-10-02 18:15:03] RIMAC Fitness Gym: 99% (Very Active) people=64 capacity=65 is_open=True hour_summary=open
[2026-10-02 18:15:03] Triton Esports Center: 74% (Closed) people=26 capacity=35 is_open=False hour_summary=closed
[2026-10-02 18:15:03] === SCRAPE END OK ===
[2026-10-02 18:30:02] === SCRAPE START ===
[2026-10-02 18:30:02] Fetching https://waitz.io/live/ucsd-rec
[2026-10-02 18:30:03] Saved 4 rows to ucsd_occupancy_history.csv
[2026-10-02 18:30:03] Main Gym Fitness Gym: 26% (Not Busy) people=19 capacity=72 is_open=True hour_summary=open
[2026-10-02 18:30:03] Outback Climbing Center: 99% (Very Active) people=30 capacity=30 is_open=True hour_summary=open
[2026-10-02 18:30:03] RIMAC Fitness Gym: 99% (Very Active) people=64 capacity=65 is_open=True hour_summary=open
[2026-10-02 18:30:03] Triton Esports Center: 60% (Closed) people=21 capacity=35 is_open=False hour_summary=closed
[2026-10-02 18:30:03] === SCRAPE END OK ===
[2026-10-02 18:45:02] === SCRAPE START ===
[2026-10-02 18:45:02] Fetching https://waitz.io/live/ucsd-rec
[2026-10-02 18:45:03] Saved 4 rows to ucsd_occupancy_history.csv
[2026-10-02 18:45:03] Main Gym Fitness Gym: 25% (Not Busy) people=18 capacity=72 is_open=True hour_summary=open
[2026-10-02 18:45:03] Outback Climbing Center: 99% (Very Active) people=30 capacity=30 is_open=True hour_summary=open
[2026-10-02 18:45:03] RIMAC Fitness Gym: 99% (Very Active) people=64 capacity=65 is_open=True hour_summary=open
[2026-10-02 18:45:03] Triton Esports Center: 54% (Closed) people=19 capacity=35 is_open=False hour_summary=closed
[2026-10-02 18:45:03] === SCRAPE END OK ===
[2026-10-02 19:00:02] === SCRAPE START ===
[2026-10-02 19:00:02] Fetching https://waitz.io/live/ucsd-rec
[2026-10-02 19:00:03] Saved 4 rows to ucsd_occupancy_history.csv
[2026-10-02 19:00:03] Main Gym Fitness Gym: 32% (Not Busy) people=23 capacity=72 is_open=True hour_summary=open
[2026-10-02 19:00:03] Outback Climbing Center: 99% (Very Active) people=30 capacity=30 is_open=True hour_summary=open
[2026-10-02 19:00:03] RIMAC Fitness Gym: 99% (Very Active) people=64 capacity=65 is_open=True hour_summary=open
[2026-10-02 19:00:03] Triton Esports Center: 43% (Closed) people=15 capacity=35 is_open=False hour_summary=closed
[2026-10-02 19:00:03] === SCRAPE END OK ===
[2026-10-02 19:15:02] === SCRAPE START ===
[2026-10-02 19:15:02] Fetching https://waitz.io/live/ucsd-rec
[2026-10-02 19:15:03] Saved 4 rows to ucsd_occupancy_history.csv
[2026-10-02 19:15:03] Main Gym Fitness Gym: 28% (Not Busy) people=20 capacity=72 is_open=True hour_summary=open
[2026-10-02 19:15:03] Outback Climbing Center: 83% (Very Active) people=25 capacity=30 is_open=True hour_summary=open
[2026-10-02 19:15:03] RIMAC Fitness Gym: 99% (Very Active) people=64 capacity=65 is_open=True hour_summary=open
[2026-10-02 19:15:03] Triton Esports Center: 51% (Closed) people=18 capacity=35 is_open=False hour_summary=closed
[2026-10-02 19:15:03] === SCRAPE END OK ===
[2026-10-02 19:30:02] === SCRAPE START ===
[2026-10-02 19:30:02] Fetching https://waitz.io/live/ucsd-rec
[2026-10-02 19:30:03] Saved 4 rows to ucsd_occupancy_history.csv
[2026-10-02 19:30:03] Main Gym Fitness Gym: 19% (Not Busy) people=14 capacity=72 is_open=True hour_summary=open
[2026-10-02 19:30:03] Outback Climbing Center: 99% (Very Active) people=30 capacity=30 is_open=True hour_summary=open
[2026-10-02 19:30:03] RIMAC Fitness Gym: 99% (Very Active) people=64 capacity=65 is_open=True hour_summary=open
[2026-10-02 19:30:03] Triton Esports Center: 34% (Closed) people=12 capacity=35 is_open=False hour_summary=closed
[2026-10-02 19:30:03] === SCRAPE END OK ===
[2026-10-02 19:45:02] === SCRAPE START ===
[2026-10-02 19:45:02] Fetching https://waitz.io/live/ucsd-rec
[2026-10-02 19:45:03] Saved 4 rows to ucsd_occupancy_history.csv
[2026-10-02 19:45:03] Main Gym Fitness Gym: 21% (Not Busy) people=15 capacity=72 is_open=True hour_summary=open
[2026-10-02 19:45:03] Outback Climbing Center: 99% (Very Active) people=30 capacity=30 is_open=True hour_summary=open
[2026-10-02 19:45:03] RIMAC Fitness Gym: 99% (Very Active) people=64 capacity=65 is_open=True hour_summary=open
[2026-10-02 19:45:03] Triton Esports Center: 40% (Closed) people=14 capacity=35 is_open=False hour_summary=closed
[2026-10-02 19:45:03] === SCRAPE END OK ===
[2026-10-02 20:00:02] === SCRAPE START ===
[2026-10-02 20:00:02] Fetching https://waitz.io/live/ucsd-rec
[2026-10-02 20:00:03] Saved 4 rows to ucsd_occupancy_history.csv
[2026-10-02 20:00:03] Main Gym Fitness Gym: 35% (Not Busy) people=25 capacity=72 is_open=True hour_summary=open
[2026-10-02 20:00:03] Outback Climbing Center: 99% (Closed) people=30 capacity=30 is_open=False hour_summary=Closed until 2:00pm
[2026-10-02 20:00:03] RIMAC Fitness Gym: 99% (Very Active) people=64 capacity=65 is_open=True hour_summary=open
[2026-10-02 20:00:03] Triton Esports Center: 29% (Closed) people=10 capacity=35 is_open=False hour_summary=closed
[2026-10-02 20:00:03] === SCRAPE END OK ===
[2026-10-02 20:15:02] === SCRAPE START ===
[2026-10-02 20:15:02] Fetching https://waitz.io/live/ucsd-rec
[2026-10-02 20:15:03] Saved 4 rows to ucsd_occupancy_history.csv
[2026-10-02 20:15:03] Main Gym Fitness Gym: 24% (Not Busy) people=17 capacity=72 is_open=True hour_summary=open
[2026-10-02 20:15:03] Outback Climbing Center: 99% (Closed) people=30 capacity=30 is_open=False hour_summary=Closed until 2:00pm
[2026-10-02 20:15:03] RIMAC Fitness Gym: 99% (Very Active) people=64 capacity=65 is_open=True hour_summary=open
[2026-10-02 20:15:03] Triton Esports Center: 23% (Closed) people=8 capacity=35 is_open=False hour_summary=closed
[2026-10-02 20:15:03] === SCRAPE END OK ===
[2026-10-02 20:30:02] === SCRAPE START ===
[2026-10-02 20:30:02] Fetching https://waitz.io/live/ucsd-rec
[2026-10-02 20:30:03] Saved 4 rows to ucsd_occupancy_history.csv
[2026-10-02 20:30:03] Main Gym Fitness Gym: 33% (Not Busy) people=24 capacity=72 is_open=True hour_summary=open
[2026-10-02 20:30:03] Outback Climbing Center: 99% (Closed) people=30 capacity=30 is_open=False hour_summary=Closed until 2:00pm
[2026-10-02 20:30:03] RIMAC Fitness Gym: 99% (Very Active) people=64 capacity=65 is_open=True hour_summary=open
[2026-10-02 20:30:03] Triton Esports Center: 20% (Closed) people=7 capacity=35 is_open=False hour_summary=closed
[2026-10-02 20:30:03] === SCRAPE END OK ===
[2026-10-02 20:45:02] === SCRAPE START ===
[2026-10-02 20:45:02] Fetching https://waitz.io/live/ucsd-rec
[2026-10-02 20:45:03] Saved 4 rows to ucsd_occupancy_history.csv
[2026-10-02 20:45:03] Main Gym Fitness Gym: 26% (Not Busy) people=19 capacity=72 is_open=True hour_summary=open
[2026-10-02 20:45:03] Outback Climbing Center: 99% (Closed) people=30 capacity=30 is_open=False hour_summary=Closed until 2:00pm
[2026-10-02 20:45:03] RIMAC Fitness Gym: 98% (Very Active) people=64 capacity=65 is_open=True hour_summary=open
[2026-10-02 20:45:03] Triton Esports Center: 20% (Closed) people=7 capacity=35 is_open=False hour_summary=closed
[2026-10-02 20:45:03] === SCRAPE END OK ===
[2026-10-02 21:00:02] === SCRAPE START ===
[2026-10-02 21:00:02] Fetching https://waitz.io/live/ucsd-rec
[2026-10-02 21:00:04] Saved 4 rows to ucsd_occupancy_history.csv
[2026-10-02 21:00:04] Main Gym Fitness Gym: 24% (Not Busy) people=17 capacity=72 is_open=True hour_summary=open
[2026-10-02 21:00:04] Outback Climbing Center: 97% (Closed) people=29 capacity=30 is_open=False hour_summary=Closed until 2:00pm
[2026-10-02 21:00:04] RIMAC Fitness Gym: 94% (Closed) people=61 capacity=65 is_open=False hour_summary=Closed until 8:00am
[2026-10-02 21:00:04] Triton Esports Center: 20% (Closed) people=7 capacity=35 is_open=False hour_summary=closed
[2026-10-02 21:00:04] === SCRAPE END OK ===
[2026-10-02 21:15:02] === SCRAPE START ===
[2026-10-02 21:15:02] Fetching https://waitz.io/live/ucsd-rec
[2026-10-02 21:15:03] Saved 4 rows to ucsd_occupancy_history.csv
[2026-10-02 21:15:03] Main Gym Fitness Gym: 26% (Not Busy) people=19 capacity=72 is_open=True hour_summary=open
[2026-10-02 21:15:03] Outback Climbing Center: 99% (Closed) people=30 capacity=30 is_open=False hour_summary=Closed until 2:00pm
[2026-10-02 21:15:03] RIMAC Fitness Gym: 74% (Closed) people=48 capacity=65 is_open=False hour_summary=Closed until 8:00am
[2026-10-02 21:15:03] Triton Esports Center: 29% (Closed) people=10 capacity=35 is_open=False hour_summary=closed
[2026-10-02 21:15:03] === SCRAPE END OK ===
[2026-10-02 21:30:02] === SCRAPE START ===
[2026-10-02 21:30:02] Fetching https://waitz.io/live/ucsd-rec
[2026-10-02 21:30:03] Saved 4 rows to ucsd_occupancy_history.csv
[2026-10-02 21:30:03] Main Gym Fitness Gym: 33% (Not Busy) people=24 capacity=72 is_open=True hour_summary=open
[2026-10-02 21:30:03] Outback Climbing Center: 93% (Closed) people=28 capacity=30 is_open=False hour_summary=Closed until 2:00pm
[2026-10-02 21:30:03] RIMAC Fitness Gym: 82% (Closed) people=53 capacity=65 is_open=False hour_summary=Closed until 8:00am
[2026-10-02 21:30:03] Triton Esports Center: 23% (Closed) people=8 capacity=35 is_open=False hour_summary=closed
[2026-10-02 21:30:03] === SCRAPE END OK ===
[2026-10-02 21:45:02] === SCRAPE START ===
[2026-10-02 21:45:02] Fetching https://waitz.io/live/ucsd-rec
[2026-10-02 21:45:03] Saved 4 rows to ucsd_occupancy_history.csv
[2026-10-02 21:45:03] Main Gym Fitness Gym: 24% (Not Busy) people=17 capacity=72 is_open=True hour_summary=open
[2026-10-02 21:45:03] Outback Climbing Center: 99% (Closed) people=30 capacity=30 is_open=False hour_summary=Closed until 2:00pm
[2026-10-02 21:45:03] RIMAC Fitness Gym: 58% (Closed) people=38 capacity=65 is_open=False hour_summary=Closed until 8:00am
[2026-10-02 21:45:03] Triton Esports Center: 20% (Closed) people=7 capacity=35 is_open=False hour_summary=closed
[2026-10-02 21:45:03] === SCRAPE END OK ===
[2026-10-02 22:00:02] === SCRAPE START ===
[2026-10-02 22:00:02] Fetching https://waitz.io/live/ucsd-rec
[2026-10-02 22:00:03] Saved 4 rows to ucsd_occupancy_history.csv
[2026-10-02 22:00:03] Main Gym Fitness Gym: 15% (Not Busy) people=11 capacity=72 is_open=True hour_summary=open
[2026-10-02 22:00:03] Outback Climbing Center: 83% (Closed) people=25 capacity=30 is_open=False hour_summary=Closed until 2:00pm
[2026-10-02 22:00:03] RIMAC Fitness Gym: 83% (Closed) people=54 capacity=65 is_open=False hour_summary=Closed until 8:00am
[2026-10-02 22:00:03] Triton Esports Center: 6% (Closed) people=2 capacity=35 is_open=False hour_summary=closed
[2026-10-02 22:00:03] === SCRAPE END OK ===
[2026-10-02 22:15:02] === SCRAPE START ===
[2026-10-02 22:15:02] Fetching https://waitz.io/live/ucsd-rec
[2026-10-02 22:15:03] Saved 4 rows to ucsd_occupancy_history.csv
[2026-10-02 22:15:03] Main Gym Fitness Gym: 42% (Not Busy) people=30 capacity=72 is_open=True hour_summary=open
[2026-10-02 22:15:03] Outback Climbing Center: 17% (Closed) people=5 capacity=30 is_open=False hour_summary=Closed until 2:00pm
[2026-10-02 22:15:03] RIMAC Fitness Gym: 55% (Closed) people=36 capacity=65 is_open=False hour_summary=Closed until 8:00am
[2026-10-02 22:15:03] Triton Esports Center: 0% (Closed) people=0 capacity=35 is_open=False hour_summary=closed
[2026-10-02 22:15:03] === SCRAPE END OK ===
[2026-10-02 22:30:02] === SCRAPE START ===
[2026-10-02 22:30:02] Fetching https://waitz.io/live/ucsd-rec
[2026-10-02 22:30:03] Saved 4 rows to ucsd_occupancy_history.csv
[2026-10-02 22:30:03] Main Gym Fitness Gym: 10% (Not Busy) people=7 capacity=72 is_open=True hour_summary=open
[2026-10-02 22:30:03] Outback Climbing Center: 17% (Closed) people=5 capacity=30 is_open=False hour_summary=Closed until 2:00pm
[2026-10-02 22:30:03] RIMAC Fitness Gym: 51% (Closed) people=33 capacity=65 is_open=False hour_summary=Closed until 8:00am
[2026-10-02 22:30:03] Triton Esports Center: 0% (Closed) people=0 capacity=35 is_open=False hour_summary=closed
[2026-10-02 22:30:03] === SCRAPE END OK ===
[2026-10-02 22:45:02] === SCRAPE START ===
[2026-10-02 22:45:02] Fetching https://waitz.io/live/ucsd-rec
[2026-10-02 22:45:03] Saved 4 rows to ucsd_occupancy_history.csv
[2026-10-02 22:45:03] Main Gym Fitness Gym: 13% (Not Busy) people=9 capacity=72 is_open=True hour_summary=open
[2026-10-02 22:45:03] Outback Climbing Center: 20% (Closed) people=6 capacity=30 is_open=False hour_summary=Closed until 2:00pm
[2026-10-02 22:45:03] RIMAC Fitness Gym: 32% (Closed) people=21 capacity=65 is_open=False hour_summary=Closed until 8:00am
[2026-10-02 22:45:03] Triton Esports Center: 0% (Closed) people=0 capacity=35 is_open=False hour_summary=closed
[2026-10-02 22:45:03] === SCRAPE END OK ===
[2026-10-02 23:00:02] === SCRAPE START ===
[2026-10-02 23:00:02] Fetching https://waitz.io/live/ucsd-rec
[2026-10-02 23:00:03] Saved 4 rows to ucsd_occupancy_history.csv
[2026-10-02 23:00:03] Main Gym Fitness Gym: 11% (Closed) people=8 capacity=72 is_open=False hour_summary=Closed until 8:00am
[2026-10-02 23:00:03] Outback Climbing Center: 17% (Closed) people=5 capacity=30 is_open=False hour_summary=Closed until 2:00pm
[2026-10-02 23:00:03] RIMAC Fitness Gym: 9% (Closed) people=6 capacity=65 is_open=False hour_summary=Closed until 8:00am
[2026-10-02 23:00:03] Triton Esports Center: 0% (Closed) people=0 capacity=35 is_open=False hour_summary=closed
[2026-10-02 23:00:03] === SCRAPE END OK ===
