[2026-10-08 00:00:01] === SCRAPE START ===
[2026-10-08 00:00:01] Fetching https://waitz.io/live/ucsd-rec
[2026-10-08 00:00:02] Saved 4 rows to ucsd_occupancy_history.csv
[2026-10-08 00:00:02] Main Gym Fitness Gym: 0% (Closed) people=0 capacity=72 is_open=False hour_summary=Closed until 6:00am
[2026-10-08 00:00:02] Outback Climbing Center: 0% (Closed) people=0 capacity=30 is_open=False hour_summary=Closed until 2:00pm
[2026-10-08 00:00:02] RIMAC Fitness Gym: 0% (Closed) people=0 capacity=65 is_open=False hour_summary=Closed until 6:00am
[2026-10-08 00:00:02] Triton Esports Center: 0% (Closed) people=0 capacity=35 is_open=False hour_summary=closed
[2026-10-08 00:00:02] === SCRAPE END OK ===
[2026-10-08 00:15:02] === SCRAPE START ===
[2026-10-08 00:15:02] Fetching https://waitz.io/live/ucsd-rec
[2026-10-08 00:15:03] Saved 4 rows to ucsd_occupancy_history.csv
[2026-10-08 00:15:03] Main Gym Fitness Gym: 0% (Closed) people=0 capacity=72 is_open=False hour_summary=Closed until 6:00am
[2026-10-08 00:15:03] Outback Climbing Center: 0% (Closed) people=0 capacity=30 is_open=False hour_summary=Closed until 2:00pm
[2026-10-08 00:15:03] RIMAC Fitness Gym: 0% (Closed) people=0 capacity=65 is_open=False hour_summary=Closed until 6:00am
[2026-10-08 00:15:03] Triton Esports Center: 0% (Closed) people=0 capacity=35 is_open=False hour_summary=closed
[2026-10-08 00:15:03] === SCRAPE END OK ===
[2026-10-08 00:30:02] === SCRAPE START ===
[2026-10-08 00:30:02] Fetching https://waitz.io/live/ucsd-rec
[2026-10-08 00:30:04] Saved 4 rows to ucsd_occupancy_history.csv
[2026-10-08 00:30:04] Main Gym Fitness Gym: 0% (Closed) people=0 capacity=72 is_open=False hour_summary=Closed until 6:00am
[2026-10-08 00:30:04] Outback Climbing Center: 0% (Closed) people=0 capacity=30 is_open=False hour_summary=Closed until 2:00pm
[2026-10-08 00:30:04] RIMAC Fitness Gym: 0% (Closed) people=0 capacity=65 is_open=False hour_summary=Closed until 6:00am
[2026-10-08 00:30:04] Triton Esports Center: 0% (Closed) people=0 capacity=35 is_open=False hour_summary=closed
[2026-10-08 00:30:04] === SCRAPE END OK ===
[2026-10-08 00:45:02] === SCRAPE START ===
[2026-10-08 00:45:02] Fetching https://waitz.io/live/ucsd-rec
[2026-10-08 00:45:03] Saved 4 rows to ucsd_occupancy_history.csv
[2026-10-08 00:45:03] Main Gym Fitness Gym: 0% (Closed) people=0 capacity=72 is_open=False hour_summary=Closed until 6:00am
[2026-10-08 00:45:03] Outback Climbing Center: 0% (Closed) people=0 capacity=30 is_open=False hour_summary=Closed until 2:00pm
[2026-10-08 00:45:03] RIMAC Fitness Gym: 0% (Closed) people=0 capacity=65 is_open=False hour_summary=Closed until 6:00am
[2026-10-08 00:45:03] Triton Esports Center: 0% (Closed) people=0 capacity=35 is_open=False hour_summary=closed
[2026-10-08 00:45:03] === SCRAPE END OK ===
[2026-10-08 01:00:02] === SCRAPE START ===
[2026-10-08 01:00:02] Fetching https://waitz.io/live/ucsd-rec
[2026-10-08 01:00:04] Saved 4 rows to ucsd_occupancy_history.csv
[2026-10-08 01:00:04] Main Gym Fitness Gym: 0% (Closed) people=0 capacity=72 is_open=False hour_summary=Closed until 6:00am
[2026-10-08 01:00:04] Outback Climbing Center: 0% (Closed) people=0 capacity=30 is_open=False hour_summary=Closed until 2:00pm
[2026-10-08 01:00:04] RIMAC Fitness Gym: 0% (Closed) people=0 capacity=65 is_open=False hour_summary=Closed until 6:00am
[2026-10-08 01:00:04] Triton Esports Center: 0% (Closed) people=0 capacity=35 is_open=False hour_summary=closed
[2026-10-08 01:00:04] === SCRAPE END OK ===
[2026-10-08 01:15:02] === SCRAPE START ===
[2026-10-08 01:15:02] Fetching https://waitz.io/live/ucsd-rec
[2026-10-08 01:15:03] Saved 4 rows to ucsd_occupancy_history.csv
[2026-10-08 01:15:03] Main Gym Fitness Gym: 0% (Closed) people=0 capacity=72 is_open=False hour_summary=Closed until 6:00am
[2026-10-08 01:15:03] Outback Climbing Center: 0% (Closed) people=0 capacity=30 is_open=False hour_summary=Closed until 2:00pm
[2026-10-08 01:15:03] RIMAC Fitness Gym: 0% (Closed) people=0 capacity=65 is_open=False hour_summary=Closed until 6:00am
[2026-10-08 01:15:03] Triton Esports Center: 0% (Closed) people=0 capacity=35 is_open=False hour_summary=closed
[2026-10-08 01:15:03] === SCRAPE END OK ===
[2026-10-08 11:21:03] === SCRAPE START ===
[2026-10-08 11:21:03] Fetching https://waitz.io/live/ucsd-rec
[2026-10-08 11:21:03] HTTP ERROR: HTTPSConnectionPool(host='waitz.io', port=443): Max retries exceeded with url: /live/ucsd-rec (Caused by NameResolutionError("HTTPSConnection(host='waitz.io', port=443): Failed to resolve 'waitz.io' ([Errno 11001] getaddrinfo failed)"))
[2026-10-08 11:30:02] === SCRAPE START ===
[2026-10-08 11:30:02] Fetching https://waitz.io/live/ucsd-rec
[2026-10-08 11:30:09] Saved 4 rows to ucsd_occupancy_history.csv
[2026-10-08 11:30:09] Main Gym Fitness Gym: 71% (Busy) people=51 capacity=72 is_open=True hour_summary=open
[2026-10-08 11:30:09] Outback Climbing Center: 0% (Closed) people=0 capacity=30 is_open=False hour_summary=Closed until 2:00pm
[2026-10-08 11:30:09] RIMAC Fitness Gym: 99% (Very Active) people=64 capacity=65 is_open=True hour_summary=open
[2026-10-08 11:30:09] Triton Esports Center: 6% (Closed) people=2 capacity=35 is_open=False hour_summary=closed
[2026-10-08 11:30:09] === SCRAPE END OK ===
[2026-10-08 11:45:02] === SCRAPE START ===
[2026-10-08 11:45:02] Fetching https://waitz.io/live/ucsd-rec
[2026-10-08 11:45:04] Saved 4 rows to ucsd_occupancy_history.csv
[2026-10-08 11:45:04] Main Gym Fitness Gym: 65% (Busy) people=47 capacity=72 is_open=True hour_summary=open
[2026-10-08 11:45:04] Outback Climbing Center: 0% (Closed) people=0 capacity=30 is_open=False hour_summary=Closed until 2:00pm
[2026-10-08 11:45:04] RIMAC Fitness Gym: 99% (Very Active) people=64 capacity=65 is_open=True hour_summary=open
[2026-10-08 11:45:04] Triton Esports Center: 0% (Closed) people=0 capacity=35 is_open=False hour_summary=closed
[2026-10-08 11:45:04] === SCRAPE END OK ===
[2026-10-08 12:00:02] === SCRAPE START ===
[2026-10-08 12:00:02] Fetching https://waitz.io/live/ucsd-rec
[2026-10-08 12:00:04] Saved 4 rows to ucsd_occupancy_history.csv
[2026-10-08 12:00:04] Main Gym Fitness Gym: 64% (Busy) people=46 capacity=72 is_open=True hour_summary=open
[2026-10-08 12:00:04] Outback Climbing Center: 0% (Closed) people=0 capacity=30 is_open=False hour_summary=Closed until 2:00pm
[2026-10-08 12:00:04] RIMAC Fitness Gym: 99% (Very Active) people=64 capacity=65 is_open=True hour_summary=open
[2026-10-08 12:00:04] Triton Esports Center: 11% (Closed) people=4 capacity=35 is_open=False hour_summary=closed
[2026-10-08 12:00:04] === SCRAPE END OK ===
[2026-10-08 12:15:02] === SCRAPE START ===
[2026-10-08 12:15:02] Fetching https://waitz.io/live/ucsd-rec
[2026-10-08 12:15:03] Saved 4 rows to ucsd_occupancy_history.csv
[2026-10-08 12:15:03] Main Gym Fitness Gym: 86% (Very Active) people=62 capacity=72 is_open=True hour_summary=open
[2026-10-08 12:15:03] Outback Climbing Center: 0% (Closed) people=0 capacity=30 is_open=False hour_summary=Closed until 2:00pm
[2026-10-08 12:15:03] RIMAC Fitness Gym: 0% (Data Unavailable) people=0 capacity=65 is_open=True hour_summary=open
[2026-10-08 12:15:03] Triton Esports Center: 0% (Closed) people=0 capacity=35 is_open=False hour_summary=closed
[2026-10-08 12:15:03] === SCRAPE END OK ===
[2026-10-08 12:30:02] === SCRAPE START ===
[2026-10-08 12:30:02] Fetching https://waitz.io/live/ucsd-rec
[2026-10-08 12:30:04] Saved 4 rows to ucsd_occupancy_history.csv
[2026-10-08 12:30:04] Main Gym Fitness Gym: 67% (Busy) people=48 capacity=72 is_open=True hour_summary=open
[2026-10-08 12:30:04] Outback Climbing Center: 0% (Closed) people=0 capacity=30 is_open=False hour_summary=Closed until 2:00pm
[2026-10-08 12:30:04] RIMAC Fitness Gym: 99% (Very Active) people=64 capacity=65 is_open=True hour_summary=open
[2026-10-08 12:30:04] Triton Esports Center: 9% (Closed) people=3 capacity=35 is_open=False hour_summary=closed
[2026-10-08 12:30:04] === SCRAPE END OK ===
[2026-10-08 12:45:02] === SCRAPE START ===
[2026-10-08 12:45:02] Fetching https://waitz.io/live/ucsd-rec
[2026-10-08 12:45:03] Saved 4 rows to ucsd_occupancy_history.csv
[2026-10-08 12:45:03] Main Gym Fitness Gym: 82% (Very Active) people=59 capacity=72 is_open=True hour_summary=open
[2026-10-08 12:45:03] Outback Climbing Center: 0% (Closed) people=0 capacity=30 is_open=False hour_summary=Closed until 2:00pm
[2026-10-08 12:45:03] RIMAC Fitness Gym: 99% (Very Active) people=64 capacity=65 is_open=True hour_summary=open
[2026-10-08 12:45:03] Triton Esports Center: 9% (Closed) people=3 capacity=35 is_open=False hour_summary=closed
[2026-10-08 12:45:03] === SCRAPE END OK ===
[2026-10-08 13:00:02] === SCRAPE START ===
[2026-10-08 13:00:02] Fetching https://waitz.io/live/ucsd-rec
[2026-10-08 13:00:04] Saved 4 rows to ucsd_occupancy_history.csv
[2026-10-08 13:00:04] Main Gym Fitness Gym: 50% (Busy) people=36 capacity=72 is_open=True hour_summary=open
[2026-10-08 13:00:04] Outback Climbing Center: 0% (Closed) people=0 capacity=30 is_open=False hour_summary=Closed until 2:00pm
[2026-10-08 13:00:04] RIMAC Fitness Gym: 99% (Very Active) people=64 capacity=65 is_open=True hour_summary=open
[2026-10-08 13:00:04] Triton Esports Center: 14% (Closed) people=5 capacity=35 is_open=False hour_summary=closed
[2026-10-08 13:00:04] === SCRAPE END OK ===
[2026-10-08 13:15:02] === SCRAPE START ===
[2026-10-08 13:15:02] Fetching https://waitz.io/live/ucsd-rec
[2026-10-08 13:15:03] Saved 4 rows to ucsd_occupancy_history.csv
[2026-10-08 13:15:03] Main Gym Fitness Gym: 67% (Busy) people=48 capacity=72 is_open=True hour_summary=open
[2026-10-08 13:15:03] Outback Climbing Center: 0% (Closed) people=0 capacity=30 is_open=False hour_summary=Closed until 2:00pm
[2026-10-08 13:15:03] RIMAC Fitness Gym: 99% (Very Active) people=64 capacity=65 is_open=True hour_summary=open
[2026-10-08 13:15:03] Triton Esports Center: 31% (Closed) people=11 capacity=35 is_open=False hour_summary=closed
[2026-10-08 13:15:03] === SCRAPE END OK ===
[2026-10-08 13:30:02] === SCRAPE START ===
[2026-10-08 13:30:02] Fetching https://waitz.io/live/ucsd-rec
[2026-10-08 13:30:04] Saved 4 rows to ucsd_occupancy_history.csv
[2026-10-08 13:30:04] Main Gym Fitness Gym: 58% (Busy) people=42 capacity=72 is_open=True hour_summary=open
[2026-10-08 13:30:04] Outback Climbing Center: 0% (Closed) people=0 capacity=30 is_open=False hour_summary=Closed until 2:00pm
[2026-10-08 13:30:04] RIMAC Fitness Gym: 99% (Very Active) people=64 capacity=65 is_open=True hour_summary=open
[2026-10-08 13:30:04] Triton Esports Center: 37% (Closed) people=13 capacity=35 is_open=False hour_summary=closed
[2026-10-08 13:30:04] === SCRAPE END OK ===
[2026-10-08 13:45:02] === SCRAPE START ===
[2026-10-08 13:45:02] Fetching https://waitz.io/live/ucsd-rec
[2026-10-08 13:45:03] Saved 4 rows to ucsd_occupancy_history.csv
[2026-10-08 13:45:03] Main Gym Fitness Gym: 44% (Not Busy) people=32 capacity=72 is_open=True hour_summary=open
[2026-10-08 13:45:03] Outback Climbing Center: 0% (Closed) people=0 capacity=30 is_open=False hour_summary=Closed until 2:00pm
[2026-10-08 13:45:03] RIMAC Fitness Gym: 99% (Very Active) people=64 capacity=65 is_open=True hour_summary=open
[2026-10-08 13:45:03] Triton Esports Center: 40% (Closed) people=14 capacity=35 is_open=False hour_summary=closed
[2026-10-08 13:45:03] === SCRAPE END OK ===
[2026-10-08 14:00:02] === SCRAPE START ===
[2026-10-08 14:00:02] Fetching https://waitz.io/live/ucsd-rec
[2026-10-08 14:00:04] Saved 4 rows to ucsd_occupancy_history.csv
[2026-10-08 14:00:04] Main Gym Fitness Gym: 71% (Busy) people=51 capacity=72 is_open=True hour_summary=open
[2026-10-08 14:00:04] Outback Climbing Center: 0% (Data Unavailable) people=0 capacity=30 is_open=True hour_summary=open
[2026-10-08 14:00:04] RIMAC Fitness Gym: 99% (Very Active) people=64 capacity=65 is_open=True hour_summary=open
[2026-10-08 14:00:04] Triton Esports Center: 51% (Closed) people=18 capacity=35 is_open=False hour_summary=closed
[2026-10-08 14:00:04] === SCRAPE END OK ===
[2026-10-08 14:15:02] === SCRAPE START ===
[2026-10-08 14:15:02] Fetching https://waitz.io/live/ucsd-rec
[2026-10-08 14:15:03] Saved 4 rows to ucsd_occupancy_history.csv
[2026-10-08 14:15:03] Main Gym Fitness Gym: 54% (Busy) people=39 capacity=72 is_open=True hour_summary=open
[2026-10-08 14:15:03] Outback Climbing Center: 0% (Data Unavailable) people=0 capacity=30 is_open=True hour_summary=open
[2026-10-08 14:15:03] RIMAC Fitness Gym: 99% (Very Active) people=64 capacity=65 is_open=True hour_summary=open
[2026-10-08 14:15:03] Triton Esports Center: 43% (Closed) people=15 capacity=35 is_open=False hour_summary=closed
[2026-10-08 14:15:03] === SCRAPE END OK ===
[2026-10-08 14:30:02] === SCRAPE START ===
[2026-10-08 14:30:02] Fetching https://waitz.io/live/ucsd-rec
[2026-10-08 14:30:03] Saved 4 rows to ucsd_occupancy_history.csv
[2026-10-08 14:30:03] Main Gym Fitness Gym: 60% (Busy) people=43 capacity=72 is_open=True hour_summary=open
[2026-10-08 14:30:03] Outback Climbing Center: 0% (Data Unavailable) people=0 capacity=30 is_open=True hour_summary=open
[2026-10-08 14:30:03] RIMAC Fitness Gym: 99% (Very Active) people=64 capacity=65 is_open=True hour_summary=open
[2026-10-08 14:30:03] Triton Esports Center: 43% (Closed) people=15 capacity=35 is_open=False hour_summary=closed
[2026-10-08 14:30:03] === SCRAPE END OK ===
[2026-10-08 14:45:02] === SCRAPE START ===
[2026-10-08 14:45:02] Fetching https://waitz.io/live/ucsd-rec
[2026-10-08 14:45:03] Saved 4 rows to ucsd_occupancy_history.csv
[2026-10-08 14:45:03] Main Gym Fitness Gym: 58% (Busy) people=42 capacity=72 is_open=True hour_summary=open
[2026-10-08 14:45:03] Outback Climbing Center: 0% (Data Unavailable) people=0 capacity=30 is_open=True hour_summary=open
[2026-10-08 14:45:03] RIMAC Fitness Gym: 99% (Very Active) people=64 capacity=65 is_open=True hour_summary=open
[2026-10-08 14:45:03] Triton Esports Center: 40% (Closed) people=14 capacity=35 is_open=False hour_summary=closed
[2026-10-08 14:45:03] === SCRAPE END OK ===
[2026-10-08 15:00:02] === SCRAPE START ===
[2026-10-08 15:00:02] Fetching https://waitz.io/live/ucsd-rec
[2026-10-08 15:00:04] Saved 4 rows to ucsd_occupancy_history.csv
[2026-10-08 15:00:04] Main Gym Fitness Gym: 58% (Busy) people=42 capacity=72 is_open=True hour_summary=open
[2026-10-08 15:00:04] Outback Climbing Center: 0% (Data Unavailable) people=0 capacity=30 is_open=True hour_summary=open
[2026-10-08 15:00:04] RIMAC Fitness Gym: 99% (Very Active) people=64 capacity=65 is_open=True hour_summary=open
[2026-10-08 15:00:04] Triton Esports Center: 54% (Closed) people=19 capacity=35 is_open=False hour_summary=closed
[2026-10-08 15:00:04] === SCRAPE END OK ===
[2026-10-08 15:15:02] === SCRAPE START ===
[2026-10-08 15:15:02] Fetching https://waitz.io/live/ucsd-rec
[2026-10-08 15:15:03] Saved 4 rows to ucsd_occupancy_history.csv
[2026-10-08 15:15:03] Main Gym Fitness Gym: 57% (Busy) people=41 capacity=72 is_open=True hour_summary=open
[2026-10-08 15:15:03] Outback Climbing Center: 0% (Data Unavailable) people=0 capacity=30 is_open=True hour_summary=open
[2026-10-08 15:15:03] RIMAC Fitness Gym: 99% (Very Active) people=64 capacity=65 is_open=True hour_summary=open
[2026-10-08 15:15:03] Triton Esports Center: 54% (Closed) people=19 capacity=35 is_open=False hour_summary=closed
[2026-10-08 15:15:03] === SCRAPE END OK ===
[2026-10-08 15:30:02] === SCRAPE START ===
[2026-10-08 15:30:02] Fetching https://waitz.io/live/ucsd-rec
[2026-10-08 15:30:04] Saved 4 rows to ucsd_occupancy_history.csv
[2026-10-08 15:30:04] Main Gym Fitness Gym: 67% (Busy) people=48 capacity=72 is_open=True hour_summary=open
[2026-10-08 15:30:04] Outback Climbing Center: 0% (Data Unavailable) people=0 capacity=30 is_open=True hour_summary=open
[2026-10-08 15:30:04] RIMAC Fitness Gym: 99% (Very Active) people=64 capacity=65 is_open=True hour_summary=open
[2026-10-08 15:30:04] Triton Esports Center: 51% (Closed) people=18 capacity=35 is_open=False hour_summary=closed
[2026-10-08 15:30:04] === SCRAPE END OK ===
[2026-10-08 15:45:02] === SCRAPE START ===
[2026-10-08 15:45:02] Fetching https://waitz.io/live/ucsd-rec
[2026-10-08 15:45:03] Saved 4 rows to ucsd_occupancy_history.csv
[2026-10-08 15:45:03] Main Gym Fitness Gym: 79% (Busy) people=57 capacity=72 is_open=True hour_summary=open
[2026-10-08 15:45:03] Outback Climbing Center: 0% (Data Unavailable) people=0 capacity=30 is_open=True hour_summary=open
[2026-10-08 15:45:03] RIMAC Fitness Gym: 99% (Very Active) people=64 capacity=65 is_open=True hour_summary=open
[2026-10-08 15:45:03] Triton Esports Center: 66% (Closed) people=23 capacity=35 is_open=False hour_summary=closed
[2026-10-08 15:45:03] === SCRAPE END OK ===
[2026-10-08 16:00:02] === SCRAPE START ===
[2026-10-08 16:00:02] Fetching https://waitz.io/live/ucsd-rec
[2026-10-08 16:00:04] Saved 4 rows to ucsd_occupancy_history.csv
[2026-10-08 16:00:04] Main Gym Fitness Gym: 96% (Very Active) people=69 capacity=72 is_open=True hour_summary=open
[2026-10-08 16:00:04] Outback Climbing Center: 0% (Data Unavailable) people=0 capacity=30 is_open=True hour_summary=open
[2026-10-08 16:00:04] RIMAC Fitness Gym: 99% (Very Active) people=64 capacity=65 is_open=True hour_summary=open
[2026-10-08 16:00:04] Triton Esports Center: 49% (Closed) people=17 capacity=35 is_open=False hour_summary=closed
[2026-10-08 16:00:04] === SCRAPE END OK ===
[2026-10-08 16:15:02] === SCRAPE START ===
[2026-10-08 16:15:02] Fetching https://waitz.io/live/ucsd-rec
[2026-10-08 16:15:03] Saved 4 rows to ucsd_occupancy_history.csv
[2026-10-08 16:15:03] Main Gym Fitness Gym: 74% (Busy) people=53 capacity=72 is_open=True hour_summary=open
[2026-10-08 16:15:03] Outback Climbing Center: 0% (Data Unavailable) people=0 capacity=30 is_open=True hour_summary=open
[2026-10-08 16:15:03] RIMAC Fitness Gym: 99% (Very Active) people=64 capacity=65 is_open=True hour_summary=open
[2026-10-08 16:15:03] Triton Esports Center: 49% (Closed) people=17 capacity=35 is_open=False hour_summary=closed
[2026-10-08 16:15:03] === SCRAPE END OK ===
[2026-10-08 16:30:02] === SCRAPE START ===
[2026-10-08 16:30:02] Fetching https://waitz.io/live/ucsd-rec
[2026-10-08 16:30:04] Saved 4 rows to ucsd_occupancy_history.csv
[2026-10-08 16:30:04] Main Gym Fitness Gym: 71% (Busy) people=51 capacity=72 is_open=True hour_summary=open
[2026-10-08 16:30:04] Outback Climbing Center: 0% (Data Unavailable) people=0 capacity=30 is_open=True hour_summary=open
[2026-10-08 16:30:04] RIMAC Fitness Gym: 99% (Very Active) people=64 capacity=65 is_open=True hour_summary=open
[2026-10-08 16:30:04] Triton Esports Center: 40% (Closed) people=14 capacity=35 is_open=False hour_summary=closed
[2026-10-08 16:30:04] === SCRAPE END OK ===
[2026-10-08 16:45:02] === SCRAPE START ===
[2026-10-08 16:45:02] Fetching https://waitz.io/live/ucsd-rec
[2026-10-08 16:45:03] Saved 4 rows to ucsd_occupancy_history.csv
[2026-10-08 16:45:03] Main Gym Fitness Gym: 69% (Busy) people=50 capacity=72 is_open=True hour_summary=open
[2026-10-08 16:45:03] Outback Climbing Center: 0% (Data Unavailable) people=0 capacity=30 is_open=True hour_summary=open
[2026-10-08 16:45:03] RIMAC Fitness Gym: 99% (Very Active) people=64 capacity=65 is_open=True hour_summary=open
[2026-10-08 16:45:03] Triton Esports Center: 37% (Closed) people=13 capacity=35 is_open=False hour_summary=closed
[2026-10-08 16:45:03] === SCRAPE END OK ===
[2026-10-08 17:00:02] === SCRAPE START ===
[2026-10-08 17:00:02] Fetching https://waitz.io/live/ucsd-rec
[2026-10-08 17:00:04] Saved 4 rows to ucsd_occupancy_history.csv
[2026-10-08 17:00:04] Main Gym Fitness Gym: 88% (Very Active) people=63 capacity=72 is_open=True hour_summary=open
[2026-10-08 17:00:04] Outback Climbing Center: 0% (Data Unavailable) people=0 capacity=30 is_open=True hour_summary=open
[2026-10-08 17:00:04] RIMAC Fitness Gym: 99% (Very Active) people=64 capacity=65 is_open=True hour_summary=open
[2026-10-08 17:00:04] Triton Esports Center: 34% (Closed) people=12 capacity=35 is_open=False hour_summary=closed
[2026-10-08 17:00:04] === SCRAPE END OK ===
[2026-10-08 17:15:02] === SCRAPE START ===
[2026-10-08 17:15:02] Fetching https://waitz.io/live/ucsd-rec
[2026-10-08 17:15:03] Saved 4 rows to ucsd_occupancy_history.csv
[2026-10-08 17:15:03] Main Gym Fitness Gym: 71% (Busy) people=51 capacity=72 is_open=True hour_summary=open
[2026-10-08 17:15:03] Outback Climbing Center: 0% (Data Unavailable) people=0 capacity=30 is_open=True hour_summary=open
[2026-10-08 17:15:03] RIMAC Fitness Gym: 99% (Very Active) people=64 capacity=65 is_open=True hour_summary=open
[2026-10-08 17:15:03] Triton Esports Center: 23% (Closed) people=8 capacity=35 is_open=False hour_summary=closed
[2026-10-08 17:15:03] === SCRAPE END OK ===
[2026-10-08 17:30:02] === SCRAPE START ===
[2026-10-08 17:30:02] Fetching https://waitz.io/live/ucsd-rec
[2026-10-08 17:30:04] Saved 4 rows to ucsd_occupancy_history.csv
[2026-10-08 17:30:04] Main Gym Fitness Gym: 64% (Busy) people=46 capacity=72 is_open=True hour_summary=open
[2026-10-08 17:30:04] Outback Climbing Center: 0% (Data Unavailable) people=0 capacity=30 is_open=True hour_summary=open
[2026-10-08 17:30:04] RIMAC Fitness Gym: 99% (Very Active) people=64 capacity=65 is_open=True hour_summary=open
[2026-10-08 17:30:04] Triton Esports Center: 34% (Closed) people=12 capacity=35 is_open=False hour_summary=closed
[2026-10-08 17:30:04] === SCRAPE END OK ===
[2026-10-08 17:45:02] === SCRAPE START ===
[2026-10-08 17:45:02] Fetching https://waitz.io/live/ucsd-rec
[2026-10-08 17:45:03] Saved 4 rows to ucsd_occupancy_history.csv
[2026-10-08 17:45:03] Main Gym Fitness Gym: 61% (Busy) people=44 capacity=72 is_open=True hour_summary=open
[2026-10-08 17:45:03] Outback Climbing Center: 0% (Data Unavailable) people=0 capacity=30 is_open=True hour_summary=open
[2026-10-08 17:45:03] RIMAC Fitness Gym: 99% (Very Active) people=64 capacity=65 is_open=True hour_summary=open
[2026-10-08 17:45:03] Triton Esports Center: 29% (Closed) people=10 capacity=35 is_open=False hour_summary=closed
[2026-10-08 17:45:03] === SCRAPE END OK ===
[2026-10-08 18:00:01] === SCRAPE START ===
[2026-10-08 18:00:01] Fetching https://waitz.io/live/ucsd-rec
[2026-10-08 18:00:03] Saved 4 rows to ucsd_occupancy_history.csv
[2026-10-08 18:00:03] Main Gym Fitness Gym: 69% (Busy) people=50 capacity=72 is_open=True hour_summary=open
[2026-10-08 18:00:03] Outback Climbing Center: 0% (Data Unavailable) people=0 capacity=30 is_open=True hour_summary=open
[2026-10-08 18:00:03] RIMAC Fitness Gym: 99% (Very Active) people=64 capacity=65 is_open=True hour_summary=open
[2026-10-08 18:00:03] Triton Esports Center: 26% (Closed) people=9 capacity=35 is_open=False hour_summary=closed
[2026-10-08 18:00:03] === SCRAPE END OK ===
