[2026-08-03 00:00:01] === SCRAPE START ===
[2026-08-03 00:00:01] Fetching https://waitz.io/live/ucsd-rec
[2026-08-03 00:00:03] Saved 4 rows to ucsd_occupancy_history.csv
[2026-08-03 00:00:03] Main Gym Fitness Gym: 0% (Closed) people=0 capacity=72 is_open=False hour_summary=closed
[2026-08-03 00:00:03] Outback Climbing Center: 0% (Closed) people=0 capacity=30 is_open=False hour_summary=Closed until 2:00pm
[2026-08-03 00:00:03] RIMAC Fitness Gym: 0% (Closed) people=0 capacity=150 is_open=False hour_summary=Closed until 6:00am
[2026-08-03 00:00:03] Triton Esports Center: 0% (Closed) people=0 capacity=35 is_open=False hour_summary=closed
[2026-08-03 00:00:03] === SCRAPE END OK ===
[2026-08-03 00:15:02] === SCRAPE START ===
[2026-08-03 00:15:02] Fetching https://waitz.io/live/ucsd-rec
[2026-08-03 00:15:03] Saved 4 rows to ucsd_occupancy_history.csv
[2026-08-03 00:15:03] Main Gym Fitness Gym: 0% (Closed) people=0 capacity=72 is_open=False hour_summary=closed
[2026-08-03 00:15:03] Outback Climbing Center: 0% (Closed) people=0 capacity=30 is_open=False hour_summary=Closed until 2:00pm
[2026-08-03 00:15:03] RIMAC Fitness Gym: 0% (Closed) people=0 capacity=150 is_open=False hour_summary=Closed until 6:00am
[2026-08-03 00:15:03] Triton Esports Center: 0% (Closed) people=0 capacity=35 is_open=False hour_summary=closed
[2026-08-03 00:15:03] === SCRAPE END OK ===
[2026-08-03 00:30:02] === SCRAPE START ===
[2026-08-03 00:30:02] Fetching https://waitz.io/live/ucsd-rec
[2026-08-03 00:30:03] Saved 4 rows to ucsd_occupancy_history.csv
[2026-08-03 00:30:03] Main Gym Fitness Gym: 0% (Closed) people=0 capacity=72 is_open=False hour_summary=closed
[2026-08-03 00:30:03] Outback Climbing Center: 0% (Closed) people=0 capacity=30 is_open=False hour_summary=Closed until 2:00pm
[2026-08-03 00:30:03] RIMAC Fitness Gym: 0% (Closed) people=0 capacity=150 is_open=False hour_summary=Closed until 6:00am
[2026-08-03 00:30:03] Triton Esports Center: 0% (Closed) people=0 capacity=35 is_open=False hour_summary=closed
[2026-08-03 00:30:03] === SCRAPE END OK ===
[2026-08-03 00:45:02] === SCRAPE START ===
[2026-08-03 00:45:02] Fetching https://waitz.io/live/ucsd-rec
[2026-08-03 00:45:02] Saved 4 rows to ucsd_occupancy_history.csv
[2026-08-03 00:45:02] Main Gym Fitness Gym: 0% (Closed) people=0 capacity=72 is_open=False hour_summary=closed
[2026-08-03 00:45:02] Outback Climbing Center: 0% (Closed) people=0 capacity=30 is_open=False hour_summary=Closed until 2:00pm
[2026-08-03 00:45:02] RIMAC Fitness Gym: 0% (Closed) people=0 capacity=150 is_open=False hour_summary=Closed until 6:00am
[2026-08-03 00:45:02] Triton Esports Center: 0% (Closed) people=0 capacity=35 is_open=False hour_summary=closed
[2026-08-03 00:45:02] === SCRAPE END OK ===
[2026-08-03 01:00:02] === SCRAPE START ===
[2026-08-03 01:00:02] Fetching https://waitz.io/live/ucsd-rec
[2026-08-03 01:00:03] Saved 4 rows to ucsd_occupancy_history.csv
[2026-08-03 01:00:03] Main Gym Fitness Gym: 0% (Closed) people=0 capacity=72 is_open=False hour_summary=closed
[2026-08-03 01:00:03] Outback Climbing Center: 0% (Closed) people=0 capacity=30 is_open=False hour_summary=Closed until 2:00pm
[2026-08-03 01:00:03] RIMAC Fitness Gym: 0% (Closed) people=0 capacity=150 is_open=False hour_summary=Closed until 6:00am
[2026-08-03 01:00:03] Triton Esports Center: 0% (Closed) people=0 capacity=35 is_open=False hour_summary=closed
[2026-08-03 01:00:03] === SCRAPE END OK ===
[2026-08-03 01:15:02] === SCRAPE START ===
[2026-08-03 01:15:02] Fetching https://waitz.io/live/ucsd-rec
[2026-08-03 01:15:03] Saved 4 rows to ucsd_occupancy_history.csv
[2026-08-03 01:15:03] Main Gym Fitness Gym: 1% (Closed) people=1 capacity=72 is_open=False hour_summary=closed
[2026-08-03 01:15:03] Outback Climbing Center: 0% (Closed) people=0 capacity=30 is_open=False hour_summary=Closed until 2:00pm
[2026-08-03 01:15:03] RIMAC Fitness Gym: 0% (Closed) people=0 capacity=150 is_open=False hour_summary=Closed until 6:00am
[2026-08-03 01:15:03] Triton Esports Center: 0% (Closed) people=0 capacity=35 is_open=False hour_summary=closed
[2026-08-03 01:15:03] === SCRAPE END OK ===
[2026-08-03 01:30:02] === SCRAPE START ===
[2026-08-03 01:30:02] Fetching https://waitz.io/live/ucsd-rec
[2026-08-03 01:30:03] Saved 4 rows to ucsd_occupancy_history.csv
[2026-08-03 01:30:03] Main Gym Fitness Gym: 0% (Closed) people=0 capacity=72 is_open=False hour_summary=closed
[2026-08-03 01:30:03] Outback Climbing Center: 3% (Closed) people=1 capacity=30 is_open=False hour_summary=Closed until 2:00pm
[2026-08-03 01:30:03] RIMAC Fitness Gym: 0% (Closed) people=0 capacity=150 is_open=False hour_summary=Closed until 6:00am
[2026-08-03 01:30:03] Triton Esports Center: 0% (Closed) people=0 capacity=35 is_open=False hour_summary=closed
[2026-08-03 01:30:03] === SCRAPE END OK ===
[2026-08-03 01:45:02] === SCRAPE START ===
[2026-08-03 01:45:02] Fetching https://waitz.io/live/ucsd-rec
[2026-08-03 01:45:02] Saved 4 rows to ucsd_occupancy_history.csv
[2026-08-03 01:45:02] Main Gym Fitness Gym: 1% (Closed) people=1 capacity=72 is_open=False hour_summary=closed
[2026-08-03 01:45:02] Outback Climbing Center: 0% (Closed) people=0 capacity=30 is_open=False hour_summary=Closed until 2:00pm
[2026-08-03 01:45:02] RIMAC Fitness Gym: 0% (Closed) people=0 capacity=150 is_open=False hour_summary=Closed until 6:00am
[2026-08-03 01:45:02] Triton Esports Center: 0% (Closed) people=0 capacity=35 is_open=False hour_summary=closed
[2026-08-03 01:45:02] === SCRAPE END OK ===
[2026-08-03 02:00:02] === SCRAPE START ===
[2026-08-03 02:00:02] Fetching https://waitz.io/live/ucsd-rec
[2026-08-03 02:00:03] Saved 4 rows to ucsd_occupancy_history.csv
[2026-08-03 02:00:03] Main Gym Fitness Gym: 0% (Closed) people=0 capacity=72 is_open=False hour_summary=closed
[2026-08-03 02:00:03] Outback Climbing Center: 0% (Closed) people=0 capacity=30 is_open=False hour_summary=Closed until 2:00pm
[2026-08-03 02:00:03] RIMAC Fitness Gym: 0% (Closed) people=0 capacity=150 is_open=False hour_summary=Closed until 6:00am
[2026-08-03 02:00:03] Triton Esports Center: 0% (Closed) people=0 capacity=35 is_open=False hour_summary=closed
[2026-08-03 02:00:03] === SCRAPE END OK ===
[2026-08-03 02:15:02] === SCRAPE START ===
[2026-08-03 02:15:02] Fetching https://waitz.io/live/ucsd-rec
[2026-08-03 02:15:03] Saved 4 rows to ucsd_occupancy_history.csv
[2026-08-03 02:15:03] Main Gym Fitness Gym: 0% (Closed) people=0 capacity=72 is_open=False hour_summary=closed
[2026-08-03 02:15:03] Outback Climbing Center: 0% (Closed) people=0 capacity=30 is_open=False hour_summary=Closed until 2:00pm
[2026-08-03 02:15:03] RIMAC Fitness Gym: 0% (Closed) people=0 capacity=150 is_open=False hour_summary=Closed until 6:00am
[2026-08-03 02:15:03] Triton Esports Center: 0% (Closed) people=0 capacity=35 is_open=False hour_summary=closed
[2026-08-03 02:15:03] === SCRAPE END OK ===
[2026-08-03 02:30:02] === SCRAPE START ===
[2026-08-03 02:30:02] Fetching https://waitz.io/live/ucsd-rec
[2026-08-03 02:30:04] Saved 4 rows to ucsd_occupancy_history.csv
[2026-08-03 02:30:04] Main Gym Fitness Gym: 0% (Closed) people=0 capacity=72 is_open=False hour_summary=closed
[2026-08-03 02:30:04] Outback Climbing Center: 0% (Closed) people=0 capacity=30 is_open=False hour_summary=Closed until 2:00pm
[2026-08-03 02:30:04] RIMAC Fitness Gym: 0% (Closed) people=0 capacity=150 is_open=False hour_summary=Closed until 6:00am
[2026-08-03 02:30:04] Triton Esports Center: 0% (Closed) people=0 capacity=35 is_open=False hour_summary=closed
[2026-08-03 02:30:04] === SCRAPE END OK ===
[2026-08-03 02:45:02] === SCRAPE START ===
[2026-08-03 02:45:02] Fetching https://waitz.io/live/ucsd-rec
[2026-08-03 02:45:02] HTTP ERROR: HTTPSConnectionPool(host='waitz.io', port=443): Max retries exceeded with url: /live/ucsd-rec (Caused by NameResolutionError("HTTPSConnection(host='waitz.io', port=443): Failed to resolve 'waitz.io' ([Errno 11001] getaddrinfo failed)"))
[2026-08-03 03:00:02] === SCRAPE START ===
[2026-08-03 03:00:02] Fetching https://waitz.io/live/ucsd-rec
[2026-08-03 03:00:04] Saved 4 rows to ucsd_occupancy_history.csv
[2026-08-03 03:00:04] Main Gym Fitness Gym: 1% (Closed) people=1 capacity=72 is_open=False hour_summary=closed
[2026-08-03 03:00:04] Outback Climbing Center: 0% (Closed) people=0 capacity=30 is_open=False hour_summary=Closed until 2:00pm
[2026-08-03 03:00:04] RIMAC Fitness Gym: 0% (Closed) people=0 capacity=150 is_open=False hour_summary=Closed until 6:00am
[2026-08-03 03:00:04] Triton Esports Center: 0% (Closed) people=0 capacity=35 is_open=False hour_summary=closed
[2026-08-03 03:00:04] === SCRAPE END OK ===
[2026-08-03 03:15:02] === SCRAPE START ===
[2026-08-03 03:15:02] Fetching https://waitz.io/live/ucsd-rec
[2026-08-03 03:15:03] Saved 4 rows to ucsd_occupancy_history.csv
[2026-08-03 03:15:03] Main Gym Fitness Gym: 1% (Closed) people=1 capacity=72 is_open=False hour_summary=closed
[2026-08-03 03:15:03] Outback Climbing Center: 0% (Closed) people=0 capacity=30 is_open=False hour_summary=Closed until 2:00pm
[2026-08-03 03:15:03] RIMAC Fitness Gym: 0% (Closed) people=0 capacity=150 is_open=False hour_summary=Closed until 6:00am
[2026-08-03 03:15:03] Triton Esports Center: 0% (Closed) people=0 capacity=35 is_open=False hour_summary=closed
[2026-08-03 03:15:03] === SCRAPE END OK ===
[2026-08-03 03:30:02] === SCRAPE START ===
[2026-08-03 03:30:02] Fetching https://waitz.io/live/ucsd-rec
[2026-08-03 03:30:04] Saved 4 rows to ucsd_occupancy_history.csv
[2026-08-03 03:30:04] Main Gym Fitness Gym: 1% (Closed) people=1 capacity=72 is_open=False hour_summary=closed
[2026-08-03 03:30:04] Outback Climbing Center: 0% (Closed) people=0 capacity=30 is_open=False hour_summary=Closed until 2:00pm
[2026-08-03 03:30:04] RIMAC Fitness Gym: 0% (Closed) people=0 capacity=150 is_open=False hour_summary=Closed until 6:00am
[2026-08-03 03:30:04] Triton Esports Center: 0% (Closed) people=0 capacity=35 is_open=False hour_summary=closed
[2026-08-03 03:30:04] === SCRAPE END OK ===
[2026-08-03 03:45:02] === SCRAPE START ===
[2026-08-03 03:45:02] Fetching https://waitz.io/live/ucsd-rec
[2026-08-03 03:45:03] Saved 4 rows to ucsd_occupancy_history.csv
[2026-08-03 03:45:03] Main Gym Fitness Gym: 1% (Closed) people=1 capacity=72 is_open=False hour_summary=closed
[2026-08-03 03:45:03] Outback Climbing Center: 0% (Closed) people=0 capacity=30 is_open=False hour_summary=Closed until 2:00pm
[2026-08-03 03:45:03] RIMAC Fitness Gym: 0% (Closed) people=0 capacity=150 is_open=False hour_summary=Closed until 6:00am
[2026-08-03 03:45:03] Triton Esports Center: 0% (Closed) people=0 capacity=35 is_open=False hour_summary=closed
[2026-08-03 03:45:03] === SCRAPE END OK ===
[2026-08-03 04:00:02] === SCRAPE START ===
[2026-08-03 04:00:02] Fetching https://waitz.io/live/ucsd-rec
[2026-08-03 04:00:03] Saved 4 rows to ucsd_occupancy_history.csv
[2026-08-03 04:00:03] Main Gym Fitness Gym: 0% (Closed) people=0 capacity=72 is_open=False hour_summary=closed
[2026-08-03 04:00:03] Outback Climbing Center: 0% (Closed) people=0 capacity=30 is_open=False hour_summary=Closed until 2:00pm
[2026-08-03 04:00:03] RIMAC Fitness Gym: 0% (Closed) people=0 capacity=150 is_open=False hour_summary=Closed until 6:00am
[2026-08-03 04:00:03] Triton Esports Center: 0% (Closed) people=0 capacity=35 is_open=False hour_summary=closed
[2026-08-03 04:00:03] === SCRAPE END OK ===
[2026-08-03 04:15:02] === SCRAPE START ===
[2026-08-03 04:15:02] Fetching https://waitz.io/live/ucsd-rec
[2026-08-03 04:15:03] Saved 4 rows to ucsd_occupancy_history.csv
[2026-08-03 04:15:03] Main Gym Fitness Gym: 1% (Closed) people=1 capacity=72 is_open=False hour_summary=closed
[2026-08-03 04:15:03] Outback Climbing Center: 0% (Closed) people=0 capacity=30 is_open=False hour_summary=Closed until 2:00pm
[2026-08-03 04:15:03] RIMAC Fitness Gym: 0% (Closed) people=0 capacity=150 is_open=False hour_summary=Closed until 6:00am
[2026-08-03 04:15:03] Triton Esports Center: 0% (Closed) people=0 capacity=35 is_open=False hour_summary=closed
[2026-08-03 04:15:03] === SCRAPE END OK ===
[2026-08-03 04:30:02] === SCRAPE START ===
[2026-08-03 04:30:02] Fetching https://waitz.io/live/ucsd-rec
[2026-08-03 04:30:04] Saved 4 rows to ucsd_occupancy_history.csv
[2026-08-03 04:30:04] Main Gym Fitness Gym: 1% (Closed) people=1 capacity=72 is_open=False hour_summary=closed
[2026-08-03 04:30:04] Outback Climbing Center: 3% (Closed) people=1 capacity=30 is_open=False hour_summary=Closed until 2:00pm
[2026-08-03 04:30:04] RIMAC Fitness Gym: 0% (Closed) people=0 capacity=150 is_open=False hour_summary=Closed until 6:00am
[2026-08-03 04:30:04] Triton Esports Center: 0% (Closed) people=0 capacity=35 is_open=False hour_summary=closed
[2026-08-03 04:30:04] === SCRAPE END OK ===
[2026-08-03 04:45:02] === SCRAPE START ===
[2026-08-03 04:45:02] Fetching https://waitz.io/live/ucsd-rec
[2026-08-03 04:45:03] Saved 4 rows to ucsd_occupancy_history.csv
[2026-08-03 04:45:03] Main Gym Fitness Gym: 1% (Closed) people=1 capacity=72 is_open=False hour_summary=closed
[2026-08-03 04:45:03] Outback Climbing Center: 0% (Closed) people=0 capacity=30 is_open=False hour_summary=Closed until 2:00pm
[2026-08-03 04:45:03] RIMAC Fitness Gym: 0% (Closed) people=0 capacity=150 is_open=False hour_summary=Closed until 6:00am
[2026-08-03 04:45:03] Triton Esports Center: 0% (Closed) people=0 capacity=35 is_open=False hour_summary=closed
[2026-08-03 04:45:03] === SCRAPE END OK ===
[2026-08-03 05:00:02] === SCRAPE START ===
[2026-08-03 05:00:02] Fetching https://waitz.io/live/ucsd-rec
[2026-08-03 05:00:03] Saved 4 rows to ucsd_occupancy_history.csv
[2026-08-03 05:00:03] Main Gym Fitness Gym: 1% (Closed) people=1 capacity=72 is_open=False hour_summary=closed
[2026-08-03 05:00:03] Outback Climbing Center: 0% (Closed) people=0 capacity=30 is_open=False hour_summary=Closed until 2:00pm
[2026-08-03 05:00:03] RIMAC Fitness Gym: 1% (Closed) people=2 capacity=150 is_open=False hour_summary=Closed until 6:00am
[2026-08-03 05:00:03] Triton Esports Center: 0% (Closed) people=0 capacity=35 is_open=False hour_summary=closed
[2026-08-03 05:00:03] === SCRAPE END OK ===
[2026-08-03 05:15:02] === SCRAPE START ===
[2026-08-03 05:15:02] Fetching https://waitz.io/live/ucsd-rec
[2026-08-03 05:15:03] Saved 4 rows to ucsd_occupancy_history.csv
[2026-08-03 05:15:03] Main Gym Fitness Gym: 0% (Closed) people=0 capacity=72 is_open=False hour_summary=closed
[2026-08-03 05:15:03] Outback Climbing Center: 0% (Closed) people=0 capacity=30 is_open=False hour_summary=Closed until 2:00pm
[2026-08-03 05:15:03] RIMAC Fitness Gym: 0% (Closed) people=0 capacity=150 is_open=False hour_summary=Closed until 6:00am
[2026-08-03 05:15:03] Triton Esports Center: 0% (Closed) people=0 capacity=35 is_open=False hour_summary=closed
[2026-08-03 05:15:03] === SCRAPE END OK ===
[2026-08-03 05:30:03] === SCRAPE START ===
[2026-08-03 05:30:03] Fetching https://waitz.io/live/ucsd-rec
[2026-08-03 05:30:04] Saved 4 rows to ucsd_occupancy_history.csv
[2026-08-03 05:30:04] Main Gym Fitness Gym: 0% (Closed) people=0 capacity=72 is_open=False hour_summary=closed
[2026-08-03 05:30:04] Outback Climbing Center: 0% (Closed) people=0 capacity=30 is_open=False hour_summary=Closed until 2:00pm
[2026-08-03 05:30:04] RIMAC Fitness Gym: 0% (Closed) people=0 capacity=150 is_open=False hour_summary=Closed until 6:00am
[2026-08-03 05:30:04] Triton Esports Center: 0% (Closed) people=0 capacity=35 is_open=False hour_summary=closed
[2026-08-03 05:30:04] === SCRAPE END OK ===
[2026-08-03 05:45:02] === SCRAPE START ===
[2026-08-03 05:45:02] Fetching https://waitz.io/live/ucsd-rec
[2026-08-03 05:45:03] Saved 4 rows to ucsd_occupancy_history.csv
[2026-08-03 05:45:03] Main Gym Fitness Gym: 1% (Closed) people=1 capacity=72 is_open=False hour_summary=closed
[2026-08-03 05:45:03] Outback Climbing Center: 0% (Closed) people=0 capacity=30 is_open=False hour_summary=Closed until 2:00pm
[2026-08-03 05:45:03] RIMAC Fitness Gym: 1% (Closed) people=2 capacity=150 is_open=False hour_summary=Closed until 6:00am
[2026-08-03 05:45:03] Triton Esports Center: 0% (Closed) people=0 capacity=35 is_open=False hour_summary=closed
[2026-08-03 05:45:03] === SCRAPE END OK ===
[2026-08-03 06:00:02] === SCRAPE START ===
[2026-08-03 06:00:02] Fetching https://waitz.io/live/ucsd-rec
[2026-08-03 06:00:03] Saved 4 rows to ucsd_occupancy_history.csv
[2026-08-03 06:00:03] Main Gym Fitness Gym: 1% (Closed) people=1 capacity=72 is_open=False hour_summary=closed
[2026-08-03 06:00:03] Outback Climbing Center: 3% (Closed) people=1 capacity=30 is_open=False hour_summary=Closed until 2:00pm
[2026-08-03 06:00:03] RIMAC Fitness Gym: 1% (Not Busy) people=2 capacity=150 is_open=True hour_summary=open
[2026-08-03 06:00:03] Triton Esports Center: 0% (Closed) people=0 capacity=35 is_open=False hour_summary=closed
[2026-08-03 06:00:03] === SCRAPE END OK ===
[2026-08-03 06:15:02] === SCRAPE START ===
[2026-08-03 06:15:02] Fetching https://waitz.io/live/ucsd-rec
[2026-08-03 06:15:03] Saved 4 rows to ucsd_occupancy_history.csv
[2026-08-03 06:15:03] Main Gym Fitness Gym: 0% (Closed) people=0 capacity=72 is_open=False hour_summary=closed
[2026-08-03 06:15:03] Outback Climbing Center: 3% (Closed) people=1 capacity=30 is_open=False hour_summary=Closed until 2:00pm
[2026-08-03 06:15:03] RIMAC Fitness Gym: 9% (Not Busy) people=14 capacity=150 is_open=True hour_summary=open
[2026-08-03 06:15:03] Triton Esports Center: 0% (Closed) people=0 capacity=35 is_open=False hour_summary=closed
[2026-08-03 06:15:03] === SCRAPE END OK ===
[2026-08-03 06:30:02] === SCRAPE START ===
[2026-08-03 06:30:02] Fetching https://waitz.io/live/ucsd-rec
[2026-08-03 06:30:04] Saved 4 rows to ucsd_occupancy_history.csv
[2026-08-03 06:30:04] Main Gym Fitness Gym: 0% (Closed) people=0 capacity=72 is_open=False hour_summary=closed
[2026-08-03 06:30:04] Outback Climbing Center: 0% (Closed) people=0 capacity=30 is_open=False hour_summary=Closed until 2:00pm
[2026-08-03 06:30:04] RIMAC Fitness Gym: 12% (Not Busy) people=18 capacity=150 is_open=True hour_summary=open
[2026-08-03 06:30:04] Triton Esports Center: 0% (Closed) people=0 capacity=35 is_open=False hour_summary=closed
[2026-08-03 06:30:04] === SCRAPE END OK ===
[2026-08-03 06:45:02] === SCRAPE START ===
[2026-08-03 06:45:02] Fetching https://waitz.io/live/ucsd-rec
[2026-08-03 06:45:02] Saved 4 rows to ucsd_occupancy_history.csv
[2026-08-03 06:45:02] Main Gym Fitness Gym: 1% (Closed) people=1 capacity=72 is_open=False hour_summary=closed
[2026-08-03 06:45:02] Outback Climbing Center: 0% (Closed) people=0 capacity=30 is_open=False hour_summary=Closed until 2:00pm
[2026-08-03 06:45:02] RIMAC Fitness Gym: 17% (Not Busy) people=26 capacity=150 is_open=True hour_summary=open
[2026-08-03 06:45:02] Triton Esports Center: 0% (Closed) people=0 capacity=35 is_open=False hour_summary=closed
[2026-08-03 06:45:02] === SCRAPE END OK ===
[2026-08-03 07:00:02] === SCRAPE START ===
[2026-08-03 07:00:02] Fetching https://waitz.io/live/ucsd-rec
[2026-08-03 07:00:03] Saved 4 rows to ucsd_occupancy_history.csv
[2026-08-03 07:00:03] Main Gym Fitness Gym: 0% (Closed) people=0 capacity=72 is_open=False hour_summary=closed
[2026-08-03 07:00:03] Outback Climbing Center: 0% (Closed) people=0 capacity=30 is_open=False hour_summary=Closed until 2:00pm
[2026-08-03 07:00:03] RIMAC Fitness Gym: 16% (Not Busy) people=24 capacity=150 is_open=True hour_summary=open
[2026-08-03 07:00:03] Triton Esports Center: 0% (Closed) people=0 capacity=35 is_open=False hour_summary=closed
[2026-08-03 07:00:03] === SCRAPE END OK ===
[2026-08-03 07:15:02] === SCRAPE START ===
[2026-08-03 07:15:02] Fetching https://waitz.io/live/ucsd-rec
[2026-08-03 07:15:03] Saved 4 rows to ucsd_occupancy_history.csv
[2026-08-03 07:15:03] Main Gym Fitness Gym: 1% (Closed) people=1 capacity=72 is_open=False hour_summary=closed
[2026-08-03 07:15:03] Outback Climbing Center: 0% (Closed) people=0 capacity=30 is_open=False hour_summary=Closed until 2:00pm
[2026-08-03 07:15:03] RIMAC Fitness Gym: 14% (Not Busy) people=21 capacity=150 is_open=True hour_summary=open
[2026-08-03 07:15:03] Triton Esports Center: 0% (Closed) people=0 capacity=35 is_open=False hour_summary=closed
[2026-08-03 07:15:03] === SCRAPE END OK ===
[2026-08-03 07:30:02] === SCRAPE START ===
[2026-08-03 07:30:02] Fetching https://waitz.io/live/ucsd-rec
[2026-08-03 07:30:03] Saved 4 rows to ucsd_occupancy_history.csv
[2026-08-03 07:30:03] Main Gym Fitness Gym: 1% (Closed) people=1 capacity=72 is_open=False hour_summary=closed
[2026-08-03 07:30:03] Outback Climbing Center: 3% (Closed) people=1 capacity=30 is_open=False hour_summary=Closed until 2:00pm
[2026-08-03 07:30:03] RIMAC Fitness Gym: 9% (Not Busy) people=14 capacity=150 is_open=True hour_summary=open
[2026-08-03 07:30:03] Triton Esports Center: 0% (Closed) people=0 capacity=35 is_open=False hour_summary=closed
[2026-08-03 07:30:03] === SCRAPE END OK ===
[2026-08-03 07:45:03] === SCRAPE START ===
[2026-08-03 07:45:03] Fetching https://waitz.io/live/ucsd-rec
[2026-08-03 07:45:04] Saved 4 rows to ucsd_occupancy_history.csv
[2026-08-03 07:45:04] Main Gym Fitness Gym: 4% (Closed) people=3 capacity=72 is_open=False hour_summary=closed
[2026-08-03 07:45:04] Outback Climbing Center: 3% (Closed) people=1 capacity=30 is_open=False hour_summary=Closed until 2:00pm
[2026-08-03 07:45:04] RIMAC Fitness Gym: 10% (Not Busy) people=15 capacity=150 is_open=True hour_summary=open
[2026-08-03 07:45:04] Triton Esports Center: 0% (Closed) people=0 capacity=35 is_open=False hour_summary=closed
[2026-08-03 07:45:04] === SCRAPE END OK ===
[2026-08-03 08:00:02] === SCRAPE START ===
[2026-08-03 08:00:02] Fetching https://waitz.io/live/ucsd-rec
[2026-08-03 08:00:04] Saved 4 rows to ucsd_occupancy_history.csv
[2026-08-03 08:00:04] Main Gym Fitness Gym: 1% (Closed) people=1 capacity=72 is_open=False hour_summary=closed
[2026-08-03 08:00:04] Outback Climbing Center: 0% (Closed) people=0 capacity=30 is_open=False hour_summary=Closed until 2:00pm
[2026-08-03 08:00:04] RIMAC Fitness Gym: 13% (Not Busy) people=20 capacity=150 is_open=True hour_summary=open
[2026-08-03 08:00:04] Triton Esports Center: 0% (Closed) people=0 capacity=35 is_open=False hour_summary=closed
[2026-08-03 08:00:04] === SCRAPE END OK ===
[2026-08-03 08:15:02] === SCRAPE START ===
[2026-08-03 08:15:02] Fetching https://waitz.io/live/ucsd-rec
[2026-08-03 08:15:03] Saved 4 rows to ucsd_occupancy_history.csv
[2026-08-03 08:15:03] Main Gym Fitness Gym: 1% (Closed) people=1 capacity=72 is_open=False hour_summary=closed
[2026-08-03 08:15:03] Outback Climbing Center: 0% (Closed) people=0 capacity=30 is_open=False hour_summary=Closed until 2:00pm
[2026-08-03 08:15:03] RIMAC Fitness Gym: 15% (Not Busy) people=23 capacity=150 is_open=True hour_summary=open
[2026-08-03 08:15:03] Triton Esports Center: 0% (Closed) people=0 capacity=35 is_open=False hour_summary=closed
[2026-08-03 08:15:03] === SCRAPE END OK ===
[2026-08-03 08:30:02] === SCRAPE START ===
[2026-08-03 08:30:02] Fetching https://waitz.io/live/ucsd-rec
[2026-08-03 08:30:03] Saved 4 rows to ucsd_occupancy_history.csv
[2026-08-03 08:30:03] Main Gym Fitness Gym: 8% (Closed) people=6 capacity=72 is_open=False hour_summary=closed
[2026-08-03 08:30:03] Outback Climbing Center: 0% (Closed) people=0 capacity=30 is_open=False hour_summary=Closed until 2:00pm
[2026-08-03 08:30:03] RIMAC Fitness Gym: 16% (Not Busy) people=24 capacity=150 is_open=True hour_summary=open
[2026-08-03 08:30:03] Triton Esports Center: 0% (Closed) people=0 capacity=35 is_open=False hour_summary=closed
[2026-08-03 08:30:03] === SCRAPE END OK ===
[2026-08-03 08:45:02] === SCRAPE START ===
[2026-08-03 08:45:02] Fetching https://waitz.io/live/ucsd-rec
[2026-08-03 08:45:03] Saved 4 rows to ucsd_occupancy_history.csv
[2026-08-03 08:45:03] Main Gym Fitness Gym: 6% (Closed) people=4 capacity=72 is_open=False hour_summary=closed
[2026-08-03 08:45:03] Outback Climbing Center: 3% (Closed) people=1 capacity=30 is_open=False hour_summary=Closed until 2:00pm
[2026-08-03 08:45:03] RIMAC Fitness Gym: 10% (Not Busy) people=15 capacity=150 is_open=True hour_summary=open
[2026-08-03 08:45:03] Triton Esports Center: 0% (Closed) people=0 capacity=35 is_open=False hour_summary=closed
[2026-08-03 08:45:03] === SCRAPE END OK ===
[2026-08-03 09:00:02] === SCRAPE START ===
[2026-08-03 09:00:02] Fetching https://waitz.io/live/ucsd-rec
[2026-08-03 09:00:03] Saved 4 rows to ucsd_occupancy_history.csv
[2026-08-03 09:00:03] Main Gym Fitness Gym: 4% (Closed) people=3 capacity=72 is_open=False hour_summary=closed
[2026-08-03 09:00:03] Outback Climbing Center: 0% (Closed) people=0 capacity=30 is_open=False hour_summary=Closed until 2:00pm
[2026-08-03 09:00:03] RIMAC Fitness Gym: 13% (Not Busy) people=20 capacity=150 is_open=True hour_summary=open
[2026-08-03 09:00:03] Triton Esports Center: 0% (Closed) people=0 capacity=35 is_open=False hour_summary=closed
[2026-08-03 09:00:03] === SCRAPE END OK ===
[2026-08-03 09:15:02] === SCRAPE START ===
[2026-08-03 09:15:02] Fetching https://waitz.io/live/ucsd-rec
[2026-08-03 09:15:03] Saved 4 rows to ucsd_occupancy_history.csv
[2026-08-03 09:15:03] Main Gym Fitness Gym: 31% (Closed) people=22 capacity=72 is_open=False hour_summary=closed
[2026-08-03 09:15:03] Outback Climbing Center: 3% (Closed) people=1 capacity=30 is_open=False hour_summary=Closed until 2:00pm
[2026-08-03 09:15:03] RIMAC Fitness Gym: 11% (Not Busy) people=17 capacity=150 is_open=True hour_summary=open
[2026-08-03 09:15:03] Triton Esports Center: 0% (Closed) people=0 capacity=35 is_open=False hour_summary=closed
[2026-08-03 09:15:03] === SCRAPE END OK ===
[2026-08-03 09:30:03] === SCRAPE START ===
[2026-08-03 09:30:03] Fetching https://waitz.io/live/ucsd-rec
[2026-08-03 09:30:03] Saved 4 rows to ucsd_occupancy_history.csv
[2026-08-03 09:30:03] Main Gym Fitness Gym: 43% (Closed) people=31 capacity=72 is_open=False hour_summary=closed
[2026-08-03 09:30:03] Outback Climbing Center: 0% (Closed) people=0 capacity=30 is_open=False hour_summary=Closed until 2:00pm
[2026-08-03 09:30:03] RIMAC Fitness Gym: 11% (Not Busy) people=17 capacity=150 is_open=True hour_summary=open
[2026-08-03 09:30:03] Triton Esports Center: 0% (Closed) people=0 capacity=35 is_open=False hour_summary=closed
[2026-08-03 09:30:03] === SCRAPE END OK ===
[2026-08-03 09:45:02] === SCRAPE START ===
[2026-08-03 09:45:02] Fetching https://waitz.io/live/ucsd-rec
[2026-08-03 09:45:02] Saved 4 rows to ucsd_occupancy_history.csv
[2026-08-03 09:45:02] Main Gym Fitness Gym: 36% (Closed) people=26 capacity=72 is_open=False hour_summary=closed
[2026-08-03 09:45:02] Outback Climbing Center: 0% (Closed) people=0 capacity=30 is_open=False hour_summary=Closed until 2:00pm
[2026-08-03 09:45:02] RIMAC Fitness Gym: 12% (Not Busy) people=18 capacity=150 is_open=True hour_summary=open
[2026-08-03 09:45:02] Triton Esports Center: 0% (Closed) people=0 capacity=35 is_open=False hour_summary=closed
[2026-08-03 09:45:02] === SCRAPE END OK ===
[2026-08-03 10:00:02] === SCRAPE START ===
[2026-08-03 10:00:02] Fetching https://waitz.io/live/ucsd-rec
[2026-08-03 10:00:03] Saved 4 rows to ucsd_occupancy_history.csv
[2026-08-03 10:00:03] Main Gym Fitness Gym: 28% (Closed) people=20 capacity=72 is_open=False hour_summary=closed
[2026-08-03 10:00:03] Outback Climbing Center: 0% (Closed) people=0 capacity=30 is_open=False hour_summary=Closed until 2:00pm
[2026-08-03 10:00:03] RIMAC Fitness Gym: 19% (Not Busy) people=29 capacity=150 is_open=True hour_summary=open
[2026-08-03 10:00:03] Triton Esports Center: 0% (Closed) people=0 capacity=35 is_open=False hour_summary=closed
[2026-08-03 10:00:03] === SCRAPE END OK ===
[2026-08-03 10:15:02] === SCRAPE START ===
[2026-08-03 10:15:02] Fetching https://waitz.io/live/ucsd-rec
[2026-08-03 10:15:03] Saved 4 rows to ucsd_occupancy_history.csv
[2026-08-03 10:15:03] Main Gym Fitness Gym: 25% (Closed) people=18 capacity=72 is_open=False hour_summary=closed
[2026-08-03 10:15:03] Outback Climbing Center: 0% (Closed) people=0 capacity=30 is_open=False hour_summary=Closed until 2:00pm
[2026-08-03 10:15:03] RIMAC Fitness Gym: 19% (Not Busy) people=29 capacity=150 is_open=True hour_summary=open
[2026-08-03 10:15:03] Triton Esports Center: 0% (Closed) people=0 capacity=35 is_open=False hour_summary=closed
[2026-08-03 10:15:03] === SCRAPE END OK ===
[2026-08-03 10:30:02] === SCRAPE START ===
[2026-08-03 10:30:02] Fetching https://waitz.io/live/ucsd-rec
[2026-08-03 10:30:03] Saved 4 rows to ucsd_occupancy_history.csv
[2026-08-03 10:30:03] Main Gym Fitness Gym: 24% (Closed) people=17 capacity=72 is_open=False hour_summary=closed
[2026-08-03 10:30:03] Outback Climbing Center: 0% (Closed) people=0 capacity=30 is_open=False hour_summary=Closed until 2:00pm
[2026-08-03 10:30:03] RIMAC Fitness Gym: 48% (Busy) people=24 capacity=50 is_open=True hour_summary=open
[2026-08-03 10:30:03] Triton Esports Center: 0% (Closed) people=0 capacity=35 is_open=False hour_summary=closed
[2026-08-03 10:30:03] === SCRAPE END OK ===
[2026-08-03 10:45:02] === SCRAPE START ===
[2026-08-03 10:45:02] Fetching https://waitz.io/live/ucsd-rec
[2026-08-03 10:45:02] Saved 4 rows to ucsd_occupancy_history.csv
[2026-08-03 10:45:02] Main Gym Fitness Gym: 25% (Closed) people=18 capacity=72 is_open=False hour_summary=closed
[2026-08-03 10:45:02] Outback Climbing Center: 0% (Closed) people=0 capacity=30 is_open=False hour_summary=Closed until 2:00pm
[2026-08-03 10:45:02] RIMAC Fitness Gym: 52% (Busy) people=26 capacity=50 is_open=True hour_summary=open
[2026-08-03 10:45:02] Triton Esports Center: 0% (Closed) people=0 capacity=35 is_open=False hour_summary=closed
[2026-08-03 10:45:02] === SCRAPE END OK ===
[2026-08-03 11:00:02] === SCRAPE START ===
[2026-08-03 11:00:02] Fetching https://waitz.io/live/ucsd-rec
[2026-08-03 11:00:04] Saved 4 rows to ucsd_occupancy_history.csv
[2026-08-03 11:00:04] Main Gym Fitness Gym: 36% (Closed) people=26 capacity=72 is_open=False hour_summary=closed
[2026-08-03 11:00:04] Outback Climbing Center: 0% (Closed) people=0 capacity=30 is_open=False hour_summary=Closed until 2:00pm
[2026-08-03 11:00:04] RIMAC Fitness Gym: 58% (Busy) people=29 capacity=50 is_open=True hour_summary=open
[2026-08-03 11:00:04] Triton Esports Center: 0% (Closed) people=0 capacity=35 is_open=False hour_summary=closed
[2026-08-03 11:00:04] === SCRAPE END OK ===
[2026-08-03 11:15:02] === SCRAPE START ===
[2026-08-03 11:15:02] Fetching https://waitz.io/live/ucsd-rec
[2026-08-03 11:15:03] Saved 4 rows to ucsd_occupancy_history.csv
[2026-08-03 11:15:03] Main Gym Fitness Gym: 35% (Closed) people=25 capacity=72 is_open=False hour_summary=closed
[2026-08-03 11:15:03] Outback Climbing Center: 0% (Closed) people=0 capacity=30 is_open=False hour_summary=Closed until 2:00pm
[2026-08-03 11:15:03] RIMAC Fitness Gym: 46% (Busy) people=23 capacity=50 is_open=True hour_summary=open
[2026-08-03 11:15:03] Triton Esports Center: 0% (Closed) people=0 capacity=35 is_open=False hour_summary=closed
[2026-08-03 11:15:03] === SCRAPE END OK ===
[2026-08-03 11:30:02] === SCRAPE START ===
[2026-08-03 11:30:02] Fetching https://waitz.io/live/ucsd-rec
[2026-08-03 11:30:03] Saved 4 rows to ucsd_occupancy_history.csv
[2026-08-03 11:30:03] Main Gym Fitness Gym: 38% (Closed) people=27 capacity=72 is_open=False hour_summary=closed
[2026-08-03 11:30:03] Outback Climbing Center: 0% (Closed) people=0 capacity=30 is_open=False hour_summary=Closed until 2:00pm
[2026-08-03 11:30:03] RIMAC Fitness Gym: 44% (Not Busy) people=22 capacity=50 is_open=True hour_summary=open
[2026-08-03 11:30:03] Triton Esports Center: 0% (Closed) people=0 capacity=35 is_open=False hour_summary=closed
[2026-08-03 11:30:03] === SCRAPE END OK ===
[2026-08-03 11:45:02] === SCRAPE START ===
[2026-08-03 11:45:02] Fetching https://waitz.io/live/ucsd-rec
[2026-08-03 11:45:03] Saved 4 rows to ucsd_occupancy_history.csv
[2026-08-03 11:45:03] Main Gym Fitness Gym: 36% (Closed) people=26 capacity=72 is_open=False hour_summary=closed
[2026-08-03 11:45:03] Outback Climbing Center: 0% (Closed) people=0 capacity=30 is_open=False hour_summary=Closed until 2:00pm
[2026-08-03 11:45:03] RIMAC Fitness Gym: 42% (Not Busy) people=21 capacity=50 is_open=True hour_summary=open
[2026-08-03 11:45:03] Triton Esports Center: 0% (Closed) people=0 capacity=35 is_open=False hour_summary=closed
[2026-08-03 11:45:03] === SCRAPE END OK ===
[2026-08-03 12:00:02] === SCRAPE START ===
[2026-08-03 12:00:02] Fetching https://waitz.io/live/ucsd-rec
[2026-08-03 12:00:03] Saved 4 rows to ucsd_occupancy_history.csv
[2026-08-03 12:00:03] Main Gym Fitness Gym: 38% (Closed) people=27 capacity=72 is_open=False hour_summary=closed
[2026-08-03 12:00:03] Outback Climbing Center: 0% (Closed) people=0 capacity=30 is_open=False hour_summary=Closed until 2:00pm
[2026-08-03 12:00:03] RIMAC Fitness Gym: 44% (Not Busy) people=22 capacity=50 is_open=True hour_summary=open
[2026-08-03 12:00:03] Triton Esports Center: 0% (Closed) people=0 capacity=35 is_open=False hour_summary=closed
[2026-08-03 12:00:03] === SCRAPE END OK ===
[2026-08-03 12:15:02] === SCRAPE START ===
[2026-08-03 12:15:02] Fetching https://waitz.io/live/ucsd-rec
[2026-08-03 12:15:03] Saved 4 rows to ucsd_occupancy_history.csv
[2026-08-03 12:15:03] Main Gym Fitness Gym: 15% (Closed) people=11 capacity=72 is_open=False hour_summary=closed
[2026-08-03 12:15:03] Outback Climbing Center: 0% (Closed) people=0 capacity=30 is_open=False hour_summary=Closed until 2:00pm
[2026-08-03 12:15:03] RIMAC Fitness Gym: 44% (Not Busy) people=22 capacity=50 is_open=True hour_summary=open
[2026-08-03 12:15:03] Triton Esports Center: 0% (Closed) people=0 capacity=35 is_open=False hour_summary=closed
[2026-08-03 12:15:03] === SCRAPE END OK ===
[2026-08-03 12:30:02] === SCRAPE START ===
[2026-08-03 12:30:02] Fetching https://waitz.io/live/ucsd-rec
[2026-08-03 12:30:03] Saved 4 rows to ucsd_occupancy_history.csv
[2026-08-03 12:30:03] Main Gym Fitness Gym: 14% (Closed) people=10 capacity=72 is_open=False hour_summary=closed
[2026-08-03 12:30:03] Outback Climbing Center: 0% (Closed) people=0 capacity=30 is_open=False hour_summary=Closed until 2:00pm
[2026-08-03 12:30:03] RIMAC Fitness Gym: 36% (Not Busy) people=18 capacity=50 is_open=True hour_summary=open
[2026-08-03 12:30:03] Triton Esports Center: 0% (Closed) people=0 capacity=35 is_open=False hour_summary=closed
[2026-08-03 12:30:03] === SCRAPE END OK ===
[2026-08-03 12:45:02] === SCRAPE START ===
[2026-08-03 12:45:02] Fetching https://waitz.io/live/ucsd-rec
[2026-08-03 12:45:03] Saved 4 rows to ucsd_occupancy_history.csv
[2026-08-03 12:45:03] Main Gym Fitness Gym: 14% (Closed) people=10 capacity=72 is_open=False hour_summary=closed
[2026-08-03 12:45:03] Outback Climbing Center: 0% (Closed) people=0 capacity=30 is_open=False hour_summary=Closed until 2:00pm
[2026-08-03 12:45:03] RIMAC Fitness Gym: 0% (Data Unavailable) people=0 capacity=50 is_open=True hour_summary=open
[2026-08-03 12:45:03] Triton Esports Center: 0% (Closed) people=0 capacity=35 is_open=False hour_summary=closed
[2026-08-03 12:45:03] === SCRAPE END OK ===
[2026-08-03 13:00:02] === SCRAPE START ===
[2026-08-03 13:00:02] Fetching https://waitz.io/live/ucsd-rec
[2026-08-03 13:00:03] Saved 4 rows to ucsd_occupancy_history.csv
[2026-08-03 13:00:03] Main Gym Fitness Gym: 7% (Closed) people=5 capacity=72 is_open=False hour_summary=closed
[2026-08-03 13:00:03] Outback Climbing Center: 0% (Closed) people=0 capacity=30 is_open=False hour_summary=Closed until 2:00pm
[2026-08-03 13:00:03] RIMAC Fitness Gym: 54% (Busy) people=27 capacity=50 is_open=True hour_summary=open
[2026-08-03 13:00:03] Triton Esports Center: 0% (Closed) people=0 capacity=35 is_open=False hour_summary=closed
[2026-08-03 13:00:03] === SCRAPE END OK ===
[2026-08-03 13:15:02] === SCRAPE START ===
[2026-08-03 13:15:02] Fetching https://waitz.io/live/ucsd-rec
[2026-08-03 13:15:03] Saved 4 rows to ucsd_occupancy_history.csv
[2026-08-03 13:15:03] Main Gym Fitness Gym: 3% (Closed) people=2 capacity=72 is_open=False hour_summary=closed
[2026-08-03 13:15:03] Outback Climbing Center: 0% (Closed) people=0 capacity=30 is_open=False hour_summary=Closed until 2:00pm
[2026-08-03 13:15:03] RIMAC Fitness Gym: 50% (Busy) people=25 capacity=50 is_open=True hour_summary=open
[2026-08-03 13:15:03] Triton Esports Center: 0% (Closed) people=0 capacity=35 is_open=False hour_summary=closed
[2026-08-03 13:15:03] === SCRAPE END OK ===
[2026-08-03 13:30:02] === SCRAPE START ===
[2026-08-03 13:30:02] Fetching https://waitz.io/live/ucsd-rec
[2026-08-03 13:30:03] Saved 4 rows to ucsd_occupancy_history.csv
[2026-08-03 13:30:03] Main Gym Fitness Gym: 4% (Closed) people=3 capacity=72 is_open=False hour_summary=closed
[2026-08-03 13:30:03] Outback Climbing Center: 0% (Closed) people=0 capacity=30 is_open=False hour_summary=Closed until 2:00pm
[2026-08-03 13:30:03] RIMAC Fitness Gym: 44% (Not Busy) people=22 capacity=50 is_open=True hour_summary=open
[2026-08-03 13:30:03] Triton Esports Center: 0% (Closed) people=0 capacity=35 is_open=False hour_summary=closed
[2026-08-03 13:30:03] === SCRAPE END OK ===
[2026-08-03 13:45:02] === SCRAPE START ===
[2026-08-03 13:45:02] Fetching https://waitz.io/live/ucsd-rec
[2026-08-03 13:45:03] Saved 4 rows to ucsd_occupancy_history.csv
[2026-08-03 13:45:03] Main Gym Fitness Gym: 15% (Closed) people=11 capacity=72 is_open=False hour_summary=closed
[2026-08-03 13:45:03] Outback Climbing Center: 0% (Closed) people=0 capacity=30 is_open=False hour_summary=Closed until 2:00pm
[2026-08-03 13:45:03] RIMAC Fitness Gym: 34% (Not Busy) people=17 capacity=50 is_open=True hour_summary=open
[2026-08-03 13:45:03] Triton Esports Center: 0% (Closed) people=0 capacity=35 is_open=False hour_summary=closed
[2026-08-03 13:45:03] === SCRAPE END OK ===
[2026-08-03 14:00:02] === SCRAPE START ===
[2026-08-03 14:00:02] Fetching https://waitz.io/live/ucsd-rec
[2026-08-03 14:00:03] Saved 4 rows to ucsd_occupancy_history.csv
[2026-08-03 14:00:03] Main Gym Fitness Gym: 14% (Closed) people=10 capacity=72 is_open=False hour_summary=closed
[2026-08-03 14:00:03] Outback Climbing Center: 37% (Not Busy) people=11 capacity=30 is_open=True hour_summary=open
[2026-08-03 14:00:03] RIMAC Fitness Gym: 34% (Not Busy) people=17 capacity=50 is_open=True hour_summary=open
[2026-08-03 14:00:03] Triton Esports Center: 0% (Closed) people=0 capacity=35 is_open=False hour_summary=closed
[2026-08-03 14:00:03] === SCRAPE END OK ===
[2026-08-03 14:15:02] === SCRAPE START ===
[2026-08-03 14:15:02] Fetching https://waitz.io/live/ucsd-rec
[2026-08-03 14:15:03] Saved 4 rows to ucsd_occupancy_history.csv
[2026-08-03 14:15:03] Main Gym Fitness Gym: 8% (Closed) people=6 capacity=72 is_open=False hour_summary=closed
[2026-08-03 14:15:03] Outback Climbing Center: 73% (Busy) people=22 capacity=30 is_open=True hour_summary=open
[2026-08-03 14:15:03] RIMAC Fitness Gym: 24% (Not Busy) people=12 capacity=50 is_open=True hour_summary=open
[2026-08-03 14:15:03] Triton Esports Center: 0% (Closed) people=0 capacity=35 is_open=False hour_summary=closed
[2026-08-03 14:15:03] === SCRAPE END OK ===
[2026-08-03 14:30:02] === SCRAPE START ===
[2026-08-03 14:30:02] Fetching https://waitz.io/live/ucsd-rec
[2026-08-03 14:30:04] Saved 4 rows to ucsd_occupancy_history.csv
[2026-08-03 14:30:04] Main Gym Fitness Gym: 4% (Closed) people=3 capacity=72 is_open=False hour_summary=closed
[2026-08-03 14:30:04] Outback Climbing Center: 60% (Busy) people=18 capacity=30 is_open=True hour_summary=open
[2026-08-03 14:30:04] RIMAC Fitness Gym: 30% (Not Busy) people=15 capacity=50 is_open=True hour_summary=open
[2026-08-03 14:30:04] Triton Esports Center: 0% (Closed) people=0 capacity=35 is_open=False hour_summary=closed
[2026-08-03 14:30:04] === SCRAPE END OK ===
[2026-08-03 14:45:02] === SCRAPE START ===
[2026-08-03 14:45:02] Fetching https://waitz.io/live/ucsd-rec
[2026-08-03 14:45:03] Saved 4 rows to ucsd_occupancy_history.csv
[2026-08-03 14:45:03] Main Gym Fitness Gym: 11% (Closed) people=8 capacity=72 is_open=False hour_summary=closed
[2026-08-03 14:45:03] Outback Climbing Center: 63% (Busy) people=19 capacity=30 is_open=True hour_summary=open
[2026-08-03 14:45:03] RIMAC Fitness Gym: 46% (Busy) people=23 capacity=50 is_open=True hour_summary=open
[2026-08-03 14:45:03] Triton Esports Center: 0% (Closed) people=0 capacity=35 is_open=False hour_summary=closed
[2026-08-03 14:45:03] === SCRAPE END OK ===
[2026-08-03 15:00:02] === SCRAPE START ===
[2026-08-03 15:00:02] Fetching https://waitz.io/live/ucsd-rec
[2026-08-03 15:00:03] Saved 4 rows to ucsd_occupancy_history.csv
[2026-08-03 15:00:03] Main Gym Fitness Gym: 11% (Closed) people=8 capacity=72 is_open=False hour_summary=closed
[2026-08-03 15:00:03] Outback Climbing Center: 57% (Busy) people=17 capacity=30 is_open=True hour_summary=open
[2026-08-03 15:00:03] RIMAC Fitness Gym: 56% (Busy) people=28 capacity=50 is_open=True hour_summary=open
[2026-08-03 15:00:03] Triton Esports Center: 0% (Closed) people=0 capacity=35 is_open=False hour_summary=closed
[2026-08-03 15:00:03] === SCRAPE END OK ===
[2026-08-03 15:15:02] === SCRAPE START ===
[2026-08-03 15:15:02] Fetching https://waitz.io/live/ucsd-rec
[2026-08-03 15:15:03] Saved 4 rows to ucsd_occupancy_history.csv
[2026-08-03 15:15:03] Main Gym Fitness Gym: 8% (Closed) people=6 capacity=72 is_open=False hour_summary=closed
[2026-08-03 15:15:03] Outback Climbing Center: 57% (Busy) people=17 capacity=30 is_open=True hour_summary=open
[2026-08-03 15:15:03] RIMAC Fitness Gym: 60% (Busy) people=30 capacity=50 is_open=True hour_summary=open
[2026-08-03 15:15:03] Triton Esports Center: 0% (Closed) people=0 capacity=35 is_open=False hour_summary=closed
[2026-08-03 15:15:03] === SCRAPE END OK ===
[2026-08-03 15:30:02] === SCRAPE START ===
[2026-08-03 15:30:02] Fetching https://waitz.io/live/ucsd-rec
[2026-08-03 15:30:04] Saved 4 rows to ucsd_occupancy_history.csv
[2026-08-03 15:30:04] Main Gym Fitness Gym: 18% (Closed) people=13 capacity=72 is_open=False hour_summary=closed
[2026-08-03 15:30:04] Outback Climbing Center: 83% (Very Active) people=25 capacity=30 is_open=True hour_summary=open
[2026-08-03 15:30:04] RIMAC Fitness Gym: 58% (Busy) people=29 capacity=50 is_open=True hour_summary=open
[2026-08-03 15:30:04] Triton Esports Center: 0% (Closed) people=0 capacity=35 is_open=False hour_summary=closed
[2026-08-03 15:30:04] === SCRAPE END OK ===
[2026-08-03 15:45:03] === SCRAPE START ===
[2026-08-03 15:45:03] Fetching https://waitz.io/live/ucsd-rec
[2026-08-03 15:45:04] Saved 4 rows to ucsd_occupancy_history.csv
[2026-08-03 15:45:04] Main Gym Fitness Gym: 15% (Closed) people=11 capacity=72 is_open=False hour_summary=closed
[2026-08-03 15:45:04] Outback Climbing Center: 87% (Very Active) people=26 capacity=30 is_open=True hour_summary=open
[2026-08-03 15:45:04] RIMAC Fitness Gym: 68% (Busy) people=34 capacity=50 is_open=True hour_summary=open
[2026-08-03 15:45:04] Triton Esports Center: 0% (Closed) people=0 capacity=35 is_open=False hour_summary=closed
[2026-08-03 15:45:04] === SCRAPE END OK ===
[2026-08-03 16:00:02] === SCRAPE START ===
[2026-08-03 16:00:02] Fetching https://waitz.io/live/ucsd-rec
[2026-08-03 16:00:03] Saved 4 rows to ucsd_occupancy_history.csv
[2026-08-03 16:00:03] Main Gym Fitness Gym: 14% (Closed) people=10 capacity=72 is_open=False hour_summary=closed
[2026-08-03 16:00:03] Outback Climbing Center: 99% (Very Active) people=30 capacity=30 is_open=True hour_summary=open
[2026-08-03 16:00:03] RIMAC Fitness Gym: 66% (Busy) people=33 capacity=50 is_open=True hour_summary=open
[2026-08-03 16:00:03] Triton Esports Center: 0% (Closed) people=0 capacity=35 is_open=False hour_summary=closed
[2026-08-03 16:00:03] === SCRAPE END OK ===
[2026-08-03 16:15:02] === SCRAPE START ===
[2026-08-03 16:15:02] Fetching https://waitz.io/live/ucsd-rec
[2026-08-03 16:15:03] Saved 4 rows to ucsd_occupancy_history.csv
[2026-08-03 16:15:03] Main Gym Fitness Gym: 13% (Closed) people=9 capacity=72 is_open=False hour_summary=closed
[2026-08-03 16:15:03] Outback Climbing Center: 99% (Very Active) people=30 capacity=30 is_open=True hour_summary=open
[2026-08-03 16:15:03] RIMAC Fitness Gym: 48% (Busy) people=24 capacity=50 is_open=True hour_summary=open
[2026-08-03 16:15:03] Triton Esports Center: 0% (Closed) people=0 capacity=35 is_open=False hour_summary=closed
[2026-08-03 16:15:03] === SCRAPE END OK ===
[2026-08-03 16:30:02] === SCRAPE START ===
[2026-08-03 16:30:02] Fetching https://waitz.io/live/ucsd-rec
[2026-08-03 16:30:04] Saved 4 rows to ucsd_occupancy_history.csv
[2026-08-03 16:30:04] Main Gym Fitness Gym: 6% (Closed) people=4 capacity=72 is_open=False hour_summary=closed
[2026-08-03 16:30:04] Outback Climbing Center: 99% (Very Active) people=30 capacity=30 is_open=True hour_summary=open
[2026-08-03 16:30:04] RIMAC Fitness Gym: 36% (Not Busy) people=18 capacity=50 is_open=True hour_summary=open
[2026-08-03 16:30:04] Triton Esports Center: 0% (Closed) people=0 capacity=35 is_open=False hour_summary=closed
[2026-08-03 16:30:04] === SCRAPE END OK ===
[2026-08-03 16:45:02] === SCRAPE START ===
[2026-08-03 16:45:02] Fetching https://waitz.io/live/ucsd-rec
[2026-08-03 16:45:02] Saved 4 rows to ucsd_occupancy_history.csv
[2026-08-03 16:45:02] Main Gym Fitness Gym: 11% (Closed) people=8 capacity=72 is_open=False hour_summary=closed
[2026-08-03 16:45:02] Outback Climbing Center: 99% (Very Active) people=30 capacity=30 is_open=True hour_summary=open
[2026-08-03 16:45:02] RIMAC Fitness Gym: 48% (Busy) people=24 capacity=50 is_open=True hour_summary=open
[2026-08-03 16:45:02] Triton Esports Center: 0% (Closed) people=0 capacity=35 is_open=False hour_summary=closed
[2026-08-03 16:45:02] === SCRAPE END OK ===
[2026-08-03 17:00:02] === SCRAPE START ===
[2026-08-03 17:00:02] Fetching https://waitz.io/live/ucsd-rec
[2026-08-03 17:00:03] Saved 4 rows to ucsd_occupancy_history.csv
[2026-08-03 17:00:03] Main Gym Fitness Gym: 22% (Closed) people=16 capacity=72 is_open=False hour_summary=closed
[2026-08-03 17:00:03] Outback Climbing Center: 99% (Very Active) people=30 capacity=30 is_open=True hour_summary=open
[2026-08-03 17:00:03] RIMAC Fitness Gym: 58% (Busy) people=29 capacity=50 is_open=True hour_summary=open
[2026-08-03 17:00:03] Triton Esports Center: 0% (Closed) people=0 capacity=35 is_open=False hour_summary=closed
[2026-08-03 17:00:03] === SCRAPE END OK ===
[2026-08-03 17:15:02] === SCRAPE START ===
[2026-08-03 17:15:02] Fetching https://waitz.io/live/ucsd-rec
[2026-08-03 17:15:03] Saved 4 rows to ucsd_occupancy_history.csv
[2026-08-03 17:15:03] Main Gym Fitness Gym: 18% (Closed) people=13 capacity=72 is_open=False hour_summary=closed
[2026-08-03 17:15:03] Outback Climbing Center: 99% (Very Active) people=30 capacity=30 is_open=True hour_summary=open
[2026-08-03 17:15:03] RIMAC Fitness Gym: 56% (Busy) people=28 capacity=50 is_open=True hour_summary=open
[2026-08-03 17:15:03] Triton Esports Center: 0% (Closed) people=0 capacity=35 is_open=False hour_summary=closed
[2026-08-03 17:15:03] === SCRAPE END OK ===
[2026-08-03 17:30:02] === SCRAPE START ===
[2026-08-03 17:30:02] Fetching https://waitz.io/live/ucsd-rec
[2026-08-03 17:30:04] Saved 4 rows to ucsd_occupancy_history.csv
[2026-08-03 17:30:04] Main Gym Fitness Gym: 18% (Closed) people=13 capacity=72 is_open=False hour_summary=closed
[2026-08-03 17:30:04] Outback Climbing Center: 0% (Data Unavailable) people=0 capacity=30 is_open=True hour_summary=open
[2026-08-03 17:30:04] RIMAC Fitness Gym: 68% (Busy) people=34 capacity=50 is_open=True hour_summary=open
[2026-08-03 17:30:04] Triton Esports Center: 0% (Closed) people=0 capacity=35 is_open=False hour_summary=closed
[2026-08-03 17:30:04] === SCRAPE END OK ===
[2026-08-03 17:45:02] === SCRAPE START ===
[2026-08-03 17:45:02] Fetching https://waitz.io/live/ucsd-rec
[2026-08-03 17:45:02] Saved 4 rows to ucsd_occupancy_history.csv
[2026-08-03 17:45:02] Main Gym Fitness Gym: 22% (Closed) people=16 capacity=72 is_open=False hour_summary=closed
[2026-08-03 17:45:02] Outback Climbing Center: 0% (Data Unavailable) people=0 capacity=30 is_open=True hour_summary=open
[2026-08-03 17:45:02] RIMAC Fitness Gym: 76% (Busy) people=38 capacity=50 is_open=True hour_summary=open
[2026-08-03 17:45:02] Triton Esports Center: 0% (Closed) people=0 capacity=35 is_open=False hour_summary=closed
[2026-08-03 17:45:02] === SCRAPE END OK ===
[2026-08-03 18:00:01] === SCRAPE START ===
[2026-08-03 18:00:01] Fetching https://waitz.io/live/ucsd-rec
[2026-08-03 18:00:03] Saved 4 rows to ucsd_occupancy_history.csv
[2026-08-03 18:00:03] Main Gym Fitness Gym: 33% (Closed) people=24 capacity=72 is_open=False hour_summary=closed
[2026-08-03 18:00:03] Outback Climbing Center: 0% (Data Unavailable) people=0 capacity=30 is_open=True hour_summary=open
[2026-08-03 18:00:03] RIMAC Fitness Gym: 76% (Busy) people=38 capacity=50 is_open=True hour_summary=open
[2026-08-03 18:00:03] Triton Esports Center: 0% (Closed) people=0 capacity=35 is_open=False hour_summary=closed
[2026-08-03 18:00:03] === SCRAPE END OK ===
[2026-08-03 18:15:02] === SCRAPE START ===
[2026-08-03 18:15:02] Fetching https://waitz.io/live/ucsd-rec
[2026-08-03 18:15:03] Saved 4 rows to ucsd_occupancy_history.csv
[2026-08-03 18:15:03] Main Gym Fitness Gym: 38% (Closed) people=27 capacity=72 is_open=False hour_summary=closed
[2026-08-03 18:15:03] Outback Climbing Center: 0% (Data Unavailable) people=0 capacity=30 is_open=True hour_summary=open
[2026-08-03 18:15:03] RIMAC Fitness Gym: 72% (Busy) people=36 capacity=50 is_open=True hour_summary=open
[2026-08-03 18:15:03] Triton Esports Center: 0% (Closed) people=0 capacity=35 is_open=False hour_summary=closed
[2026-08-03 18:15:03] === SCRAPE END OK ===
[2026-08-03 18:30:02] === SCRAPE START ===
[2026-08-03 18:30:02] Fetching https://waitz.io/live/ucsd-rec
[2026-08-03 18:30:03] Saved 4 rows to ucsd_occupancy_history.csv
[2026-08-03 18:30:03] Main Gym Fitness Gym: 38% (Closed) people=27 capacity=72 is_open=False hour_summary=closed
[2026-08-03 18:30:03] Outback Climbing Center: 0% (Data Unavailable) people=0 capacity=30 is_open=True hour_summary=open
[2026-08-03 18:30:03] RIMAC Fitness Gym: 54% (Busy) people=27 capacity=50 is_open=True hour_summary=open
[2026-08-03 18:30:03] Triton Esports Center: 0% (Closed) people=0 capacity=35 is_open=False hour_summary=closed
[2026-08-03 18:30:03] === SCRAPE END OK ===
[2026-08-03 18:45:02] === SCRAPE START ===
[2026-08-03 18:45:02] Fetching https://waitz.io/live/ucsd-rec
[2026-08-03 18:45:03] Saved 4 rows to ucsd_occupancy_history.csv
[2026-08-03 18:45:03] Main Gym Fitness Gym: 50% (Closed) people=36 capacity=72 is_open=False hour_summary=closed
[2026-08-03 18:45:03] Outback Climbing Center: 0% (Data Unavailable) people=0 capacity=30 is_open=True hour_summary=open
[2026-08-03 18:45:03] RIMAC Fitness Gym: 58% (Busy) people=29 capacity=50 is_open=True hour_summary=open
[2026-08-03 18:45:03] Triton Esports Center: 0% (Closed) people=0 capacity=35 is_open=False hour_summary=closed
[2026-08-03 18:45:03] === SCRAPE END OK ===
[2026-08-03 19:00:02] === SCRAPE START ===
[2026-08-03 19:00:02] Fetching https://waitz.io/live/ucsd-rec
[2026-08-03 19:00:04] Saved 4 rows to ucsd_occupancy_history.csv
[2026-08-03 19:00:04] Main Gym Fitness Gym: 47% (Closed) people=34 capacity=72 is_open=False hour_summary=closed
[2026-08-03 19:00:04] Outback Climbing Center: 0% (Data Unavailable) people=0 capacity=30 is_open=True hour_summary=open
[2026-08-03 19:00:04] RIMAC Fitness Gym: 64% (Busy) people=32 capacity=50 is_open=True hour_summary=open
[2026-08-03 19:00:04] Triton Esports Center: 0% (Closed) people=0 capacity=35 is_open=False hour_summary=closed
[2026-08-03 19:00:04] === SCRAPE END OK ===
[2026-08-03 19:15:02] === SCRAPE START ===
[2026-08-03 19:15:02] Fetching https://waitz.io/live/ucsd-rec
[2026-08-03 19:15:03] Saved 4 rows to ucsd_occupancy_history.csv
[2026-08-03 19:15:03] Main Gym Fitness Gym: 43% (Closed) people=31 capacity=72 is_open=False hour_summary=closed
[2026-08-03 19:15:03] Outback Climbing Center: 0% (Data Unavailable) people=0 capacity=30 is_open=True hour_summary=open
[2026-08-03 19:15:03] RIMAC Fitness Gym: 70% (Busy) people=35 capacity=50 is_open=True hour_summary=open
[2026-08-03 19:15:03] Triton Esports Center: 0% (Closed) people=0 capacity=35 is_open=False hour_summary=closed
[2026-08-03 19:15:03] === SCRAPE END OK ===
[2026-08-03 19:30:02] === SCRAPE START ===
[2026-08-03 19:30:02] Fetching https://waitz.io/live/ucsd-rec
[2026-08-03 19:30:04] Saved 4 rows to ucsd_occupancy_history.csv
[2026-08-03 19:30:04] Main Gym Fitness Gym: 42% (Closed) people=30 capacity=72 is_open=False hour_summary=closed
[2026-08-03 19:30:04] Outback Climbing Center: 0% (Data Unavailable) people=0 capacity=30 is_open=True hour_summary=open
[2026-08-03 19:30:04] RIMAC Fitness Gym: 58% (Busy) people=29 capacity=50 is_open=True hour_summary=open
[2026-08-03 19:30:04] Triton Esports Center: 0% (Closed) people=0 capacity=35 is_open=False hour_summary=closed
[2026-08-03 19:30:04] === SCRAPE END OK ===
[2026-08-03 19:45:02] === SCRAPE START ===
[2026-08-03 19:45:02] Fetching https://waitz.io/live/ucsd-rec
[2026-08-03 19:45:03] Saved 4 rows to ucsd_occupancy_history.csv
[2026-08-03 19:45:03] Main Gym Fitness Gym: 40% (Closed) people=29 capacity=72 is_open=False hour_summary=closed
[2026-08-03 19:45:03] Outback Climbing Center: 0% (Data Unavailable) people=0 capacity=30 is_open=True hour_summary=open
[2026-08-03 19:45:03] RIMAC Fitness Gym: 62% (Busy) people=31 capacity=50 is_open=True hour_summary=open
[2026-08-03 19:45:03] Triton Esports Center: 0% (Closed) people=0 capacity=35 is_open=False hour_summary=closed
[2026-08-03 19:45:03] === SCRAPE END OK ===
[2026-08-03 20:00:02] === SCRAPE START ===
[2026-08-03 20:00:02] Fetching https://waitz.io/live/ucsd-rec
[2026-08-03 20:00:04] Saved 4 rows to ucsd_occupancy_history.csv
[2026-08-03 20:00:04] Main Gym Fitness Gym: 28% (Closed) people=20 capacity=72 is_open=False hour_summary=closed
[2026-08-03 20:00:04] Outback Climbing Center: 0% (Closed) people=0 capacity=30 is_open=False hour_summary=Closed until 2:00pm
[2026-08-03 20:00:04] RIMAC Fitness Gym: 68% (Busy) people=34 capacity=50 is_open=True hour_summary=open
[2026-08-03 20:00:04] Triton Esports Center: 0% (Closed) people=0 capacity=35 is_open=False hour_summary=closed
[2026-08-03 20:00:04] === SCRAPE END OK ===
[2026-08-03 20:15:02] === SCRAPE START ===
[2026-08-03 20:15:02] Fetching https://waitz.io/live/ucsd-rec
[2026-08-03 20:15:03] Saved 4 rows to ucsd_occupancy_history.csv
[2026-08-03 20:15:03] Main Gym Fitness Gym: 6% (Closed) people=4 capacity=72 is_open=False hour_summary=closed
[2026-08-03 20:15:03] Outback Climbing Center: 0% (Closed) people=0 capacity=30 is_open=False hour_summary=Closed until 2:00pm
[2026-08-03 20:15:03] RIMAC Fitness Gym: 60% (Busy) people=30 capacity=50 is_open=True hour_summary=open
[2026-08-03 20:15:03] Triton Esports Center: 0% (Closed) people=0 capacity=35 is_open=False hour_summary=closed
[2026-08-03 20:15:03] === SCRAPE END OK ===
[2026-08-03 20:30:02] === SCRAPE START ===
[2026-08-03 20:30:02] Fetching https://waitz.io/live/ucsd-rec
[2026-08-03 20:30:03] Saved 4 rows to ucsd_occupancy_history.csv
[2026-08-03 20:30:03] Main Gym Fitness Gym: 3% (Closed) people=2 capacity=72 is_open=False hour_summary=closed
[2026-08-03 20:30:03] Outback Climbing Center: 0% (Closed) people=0 capacity=30 is_open=False hour_summary=Closed until 2:00pm
[2026-08-03 20:30:03] RIMAC Fitness Gym: 42% (Not Busy) people=21 capacity=50 is_open=True hour_summary=open
[2026-08-03 20:30:03] Triton Esports Center: 0% (Closed) people=0 capacity=35 is_open=False hour_summary=closed
[2026-08-03 20:30:03] === SCRAPE END OK ===
[2026-08-03 20:45:02] === SCRAPE START ===
[2026-08-03 20:45:02] Fetching https://waitz.io/live/ucsd-rec
[2026-08-03 20:45:02] Saved 4 rows to ucsd_occupancy_history.csv
[2026-08-03 20:45:02] Main Gym Fitness Gym: 1% (Closed) people=1 capacity=72 is_open=False hour_summary=closed
[2026-08-03 20:45:02] Outback Climbing Center: 0% (Closed) people=0 capacity=30 is_open=False hour_summary=Closed until 2:00pm
[2026-08-03 20:45:02] RIMAC Fitness Gym: 32% (Not Busy) people=16 capacity=50 is_open=True hour_summary=open
[2026-08-03 20:45:02] Triton Esports Center: 0% (Closed) people=0 capacity=35 is_open=False hour_summary=closed
[2026-08-03 20:45:02] === SCRAPE END OK ===
[2026-08-03 21:00:02] === SCRAPE START ===
[2026-08-03 21:00:02] Fetching https://waitz.io/live/ucsd-rec
[2026-08-03 21:00:04] Saved 4 rows to ucsd_occupancy_history.csv
[2026-08-03 21:00:04] Main Gym Fitness Gym: 1% (Closed) people=1 capacity=72 is_open=False hour_summary=closed
[2026-08-03 21:00:04] Outback Climbing Center: 0% (Closed) people=0 capacity=30 is_open=False hour_summary=Closed until 2:00pm
[2026-08-03 21:00:04] RIMAC Fitness Gym: 2% (Closed) people=1 capacity=50 is_open=False hour_summary=Closed until 6:00am
[2026-08-03 21:00:04] Triton Esports Center: 0% (Closed) people=0 capacity=35 is_open=False hour_summary=closed
[2026-08-03 21:00:04] === SCRAPE END OK ===
[2026-08-03 21:15:02] === SCRAPE START ===
[2026-08-03 21:15:02] Fetching https://waitz.io/live/ucsd-rec
[2026-08-03 21:15:03] Saved 4 rows to ucsd_occupancy_history.csv
[2026-08-03 21:15:03] Main Gym Fitness Gym: 4% (Closed) people=3 capacity=72 is_open=False hour_summary=closed
[2026-08-03 21:15:03] Outback Climbing Center: 0% (Closed) people=0 capacity=30 is_open=False hour_summary=Closed until 2:00pm
[2026-08-03 21:15:03] RIMAC Fitness Gym: 0% (Closed) people=0 capacity=50 is_open=False hour_summary=Closed until 6:00am
[2026-08-03 21:15:03] Triton Esports Center: 0% (Closed) people=0 capacity=35 is_open=False hour_summary=closed
[2026-08-03 21:15:03] === SCRAPE END OK ===
[2026-08-03 21:30:02] === SCRAPE START ===
[2026-08-03 21:30:02] Fetching https://waitz.io/live/ucsd-rec
[2026-08-03 21:30:04] Saved 4 rows to ucsd_occupancy_history.csv
[2026-08-03 21:30:04] Main Gym Fitness Gym: 3% (Closed) people=2 capacity=72 is_open=False hour_summary=closed
[2026-08-03 21:30:04] Outback Climbing Center: 0% (Closed) people=0 capacity=30 is_open=False hour_summary=Closed until 2:00pm
[2026-08-03 21:30:04] RIMAC Fitness Gym: 0% (Closed) people=0 capacity=50 is_open=False hour_summary=Closed until 6:00am
[2026-08-03 21:30:04] Triton Esports Center: 0% (Closed) people=0 capacity=35 is_open=False hour_summary=closed
[2026-08-03 21:30:04] === SCRAPE END OK ===
[2026-08-03 21:45:02] === SCRAPE START ===
[2026-08-03 21:45:02] Fetching https://waitz.io/live/ucsd-rec
[2026-08-03 21:45:02] Saved 4 rows to ucsd_occupancy_history.csv
[2026-08-03 21:45:02] Main Gym Fitness Gym: 1% (Closed) people=1 capacity=72 is_open=False hour_summary=closed
[2026-08-03 21:45:02] Outback Climbing Center: 0% (Closed) people=0 capacity=30 is_open=False hour_summary=Closed until 2:00pm
[2026-08-03 21:45:02] RIMAC Fitness Gym: 0% (Closed) people=0 capacity=50 is_open=False hour_summary=Closed until 6:00am
[2026-08-03 21:45:02] Triton Esports Center: 0% (Closed) people=0 capacity=35 is_open=False hour_summary=closed
[2026-08-03 21:45:02] === SCRAPE END OK ===
[2026-08-03 22:00:02] === SCRAPE START ===
[2026-08-03 22:00:02] Fetching https://waitz.io/live/ucsd-rec
[2026-08-03 22:00:04] Saved 4 rows to ucsd_occupancy_history.csv
[2026-08-03 22:00:04] Main Gym Fitness Gym: 1% (Closed) people=1 capacity=72 is_open=False hour_summary=closed
[2026-08-03 22:00:04] Outback Climbing Center: 0% (Closed) people=0 capacity=30 is_open=False hour_summary=Closed until 2:00pm
[2026-08-03 22:00:04] RIMAC Fitness Gym: 0% (Closed) people=0 capacity=50 is_open=False hour_summary=Closed until 6:00am
[2026-08-03 22:00:04] Triton Esports Center: 0% (Closed) people=0 capacity=35 is_open=False hour_summary=closed
[2026-08-03 22:00:04] === SCRAPE END OK ===
[2026-08-03 22:15:02] === SCRAPE START ===
[2026-08-03 22:15:02] Fetching https://waitz.io/live/ucsd-rec
[2026-08-03 22:15:03] Saved 4 rows to ucsd_occupancy_history.csv
[2026-08-03 22:15:03] Main Gym Fitness Gym: 0% (Closed) people=0 capacity=72 is_open=False hour_summary=closed
[2026-08-03 22:15:03] Outback Climbing Center: 0% (Closed) people=0 capacity=30 is_open=False hour_summary=Closed until 2:00pm
[2026-08-03 22:15:03] RIMAC Fitness Gym: 0% (Closed) people=0 capacity=50 is_open=False hour_summary=Closed until 6:00am
[2026-08-03 22:15:03] Triton Esports Center: 0% (Closed) people=0 capacity=35 is_open=False hour_summary=closed
[2026-08-03 22:15:03] === SCRAPE END OK ===
[2026-08-03 22:30:02] === SCRAPE START ===
[2026-08-03 22:30:02] Fetching https://waitz.io/live/ucsd-rec
[2026-08-03 22:30:04] Saved 4 rows to ucsd_occupancy_history.csv
[2026-08-03 22:30:04] Main Gym Fitness Gym: 3% (Closed) people=2 capacity=72 is_open=False hour_summary=closed
[2026-08-03 22:30:04] Outback Climbing Center: 0% (Closed) people=0 capacity=30 is_open=False hour_summary=Closed until 2:00pm
[2026-08-03 22:30:04] RIMAC Fitness Gym: 0% (Closed) people=0 capacity=50 is_open=False hour_summary=Closed until 6:00am
[2026-08-03 22:30:04] Triton Esports Center: 0% (Closed) people=0 capacity=35 is_open=False hour_summary=closed
[2026-08-03 22:30:04] === SCRAPE END OK ===
[2026-08-03 22:45:02] === SCRAPE START ===
[2026-08-03 22:45:02] Fetching https://waitz.io/live/ucsd-rec
[2026-08-03 22:45:02] Saved 4 rows to ucsd_occupancy_history.csv
[2026-08-03 22:45:02] Main Gym Fitness Gym: 1% (Closed) people=1 capacity=72 is_open=False hour_summary=closed
[2026-08-03 22:45:02] Outback Climbing Center: 0% (Closed) people=0 capacity=30 is_open=False hour_summary=Closed until 2:00pm
[2026-08-03 22:45:02] RIMAC Fitness Gym: 0% (Closed) people=0 capacity=50 is_open=False hour_summary=Closed until 6:00am
[2026-08-03 22:45:02] Triton Esports Center: 0% (Closed) people=0 capacity=35 is_open=False hour_summary=closed
[2026-08-03 22:45:02] === SCRAPE END OK ===
[2026-08-03 23:00:02] === SCRAPE START ===
[2026-08-03 23:00:02] Fetching https://waitz.io/live/ucsd-rec
[2026-08-03 23:00:03] Saved 4 rows to ucsd_occupancy_history.csv
[2026-08-03 23:00:03] Main Gym Fitness Gym: 1% (Closed) people=1 capacity=72 is_open=False hour_summary=closed
[2026-08-03 23:00:03] Outback Climbing Center: 0% (Closed) people=0 capacity=30 is_open=False hour_summary=Closed until 2:00pm
[2026-08-03 23:00:03] RIMAC Fitness Gym: 0% (Closed) people=0 capacity=50 is_open=False hour_summary=Closed until 6:00am
[2026-08-03 23:00:03] Triton Esports Center: 0% (Closed) people=0 capacity=35 is_open=False hour_summary=closed
[2026-08-03 23:00:03] === SCRAPE END OK ===
[2026-08-03 23:15:02] === SCRAPE START ===
[2026-08-03 23:15:02] Fetching https://waitz.io/live/ucsd-rec
[2026-08-03 23:15:03] Saved 4 rows to ucsd_occupancy_history.csv
[2026-08-03 23:15:03] Main Gym Fitness Gym: 1% (Closed) people=1 capacity=72 is_open=False hour_summary=closed
[2026-08-03 23:15:03] Outback Climbing Center: 0% (Closed) people=0 capacity=30 is_open=False hour_summary=Closed until 2:00pm
[2026-08-03 23:15:03] RIMAC Fitness Gym: 0% (Closed) people=0 capacity=50 is_open=False hour_summary=Closed until 6:00am
[2026-08-03 23:15:03] Triton Esports Center: 0% (Closed) people=0 capacity=35 is_open=False hour_summary=closed
[2026-08-03 23:15:03] === SCRAPE END OK ===
