[2026-10-05 00:00:01] === SCRAPE START ===
[2026-10-05 00:00:01] Fetching https://waitz.io/live/ucsd-rec
[2026-10-05 00:00:03] Saved 4 rows to ucsd_occupancy_history.csv
[2026-10-05 00:00:03] Main Gym Fitness Gym: 0% (Closed) people=0 capacity=72 is_open=False hour_summary=Closed until 6:00am
[2026-10-05 00:00:03] Outback Climbing Center: 0% (Closed) people=0 capacity=30 is_open=False hour_summary=Closed until 2:00pm
[2026-10-05 00:00:03] RIMAC Fitness Gym: 0% (Closed) people=0 capacity=65 is_open=False hour_summary=Closed until 6:00am
[2026-10-05 00:00:03] Triton Esports Center: 0% (Closed) people=0 capacity=35 is_open=False hour_summary=closed
[2026-10-05 00:00:03] === SCRAPE END OK ===
[2026-10-05 00:15:03] === SCRAPE START ===
[2026-10-05 00:15:03] Fetching https://waitz.io/live/ucsd-rec
[2026-10-05 00:15:04] Saved 4 rows to ucsd_occupancy_history.csv
[2026-10-05 00:15:04] Main Gym Fitness Gym: 0% (Closed) people=0 capacity=72 is_open=False hour_summary=Closed until 6:00am
[2026-10-05 00:15:04] Outback Climbing Center: 0% (Closed) people=0 capacity=30 is_open=False hour_summary=Closed until 2:00pm
[2026-10-05 00:15:04] RIMAC Fitness Gym: 0% (Closed) people=0 capacity=65 is_open=False hour_summary=Closed until 6:00am
[2026-10-05 00:15:04] Triton Esports Center: 3% (Closed) people=1 capacity=35 is_open=False hour_summary=closed
[2026-10-05 00:15:04] === SCRAPE END OK ===
[2026-10-05 00:30:02] === SCRAPE START ===
[2026-10-05 00:30:02] Fetching https://waitz.io/live/ucsd-rec
[2026-10-05 00:30:03] Saved 4 rows to ucsd_occupancy_history.csv
[2026-10-05 00:30:03] Main Gym Fitness Gym: 0% (Closed) people=0 capacity=72 is_open=False hour_summary=Closed until 6:00am
[2026-10-05 00:30:03] Outback Climbing Center: 0% (Closed) people=0 capacity=30 is_open=False hour_summary=Closed until 2:00pm
[2026-10-05 00:30:03] RIMAC Fitness Gym: 0% (Closed) people=0 capacity=65 is_open=False hour_summary=Closed until 6:00am
[2026-10-05 00:30:03] Triton Esports Center: 0% (Closed) people=0 capacity=35 is_open=False hour_summary=closed
[2026-10-05 00:30:03] === SCRAPE END OK ===
[2026-10-05 00:45:02] === SCRAPE START ===
[2026-10-05 00:45:02] Fetching https://waitz.io/live/ucsd-rec
[2026-10-05 00:45:03] Saved 4 rows to ucsd_occupancy_history.csv
[2026-10-05 00:45:03] Main Gym Fitness Gym: 0% (Closed) people=0 capacity=72 is_open=False hour_summary=Closed until 6:00am
[2026-10-05 00:45:03] Outback Climbing Center: 0% (Closed) people=0 capacity=30 is_open=False hour_summary=Closed until 2:00pm
[2026-10-05 00:45:03] RIMAC Fitness Gym: 0% (Closed) people=0 capacity=65 is_open=False hour_summary=Closed until 6:00am
[2026-10-05 00:45:03] Triton Esports Center: 0% (Closed) people=0 capacity=35 is_open=False hour_summary=closed
[2026-10-05 00:45:03] === SCRAPE END OK ===
[2026-10-05 01:00:02] === SCRAPE START ===
[2026-10-05 01:00:02] Fetching https://waitz.io/live/ucsd-rec
[2026-10-05 01:00:04] Saved 4 rows to ucsd_occupancy_history.csv
[2026-10-05 01:00:04] Main Gym Fitness Gym: 0% (Closed) people=0 capacity=72 is_open=False hour_summary=Closed until 6:00am
[2026-10-05 01:00:04] Outback Climbing Center: 0% (Closed) people=0 capacity=30 is_open=False hour_summary=Closed until 2:00pm
[2026-10-05 01:00:04] RIMAC Fitness Gym: 0% (Closed) people=0 capacity=65 is_open=False hour_summary=Closed until 6:00am
[2026-10-05 01:00:04] Triton Esports Center: 3% (Closed) people=1 capacity=35 is_open=False hour_summary=closed
[2026-10-05 01:00:04] === SCRAPE END OK ===
[2026-10-05 01:15:02] === SCRAPE START ===
[2026-10-05 01:15:02] Fetching https://waitz.io/live/ucsd-rec
[2026-10-05 01:15:03] Saved 4 rows to ucsd_occupancy_history.csv
[2026-10-05 01:15:03] Main Gym Fitness Gym: 0% (Closed) people=0 capacity=72 is_open=False hour_summary=Closed until 6:00am
[2026-10-05 01:15:03] Outback Climbing Center: 0% (Closed) people=0 capacity=30 is_open=False hour_summary=Closed until 2:00pm
[2026-10-05 01:15:03] RIMAC Fitness Gym: 0% (Closed) people=0 capacity=65 is_open=False hour_summary=Closed until 6:00am
[2026-10-05 01:15:03] Triton Esports Center: 0% (Closed) people=0 capacity=35 is_open=False hour_summary=closed
[2026-10-05 01:15:03] === SCRAPE END OK ===
[2026-10-05 01:30:02] === SCRAPE START ===
[2026-10-05 01:30:02] Fetching https://waitz.io/live/ucsd-rec
[2026-10-05 01:30:03] Saved 4 rows to ucsd_occupancy_history.csv
[2026-10-05 01:30:03] Main Gym Fitness Gym: 0% (Closed) people=0 capacity=72 is_open=False hour_summary=Closed until 6:00am
[2026-10-05 01:30:03] Outback Climbing Center: 0% (Closed) people=0 capacity=30 is_open=False hour_summary=Closed until 2:00pm
[2026-10-05 01:30:03] RIMAC Fitness Gym: 0% (Closed) people=0 capacity=65 is_open=False hour_summary=Closed until 6:00am
[2026-10-05 01:30:03] Triton Esports Center: 0% (Closed) people=0 capacity=35 is_open=False hour_summary=closed
[2026-10-05 01:30:03] === SCRAPE END OK ===
[2026-10-05 01:45:02] === SCRAPE START ===
[2026-10-05 01:45:02] Fetching https://waitz.io/live/ucsd-rec
[2026-10-05 01:45:03] Saved 4 rows to ucsd_occupancy_history.csv
[2026-10-05 01:45:03] Main Gym Fitness Gym: 0% (Closed) people=0 capacity=72 is_open=False hour_summary=Closed until 6:00am
[2026-10-05 01:45:03] Outback Climbing Center: 0% (Closed) people=0 capacity=30 is_open=False hour_summary=Closed until 2:00pm
[2026-10-05 01:45:03] RIMAC Fitness Gym: 0% (Closed) people=0 capacity=65 is_open=False hour_summary=Closed until 6:00am
[2026-10-05 01:45:03] Triton Esports Center: 0% (Closed) people=0 capacity=35 is_open=False hour_summary=closed
[2026-10-05 01:45:03] === SCRAPE END OK ===
[2026-10-05 02:00:02] === SCRAPE START ===
[2026-10-05 02:00:02] Fetching https://waitz.io/live/ucsd-rec
[2026-10-05 02:00:03] Saved 4 rows to ucsd_occupancy_history.csv
[2026-10-05 02:00:03] Main Gym Fitness Gym: 0% (Closed) people=0 capacity=72 is_open=False hour_summary=Closed until 6:00am
[2026-10-05 02:00:03] Outback Climbing Center: 0% (Closed) people=0 capacity=30 is_open=False hour_summary=Closed until 2:00pm
[2026-10-05 02:00:03] RIMAC Fitness Gym: 0% (Closed) people=0 capacity=65 is_open=False hour_summary=Closed until 6:00am
[2026-10-05 02:00:03] Triton Esports Center: 0% (Closed) people=0 capacity=35 is_open=False hour_summary=closed
[2026-10-05 02:00:03] === SCRAPE END OK ===
[2026-10-05 02:15:02] === SCRAPE START ===
[2026-10-05 02:15:02] Fetching https://waitz.io/live/ucsd-rec
[2026-10-05 02:15:03] Saved 4 rows to ucsd_occupancy_history.csv
[2026-10-05 02:15:03] Main Gym Fitness Gym: 0% (Closed) people=0 capacity=72 is_open=False hour_summary=Closed until 6:00am
[2026-10-05 02:15:03] Outback Climbing Center: 0% (Closed) people=0 capacity=30 is_open=False hour_summary=Closed until 2:00pm
[2026-10-05 02:15:03] RIMAC Fitness Gym: 0% (Closed) people=0 capacity=65 is_open=False hour_summary=Closed until 6:00am
[2026-10-05 02:15:03] Triton Esports Center: 0% (Closed) people=0 capacity=35 is_open=False hour_summary=closed
[2026-10-05 02:15:03] === SCRAPE END OK ===
[2026-10-05 02:30:02] === SCRAPE START ===
[2026-10-05 02:30:02] Fetching https://waitz.io/live/ucsd-rec
[2026-10-05 02:30:04] Saved 4 rows to ucsd_occupancy_history.csv
[2026-10-05 02:30:04] Main Gym Fitness Gym: 0% (Closed) people=0 capacity=72 is_open=False hour_summary=Closed until 6:00am
[2026-10-05 02:30:04] Outback Climbing Center: 0% (Closed) people=0 capacity=30 is_open=False hour_summary=Closed until 2:00pm
[2026-10-05 02:30:04] RIMAC Fitness Gym: 0% (Closed) people=0 capacity=65 is_open=False hour_summary=Closed until 6:00am
[2026-10-05 02:30:04] Triton Esports Center: 0% (Closed) people=0 capacity=35 is_open=False hour_summary=closed
[2026-10-05 02:30:04] === SCRAPE END OK ===
[2026-10-05 02:45:27] === SCRAPE START ===
[2026-10-05 02:45:27] Fetching https://waitz.io/live/ucsd-rec
[2026-10-05 02:45:35] Saved 4 rows to ucsd_occupancy_history.csv
[2026-10-05 02:45:35] Main Gym Fitness Gym: 0% (Closed) people=0 capacity=72 is_open=False hour_summary=Closed until 6:00am
[2026-10-05 02:45:35] Outback Climbing Center: 0% (Closed) people=0 capacity=30 is_open=False hour_summary=Closed until 2:00pm
[2026-10-05 02:45:35] RIMAC Fitness Gym: 0% (Closed) people=0 capacity=65 is_open=False hour_summary=Closed until 6:00am
[2026-10-05 02:45:35] Triton Esports Center: 0% (Closed) people=0 capacity=35 is_open=False hour_summary=closed
[2026-10-05 02:45:35] === SCRAPE END OK ===
[2026-10-05 03:00:02] === SCRAPE START ===
[2026-10-05 03:00:02] Fetching https://waitz.io/live/ucsd-rec
[2026-10-05 03:00:04] Saved 4 rows to ucsd_occupancy_history.csv
[2026-10-05 03:00:04] Main Gym Fitness Gym: 0% (Closed) people=0 capacity=72 is_open=False hour_summary=Closed until 6:00am
[2026-10-05 03:00:04] Outback Climbing Center: 0% (Closed) people=0 capacity=30 is_open=False hour_summary=Closed until 2:00pm
[2026-10-05 03:00:04] RIMAC Fitness Gym: 0% (Closed) people=0 capacity=65 is_open=False hour_summary=Closed until 6:00am
[2026-10-05 03:00:04] Triton Esports Center: 0% (Closed) people=0 capacity=35 is_open=False hour_summary=closed
[2026-10-05 03:00:04] === SCRAPE END OK ===
[2026-10-05 03:15:02] === SCRAPE START ===
[2026-10-05 03:15:02] Fetching https://waitz.io/live/ucsd-rec
[2026-10-05 03:15:03] Saved 4 rows to ucsd_occupancy_history.csv
[2026-10-05 03:15:03] Main Gym Fitness Gym: 0% (Closed) people=0 capacity=72 is_open=False hour_summary=Closed until 6:00am
[2026-10-05 03:15:03] Outback Climbing Center: 0% (Closed) people=0 capacity=30 is_open=False hour_summary=Closed until 2:00pm
[2026-10-05 03:15:03] RIMAC Fitness Gym: 0% (Closed) people=0 capacity=65 is_open=False hour_summary=Closed until 6:00am
[2026-10-05 03:15:03] Triton Esports Center: 0% (Closed) people=0 capacity=35 is_open=False hour_summary=closed
[2026-10-05 03:15:03] === SCRAPE END OK ===
[2026-10-05 03:30:02] === SCRAPE START ===
[2026-10-05 03:30:02] Fetching https://waitz.io/live/ucsd-rec
[2026-10-05 03:30:03] Saved 4 rows to ucsd_occupancy_history.csv
[2026-10-05 03:30:03] Main Gym Fitness Gym: 0% (Closed) people=0 capacity=72 is_open=False hour_summary=Closed until 6:00am
[2026-10-05 03:30:03] Outback Climbing Center: 0% (Closed) people=0 capacity=30 is_open=False hour_summary=Closed until 2:00pm
[2026-10-05 03:30:03] RIMAC Fitness Gym: 0% (Closed) people=0 capacity=65 is_open=False hour_summary=Closed until 6:00am
[2026-10-05 03:30:03] Triton Esports Center: 0% (Closed) people=0 capacity=35 is_open=False hour_summary=closed
[2026-10-05 03:30:03] === SCRAPE END OK ===
[2026-10-05 03:45:02] === SCRAPE START ===
[2026-10-05 03:45:02] Fetching https://waitz.io/live/ucsd-rec
[2026-10-05 03:45:03] Saved 4 rows to ucsd_occupancy_history.csv
[2026-10-05 03:45:03] Main Gym Fitness Gym: 0% (Closed) people=0 capacity=72 is_open=False hour_summary=Closed until 6:00am
[2026-10-05 03:45:03] Outback Climbing Center: 0% (Closed) people=0 capacity=30 is_open=False hour_summary=Closed until 2:00pm
[2026-10-05 03:45:03] RIMAC Fitness Gym: 0% (Closed) people=0 capacity=65 is_open=False hour_summary=Closed until 6:00am
[2026-10-05 03:45:03] Triton Esports Center: 0% (Closed) people=0 capacity=35 is_open=False hour_summary=closed
[2026-10-05 03:45:03] === SCRAPE END OK ===
[2026-10-05 04:00:02] === SCRAPE START ===
[2026-10-05 04:00:02] Fetching https://waitz.io/live/ucsd-rec
[2026-10-05 04:00:04] Saved 4 rows to ucsd_occupancy_history.csv
[2026-10-05 04:00:04] Main Gym Fitness Gym: 0% (Closed) people=0 capacity=72 is_open=False hour_summary=Closed until 6:00am
[2026-10-05 04:00:04] Outback Climbing Center: 0% (Closed) people=0 capacity=30 is_open=False hour_summary=Closed until 2:00pm
[2026-10-05 04:00:04] RIMAC Fitness Gym: 0% (Closed) people=0 capacity=65 is_open=False hour_summary=Closed until 6:00am
[2026-10-05 04:00:04] Triton Esports Center: 0% (Closed) people=0 capacity=35 is_open=False hour_summary=closed
[2026-10-05 04:00:04] === SCRAPE END OK ===
[2026-10-05 04:15:02] === SCRAPE START ===
[2026-10-05 04:15:02] Fetching https://waitz.io/live/ucsd-rec
[2026-10-05 04:15:03] Saved 4 rows to ucsd_occupancy_history.csv
[2026-10-05 04:15:03] Main Gym Fitness Gym: 0% (Closed) people=0 capacity=72 is_open=False hour_summary=Closed until 6:00am
[2026-10-05 04:15:03] Outback Climbing Center: 0% (Closed) people=0 capacity=30 is_open=False hour_summary=Closed until 2:00pm
[2026-10-05 04:15:03] RIMAC Fitness Gym: 0% (Closed) people=0 capacity=65 is_open=False hour_summary=Closed until 6:00am
[2026-10-05 04:15:03] Triton Esports Center: 0% (Closed) people=0 capacity=35 is_open=False hour_summary=closed
[2026-10-05 04:15:03] === SCRAPE END OK ===
[2026-10-05 04:30:02] === SCRAPE START ===
[2026-10-05 04:30:02] Fetching https://waitz.io/live/ucsd-rec
[2026-10-05 04:30:03] Saved 4 rows to ucsd_occupancy_history.csv
[2026-10-05 04:30:03] Main Gym Fitness Gym: 0% (Closed) people=0 capacity=72 is_open=False hour_summary=Closed until 6:00am
[2026-10-05 04:30:03] Outback Climbing Center: 0% (Closed) people=0 capacity=30 is_open=False hour_summary=Closed until 2:00pm
[2026-10-05 04:30:03] RIMAC Fitness Gym: 0% (Closed) people=0 capacity=65 is_open=False hour_summary=Closed until 6:00am
[2026-10-05 04:30:03] Triton Esports Center: 0% (Closed) people=0 capacity=35 is_open=False hour_summary=closed
[2026-10-05 04:30:03] === SCRAPE END OK ===
[2026-10-05 04:45:02] === SCRAPE START ===
[2026-10-05 04:45:02] Fetching https://waitz.io/live/ucsd-rec
[2026-10-05 04:45:03] Saved 4 rows to ucsd_occupancy_history.csv
[2026-10-05 04:45:03] Main Gym Fitness Gym: 0% (Closed) people=0 capacity=72 is_open=False hour_summary=Closed until 6:00am
[2026-10-05 04:45:03] Outback Climbing Center: 0% (Closed) people=0 capacity=30 is_open=False hour_summary=Closed until 2:00pm
[2026-10-05 04:45:03] RIMAC Fitness Gym: 0% (Closed) people=0 capacity=65 is_open=False hour_summary=Closed until 6:00am
[2026-10-05 04:45:03] Triton Esports Center: 0% (Closed) people=0 capacity=35 is_open=False hour_summary=closed
[2026-10-05 04:45:03] === SCRAPE END OK ===
[2026-10-05 05:00:02] === SCRAPE START ===
[2026-10-05 05:00:02] Fetching https://waitz.io/live/ucsd-rec
[2026-10-05 05:00:03] Saved 4 rows to ucsd_occupancy_history.csv
[2026-10-05 05:00:03] Main Gym Fitness Gym: 0% (Closed) people=0 capacity=72 is_open=False hour_summary=Closed until 6:00am
[2026-10-05 05:00:03] Outback Climbing Center: 0% (Closed) people=0 capacity=30 is_open=False hour_summary=Closed until 2:00pm
[2026-10-05 05:00:03] RIMAC Fitness Gym: 3% (Closed) people=2 capacity=65 is_open=False hour_summary=Closed until 6:00am
[2026-10-05 05:00:03] Triton Esports Center: 0% (Closed) people=0 capacity=35 is_open=False hour_summary=closed
[2026-10-05 05:00:03] === SCRAPE END OK ===
[2026-10-05 05:15:02] === SCRAPE START ===
[2026-10-05 05:15:02] Fetching https://waitz.io/live/ucsd-rec
[2026-10-05 05:15:03] Saved 4 rows to ucsd_occupancy_history.csv
[2026-10-05 05:15:03] Main Gym Fitness Gym: 0% (Closed) people=0 capacity=72 is_open=False hour_summary=Closed until 6:00am
[2026-10-05 05:15:03] Outback Climbing Center: 0% (Closed) people=0 capacity=30 is_open=False hour_summary=Closed until 2:00pm
[2026-10-05 05:15:03] RIMAC Fitness Gym: 2% (Closed) people=1 capacity=65 is_open=False hour_summary=Closed until 6:00am
[2026-10-05 05:15:03] Triton Esports Center: 0% (Closed) people=0 capacity=35 is_open=False hour_summary=closed
[2026-10-05 05:15:03] === SCRAPE END OK ===
[2026-10-05 05:30:02] === SCRAPE START ===
[2026-10-05 05:30:02] Fetching https://waitz.io/live/ucsd-rec
[2026-10-05 05:30:04] Saved 4 rows to ucsd_occupancy_history.csv
[2026-10-05 05:30:04] Main Gym Fitness Gym: 0% (Closed) people=0 capacity=72 is_open=False hour_summary=Closed until 6:00am
[2026-10-05 05:30:04] Outback Climbing Center: 0% (Closed) people=0 capacity=30 is_open=False hour_summary=Closed until 2:00pm
[2026-10-05 05:30:04] RIMAC Fitness Gym: 2% (Closed) people=1 capacity=65 is_open=False hour_summary=Closed until 6:00am
[2026-10-05 05:30:04] Triton Esports Center: 0% (Closed) people=0 capacity=35 is_open=False hour_summary=closed
[2026-10-05 05:30:04] === SCRAPE END OK ===
[2026-10-05 05:45:02] === SCRAPE START ===
[2026-10-05 05:45:02] Fetching https://waitz.io/live/ucsd-rec
[2026-10-05 05:45:03] Saved 4 rows to ucsd_occupancy_history.csv
[2026-10-05 05:45:03] Main Gym Fitness Gym: 0% (Closed) people=0 capacity=72 is_open=False hour_summary=Closed until 6:00am
[2026-10-05 05:45:03] Outback Climbing Center: 0% (Closed) people=0 capacity=30 is_open=False hour_summary=Closed until 2:00pm
[2026-10-05 05:45:03] RIMAC Fitness Gym: 3% (Closed) people=2 capacity=65 is_open=False hour_summary=Closed until 6:00am
[2026-10-05 05:45:03] Triton Esports Center: 0% (Closed) people=0 capacity=35 is_open=False hour_summary=closed
[2026-10-05 05:45:03] === SCRAPE END OK ===
[2026-10-05 06:00:02] === SCRAPE START ===
[2026-10-05 06:00:02] Fetching https://waitz.io/live/ucsd-rec
[2026-10-05 06:00:04] Saved 4 rows to ucsd_occupancy_history.csv
[2026-10-05 06:00:04] Main Gym Fitness Gym: 0% (Not Busy) people=0 capacity=72 is_open=True hour_summary=open
[2026-10-05 06:00:04] Outback Climbing Center: 0% (Closed) people=0 capacity=30 is_open=False hour_summary=Closed until 2:00pm
[2026-10-05 06:00:04] RIMAC Fitness Gym: 3% (Not Busy) people=2 capacity=65 is_open=True hour_summary=open
[2026-10-05 06:00:04] Triton Esports Center: 6% (Closed) people=2 capacity=35 is_open=False hour_summary=closed
[2026-10-05 06:00:04] === SCRAPE END OK ===
[2026-10-05 06:15:02] === SCRAPE START ===
[2026-10-05 06:15:02] Fetching https://waitz.io/live/ucsd-rec
[2026-10-05 06:15:03] Saved 4 rows to ucsd_occupancy_history.csv
[2026-10-05 06:15:03] Main Gym Fitness Gym: 25% (Not Busy) people=18 capacity=72 is_open=True hour_summary=open
[2026-10-05 06:15:03] Outback Climbing Center: 0% (Closed) people=0 capacity=30 is_open=False hour_summary=Closed until 2:00pm
[2026-10-05 06:15:03] RIMAC Fitness Gym: 57% (Busy) people=37 capacity=65 is_open=True hour_summary=open
[2026-10-05 06:15:03] Triton Esports Center: 0% (Closed) people=0 capacity=35 is_open=False hour_summary=closed
[2026-10-05 06:15:03] === SCRAPE END OK ===
[2026-10-05 06:30:02] === SCRAPE START ===
[2026-10-05 06:30:02] Fetching https://waitz.io/live/ucsd-rec
[2026-10-05 06:30:03] Saved 4 rows to ucsd_occupancy_history.csv
[2026-10-05 06:30:03] Main Gym Fitness Gym: 28% (Not Busy) people=20 capacity=72 is_open=True hour_summary=open
[2026-10-05 06:30:03] Outback Climbing Center: 0% (Closed) people=0 capacity=30 is_open=False hour_summary=Closed until 2:00pm
[2026-10-05 06:30:03] RIMAC Fitness Gym: 80% (Busy) people=52 capacity=65 is_open=True hour_summary=open
[2026-10-05 06:30:03] Triton Esports Center: 0% (Closed) people=0 capacity=35 is_open=False hour_summary=closed
[2026-10-05 06:30:03] === SCRAPE END OK ===
[2026-10-05 06:45:02] === SCRAPE START ===
[2026-10-05 06:45:02] Fetching https://waitz.io/live/ucsd-rec
[2026-10-05 06:45:03] Saved 4 rows to ucsd_occupancy_history.csv
[2026-10-05 06:45:03] Main Gym Fitness Gym: 24% (Not Busy) people=17 capacity=72 is_open=True hour_summary=open
[2026-10-05 06:45:03] Outback Climbing Center: 0% (Closed) people=0 capacity=30 is_open=False hour_summary=Closed until 2:00pm
[2026-10-05 06:45:03] RIMAC Fitness Gym: 92% (Very Active) people=60 capacity=65 is_open=True hour_summary=open
[2026-10-05 06:45:03] Triton Esports Center: 0% (Closed) people=0 capacity=35 is_open=False hour_summary=closed
[2026-10-05 06:45:03] === SCRAPE END OK ===
