[2026-07-27 00:00:01] === SCRAPE START ===
[2026-07-27 00:00:01] Fetching https://waitz.io/live/ucsd-rec
[2026-07-27 00:00:03] Saved 4 rows to ucsd_occupancy_history.csv
[2026-07-27 00:00:03] Main Gym Fitness Gym: 0% (Closed) people=0 capacity=72 is_open=False hour_summary=closed
[2026-07-27 00:00:03] Outback Climbing Center: 0% (Closed) people=0 capacity=30 is_open=False hour_summary=Closed until 2:00pm
[2026-07-27 00:00:03] RIMAC Fitness Gym: 0% (Closed) people=0 capacity=150 is_open=False hour_summary=Closed until 6:00am
[2026-07-27 00:00:03] Triton Esports Center: 0% (Closed) people=0 capacity=35 is_open=False hour_summary=closed
[2026-07-27 00:00:03] === SCRAPE END OK ===
[2026-07-27 00:07:00] === SCRAPE START ===
[2026-07-27 00:07:00] Fetching https://waitz.io/live/ucsd-rec
[2026-07-27 00:07:01] Saved 4 rows to ucsd_occupancy_history.csv
[2026-07-27 00:07:01] Main Gym Fitness Gym: 0% (Closed) people=0 capacity=72 is_open=False hour_summary=closed
[2026-07-27 00:07:01] Outback Climbing Center: 0% (Closed) people=0 capacity=30 is_open=False hour_summary=Closed until 2:00pm
[2026-07-27 00:07:01] RIMAC Fitness Gym: 0% (Closed) people=0 capacity=150 is_open=False hour_summary=Closed until 6:00am
[2026-07-27 00:07:01] Triton Esports Center: 0% (Closed) people=0 capacity=35 is_open=False hour_summary=closed
[2026-07-27 00:07:01] === SCRAPE END OK ===
[2026-07-27 00:15:02] === SCRAPE START ===
[2026-07-27 00:15:02] Fetching https://waitz.io/live/ucsd-rec
[2026-07-27 00:15:03] Saved 4 rows to ucsd_occupancy_history.csv
[2026-07-27 00:15:03] Main Gym Fitness Gym: 0% (Closed) people=0 capacity=72 is_open=False hour_summary=closed
[2026-07-27 00:15:03] Outback Climbing Center: 0% (Closed) people=0 capacity=30 is_open=False hour_summary=Closed until 2:00pm
[2026-07-27 00:15:03] RIMAC Fitness Gym: 0% (Closed) people=0 capacity=150 is_open=False hour_summary=Closed until 6:00am
[2026-07-27 00:15:03] Triton Esports Center: 0% (Closed) people=0 capacity=35 is_open=False hour_summary=closed
[2026-07-27 00:15:03] === SCRAPE END OK ===
[2026-07-27 00:22:00] === SCRAPE START ===
[2026-07-27 00:22:00] Fetching https://waitz.io/live/ucsd-rec
[2026-07-27 00:22:01] Saved 4 rows to ucsd_occupancy_history.csv
[2026-07-27 00:22:01] Main Gym Fitness Gym: 0% (Closed) people=0 capacity=72 is_open=False hour_summary=closed
[2026-07-27 00:22:01] Outback Climbing Center: 0% (Closed) people=0 capacity=30 is_open=False hour_summary=Closed until 2:00pm
[2026-07-27 00:22:01] RIMAC Fitness Gym: 0% (Closed) people=0 capacity=150 is_open=False hour_summary=Closed until 6:00am
[2026-07-27 00:22:01] Triton Esports Center: 0% (Closed) people=0 capacity=35 is_open=False hour_summary=closed
[2026-07-27 00:22:01] === SCRAPE END OK ===
[2026-07-27 00:30:02] === SCRAPE START ===
[2026-07-27 00:30:02] Fetching https://waitz.io/live/ucsd-rec
[2026-07-27 00:30:04] Saved 4 rows to ucsd_occupancy_history.csv
[2026-07-27 00:30:04] Main Gym Fitness Gym: 1% (Closed) people=1 capacity=72 is_open=False hour_summary=closed
[2026-07-27 00:30:04] Outback Climbing Center: 0% (Closed) people=0 capacity=30 is_open=False hour_summary=Closed until 2:00pm
[2026-07-27 00:30:04] RIMAC Fitness Gym: 0% (Closed) people=0 capacity=150 is_open=False hour_summary=Closed until 6:00am
[2026-07-27 00:30:04] Triton Esports Center: 0% (Closed) people=0 capacity=35 is_open=False hour_summary=closed
[2026-07-27 00:30:04] === SCRAPE END OK ===
[2026-07-27 00:37:00] === SCRAPE START ===
[2026-07-27 00:37:00] Fetching https://waitz.io/live/ucsd-rec
[2026-07-27 00:37:00] Saved 4 rows to ucsd_occupancy_history.csv
[2026-07-27 00:37:00] Main Gym Fitness Gym: 0% (Closed) people=0 capacity=72 is_open=False hour_summary=closed
[2026-07-27 00:37:00] Outback Climbing Center: 0% (Closed) people=0 capacity=30 is_open=False hour_summary=Closed until 2:00pm
[2026-07-27 00:37:00] RIMAC Fitness Gym: 0% (Closed) people=0 capacity=150 is_open=False hour_summary=Closed until 6:00am
[2026-07-27 00:37:00] Triton Esports Center: 0% (Closed) people=0 capacity=35 is_open=False hour_summary=closed
[2026-07-27 00:37:00] === SCRAPE END OK ===
[2026-07-27 00:45:02] === SCRAPE START ===
[2026-07-27 00:45:02] Fetching https://waitz.io/live/ucsd-rec
[2026-07-27 00:45:03] Saved 4 rows to ucsd_occupancy_history.csv
[2026-07-27 00:45:03] Main Gym Fitness Gym: 0% (Closed) people=0 capacity=72 is_open=False hour_summary=closed
[2026-07-27 00:45:03] Outback Climbing Center: 0% (Closed) people=0 capacity=30 is_open=False hour_summary=Closed until 2:00pm
[2026-07-27 00:45:03] RIMAC Fitness Gym: 0% (Closed) people=0 capacity=150 is_open=False hour_summary=Closed until 6:00am
[2026-07-27 00:45:03] Triton Esports Center: 0% (Closed) people=0 capacity=35 is_open=False hour_summary=closed
[2026-07-27 00:45:03] === SCRAPE END OK ===
[2026-07-27 00:52:00] === SCRAPE START ===
[2026-07-27 00:52:00] Fetching https://waitz.io/live/ucsd-rec
[2026-07-27 00:52:00] Saved 4 rows to ucsd_occupancy_history.csv
[2026-07-27 00:52:00] Main Gym Fitness Gym: 0% (Closed) people=0 capacity=72 is_open=False hour_summary=closed
[2026-07-27 00:52:00] Outback Climbing Center: 0% (Closed) people=0 capacity=30 is_open=False hour_summary=Closed until 2:00pm
[2026-07-27 00:52:00] RIMAC Fitness Gym: 0% (Closed) people=0 capacity=150 is_open=False hour_summary=Closed until 6:00am
[2026-07-27 00:52:00] Triton Esports Center: 0% (Closed) people=0 capacity=35 is_open=False hour_summary=closed
[2026-07-27 00:52:00] === SCRAPE END OK ===
[2026-07-27 01:00:02] === SCRAPE START ===
[2026-07-27 01:00:02] Fetching https://waitz.io/live/ucsd-rec
[2026-07-27 01:00:04] Saved 4 rows to ucsd_occupancy_history.csv
[2026-07-27 01:00:04] Main Gym Fitness Gym: 0% (Closed) people=0 capacity=72 is_open=False hour_summary=closed
[2026-07-27 01:00:04] Outback Climbing Center: 0% (Closed) people=0 capacity=30 is_open=False hour_summary=Closed until 2:00pm
[2026-07-27 01:00:04] RIMAC Fitness Gym: 0% (Closed) people=0 capacity=150 is_open=False hour_summary=Closed until 6:00am
[2026-07-27 01:00:04] Triton Esports Center: 0% (Closed) people=0 capacity=35 is_open=False hour_summary=closed
[2026-07-27 01:00:04] === SCRAPE END OK ===
[2026-07-27 01:07:00] === SCRAPE START ===
[2026-07-27 01:07:00] Fetching https://waitz.io/live/ucsd-rec
[2026-07-27 01:07:01] Saved 4 rows to ucsd_occupancy_history.csv
[2026-07-27 01:07:01] Main Gym Fitness Gym: 1% (Closed) people=1 capacity=72 is_open=False hour_summary=closed
[2026-07-27 01:07:01] Outback Climbing Center: 0% (Closed) people=0 capacity=30 is_open=False hour_summary=Closed until 2:00pm
[2026-07-27 01:07:01] RIMAC Fitness Gym: 0% (Closed) people=0 capacity=150 is_open=False hour_summary=Closed until 6:00am
[2026-07-27 01:07:01] Triton Esports Center: 0% (Closed) people=0 capacity=35 is_open=False hour_summary=closed
[2026-07-27 01:07:01] === SCRAPE END OK ===
[2026-07-27 01:15:02] === SCRAPE START ===
[2026-07-27 01:15:02] Fetching https://waitz.io/live/ucsd-rec
[2026-07-27 01:15:03] Saved 4 rows to ucsd_occupancy_history.csv
[2026-07-27 01:15:03] Main Gym Fitness Gym: 0% (Closed) people=0 capacity=72 is_open=False hour_summary=closed
[2026-07-27 01:15:03] Outback Climbing Center: 0% (Closed) people=0 capacity=30 is_open=False hour_summary=Closed until 2:00pm
[2026-07-27 01:15:03] RIMAC Fitness Gym: 0% (Closed) people=0 capacity=150 is_open=False hour_summary=Closed until 6:00am
[2026-07-27 01:15:03] Triton Esports Center: 0% (Closed) people=0 capacity=35 is_open=False hour_summary=closed
[2026-07-27 01:15:03] === SCRAPE END OK ===
[2026-07-27 01:22:00] === SCRAPE START ===
[2026-07-27 01:22:00] Fetching https://waitz.io/live/ucsd-rec
[2026-07-27 01:22:01] Saved 4 rows to ucsd_occupancy_history.csv
[2026-07-27 01:22:01] Main Gym Fitness Gym: 0% (Closed) people=0 capacity=72 is_open=False hour_summary=closed
[2026-07-27 01:22:01] Outback Climbing Center: 0% (Closed) people=0 capacity=30 is_open=False hour_summary=Closed until 2:00pm
[2026-07-27 01:22:01] RIMAC Fitness Gym: 0% (Closed) people=0 capacity=150 is_open=False hour_summary=Closed until 6:00am
[2026-07-27 01:22:01] Triton Esports Center: 0% (Closed) people=0 capacity=35 is_open=False hour_summary=closed
[2026-07-27 01:22:01] === SCRAPE END OK ===
[2026-07-27 01:30:02] === SCRAPE START ===
[2026-07-27 01:30:02] Fetching https://waitz.io/live/ucsd-rec
[2026-07-27 01:30:04] Saved 4 rows to ucsd_occupancy_history.csv
[2026-07-27 01:30:04] Main Gym Fitness Gym: 0% (Closed) people=0 capacity=72 is_open=False hour_summary=closed
[2026-07-27 01:30:04] Outback Climbing Center: 0% (Closed) people=0 capacity=30 is_open=False hour_summary=Closed until 2:00pm
[2026-07-27 01:30:04] RIMAC Fitness Gym: 0% (Closed) people=0 capacity=150 is_open=False hour_summary=Closed until 6:00am
[2026-07-27 01:30:04] Triton Esports Center: 0% (Closed) people=0 capacity=35 is_open=False hour_summary=closed
[2026-07-27 01:30:04] === SCRAPE END OK ===
[2026-07-27 01:37:00] === SCRAPE START ===
[2026-07-27 01:37:00] Fetching https://waitz.io/live/ucsd-rec
[2026-07-27 01:37:00] Saved 4 rows to ucsd_occupancy_history.csv
[2026-07-27 01:37:00] Main Gym Fitness Gym: 0% (Closed) people=0 capacity=72 is_open=False hour_summary=closed
[2026-07-27 01:37:00] Outback Climbing Center: 0% (Closed) people=0 capacity=30 is_open=False hour_summary=Closed until 2:00pm
[2026-07-27 01:37:00] RIMAC Fitness Gym: 0% (Closed) people=0 capacity=150 is_open=False hour_summary=Closed until 6:00am
[2026-07-27 01:37:00] Triton Esports Center: 0% (Closed) people=0 capacity=35 is_open=False hour_summary=closed
[2026-07-27 01:37:00] === SCRAPE END OK ===
[2026-07-27 01:45:02] === SCRAPE START ===
[2026-07-27 01:45:02] Fetching https://waitz.io/live/ucsd-rec
[2026-07-27 01:45:03] Saved 4 rows to ucsd_occupancy_history.csv
[2026-07-27 01:45:03] Main Gym Fitness Gym: 0% (Closed) people=0 capacity=72 is_open=False hour_summary=closed
[2026-07-27 01:45:03] Outback Climbing Center: 0% (Closed) people=0 capacity=30 is_open=False hour_summary=Closed until 2:00pm
[2026-07-27 01:45:03] RIMAC Fitness Gym: 0% (Closed) people=0 capacity=150 is_open=False hour_summary=Closed until 6:00am
[2026-07-27 01:45:03] Triton Esports Center: 0% (Closed) people=0 capacity=35 is_open=False hour_summary=closed
[2026-07-27 01:45:03] === SCRAPE END OK ===
[2026-07-27 01:52:00] === SCRAPE START ===
[2026-07-27 01:52:00] Fetching https://waitz.io/live/ucsd-rec
[2026-07-27 01:52:01] Saved 4 rows to ucsd_occupancy_history.csv
[2026-07-27 01:52:01] Main Gym Fitness Gym: 0% (Closed) people=0 capacity=72 is_open=False hour_summary=closed
[2026-07-27 01:52:01] Outback Climbing Center: 0% (Closed) people=0 capacity=30 is_open=False hour_summary=Closed until 2:00pm
[2026-07-27 01:52:01] RIMAC Fitness Gym: 0% (Closed) people=0 capacity=150 is_open=False hour_summary=Closed until 6:00am
[2026-07-27 01:52:01] Triton Esports Center: 0% (Closed) people=0 capacity=35 is_open=False hour_summary=closed
[2026-07-27 01:52:01] === SCRAPE END OK ===
[2026-07-27 02:00:02] === SCRAPE START ===
[2026-07-27 02:00:02] Fetching https://waitz.io/live/ucsd-rec
[2026-07-27 02:00:03] Saved 4 rows to ucsd_occupancy_history.csv
[2026-07-27 02:00:03] Main Gym Fitness Gym: 0% (Closed) people=0 capacity=72 is_open=False hour_summary=closed
[2026-07-27 02:00:03] Outback Climbing Center: 0% (Closed) people=0 capacity=30 is_open=False hour_summary=Closed until 2:00pm
[2026-07-27 02:00:03] RIMAC Fitness Gym: 0% (Closed) people=0 capacity=150 is_open=False hour_summary=Closed until 6:00am
[2026-07-27 02:00:03] Triton Esports Center: 0% (Closed) people=0 capacity=35 is_open=False hour_summary=closed
[2026-07-27 02:00:03] === SCRAPE END OK ===
[2026-07-27 02:07:00] === SCRAPE START ===
[2026-07-27 02:07:00] Fetching https://waitz.io/live/ucsd-rec
[2026-07-27 02:07:00] Saved 4 rows to ucsd_occupancy_history.csv
[2026-07-27 02:07:00] Main Gym Fitness Gym: 0% (Closed) people=0 capacity=72 is_open=False hour_summary=closed
[2026-07-27 02:07:00] Outback Climbing Center: 0% (Closed) people=0 capacity=30 is_open=False hour_summary=Closed until 2:00pm
[2026-07-27 02:07:00] RIMAC Fitness Gym: 0% (Closed) people=0 capacity=150 is_open=False hour_summary=Closed until 6:00am
[2026-07-27 02:07:00] Triton Esports Center: 0% (Closed) people=0 capacity=35 is_open=False hour_summary=closed
[2026-07-27 02:07:00] === SCRAPE END OK ===
[2026-07-27 02:15:02] === SCRAPE START ===
[2026-07-27 02:15:02] Fetching https://waitz.io/live/ucsd-rec
[2026-07-27 02:15:03] Saved 4 rows to ucsd_occupancy_history.csv
[2026-07-27 02:15:03] Main Gym Fitness Gym: 0% (Closed) people=0 capacity=72 is_open=False hour_summary=closed
[2026-07-27 02:15:03] Outback Climbing Center: 0% (Closed) people=0 capacity=30 is_open=False hour_summary=Closed until 2:00pm
[2026-07-27 02:15:03] RIMAC Fitness Gym: 0% (Closed) people=0 capacity=150 is_open=False hour_summary=Closed until 6:00am
[2026-07-27 02:15:03] Triton Esports Center: 0% (Closed) people=0 capacity=35 is_open=False hour_summary=closed
[2026-07-27 02:15:03] === SCRAPE END OK ===
[2026-07-27 02:22:00] === SCRAPE START ===
[2026-07-27 02:22:00] Fetching https://waitz.io/live/ucsd-rec
[2026-07-27 02:22:01] Saved 4 rows to ucsd_occupancy_history.csv
[2026-07-27 02:22:01] Main Gym Fitness Gym: 0% (Closed) people=0 capacity=72 is_open=False hour_summary=closed
[2026-07-27 02:22:01] Outback Climbing Center: 0% (Closed) people=0 capacity=30 is_open=False hour_summary=Closed until 2:00pm
[2026-07-27 02:22:01] RIMAC Fitness Gym: 0% (Closed) people=0 capacity=150 is_open=False hour_summary=Closed until 6:00am
[2026-07-27 02:22:01] Triton Esports Center: 0% (Closed) people=0 capacity=35 is_open=False hour_summary=closed
[2026-07-27 02:22:01] === SCRAPE END OK ===
[2026-07-27 02:30:02] === SCRAPE START ===
[2026-07-27 02:30:02] Fetching https://waitz.io/live/ucsd-rec
[2026-07-27 02:30:04] Saved 4 rows to ucsd_occupancy_history.csv
[2026-07-27 02:30:04] Main Gym Fitness Gym: 0% (Closed) people=0 capacity=72 is_open=False hour_summary=closed
[2026-07-27 02:30:04] Outback Climbing Center: 0% (Closed) people=0 capacity=30 is_open=False hour_summary=Closed until 2:00pm
[2026-07-27 02:30:04] RIMAC Fitness Gym: 0% (Closed) people=0 capacity=150 is_open=False hour_summary=Closed until 6:00am
[2026-07-27 02:30:04] Triton Esports Center: 0% (Closed) people=0 capacity=35 is_open=False hour_summary=closed
[2026-07-27 02:30:04] === SCRAPE END OK ===
[2026-07-27 02:37:00] === SCRAPE START ===
[2026-07-27 02:37:00] Fetching https://waitz.io/live/ucsd-rec
[2026-07-27 02:37:01] Saved 4 rows to ucsd_occupancy_history.csv
[2026-07-27 02:37:01] Main Gym Fitness Gym: 0% (Closed) people=0 capacity=72 is_open=False hour_summary=closed
[2026-07-27 02:37:01] Outback Climbing Center: 0% (Closed) people=0 capacity=30 is_open=False hour_summary=Closed until 2:00pm
[2026-07-27 02:37:01] RIMAC Fitness Gym: 1% (Closed) people=2 capacity=150 is_open=False hour_summary=Closed until 6:00am
[2026-07-27 02:37:01] Triton Esports Center: 0% (Closed) people=0 capacity=35 is_open=False hour_summary=closed
[2026-07-27 02:37:01] === SCRAPE END OK ===
[2026-07-27 02:45:02] === SCRAPE START ===
[2026-07-27 02:45:02] Fetching https://waitz.io/live/ucsd-rec
[2026-07-27 02:45:03] Saved 4 rows to ucsd_occupancy_history.csv
[2026-07-27 02:45:03] Main Gym Fitness Gym: 0% (Closed) people=0 capacity=72 is_open=False hour_summary=closed
[2026-07-27 02:45:03] Outback Climbing Center: 0% (Closed) people=0 capacity=30 is_open=False hour_summary=Closed until 2:00pm
[2026-07-27 02:45:03] RIMAC Fitness Gym: 0% (Closed) people=0 capacity=150 is_open=False hour_summary=Closed until 6:00am
[2026-07-27 02:45:03] Triton Esports Center: 0% (Closed) people=0 capacity=35 is_open=False hour_summary=closed
[2026-07-27 02:45:03] === SCRAPE END OK ===
[2026-07-27 02:52:00] === SCRAPE START ===
[2026-07-27 02:52:00] Fetching https://waitz.io/live/ucsd-rec
[2026-07-27 02:52:00] Saved 4 rows to ucsd_occupancy_history.csv
[2026-07-27 02:52:00] Main Gym Fitness Gym: 0% (Closed) people=0 capacity=72 is_open=False hour_summary=closed
[2026-07-27 02:52:00] Outback Climbing Center: 0% (Closed) people=0 capacity=30 is_open=False hour_summary=Closed until 2:00pm
[2026-07-27 02:52:00] RIMAC Fitness Gym: 0% (Closed) people=0 capacity=150 is_open=False hour_summary=Closed until 6:00am
[2026-07-27 02:52:00] Triton Esports Center: 0% (Closed) people=0 capacity=35 is_open=False hour_summary=closed
[2026-07-27 02:52:00] === SCRAPE END OK ===
[2026-07-27 03:00:02] === SCRAPE START ===
[2026-07-27 03:00:02] Fetching https://waitz.io/live/ucsd-rec
[2026-07-27 03:00:04] Saved 4 rows to ucsd_occupancy_history.csv
[2026-07-27 03:00:04] Main Gym Fitness Gym: 0% (Closed) people=0 capacity=72 is_open=False hour_summary=closed
[2026-07-27 03:00:04] Outback Climbing Center: 0% (Closed) people=0 capacity=30 is_open=False hour_summary=Closed until 2:00pm
[2026-07-27 03:00:04] RIMAC Fitness Gym: 0% (Closed) people=0 capacity=150 is_open=False hour_summary=Closed until 6:00am
[2026-07-27 03:00:04] Triton Esports Center: 0% (Closed) people=0 capacity=35 is_open=False hour_summary=closed
[2026-07-27 03:00:04] === SCRAPE END OK ===
[2026-07-27 03:07:00] === SCRAPE START ===
[2026-07-27 03:07:00] Fetching https://waitz.io/live/ucsd-rec
[2026-07-27 03:07:01] Saved 4 rows to ucsd_occupancy_history.csv
[2026-07-27 03:07:01] Main Gym Fitness Gym: 0% (Closed) people=0 capacity=72 is_open=False hour_summary=closed
[2026-07-27 03:07:01] Outback Climbing Center: 0% (Closed) people=0 capacity=30 is_open=False hour_summary=Closed until 2:00pm
[2026-07-27 03:07:01] RIMAC Fitness Gym: 0% (Closed) people=0 capacity=150 is_open=False hour_summary=Closed until 6:00am
[2026-07-27 03:07:01] Triton Esports Center: 0% (Closed) people=0 capacity=35 is_open=False hour_summary=closed
[2026-07-27 03:07:01] === SCRAPE END OK ===
[2026-07-27 03:15:02] === SCRAPE START ===
[2026-07-27 03:15:02] Fetching https://waitz.io/live/ucsd-rec
[2026-07-27 03:15:03] Saved 4 rows to ucsd_occupancy_history.csv
[2026-07-27 03:15:03] Main Gym Fitness Gym: 0% (Closed) people=0 capacity=72 is_open=False hour_summary=closed
[2026-07-27 03:15:03] Outback Climbing Center: 0% (Closed) people=0 capacity=30 is_open=False hour_summary=Closed until 2:00pm
[2026-07-27 03:15:03] RIMAC Fitness Gym: 0% (Closed) people=0 capacity=150 is_open=False hour_summary=Closed until 6:00am
[2026-07-27 03:15:03] Triton Esports Center: 0% (Closed) people=0 capacity=35 is_open=False hour_summary=closed
[2026-07-27 03:15:03] === SCRAPE END OK ===
[2026-07-27 03:22:00] === SCRAPE START ===
[2026-07-27 03:22:00] Fetching https://waitz.io/live/ucsd-rec
[2026-07-27 03:22:00] Saved 4 rows to ucsd_occupancy_history.csv
[2026-07-27 03:22:00] Main Gym Fitness Gym: 0% (Closed) people=0 capacity=72 is_open=False hour_summary=closed
[2026-07-27 03:22:00] Outback Climbing Center: 0% (Closed) people=0 capacity=30 is_open=False hour_summary=Closed until 2:00pm
[2026-07-27 03:22:00] RIMAC Fitness Gym: 0% (Closed) people=0 capacity=150 is_open=False hour_summary=Closed until 6:00am
[2026-07-27 03:22:00] Triton Esports Center: 0% (Closed) people=0 capacity=35 is_open=False hour_summary=closed
[2026-07-27 03:22:00] === SCRAPE END OK ===
[2026-07-27 03:30:02] === SCRAPE START ===
[2026-07-27 03:30:02] Fetching https://waitz.io/live/ucsd-rec
[2026-07-27 03:30:03] Saved 4 rows to ucsd_occupancy_history.csv
[2026-07-27 03:30:03] Main Gym Fitness Gym: 0% (Closed) people=0 capacity=72 is_open=False hour_summary=closed
[2026-07-27 03:30:03] Outback Climbing Center: 0% (Closed) people=0 capacity=30 is_open=False hour_summary=Closed until 2:00pm
[2026-07-27 03:30:03] RIMAC Fitness Gym: 0% (Closed) people=0 capacity=150 is_open=False hour_summary=Closed until 6:00am
[2026-07-27 03:30:03] Triton Esports Center: 0% (Closed) people=0 capacity=35 is_open=False hour_summary=closed
[2026-07-27 03:30:03] === SCRAPE END OK ===
[2026-07-27 03:37:00] === SCRAPE START ===
[2026-07-27 03:37:00] Fetching https://waitz.io/live/ucsd-rec
[2026-07-27 03:37:00] Saved 4 rows to ucsd_occupancy_history.csv
[2026-07-27 03:37:00] Main Gym Fitness Gym: 0% (Closed) people=0 capacity=72 is_open=False hour_summary=closed
[2026-07-27 03:37:00] Outback Climbing Center: 0% (Closed) people=0 capacity=30 is_open=False hour_summary=Closed until 2:00pm
[2026-07-27 03:37:00] RIMAC Fitness Gym: 0% (Closed) people=0 capacity=150 is_open=False hour_summary=Closed until 6:00am
[2026-07-27 03:37:00] Triton Esports Center: 0% (Closed) people=0 capacity=35 is_open=False hour_summary=closed
[2026-07-27 03:37:00] === SCRAPE END OK ===
[2026-07-27 03:45:02] === SCRAPE START ===
[2026-07-27 03:45:02] Fetching https://waitz.io/live/ucsd-rec
[2026-07-27 03:45:03] Saved 4 rows to ucsd_occupancy_history.csv
[2026-07-27 03:45:03] Main Gym Fitness Gym: 0% (Closed) people=0 capacity=72 is_open=False hour_summary=closed
[2026-07-27 03:45:03] Outback Climbing Center: 0% (Closed) people=0 capacity=30 is_open=False hour_summary=Closed until 2:00pm
[2026-07-27 03:45:03] RIMAC Fitness Gym: 1% (Closed) people=2 capacity=150 is_open=False hour_summary=Closed until 6:00am
[2026-07-27 03:45:03] Triton Esports Center: 0% (Closed) people=0 capacity=35 is_open=False hour_summary=closed
[2026-07-27 03:45:03] === SCRAPE END OK ===
[2026-07-27 03:52:00] === SCRAPE START ===
[2026-07-27 03:52:00] Fetching https://waitz.io/live/ucsd-rec
[2026-07-27 03:52:01] Saved 4 rows to ucsd_occupancy_history.csv
[2026-07-27 03:52:01] Main Gym Fitness Gym: 0% (Closed) people=0 capacity=72 is_open=False hour_summary=closed
[2026-07-27 03:52:01] Outback Climbing Center: 0% (Closed) people=0 capacity=30 is_open=False hour_summary=Closed until 2:00pm
[2026-07-27 03:52:01] RIMAC Fitness Gym: 0% (Closed) people=0 capacity=150 is_open=False hour_summary=Closed until 6:00am
[2026-07-27 03:52:01] Triton Esports Center: 0% (Closed) people=0 capacity=35 is_open=False hour_summary=closed
[2026-07-27 03:52:01] === SCRAPE END OK ===
[2026-07-27 04:00:02] === SCRAPE START ===
[2026-07-27 04:00:02] Fetching https://waitz.io/live/ucsd-rec
[2026-07-27 04:00:03] Saved 4 rows to ucsd_occupancy_history.csv
[2026-07-27 04:00:03] Main Gym Fitness Gym: 0% (Closed) people=0 capacity=72 is_open=False hour_summary=closed
[2026-07-27 04:00:03] Outback Climbing Center: 0% (Closed) people=0 capacity=30 is_open=False hour_summary=Closed until 2:00pm
[2026-07-27 04:00:03] RIMAC Fitness Gym: 0% (Closed) people=0 capacity=150 is_open=False hour_summary=Closed until 6:00am
[2026-07-27 04:00:03] Triton Esports Center: 0% (Closed) people=0 capacity=35 is_open=False hour_summary=closed
[2026-07-27 04:00:03] === SCRAPE END OK ===
[2026-07-27 04:07:00] === SCRAPE START ===
[2026-07-27 04:07:00] Fetching https://waitz.io/live/ucsd-rec
[2026-07-27 04:07:01] Saved 4 rows to ucsd_occupancy_history.csv
[2026-07-27 04:07:01] Main Gym Fitness Gym: 0% (Closed) people=0 capacity=72 is_open=False hour_summary=closed
[2026-07-27 04:07:01] Outback Climbing Center: 0% (Closed) people=0 capacity=30 is_open=False hour_summary=Closed until 2:00pm
[2026-07-27 04:07:01] RIMAC Fitness Gym: 0% (Closed) people=0 capacity=150 is_open=False hour_summary=Closed until 6:00am
[2026-07-27 04:07:01] Triton Esports Center: 0% (Closed) people=0 capacity=35 is_open=False hour_summary=closed
[2026-07-27 04:07:01] === SCRAPE END OK ===
[2026-07-27 04:15:02] === SCRAPE START ===
[2026-07-27 04:15:02] Fetching https://waitz.io/live/ucsd-rec
[2026-07-27 04:15:03] Saved 4 rows to ucsd_occupancy_history.csv
[2026-07-27 04:15:03] Main Gym Fitness Gym: 0% (Closed) people=0 capacity=72 is_open=False hour_summary=closed
[2026-07-27 04:15:03] Outback Climbing Center: 0% (Closed) people=0 capacity=30 is_open=False hour_summary=Closed until 2:00pm
[2026-07-27 04:15:03] RIMAC Fitness Gym: 0% (Closed) people=0 capacity=150 is_open=False hour_summary=Closed until 6:00am
[2026-07-27 04:15:03] Triton Esports Center: 0% (Closed) people=0 capacity=35 is_open=False hour_summary=closed
[2026-07-27 04:15:03] === SCRAPE END OK ===
[2026-07-27 04:22:00] === SCRAPE START ===
[2026-07-27 04:22:00] Fetching https://waitz.io/live/ucsd-rec
[2026-07-27 04:22:01] Saved 4 rows to ucsd_occupancy_history.csv
[2026-07-27 04:22:01] Main Gym Fitness Gym: 0% (Closed) people=0 capacity=72 is_open=False hour_summary=closed
[2026-07-27 04:22:01] Outback Climbing Center: 0% (Closed) people=0 capacity=30 is_open=False hour_summary=Closed until 2:00pm
[2026-07-27 04:22:01] RIMAC Fitness Gym: 0% (Closed) people=0 capacity=150 is_open=False hour_summary=Closed until 6:00am
[2026-07-27 04:22:01] Triton Esports Center: 0% (Closed) people=0 capacity=35 is_open=False hour_summary=closed
[2026-07-27 04:22:01] === SCRAPE END OK ===
[2026-07-27 04:30:02] === SCRAPE START ===
[2026-07-27 04:30:02] Fetching https://waitz.io/live/ucsd-rec
[2026-07-27 04:30:03] Saved 4 rows to ucsd_occupancy_history.csv
[2026-07-27 04:30:03] Main Gym Fitness Gym: 0% (Closed) people=0 capacity=72 is_open=False hour_summary=closed
[2026-07-27 04:30:03] Outback Climbing Center: 0% (Closed) people=0 capacity=30 is_open=False hour_summary=Closed until 2:00pm
[2026-07-27 04:30:03] RIMAC Fitness Gym: 0% (Closed) people=0 capacity=150 is_open=False hour_summary=Closed until 6:00am
[2026-07-27 04:30:03] Triton Esports Center: 0% (Closed) people=0 capacity=35 is_open=False hour_summary=closed
[2026-07-27 04:30:03] === SCRAPE END OK ===
[2026-07-27 04:37:00] === SCRAPE START ===
[2026-07-27 04:37:00] Fetching https://waitz.io/live/ucsd-rec
[2026-07-27 04:37:00] Saved 4 rows to ucsd_occupancy_history.csv
[2026-07-27 04:37:00] Main Gym Fitness Gym: 0% (Closed) people=0 capacity=72 is_open=False hour_summary=closed
[2026-07-27 04:37:00] Outback Climbing Center: 0% (Closed) people=0 capacity=30 is_open=False hour_summary=Closed until 2:00pm
[2026-07-27 04:37:00] RIMAC Fitness Gym: 0% (Closed) people=0 capacity=150 is_open=False hour_summary=Closed until 6:00am
[2026-07-27 04:37:00] Triton Esports Center: 0% (Closed) people=0 capacity=35 is_open=False hour_summary=closed
[2026-07-27 04:37:00] === SCRAPE END OK ===
[2026-07-27 04:45:02] === SCRAPE START ===
[2026-07-27 04:45:02] Fetching https://waitz.io/live/ucsd-rec
[2026-07-27 04:45:03] Saved 4 rows to ucsd_occupancy_history.csv
[2026-07-27 04:45:03] Main Gym Fitness Gym: 0% (Closed) people=0 capacity=72 is_open=False hour_summary=closed
[2026-07-27 04:45:03] Outback Climbing Center: 0% (Closed) people=0 capacity=30 is_open=False hour_summary=Closed until 2:00pm
[2026-07-27 04:45:03] RIMAC Fitness Gym: 1% (Closed) people=2 capacity=150 is_open=False hour_summary=Closed until 6:00am
[2026-07-27 04:45:03] Triton Esports Center: 0% (Closed) people=0 capacity=35 is_open=False hour_summary=closed
[2026-07-27 04:45:03] === SCRAPE END OK ===
[2026-07-27 04:52:00] === SCRAPE START ===
[2026-07-27 04:52:00] Fetching https://waitz.io/live/ucsd-rec
[2026-07-27 04:52:01] Saved 4 rows to ucsd_occupancy_history.csv
[2026-07-27 04:52:01] Main Gym Fitness Gym: 0% (Closed) people=0 capacity=72 is_open=False hour_summary=closed
[2026-07-27 04:52:01] Outback Climbing Center: 0% (Closed) people=0 capacity=30 is_open=False hour_summary=Closed until 2:00pm
[2026-07-27 04:52:01] RIMAC Fitness Gym: 0% (Closed) people=0 capacity=150 is_open=False hour_summary=Closed until 6:00am
[2026-07-27 04:52:01] Triton Esports Center: 0% (Closed) people=0 capacity=35 is_open=False hour_summary=closed
[2026-07-27 04:52:01] === SCRAPE END OK ===
[2026-07-27 05:00:02] === SCRAPE START ===
[2026-07-27 05:00:02] Fetching https://waitz.io/live/ucsd-rec
[2026-07-27 05:00:03] Saved 4 rows to ucsd_occupancy_history.csv
[2026-07-27 05:00:03] Main Gym Fitness Gym: 0% (Closed) people=0 capacity=72 is_open=False hour_summary=closed
[2026-07-27 05:00:03] Outback Climbing Center: 0% (Closed) people=0 capacity=30 is_open=False hour_summary=Closed until 2:00pm
[2026-07-27 05:00:03] RIMAC Fitness Gym: 0% (Closed) people=0 capacity=150 is_open=False hour_summary=Closed until 6:00am
[2026-07-27 05:00:03] Triton Esports Center: 0% (Closed) people=0 capacity=35 is_open=False hour_summary=closed
[2026-07-27 05:00:03] === SCRAPE END OK ===
[2026-07-27 05:07:00] === SCRAPE START ===
[2026-07-27 05:07:00] Fetching https://waitz.io/live/ucsd-rec
[2026-07-27 05:07:00] Saved 4 rows to ucsd_occupancy_history.csv
[2026-07-27 05:07:00] Main Gym Fitness Gym: 1% (Closed) people=1 capacity=72 is_open=False hour_summary=closed
[2026-07-27 05:07:00] Outback Climbing Center: 0% (Closed) people=0 capacity=30 is_open=False hour_summary=Closed until 2:00pm
[2026-07-27 05:07:00] RIMAC Fitness Gym: 1% (Closed) people=2 capacity=150 is_open=False hour_summary=Closed until 6:00am
[2026-07-27 05:07:00] Triton Esports Center: 0% (Closed) people=0 capacity=35 is_open=False hour_summary=closed
[2026-07-27 05:07:00] === SCRAPE END OK ===
[2026-07-27 05:15:02] === SCRAPE START ===
[2026-07-27 05:15:02] Fetching https://waitz.io/live/ucsd-rec
[2026-07-27 05:15:03] Saved 4 rows to ucsd_occupancy_history.csv
[2026-07-27 05:15:03] Main Gym Fitness Gym: 0% (Closed) people=0 capacity=72 is_open=False hour_summary=closed
[2026-07-27 05:15:03] Outback Climbing Center: 0% (Closed) people=0 capacity=30 is_open=False hour_summary=Closed until 2:00pm
[2026-07-27 05:15:03] RIMAC Fitness Gym: 1% (Closed) people=2 capacity=150 is_open=False hour_summary=Closed until 6:00am
[2026-07-27 05:15:03] Triton Esports Center: 0% (Closed) people=0 capacity=35 is_open=False hour_summary=closed
[2026-07-27 05:15:03] === SCRAPE END OK ===
[2026-07-27 05:22:00] === SCRAPE START ===
[2026-07-27 05:22:00] Fetching https://waitz.io/live/ucsd-rec
[2026-07-27 05:22:00] Saved 4 rows to ucsd_occupancy_history.csv
[2026-07-27 05:22:00] Main Gym Fitness Gym: 0% (Closed) people=0 capacity=72 is_open=False hour_summary=closed
[2026-07-27 05:22:00] Outback Climbing Center: 0% (Closed) people=0 capacity=30 is_open=False hour_summary=Closed until 2:00pm
[2026-07-27 05:22:00] RIMAC Fitness Gym: 1% (Closed) people=2 capacity=150 is_open=False hour_summary=Closed until 6:00am
[2026-07-27 05:22:00] Triton Esports Center: 0% (Closed) people=0 capacity=35 is_open=False hour_summary=closed
[2026-07-27 05:22:00] === SCRAPE END OK ===
[2026-07-27 05:30:02] === SCRAPE START ===
[2026-07-27 05:30:02] Fetching https://waitz.io/live/ucsd-rec
[2026-07-27 05:30:03] Saved 4 rows to ucsd_occupancy_history.csv
[2026-07-27 05:30:03] Main Gym Fitness Gym: 1% (Closed) people=1 capacity=72 is_open=False hour_summary=closed
[2026-07-27 05:30:03] Outback Climbing Center: 0% (Closed) people=0 capacity=30 is_open=False hour_summary=Closed until 2:00pm
[2026-07-27 05:30:03] RIMAC Fitness Gym: 0% (Closed) people=0 capacity=150 is_open=False hour_summary=Closed until 6:00am
[2026-07-27 05:30:03] Triton Esports Center: 0% (Closed) people=0 capacity=35 is_open=False hour_summary=closed
[2026-07-27 05:30:03] === SCRAPE END OK ===
[2026-07-27 05:37:00] === SCRAPE START ===
[2026-07-27 05:37:00] Fetching https://waitz.io/live/ucsd-rec
[2026-07-27 05:37:00] Saved 4 rows to ucsd_occupancy_history.csv
[2026-07-27 05:37:00] Main Gym Fitness Gym: 1% (Closed) people=1 capacity=72 is_open=False hour_summary=closed
[2026-07-27 05:37:00] Outback Climbing Center: 0% (Closed) people=0 capacity=30 is_open=False hour_summary=Closed until 2:00pm
[2026-07-27 05:37:00] RIMAC Fitness Gym: 1% (Closed) people=2 capacity=150 is_open=False hour_summary=Closed until 6:00am
[2026-07-27 05:37:00] Triton Esports Center: 0% (Closed) people=0 capacity=35 is_open=False hour_summary=closed
[2026-07-27 05:37:00] === SCRAPE END OK ===
[2026-07-27 05:45:02] === SCRAPE START ===
[2026-07-27 05:45:02] Fetching https://waitz.io/live/ucsd-rec
[2026-07-27 05:45:03] Saved 4 rows to ucsd_occupancy_history.csv
[2026-07-27 05:45:03] Main Gym Fitness Gym: 0% (Closed) people=0 capacity=72 is_open=False hour_summary=closed
[2026-07-27 05:45:03] Outback Climbing Center: 0% (Closed) people=0 capacity=30 is_open=False hour_summary=Closed until 2:00pm
[2026-07-27 05:45:03] RIMAC Fitness Gym: 0% (Closed) people=0 capacity=150 is_open=False hour_summary=Closed until 6:00am
[2026-07-27 05:45:03] Triton Esports Center: 0% (Closed) people=0 capacity=35 is_open=False hour_summary=closed
[2026-07-27 05:45:03] === SCRAPE END OK ===
[2026-07-27 05:52:00] === SCRAPE START ===
[2026-07-27 05:52:00] Fetching https://waitz.io/live/ucsd-rec
[2026-07-27 05:52:01] Saved 4 rows to ucsd_occupancy_history.csv
[2026-07-27 05:52:01] Main Gym Fitness Gym: 4% (Closed) people=3 capacity=72 is_open=False hour_summary=closed
[2026-07-27 05:52:01] Outback Climbing Center: 0% (Closed) people=0 capacity=30 is_open=False hour_summary=Closed until 2:00pm
[2026-07-27 05:52:01] RIMAC Fitness Gym: 1% (Closed) people=2 capacity=150 is_open=False hour_summary=Closed until 6:00am
[2026-07-27 05:52:01] Triton Esports Center: 0% (Closed) people=0 capacity=35 is_open=False hour_summary=closed
[2026-07-27 05:52:01] === SCRAPE END OK ===
[2026-07-27 06:00:02] === SCRAPE START ===
[2026-07-27 06:00:02] Fetching https://waitz.io/live/ucsd-rec
[2026-07-27 06:00:04] Saved 4 rows to ucsd_occupancy_history.csv
[2026-07-27 06:00:04] Main Gym Fitness Gym: 1% (Closed) people=1 capacity=72 is_open=False hour_summary=closed
[2026-07-27 06:00:04] Outback Climbing Center: 0% (Closed) people=0 capacity=30 is_open=False hour_summary=Closed until 2:00pm
[2026-07-27 06:00:04] RIMAC Fitness Gym: 1% (Not Busy) people=2 capacity=150 is_open=True hour_summary=open
[2026-07-27 06:00:04] Triton Esports Center: 0% (Closed) people=0 capacity=35 is_open=False hour_summary=closed
[2026-07-27 06:00:04] === SCRAPE END OK ===
[2026-07-27 06:07:00] === SCRAPE START ===
[2026-07-27 06:07:00] Fetching https://waitz.io/live/ucsd-rec
[2026-07-27 06:07:01] Saved 4 rows to ucsd_occupancy_history.csv
[2026-07-27 06:07:01] Main Gym Fitness Gym: 1% (Closed) people=1 capacity=72 is_open=False hour_summary=closed
[2026-07-27 06:07:01] Outback Climbing Center: 0% (Closed) people=0 capacity=30 is_open=False hour_summary=Closed until 2:00pm
[2026-07-27 06:07:01] RIMAC Fitness Gym: 3% (Not Busy) people=5 capacity=150 is_open=True hour_summary=open
[2026-07-27 06:07:01] Triton Esports Center: 0% (Closed) people=0 capacity=35 is_open=False hour_summary=closed
[2026-07-27 06:07:01] === SCRAPE END OK ===
[2026-07-27 06:15:02] === SCRAPE START ===
[2026-07-27 06:15:02] Fetching https://waitz.io/live/ucsd-rec
[2026-07-27 06:15:03] Saved 4 rows to ucsd_occupancy_history.csv
[2026-07-27 06:15:03] Main Gym Fitness Gym: 0% (Closed) people=0 capacity=72 is_open=False hour_summary=closed
[2026-07-27 06:15:03] Outback Climbing Center: 0% (Closed) people=0 capacity=30 is_open=False hour_summary=Closed until 2:00pm
[2026-07-27 06:15:03] RIMAC Fitness Gym: 1% (Not Busy) people=2 capacity=150 is_open=True hour_summary=open
[2026-07-27 06:15:03] Triton Esports Center: 0% (Closed) people=0 capacity=35 is_open=False hour_summary=closed
[2026-07-27 06:15:03] === SCRAPE END OK ===
[2026-07-27 06:22:00] === SCRAPE START ===
[2026-07-27 06:22:00] Fetching https://waitz.io/live/ucsd-rec
[2026-07-27 06:22:01] Saved 4 rows to ucsd_occupancy_history.csv
[2026-07-27 06:22:01] Main Gym Fitness Gym: 1% (Closed) people=1 capacity=72 is_open=False hour_summary=closed
[2026-07-27 06:22:01] Outback Climbing Center: 3% (Closed) people=1 capacity=30 is_open=False hour_summary=Closed until 2:00pm
[2026-07-27 06:22:01] RIMAC Fitness Gym: 2% (Not Busy) people=3 capacity=150 is_open=True hour_summary=open
[2026-07-27 06:22:01] Triton Esports Center: 0% (Closed) people=0 capacity=35 is_open=False hour_summary=closed
[2026-07-27 06:22:01] === SCRAPE END OK ===
[2026-07-27 06:30:02] === SCRAPE START ===
[2026-07-27 06:30:02] Fetching https://waitz.io/live/ucsd-rec
[2026-07-27 06:30:03] Saved 4 rows to ucsd_occupancy_history.csv
[2026-07-27 06:30:03] Main Gym Fitness Gym: 0% (Closed) people=0 capacity=72 is_open=False hour_summary=closed
[2026-07-27 06:30:03] Outback Climbing Center: 0% (Closed) people=0 capacity=30 is_open=False hour_summary=Closed until 2:00pm
[2026-07-27 06:30:03] RIMAC Fitness Gym: 11% (Not Busy) people=17 capacity=150 is_open=True hour_summary=open
[2026-07-27 06:30:03] Triton Esports Center: 0% (Closed) people=0 capacity=35 is_open=False hour_summary=closed
[2026-07-27 06:30:03] === SCRAPE END OK ===
[2026-07-27 06:37:00] === SCRAPE START ===
[2026-07-27 06:37:00] Fetching https://waitz.io/live/ucsd-rec
[2026-07-27 06:37:01] Saved 4 rows to ucsd_occupancy_history.csv
[2026-07-27 06:37:01] Main Gym Fitness Gym: 0% (Closed) people=0 capacity=72 is_open=False hour_summary=closed
[2026-07-27 06:37:01] Outback Climbing Center: 0% (Closed) people=0 capacity=30 is_open=False hour_summary=Closed until 2:00pm
[2026-07-27 06:37:01] RIMAC Fitness Gym: 13% (Not Busy) people=20 capacity=150 is_open=True hour_summary=open
[2026-07-27 06:37:01] Triton Esports Center: 0% (Closed) people=0 capacity=35 is_open=False hour_summary=closed
[2026-07-27 06:37:01] === SCRAPE END OK ===
[2026-07-27 06:45:02] === SCRAPE START ===
[2026-07-27 06:45:02] Fetching https://waitz.io/live/ucsd-rec
[2026-07-27 06:45:02] Saved 4 rows to ucsd_occupancy_history.csv
[2026-07-27 06:45:02] Main Gym Fitness Gym: 0% (Closed) people=0 capacity=72 is_open=False hour_summary=closed
[2026-07-27 06:45:02] Outback Climbing Center: 0% (Closed) people=0 capacity=30 is_open=False hour_summary=Closed until 2:00pm
[2026-07-27 06:45:02] RIMAC Fitness Gym: 14% (Not Busy) people=21 capacity=150 is_open=True hour_summary=open
[2026-07-27 06:45:02] Triton Esports Center: 0% (Closed) people=0 capacity=35 is_open=False hour_summary=closed
[2026-07-27 06:45:02] === SCRAPE END OK ===
[2026-07-27 06:52:00] === SCRAPE START ===
[2026-07-27 06:52:00] Fetching https://waitz.io/live/ucsd-rec
[2026-07-27 06:52:01] Saved 4 rows to ucsd_occupancy_history.csv
[2026-07-27 06:52:01] Main Gym Fitness Gym: 1% (Closed) people=1 capacity=72 is_open=False hour_summary=closed
[2026-07-27 06:52:01] Outback Climbing Center: 0% (Closed) people=0 capacity=30 is_open=False hour_summary=Closed until 2:00pm
[2026-07-27 06:52:01] RIMAC Fitness Gym: 14% (Not Busy) people=21 capacity=150 is_open=True hour_summary=open
[2026-07-27 06:52:01] Triton Esports Center: 0% (Closed) people=0 capacity=35 is_open=False hour_summary=closed
[2026-07-27 06:52:01] === SCRAPE END OK ===
[2026-07-27 07:00:02] === SCRAPE START ===
[2026-07-27 07:00:02] Fetching https://waitz.io/live/ucsd-rec
[2026-07-27 07:00:04] Saved 4 rows to ucsd_occupancy_history.csv
[2026-07-27 07:00:04] Main Gym Fitness Gym: 1% (Closed) people=1 capacity=72 is_open=False hour_summary=closed
[2026-07-27 07:00:04] Outback Climbing Center: 0% (Closed) people=0 capacity=30 is_open=False hour_summary=Closed until 2:00pm
[2026-07-27 07:00:04] RIMAC Fitness Gym: 11% (Not Busy) people=17 capacity=150 is_open=True hour_summary=open
[2026-07-27 07:00:04] Triton Esports Center: 0% (Closed) people=0 capacity=35 is_open=False hour_summary=closed
[2026-07-27 07:00:04] === SCRAPE END OK ===
[2026-07-27 07:07:00] === SCRAPE START ===
[2026-07-27 07:07:00] Fetching https://waitz.io/live/ucsd-rec
[2026-07-27 07:07:00] Saved 4 rows to ucsd_occupancy_history.csv
[2026-07-27 07:07:00] Main Gym Fitness Gym: 1% (Closed) people=1 capacity=72 is_open=False hour_summary=closed
[2026-07-27 07:07:00] Outback Climbing Center: 0% (Closed) people=0 capacity=30 is_open=False hour_summary=Closed until 2:00pm
[2026-07-27 07:07:00] RIMAC Fitness Gym: 12% (Not Busy) people=18 capacity=150 is_open=True hour_summary=open
[2026-07-27 07:07:00] Triton Esports Center: 0% (Closed) people=0 capacity=35 is_open=False hour_summary=closed
[2026-07-27 07:07:00] === SCRAPE END OK ===
[2026-07-27 07:15:02] === SCRAPE START ===
[2026-07-27 07:15:02] Fetching https://waitz.io/live/ucsd-rec
[2026-07-27 07:15:03] Saved 4 rows to ucsd_occupancy_history.csv
[2026-07-27 07:15:03] Main Gym Fitness Gym: 13% (Closed) people=9 capacity=72 is_open=False hour_summary=closed
[2026-07-27 07:15:03] Outback Climbing Center: 0% (Closed) people=0 capacity=30 is_open=False hour_summary=Closed until 2:00pm
[2026-07-27 07:15:03] RIMAC Fitness Gym: 9% (Not Busy) people=14 capacity=150 is_open=True hour_summary=open
[2026-07-27 07:15:03] Triton Esports Center: 0% (Closed) people=0 capacity=35 is_open=False hour_summary=closed
[2026-07-27 07:15:03] === SCRAPE END OK ===
[2026-07-27 07:22:00] === SCRAPE START ===
[2026-07-27 07:22:00] Fetching https://waitz.io/live/ucsd-rec
[2026-07-27 07:22:00] Saved 4 rows to ucsd_occupancy_history.csv
[2026-07-27 07:22:00] Main Gym Fitness Gym: 7% (Closed) people=5 capacity=72 is_open=False hour_summary=closed
[2026-07-27 07:22:00] Outback Climbing Center: 3% (Closed) people=1 capacity=30 is_open=False hour_summary=Closed until 2:00pm
[2026-07-27 07:22:00] RIMAC Fitness Gym: 9% (Not Busy) people=14 capacity=150 is_open=True hour_summary=open
[2026-07-27 07:22:00] Triton Esports Center: 0% (Closed) people=0 capacity=35 is_open=False hour_summary=closed
[2026-07-27 07:22:00] === SCRAPE END OK ===
[2026-07-27 07:30:02] === SCRAPE START ===
[2026-07-27 07:30:02] Fetching https://waitz.io/live/ucsd-rec
[2026-07-27 07:30:04] Saved 4 rows to ucsd_occupancy_history.csv
[2026-07-27 07:30:04] Main Gym Fitness Gym: 8% (Closed) people=6 capacity=72 is_open=False hour_summary=closed
[2026-07-27 07:30:04] Outback Climbing Center: 0% (Closed) people=0 capacity=30 is_open=False hour_summary=Closed until 2:00pm
[2026-07-27 07:30:04] RIMAC Fitness Gym: 9% (Not Busy) people=14 capacity=150 is_open=True hour_summary=open
[2026-07-27 07:30:04] Triton Esports Center: 0% (Closed) people=0 capacity=35 is_open=False hour_summary=closed
[2026-07-27 07:30:04] === SCRAPE END OK ===
[2026-07-27 07:37:00] === SCRAPE START ===
[2026-07-27 07:37:00] Fetching https://waitz.io/live/ucsd-rec
[2026-07-27 07:37:01] Saved 4 rows to ucsd_occupancy_history.csv
[2026-07-27 07:37:01] Main Gym Fitness Gym: 7% (Closed) people=5 capacity=72 is_open=False hour_summary=closed
[2026-07-27 07:37:01] Outback Climbing Center: 0% (Closed) people=0 capacity=30 is_open=False hour_summary=Closed until 2:00pm
[2026-07-27 07:37:01] RIMAC Fitness Gym: 13% (Not Busy) people=20 capacity=150 is_open=True hour_summary=open
[2026-07-27 07:37:01] Triton Esports Center: 0% (Closed) people=0 capacity=35 is_open=False hour_summary=closed
[2026-07-27 07:37:01] === SCRAPE END OK ===
[2026-07-27 07:45:02] === SCRAPE START ===
[2026-07-27 07:45:02] Fetching https://waitz.io/live/ucsd-rec
[2026-07-27 07:45:03] Saved 4 rows to ucsd_occupancy_history.csv
[2026-07-27 07:45:03] Main Gym Fitness Gym: 11% (Closed) people=8 capacity=72 is_open=False hour_summary=closed
[2026-07-27 07:45:03] Outback Climbing Center: 0% (Closed) people=0 capacity=30 is_open=False hour_summary=Closed until 2:00pm
[2026-07-27 07:45:03] RIMAC Fitness Gym: 9% (Not Busy) people=14 capacity=150 is_open=True hour_summary=open
[2026-07-27 07:45:03] Triton Esports Center: 0% (Closed) people=0 capacity=35 is_open=False hour_summary=closed
[2026-07-27 07:45:03] === SCRAPE END OK ===
[2026-07-27 07:52:00] === SCRAPE START ===
[2026-07-27 07:52:00] Fetching https://waitz.io/live/ucsd-rec
[2026-07-27 07:52:01] Saved 4 rows to ucsd_occupancy_history.csv
[2026-07-27 07:52:01] Main Gym Fitness Gym: 7% (Closed) people=5 capacity=72 is_open=False hour_summary=closed
[2026-07-27 07:52:01] Outback Climbing Center: 0% (Closed) people=0 capacity=30 is_open=False hour_summary=Closed until 2:00pm
[2026-07-27 07:52:01] RIMAC Fitness Gym: 0% (Data Unavailable) people=0 capacity=150 is_open=True hour_summary=open
[2026-07-27 07:52:01] Triton Esports Center: 0% (Closed) people=0 capacity=35 is_open=False hour_summary=closed
[2026-07-27 07:52:01] === SCRAPE END OK ===
[2026-07-27 08:00:02] === SCRAPE START ===
[2026-07-27 08:00:02] Fetching https://waitz.io/live/ucsd-rec
[2026-07-27 08:00:03] Saved 4 rows to ucsd_occupancy_history.csv
[2026-07-27 08:00:03] Main Gym Fitness Gym: 14% (Closed) people=10 capacity=72 is_open=False hour_summary=closed
[2026-07-27 08:00:03] Outback Climbing Center: 0% (Closed) people=0 capacity=30 is_open=False hour_summary=Closed until 2:00pm
[2026-07-27 08:00:03] RIMAC Fitness Gym: 7% (Not Busy) people=11 capacity=150 is_open=True hour_summary=open
[2026-07-27 08:00:03] Triton Esports Center: 0% (Closed) people=0 capacity=35 is_open=False hour_summary=closed
[2026-07-27 08:00:03] === SCRAPE END OK ===
[2026-07-27 08:07:00] === SCRAPE START ===
[2026-07-27 08:07:00] Fetching https://waitz.io/live/ucsd-rec
[2026-07-27 08:07:01] Saved 4 rows to ucsd_occupancy_history.csv
[2026-07-27 08:07:01] Main Gym Fitness Gym: 13% (Closed) people=9 capacity=72 is_open=False hour_summary=closed
[2026-07-27 08:07:01] Outback Climbing Center: 0% (Closed) people=0 capacity=30 is_open=False hour_summary=Closed until 2:00pm
[2026-07-27 08:07:01] RIMAC Fitness Gym: 9% (Not Busy) people=14 capacity=150 is_open=True hour_summary=open
[2026-07-27 08:07:01] Triton Esports Center: 0% (Closed) people=0 capacity=35 is_open=False hour_summary=closed
[2026-07-27 08:07:01] === SCRAPE END OK ===
[2026-07-27 08:15:02] === SCRAPE START ===
[2026-07-27 08:15:02] Fetching https://waitz.io/live/ucsd-rec
[2026-07-27 08:15:03] Saved 4 rows to ucsd_occupancy_history.csv
[2026-07-27 08:15:03] Main Gym Fitness Gym: 7% (Closed) people=5 capacity=72 is_open=False hour_summary=closed
[2026-07-27 08:15:03] Outback Climbing Center: 0% (Closed) people=0 capacity=30 is_open=False hour_summary=Closed until 2:00pm
[2026-07-27 08:15:03] RIMAC Fitness Gym: 6% (Not Busy) people=9 capacity=150 is_open=True hour_summary=open
[2026-07-27 08:15:03] Triton Esports Center: 0% (Closed) people=0 capacity=35 is_open=False hour_summary=closed
[2026-07-27 08:15:03] === SCRAPE END OK ===
[2026-07-27 08:22:00] === SCRAPE START ===
[2026-07-27 08:22:00] Fetching https://waitz.io/live/ucsd-rec
[2026-07-27 08:22:01] Saved 4 rows to ucsd_occupancy_history.csv
[2026-07-27 08:22:01] Main Gym Fitness Gym: 13% (Closed) people=9 capacity=72 is_open=False hour_summary=closed
[2026-07-27 08:22:01] Outback Climbing Center: 0% (Closed) people=0 capacity=30 is_open=False hour_summary=Closed until 2:00pm
[2026-07-27 08:22:01] RIMAC Fitness Gym: 8% (Not Busy) people=12 capacity=150 is_open=True hour_summary=open
[2026-07-27 08:22:01] Triton Esports Center: 0% (Closed) people=0 capacity=35 is_open=False hour_summary=closed
[2026-07-27 08:22:01] === SCRAPE END OK ===
[2026-07-27 08:30:02] === SCRAPE START ===
[2026-07-27 08:30:02] Fetching https://waitz.io/live/ucsd-rec
[2026-07-27 08:30:04] Saved 4 rows to ucsd_occupancy_history.csv
[2026-07-27 08:30:04] Main Gym Fitness Gym: 13% (Closed) people=9 capacity=72 is_open=False hour_summary=closed
[2026-07-27 08:30:04] Outback Climbing Center: 0% (Closed) people=0 capacity=30 is_open=False hour_summary=Closed until 2:00pm
[2026-07-27 08:30:04] RIMAC Fitness Gym: 8% (Not Busy) people=12 capacity=150 is_open=True hour_summary=open
[2026-07-27 08:30:04] Triton Esports Center: 0% (Closed) people=0 capacity=35 is_open=False hour_summary=closed
[2026-07-27 08:30:04] === SCRAPE END OK ===
[2026-07-27 08:37:00] === SCRAPE START ===
[2026-07-27 08:37:00] Fetching https://waitz.io/live/ucsd-rec
[2026-07-27 08:37:00] Saved 4 rows to ucsd_occupancy_history.csv
[2026-07-27 08:37:00] Main Gym Fitness Gym: 17% (Closed) people=12 capacity=72 is_open=False hour_summary=closed
[2026-07-27 08:37:00] Outback Climbing Center: 0% (Closed) people=0 capacity=30 is_open=False hour_summary=Closed until 2:00pm
[2026-07-27 08:37:00] RIMAC Fitness Gym: 11% (Not Busy) people=17 capacity=150 is_open=True hour_summary=open
[2026-07-27 08:37:00] Triton Esports Center: 0% (Closed) people=0 capacity=35 is_open=False hour_summary=closed
[2026-07-27 08:37:00] === SCRAPE END OK ===
[2026-07-27 08:45:02] === SCRAPE START ===
[2026-07-27 08:45:02] Fetching https://waitz.io/live/ucsd-rec
[2026-07-27 08:45:02] Saved 4 rows to ucsd_occupancy_history.csv
[2026-07-27 08:45:02] Main Gym Fitness Gym: 15% (Closed) people=11 capacity=72 is_open=False hour_summary=closed
[2026-07-27 08:45:02] Outback Climbing Center: 0% (Closed) people=0 capacity=30 is_open=False hour_summary=Closed until 2:00pm
[2026-07-27 08:45:02] RIMAC Fitness Gym: 11% (Not Busy) people=17 capacity=150 is_open=True hour_summary=open
[2026-07-27 08:45:02] Triton Esports Center: 0% (Closed) people=0 capacity=35 is_open=False hour_summary=closed
[2026-07-27 08:45:02] === SCRAPE END OK ===
[2026-07-27 08:52:00] === SCRAPE START ===
[2026-07-27 08:52:00] Fetching https://waitz.io/live/ucsd-rec
[2026-07-27 08:52:02] Saved 4 rows to ucsd_occupancy_history.csv
[2026-07-27 08:52:02] Main Gym Fitness Gym: 19% (Closed) people=14 capacity=72 is_open=False hour_summary=closed
[2026-07-27 08:52:02] Outback Climbing Center: 0% (Closed) people=0 capacity=30 is_open=False hour_summary=Closed until 2:00pm
[2026-07-27 08:52:02] RIMAC Fitness Gym: 14% (Not Busy) people=21 capacity=150 is_open=True hour_summary=open
[2026-07-27 08:52:02] Triton Esports Center: 0% (Closed) people=0 capacity=35 is_open=False hour_summary=closed
[2026-07-27 08:52:02] === SCRAPE END OK ===
[2026-07-27 09:00:02] === SCRAPE START ===
[2026-07-27 09:00:02] Fetching https://waitz.io/live/ucsd-rec
[2026-07-27 09:00:04] Saved 4 rows to ucsd_occupancy_history.csv
[2026-07-27 09:00:04] Main Gym Fitness Gym: 19% (Closed) people=14 capacity=72 is_open=False hour_summary=closed
[2026-07-27 09:00:04] Outback Climbing Center: 0% (Closed) people=0 capacity=30 is_open=False hour_summary=Closed until 2:00pm
[2026-07-27 09:00:04] RIMAC Fitness Gym: 15% (Not Busy) people=23 capacity=150 is_open=True hour_summary=open
[2026-07-27 09:00:04] Triton Esports Center: 0% (Closed) people=0 capacity=35 is_open=False hour_summary=closed
[2026-07-27 09:00:04] === SCRAPE END OK ===
