[2026-08-06 00:00:01] === SCRAPE START ===
[2026-08-06 00:00:01] Fetching https://waitz.io/live/ucsd-rec
[2026-08-06 00:00:03] Saved 4 rows to ucsd_occupancy_history.csv
[2026-08-06 00:00:03] Main Gym Fitness Gym: 0% (Closed) people=0 capacity=72 is_open=False hour_summary=closed
[2026-08-06 00:00:03] Outback Climbing Center: 0% (Closed) people=0 capacity=30 is_open=False hour_summary=Closed until 2:00pm
[2026-08-06 00:00:03] RIMAC Fitness Gym: 0% (Closed) people=0 capacity=50 is_open=False hour_summary=Closed until 6:00am
[2026-08-06 00:00:03] Triton Esports Center: 0% (Closed) people=0 capacity=35 is_open=False hour_summary=closed
[2026-08-06 00:00:03] === SCRAPE END OK ===
[2026-08-06 00:15:02] === SCRAPE START ===
[2026-08-06 00:15:02] Fetching https://waitz.io/live/ucsd-rec
[2026-08-06 00:15:03] Saved 4 rows to ucsd_occupancy_history.csv
[2026-08-06 00:15:03] Main Gym Fitness Gym: 0% (Closed) people=0 capacity=72 is_open=False hour_summary=closed
[2026-08-06 00:15:03] Outback Climbing Center: 0% (Closed) people=0 capacity=30 is_open=False hour_summary=Closed until 2:00pm
[2026-08-06 00:15:03] RIMAC Fitness Gym: 2% (Closed) people=1 capacity=50 is_open=False hour_summary=Closed until 6:00am
[2026-08-06 00:15:03] Triton Esports Center: 0% (Closed) people=0 capacity=35 is_open=False hour_summary=closed
[2026-08-06 00:15:03] === SCRAPE END OK ===
[2026-08-06 00:30:02] === SCRAPE START ===
[2026-08-06 00:30:02] Fetching https://waitz.io/live/ucsd-rec
[2026-08-06 00:30:03] Saved 4 rows to ucsd_occupancy_history.csv
[2026-08-06 00:30:03] Main Gym Fitness Gym: 4% (Closed) people=3 capacity=72 is_open=False hour_summary=closed
[2026-08-06 00:30:03] Outback Climbing Center: 0% (Closed) people=0 capacity=30 is_open=False hour_summary=Closed until 2:00pm
[2026-08-06 00:30:03] RIMAC Fitness Gym: 2% (Closed) people=1 capacity=50 is_open=False hour_summary=Closed until 6:00am
[2026-08-06 00:30:03] Triton Esports Center: 0% (Closed) people=0 capacity=35 is_open=False hour_summary=closed
[2026-08-06 00:30:03] === SCRAPE END OK ===
[2026-08-06 00:45:02] === SCRAPE START ===
[2026-08-06 00:45:02] Fetching https://waitz.io/live/ucsd-rec
[2026-08-06 00:45:03] Saved 4 rows to ucsd_occupancy_history.csv
[2026-08-06 00:45:03] Main Gym Fitness Gym: 1% (Closed) people=1 capacity=72 is_open=False hour_summary=closed
[2026-08-06 00:45:03] Outback Climbing Center: 0% (Closed) people=0 capacity=30 is_open=False hour_summary=Closed until 2:00pm
[2026-08-06 00:45:03] RIMAC Fitness Gym: 8% (Closed) people=4 capacity=50 is_open=False hour_summary=Closed until 6:00am
[2026-08-06 00:45:03] Triton Esports Center: 0% (Closed) people=0 capacity=35 is_open=False hour_summary=closed
[2026-08-06 00:45:03] === SCRAPE END OK ===
[2026-08-06 01:00:02] === SCRAPE START ===
[2026-08-06 01:00:02] Fetching https://waitz.io/live/ucsd-rec
[2026-08-06 01:00:04] Saved 4 rows to ucsd_occupancy_history.csv
[2026-08-06 01:00:04] Main Gym Fitness Gym: 0% (Closed) people=0 capacity=72 is_open=False hour_summary=closed
[2026-08-06 01:00:04] Outback Climbing Center: 0% (Closed) people=0 capacity=30 is_open=False hour_summary=Closed until 2:00pm
[2026-08-06 01:00:04] RIMAC Fitness Gym: 4% (Closed) people=2 capacity=50 is_open=False hour_summary=Closed until 6:00am
[2026-08-06 01:00:04] Triton Esports Center: 0% (Closed) people=0 capacity=35 is_open=False hour_summary=closed
[2026-08-06 01:00:04] === SCRAPE END OK ===
[2026-08-06 01:15:02] === SCRAPE START ===
[2026-08-06 01:15:02] Fetching https://waitz.io/live/ucsd-rec
[2026-08-06 01:15:03] Saved 4 rows to ucsd_occupancy_history.csv
[2026-08-06 01:15:03] Main Gym Fitness Gym: 0% (Closed) people=0 capacity=72 is_open=False hour_summary=closed
[2026-08-06 01:15:03] Outback Climbing Center: 0% (Closed) people=0 capacity=30 is_open=False hour_summary=Closed until 2:00pm
[2026-08-06 01:15:03] RIMAC Fitness Gym: 0% (Closed) people=0 capacity=50 is_open=False hour_summary=Closed until 6:00am
[2026-08-06 01:15:03] Triton Esports Center: 0% (Closed) people=0 capacity=35 is_open=False hour_summary=closed
[2026-08-06 01:15:03] === SCRAPE END OK ===
[2026-08-06 01:30:02] === SCRAPE START ===
[2026-08-06 01:30:02] Fetching https://waitz.io/live/ucsd-rec
[2026-08-06 01:30:03] Saved 4 rows to ucsd_occupancy_history.csv
[2026-08-06 01:30:03] Main Gym Fitness Gym: 0% (Closed) people=0 capacity=72 is_open=False hour_summary=closed
[2026-08-06 01:30:03] Outback Climbing Center: 0% (Closed) people=0 capacity=30 is_open=False hour_summary=Closed until 2:00pm
[2026-08-06 01:30:03] RIMAC Fitness Gym: 2% (Closed) people=1 capacity=50 is_open=False hour_summary=Closed until 6:00am
[2026-08-06 01:30:03] Triton Esports Center: 0% (Closed) people=0 capacity=35 is_open=False hour_summary=closed
[2026-08-06 01:30:03] === SCRAPE END OK ===
[2026-08-06 01:45:02] === SCRAPE START ===
[2026-08-06 01:45:02] Fetching https://waitz.io/live/ucsd-rec
[2026-08-06 01:45:02] Saved 4 rows to ucsd_occupancy_history.csv
[2026-08-06 01:45:02] Main Gym Fitness Gym: 0% (Closed) people=0 capacity=72 is_open=False hour_summary=closed
[2026-08-06 01:45:02] Outback Climbing Center: 0% (Closed) people=0 capacity=30 is_open=False hour_summary=Closed until 2:00pm
[2026-08-06 01:45:02] RIMAC Fitness Gym: 2% (Closed) people=1 capacity=50 is_open=False hour_summary=Closed until 6:00am
[2026-08-06 01:45:02] Triton Esports Center: 0% (Closed) people=0 capacity=35 is_open=False hour_summary=closed
[2026-08-06 01:45:02] === SCRAPE END OK ===
[2026-08-06 02:00:02] === SCRAPE START ===
[2026-08-06 02:00:02] Fetching https://waitz.io/live/ucsd-rec
[2026-08-06 02:00:03] Saved 4 rows to ucsd_occupancy_history.csv
[2026-08-06 02:00:03] Main Gym Fitness Gym: 0% (Closed) people=0 capacity=72 is_open=False hour_summary=closed
[2026-08-06 02:00:03] Outback Climbing Center: 0% (Closed) people=0 capacity=30 is_open=False hour_summary=Closed until 2:00pm
[2026-08-06 02:00:03] RIMAC Fitness Gym: 2% (Closed) people=1 capacity=50 is_open=False hour_summary=Closed until 6:00am
[2026-08-06 02:00:03] Triton Esports Center: 0% (Closed) people=0 capacity=35 is_open=False hour_summary=closed
[2026-08-06 02:00:03] === SCRAPE END OK ===
[2026-08-06 02:15:02] === SCRAPE START ===
[2026-08-06 02:15:02] Fetching https://waitz.io/live/ucsd-rec
[2026-08-06 02:15:02] Saved 4 rows to ucsd_occupancy_history.csv
[2026-08-06 02:15:02] Main Gym Fitness Gym: 0% (Closed) people=0 capacity=72 is_open=False hour_summary=closed
[2026-08-06 02:15:02] Outback Climbing Center: 0% (Closed) people=0 capacity=30 is_open=False hour_summary=Closed until 2:00pm
[2026-08-06 02:15:02] RIMAC Fitness Gym: 2% (Closed) people=1 capacity=50 is_open=False hour_summary=Closed until 6:00am
[2026-08-06 02:15:02] Triton Esports Center: 0% (Closed) people=0 capacity=35 is_open=False hour_summary=closed
[2026-08-06 02:15:02] === SCRAPE END OK ===
[2026-08-06 02:30:02] === SCRAPE START ===
[2026-08-06 02:30:02] Fetching https://waitz.io/live/ucsd-rec
[2026-08-06 02:30:03] Saved 4 rows to ucsd_occupancy_history.csv
[2026-08-06 02:30:03] Main Gym Fitness Gym: 0% (Closed) people=0 capacity=72 is_open=False hour_summary=closed
[2026-08-06 02:30:03] Outback Climbing Center: 0% (Closed) people=0 capacity=30 is_open=False hour_summary=Closed until 2:00pm
[2026-08-06 02:30:03] RIMAC Fitness Gym: 2% (Closed) people=1 capacity=50 is_open=False hour_summary=Closed until 6:00am
[2026-08-06 02:30:03] Triton Esports Center: 0% (Closed) people=0 capacity=35 is_open=False hour_summary=closed
[2026-08-06 02:30:03] === SCRAPE END OK ===
[2026-08-06 02:45:02] === SCRAPE START ===
[2026-08-06 02:45:02] Fetching https://waitz.io/live/ucsd-rec
[2026-08-06 02:45:03] Saved 4 rows to ucsd_occupancy_history.csv
[2026-08-06 02:45:03] Main Gym Fitness Gym: 0% (Closed) people=0 capacity=72 is_open=False hour_summary=closed
[2026-08-06 02:45:03] Outback Climbing Center: 0% (Closed) people=0 capacity=30 is_open=False hour_summary=Closed until 2:00pm
[2026-08-06 02:45:03] RIMAC Fitness Gym: 2% (Closed) people=1 capacity=50 is_open=False hour_summary=Closed until 6:00am
[2026-08-06 02:45:03] Triton Esports Center: 0% (Closed) people=0 capacity=35 is_open=False hour_summary=closed
[2026-08-06 02:45:03] === SCRAPE END OK ===
[2026-08-06 03:00:02] === SCRAPE START ===
[2026-08-06 03:00:02] Fetching https://waitz.io/live/ucsd-rec
[2026-08-06 03:00:03] Saved 4 rows to ucsd_occupancy_history.csv
[2026-08-06 03:00:03] Main Gym Fitness Gym: 0% (Closed) people=0 capacity=72 is_open=False hour_summary=closed
[2026-08-06 03:00:03] Outback Climbing Center: 0% (Closed) people=0 capacity=30 is_open=False hour_summary=Closed until 2:00pm
[2026-08-06 03:00:03] RIMAC Fitness Gym: 0% (Closed) people=0 capacity=50 is_open=False hour_summary=Closed until 6:00am
[2026-08-06 03:00:03] Triton Esports Center: 0% (Closed) people=0 capacity=35 is_open=False hour_summary=closed
[2026-08-06 03:00:03] === SCRAPE END OK ===
[2026-08-06 03:15:02] === SCRAPE START ===
[2026-08-06 03:15:02] Fetching https://waitz.io/live/ucsd-rec
[2026-08-06 03:15:03] Saved 4 rows to ucsd_occupancy_history.csv
[2026-08-06 03:15:03] Main Gym Fitness Gym: 1% (Closed) people=1 capacity=72 is_open=False hour_summary=closed
[2026-08-06 03:15:03] Outback Climbing Center: 0% (Closed) people=0 capacity=30 is_open=False hour_summary=Closed until 2:00pm
[2026-08-06 03:15:03] RIMAC Fitness Gym: 0% (Closed) people=0 capacity=50 is_open=False hour_summary=Closed until 6:00am
[2026-08-06 03:15:03] Triton Esports Center: 0% (Closed) people=0 capacity=35 is_open=False hour_summary=closed
[2026-08-06 03:15:03] === SCRAPE END OK ===
[2026-08-06 03:30:02] === SCRAPE START ===
[2026-08-06 03:30:02] Fetching https://waitz.io/live/ucsd-rec
[2026-08-06 03:30:03] Saved 4 rows to ucsd_occupancy_history.csv
[2026-08-06 03:30:03] Main Gym Fitness Gym: 0% (Closed) people=0 capacity=72 is_open=False hour_summary=closed
[2026-08-06 03:30:03] Outback Climbing Center: 0% (Closed) people=0 capacity=30 is_open=False hour_summary=Closed until 2:00pm
[2026-08-06 03:30:03] RIMAC Fitness Gym: 0% (Closed) people=0 capacity=50 is_open=False hour_summary=Closed until 6:00am
[2026-08-06 03:30:03] Triton Esports Center: 0% (Closed) people=0 capacity=35 is_open=False hour_summary=closed
[2026-08-06 03:30:03] === SCRAPE END OK ===
[2026-08-06 03:45:02] === SCRAPE START ===
[2026-08-06 03:45:02] Fetching https://waitz.io/live/ucsd-rec
[2026-08-06 03:45:03] Saved 4 rows to ucsd_occupancy_history.csv
[2026-08-06 03:45:03] Main Gym Fitness Gym: 0% (Closed) people=0 capacity=72 is_open=False hour_summary=closed
[2026-08-06 03:45:03] Outback Climbing Center: 0% (Closed) people=0 capacity=30 is_open=False hour_summary=Closed until 2:00pm
[2026-08-06 03:45:03] RIMAC Fitness Gym: 2% (Closed) people=1 capacity=50 is_open=False hour_summary=Closed until 6:00am
[2026-08-06 03:45:03] Triton Esports Center: 0% (Closed) people=0 capacity=35 is_open=False hour_summary=closed
[2026-08-06 03:45:03] === SCRAPE END OK ===
[2026-08-06 04:00:02] === SCRAPE START ===
[2026-08-06 04:00:02] Fetching https://waitz.io/live/ucsd-rec
[2026-08-06 04:00:04] Saved 4 rows to ucsd_occupancy_history.csv
[2026-08-06 04:00:04] Main Gym Fitness Gym: 0% (Closed) people=0 capacity=72 is_open=False hour_summary=closed
[2026-08-06 04:00:04] Outback Climbing Center: 0% (Closed) people=0 capacity=30 is_open=False hour_summary=Closed until 2:00pm
[2026-08-06 04:00:04] RIMAC Fitness Gym: 0% (Closed) people=0 capacity=50 is_open=False hour_summary=Closed until 6:00am
[2026-08-06 04:00:04] Triton Esports Center: 0% (Closed) people=0 capacity=35 is_open=False hour_summary=closed
[2026-08-06 04:00:04] === SCRAPE END OK ===
[2026-08-06 04:15:02] === SCRAPE START ===
[2026-08-06 04:15:02] Fetching https://waitz.io/live/ucsd-rec
[2026-08-06 04:15:02] Saved 4 rows to ucsd_occupancy_history.csv
[2026-08-06 04:15:02] Main Gym Fitness Gym: 0% (Closed) people=0 capacity=72 is_open=False hour_summary=closed
[2026-08-06 04:15:02] Outback Climbing Center: 0% (Closed) people=0 capacity=30 is_open=False hour_summary=Closed until 2:00pm
[2026-08-06 04:15:02] RIMAC Fitness Gym: 0% (Closed) people=0 capacity=50 is_open=False hour_summary=Closed until 6:00am
[2026-08-06 04:15:02] Triton Esports Center: 0% (Closed) people=0 capacity=35 is_open=False hour_summary=closed
[2026-08-06 04:15:02] === SCRAPE END OK ===
[2026-08-06 04:30:02] === SCRAPE START ===
[2026-08-06 04:30:02] Fetching https://waitz.io/live/ucsd-rec
[2026-08-06 04:30:03] Saved 4 rows to ucsd_occupancy_history.csv
[2026-08-06 04:30:03] Main Gym Fitness Gym: 0% (Closed) people=0 capacity=72 is_open=False hour_summary=closed
[2026-08-06 04:30:03] Outback Climbing Center: 0% (Closed) people=0 capacity=30 is_open=False hour_summary=Closed until 2:00pm
[2026-08-06 04:30:03] RIMAC Fitness Gym: 0% (Closed) people=0 capacity=50 is_open=False hour_summary=Closed until 6:00am
[2026-08-06 04:30:03] Triton Esports Center: 0% (Closed) people=0 capacity=35 is_open=False hour_summary=closed
[2026-08-06 04:30:03] === SCRAPE END OK ===
[2026-08-06 04:45:02] === SCRAPE START ===
[2026-08-06 04:45:02] Fetching https://waitz.io/live/ucsd-rec
[2026-08-06 04:45:02] Saved 4 rows to ucsd_occupancy_history.csv
[2026-08-06 04:45:02] Main Gym Fitness Gym: 0% (Closed) people=0 capacity=72 is_open=False hour_summary=closed
[2026-08-06 04:45:02] Outback Climbing Center: 0% (Closed) people=0 capacity=30 is_open=False hour_summary=Closed until 2:00pm
[2026-08-06 04:45:02] RIMAC Fitness Gym: 0% (Closed) people=0 capacity=50 is_open=False hour_summary=Closed until 6:00am
[2026-08-06 04:45:02] Triton Esports Center: 0% (Closed) people=0 capacity=35 is_open=False hour_summary=closed
[2026-08-06 04:45:02] === SCRAPE END OK ===
[2026-08-06 05:00:03] === SCRAPE START ===
[2026-08-06 05:00:03] Fetching https://waitz.io/live/ucsd-rec
[2026-08-06 05:00:04] Saved 4 rows to ucsd_occupancy_history.csv
[2026-08-06 05:00:04] Main Gym Fitness Gym: 0% (Closed) people=0 capacity=72 is_open=False hour_summary=closed
[2026-08-06 05:00:04] Outback Climbing Center: 0% (Closed) people=0 capacity=30 is_open=False hour_summary=Closed until 2:00pm
[2026-08-06 05:00:04] RIMAC Fitness Gym: 2% (Closed) people=1 capacity=50 is_open=False hour_summary=Closed until 6:00am
[2026-08-06 05:00:04] Triton Esports Center: 0% (Closed) people=0 capacity=35 is_open=False hour_summary=closed
[2026-08-06 05:00:04] === SCRAPE END OK ===
[2026-08-06 05:15:02] === SCRAPE START ===
[2026-08-06 05:15:02] Fetching https://waitz.io/live/ucsd-rec
[2026-08-06 05:15:03] Saved 4 rows to ucsd_occupancy_history.csv
[2026-08-06 05:15:03] Main Gym Fitness Gym: 0% (Closed) people=0 capacity=72 is_open=False hour_summary=closed
[2026-08-06 05:15:03] Outback Climbing Center: 0% (Closed) people=0 capacity=30 is_open=False hour_summary=Closed until 2:00pm
[2026-08-06 05:15:03] RIMAC Fitness Gym: 8% (Closed) people=4 capacity=50 is_open=False hour_summary=Closed until 6:00am
[2026-08-06 05:15:03] Triton Esports Center: 0% (Closed) people=0 capacity=35 is_open=False hour_summary=closed
[2026-08-06 05:15:03] === SCRAPE END OK ===
[2026-08-06 05:30:02] === SCRAPE START ===
[2026-08-06 05:30:02] Fetching https://waitz.io/live/ucsd-rec
[2026-08-06 05:30:03] Saved 4 rows to ucsd_occupancy_history.csv
[2026-08-06 05:30:03] Main Gym Fitness Gym: 0% (Closed) people=0 capacity=72 is_open=False hour_summary=closed
[2026-08-06 05:30:03] Outback Climbing Center: 0% (Closed) people=0 capacity=30 is_open=False hour_summary=Closed until 2:00pm
[2026-08-06 05:30:03] RIMAC Fitness Gym: 4% (Closed) people=2 capacity=50 is_open=False hour_summary=Closed until 6:00am
[2026-08-06 05:30:03] Triton Esports Center: 0% (Closed) people=0 capacity=35 is_open=False hour_summary=closed
[2026-08-06 05:30:03] === SCRAPE END OK ===
[2026-08-06 05:45:02] === SCRAPE START ===
[2026-08-06 05:45:02] Fetching https://waitz.io/live/ucsd-rec
[2026-08-06 05:45:02] Saved 4 rows to ucsd_occupancy_history.csv
[2026-08-06 05:45:02] Main Gym Fitness Gym: 0% (Closed) people=0 capacity=72 is_open=False hour_summary=closed
[2026-08-06 05:45:02] Outback Climbing Center: 0% (Closed) people=0 capacity=30 is_open=False hour_summary=Closed until 2:00pm
[2026-08-06 05:45:02] RIMAC Fitness Gym: 2% (Closed) people=1 capacity=50 is_open=False hour_summary=Closed until 6:00am
[2026-08-06 05:45:02] Triton Esports Center: 0% (Closed) people=0 capacity=35 is_open=False hour_summary=closed
[2026-08-06 05:45:02] === SCRAPE END OK ===
[2026-08-06 06:00:02] === SCRAPE START ===
[2026-08-06 06:00:02] Fetching https://waitz.io/live/ucsd-rec
[2026-08-06 06:00:03] Saved 4 rows to ucsd_occupancy_history.csv
[2026-08-06 06:00:03] Main Gym Fitness Gym: 0% (Closed) people=0 capacity=72 is_open=False hour_summary=closed
[2026-08-06 06:00:03] Outback Climbing Center: 0% (Closed) people=0 capacity=30 is_open=False hour_summary=Closed until 2:00pm
[2026-08-06 06:00:03] RIMAC Fitness Gym: 12% (Not Busy) people=6 capacity=50 is_open=True hour_summary=open
[2026-08-06 06:00:03] Triton Esports Center: 0% (Closed) people=0 capacity=35 is_open=False hour_summary=closed
[2026-08-06 06:00:03] === SCRAPE END OK ===
[2026-08-06 06:15:02] === SCRAPE START ===
[2026-08-06 06:15:02] Fetching https://waitz.io/live/ucsd-rec
[2026-08-06 06:15:04] Saved 4 rows to ucsd_occupancy_history.csv
[2026-08-06 06:15:04] Main Gym Fitness Gym: 0% (Closed) people=0 capacity=72 is_open=False hour_summary=closed
[2026-08-06 06:15:04] Outback Climbing Center: 0% (Closed) people=0 capacity=30 is_open=False hour_summary=Closed until 2:00pm
[2026-08-06 06:15:04] RIMAC Fitness Gym: 28% (Not Busy) people=14 capacity=50 is_open=True hour_summary=open
[2026-08-06 06:15:04] Triton Esports Center: 0% (Closed) people=0 capacity=35 is_open=False hour_summary=closed
[2026-08-06 06:15:04] === SCRAPE END OK ===
[2026-08-06 06:30:02] === SCRAPE START ===
[2026-08-06 06:30:02] Fetching https://waitz.io/live/ucsd-rec
[2026-08-06 06:30:03] Saved 4 rows to ucsd_occupancy_history.csv
[2026-08-06 06:30:03] Main Gym Fitness Gym: 1% (Closed) people=1 capacity=72 is_open=False hour_summary=closed
[2026-08-06 06:30:03] Outback Climbing Center: 0% (Closed) people=0 capacity=30 is_open=False hour_summary=Closed until 2:00pm
[2026-08-06 06:30:03] RIMAC Fitness Gym: 32% (Not Busy) people=16 capacity=50 is_open=True hour_summary=open
[2026-08-06 06:30:03] Triton Esports Center: 0% (Closed) people=0 capacity=35 is_open=False hour_summary=closed
[2026-08-06 06:30:03] === SCRAPE END OK ===
[2026-08-06 06:45:02] === SCRAPE START ===
[2026-08-06 06:45:02] Fetching https://waitz.io/live/ucsd-rec
[2026-08-06 06:45:03] Saved 4 rows to ucsd_occupancy_history.csv
[2026-08-06 06:45:03] Main Gym Fitness Gym: 0% (Closed) people=0 capacity=72 is_open=False hour_summary=closed
[2026-08-06 06:45:03] Outback Climbing Center: 0% (Closed) people=0 capacity=30 is_open=False hour_summary=Closed until 2:00pm
[2026-08-06 06:45:03] RIMAC Fitness Gym: 40% (Not Busy) people=20 capacity=50 is_open=True hour_summary=open
[2026-08-06 06:45:03] Triton Esports Center: 0% (Closed) people=0 capacity=35 is_open=False hour_summary=closed
[2026-08-06 06:45:03] === SCRAPE END OK ===
