[2026-09-30 00:00:01] === SCRAPE START ===
[2026-09-30 00:00:01] Fetching https://waitz.io/live/ucsd-rec
[2026-09-30 00:00:03] Saved 4 rows to ucsd_occupancy_history.csv
[2026-09-30 00:00:03] Main Gym Fitness Gym: 7% (Closed) people=5 capacity=72 is_open=False hour_summary=Closed until 6:00am
[2026-09-30 00:00:03] Outback Climbing Center: 7% (Closed) people=2 capacity=30 is_open=False hour_summary=Closed until 2:00pm
[2026-09-30 00:00:03] RIMAC Fitness Gym: 0% (Closed) people=0 capacity=65 is_open=False hour_summary=Closed until 6:00am
[2026-09-30 00:00:03] Triton Esports Center: 0% (Closed) people=0 capacity=35 is_open=False hour_summary=closed
[2026-09-30 00:00:03] === SCRAPE END OK ===
[2026-09-30 00:15:01] === SCRAPE START ===
[2026-09-30 00:15:01] Fetching https://waitz.io/live/ucsd-rec
[2026-09-30 00:15:02] Saved 4 rows to ucsd_occupancy_history.csv
[2026-09-30 00:15:02] Main Gym Fitness Gym: 8% (Closed) people=6 capacity=72 is_open=False hour_summary=Closed until 6:00am
[2026-09-30 00:15:02] Outback Climbing Center: 13% (Closed) people=4 capacity=30 is_open=False hour_summary=Closed until 2:00pm
[2026-09-30 00:15:02] RIMAC Fitness Gym: 0% (Closed) people=0 capacity=65 is_open=False hour_summary=Closed until 6:00am
[2026-09-30 00:15:02] Triton Esports Center: 0% (Closed) people=0 capacity=35 is_open=False hour_summary=closed
[2026-09-30 00:15:02] === SCRAPE END OK ===
[2026-09-30 00:30:01] === SCRAPE START ===
[2026-09-30 00:30:01] Fetching https://waitz.io/live/ucsd-rec
[2026-09-30 00:30:03] Saved 4 rows to ucsd_occupancy_history.csv
[2026-09-30 00:30:03] Main Gym Fitness Gym: 7% (Closed) people=5 capacity=72 is_open=False hour_summary=Closed until 6:00am
[2026-09-30 00:30:03] Outback Climbing Center: 10% (Closed) people=3 capacity=30 is_open=False hour_summary=Closed until 2:00pm
[2026-09-30 00:30:03] RIMAC Fitness Gym: 0% (Closed) people=0 capacity=65 is_open=False hour_summary=Closed until 6:00am
[2026-09-30 00:30:03] Triton Esports Center: 0% (Closed) people=0 capacity=35 is_open=False hour_summary=closed
[2026-09-30 00:30:03] === SCRAPE END OK ===
[2026-09-30 02:30:35] === SCRAPE START ===
[2026-09-30 02:30:35] Fetching https://waitz.io/live/ucsd-rec
[2026-09-30 02:30:48] HTTP ERROR: HTTPSConnectionPool(host='waitz.io', port=443): Max retries exceeded with url: /live/ucsd-rec (Caused by NameResolutionError("HTTPSConnection(host='waitz.io', port=443): Failed to resolve 'waitz.io' ([Errno 11001] getaddrinfo failed)"))
[2026-09-30 02:45:03] === SCRAPE START ===
[2026-09-30 02:45:03] Fetching https://waitz.io/live/ucsd-rec
[2026-09-30 02:45:04] Saved 4 rows to ucsd_occupancy_history.csv
[2026-09-30 02:45:04] Main Gym Fitness Gym: 0% (Closed) people=0 capacity=72 is_open=False hour_summary=Closed until 6:00am
[2026-09-30 02:45:04] Outback Climbing Center: 7% (Closed) people=2 capacity=30 is_open=False hour_summary=Closed until 2:00pm
[2026-09-30 02:45:04] RIMAC Fitness Gym: 0% (Closed) people=0 capacity=65 is_open=False hour_summary=Closed until 6:00am
[2026-09-30 02:45:04] Triton Esports Center: 0% (Closed) people=0 capacity=35 is_open=False hour_summary=closed
[2026-09-30 02:45:04] === SCRAPE END OK ===
[2026-09-30 03:00:02] === SCRAPE START ===
[2026-09-30 03:00:02] Fetching https://waitz.io/live/ucsd-rec
[2026-09-30 03:00:04] Saved 4 rows to ucsd_occupancy_history.csv
[2026-09-30 03:00:04] Main Gym Fitness Gym: 0% (Closed) people=0 capacity=72 is_open=False hour_summary=Closed until 6:00am
[2026-09-30 03:00:04] Outback Climbing Center: 10% (Closed) people=3 capacity=30 is_open=False hour_summary=Closed until 2:00pm
[2026-09-30 03:00:04] RIMAC Fitness Gym: 0% (Closed) people=0 capacity=65 is_open=False hour_summary=Closed until 6:00am
[2026-09-30 03:00:04] Triton Esports Center: 0% (Closed) people=0 capacity=35 is_open=False hour_summary=closed
[2026-09-30 03:00:04] === SCRAPE END OK ===
[2026-09-30 03:15:02] === SCRAPE START ===
[2026-09-30 03:15:02] Fetching https://waitz.io/live/ucsd-rec
[2026-09-30 03:15:03] Saved 4 rows to ucsd_occupancy_history.csv
[2026-09-30 03:15:03] Main Gym Fitness Gym: 0% (Closed) people=0 capacity=72 is_open=False hour_summary=Closed until 6:00am
[2026-09-30 03:15:03] Outback Climbing Center: 7% (Closed) people=2 capacity=30 is_open=False hour_summary=Closed until 2:00pm
[2026-09-30 03:15:03] RIMAC Fitness Gym: 0% (Closed) people=0 capacity=65 is_open=False hour_summary=Closed until 6:00am
[2026-09-30 03:15:03] Triton Esports Center: 0% (Closed) people=0 capacity=35 is_open=False hour_summary=closed
[2026-09-30 03:15:03] === SCRAPE END OK ===
[2026-09-30 03:30:02] === SCRAPE START ===
[2026-09-30 03:30:02] Fetching https://waitz.io/live/ucsd-rec
[2026-09-30 03:30:03] Saved 4 rows to ucsd_occupancy_history.csv
[2026-09-30 03:30:03] Main Gym Fitness Gym: 0% (Closed) people=0 capacity=72 is_open=False hour_summary=Closed until 6:00am
[2026-09-30 03:30:03] Outback Climbing Center: 3% (Closed) people=1 capacity=30 is_open=False hour_summary=Closed until 2:00pm
[2026-09-30 03:30:03] RIMAC Fitness Gym: 0% (Closed) people=0 capacity=65 is_open=False hour_summary=Closed until 6:00am
[2026-09-30 03:30:03] Triton Esports Center: 0% (Closed) people=0 capacity=35 is_open=False hour_summary=closed
[2026-09-30 03:30:03] === SCRAPE END OK ===
[2026-09-30 03:45:02] === SCRAPE START ===
[2026-09-30 03:45:02] Fetching https://waitz.io/live/ucsd-rec
[2026-09-30 03:45:03] Saved 4 rows to ucsd_occupancy_history.csv
[2026-09-30 03:45:03] Main Gym Fitness Gym: 0% (Closed) people=0 capacity=72 is_open=False hour_summary=Closed until 6:00am
[2026-09-30 03:45:03] Outback Climbing Center: 3% (Closed) people=1 capacity=30 is_open=False hour_summary=Closed until 2:00pm
[2026-09-30 03:45:03] RIMAC Fitness Gym: 0% (Closed) people=0 capacity=65 is_open=False hour_summary=Closed until 6:00am
[2026-09-30 03:45:03] Triton Esports Center: 0% (Closed) people=0 capacity=35 is_open=False hour_summary=closed
[2026-09-30 03:45:03] === SCRAPE END OK ===
[2026-09-30 04:00:02] === SCRAPE START ===
[2026-09-30 04:00:02] Fetching https://waitz.io/live/ucsd-rec
[2026-09-30 04:00:03] Saved 4 rows to ucsd_occupancy_history.csv
[2026-09-30 04:00:03] Main Gym Fitness Gym: 1% (Closed) people=1 capacity=72 is_open=False hour_summary=Closed until 6:00am
[2026-09-30 04:00:03] Outback Climbing Center: 10% (Closed) people=3 capacity=30 is_open=False hour_summary=Closed until 2:00pm
[2026-09-30 04:00:03] RIMAC Fitness Gym: 0% (Closed) people=0 capacity=65 is_open=False hour_summary=Closed until 6:00am
[2026-09-30 04:00:03] Triton Esports Center: 0% (Closed) people=0 capacity=35 is_open=False hour_summary=closed
[2026-09-30 04:00:03] === SCRAPE END OK ===
[2026-09-30 04:15:02] === SCRAPE START ===
[2026-09-30 04:15:02] Fetching https://waitz.io/live/ucsd-rec
[2026-09-30 04:15:03] Saved 4 rows to ucsd_occupancy_history.csv
[2026-09-30 04:15:03] Main Gym Fitness Gym: 0% (Closed) people=0 capacity=72 is_open=False hour_summary=Closed until 6:00am
[2026-09-30 04:15:03] Outback Climbing Center: 7% (Closed) people=2 capacity=30 is_open=False hour_summary=Closed until 2:00pm
[2026-09-30 04:15:03] RIMAC Fitness Gym: 0% (Closed) people=0 capacity=65 is_open=False hour_summary=Closed until 6:00am
[2026-09-30 04:15:03] Triton Esports Center: 0% (Closed) people=0 capacity=35 is_open=False hour_summary=closed
[2026-09-30 04:15:03] === SCRAPE END OK ===
[2026-09-30 04:30:02] === SCRAPE START ===
[2026-09-30 04:30:02] Fetching https://waitz.io/live/ucsd-rec
[2026-09-30 04:30:03] Saved 4 rows to ucsd_occupancy_history.csv
[2026-09-30 04:30:03] Main Gym Fitness Gym: 0% (Closed) people=0 capacity=72 is_open=False hour_summary=Closed until 6:00am
[2026-09-30 04:30:03] Outback Climbing Center: 7% (Closed) people=2 capacity=30 is_open=False hour_summary=Closed until 2:00pm
[2026-09-30 04:30:03] RIMAC Fitness Gym: 0% (Closed) people=0 capacity=65 is_open=False hour_summary=Closed until 6:00am
[2026-09-30 04:30:03] Triton Esports Center: 0% (Closed) people=0 capacity=35 is_open=False hour_summary=closed
[2026-09-30 04:30:03] === SCRAPE END OK ===
[2026-09-30 04:45:03] === SCRAPE START ===
[2026-09-30 04:45:03] Fetching https://waitz.io/live/ucsd-rec
[2026-09-30 04:45:04] Saved 4 rows to ucsd_occupancy_history.csv
[2026-09-30 04:45:04] Main Gym Fitness Gym: 0% (Closed) people=0 capacity=72 is_open=False hour_summary=Closed until 6:00am
[2026-09-30 04:45:04] Outback Climbing Center: 3% (Closed) people=1 capacity=30 is_open=False hour_summary=Closed until 2:00pm
[2026-09-30 04:45:04] RIMAC Fitness Gym: 0% (Closed) people=0 capacity=65 is_open=False hour_summary=Closed until 6:00am
[2026-09-30 04:45:04] Triton Esports Center: 0% (Closed) people=0 capacity=35 is_open=False hour_summary=closed
[2026-09-30 04:45:04] === SCRAPE END OK ===
[2026-09-30 05:00:02] === SCRAPE START ===
[2026-09-30 05:00:02] Fetching https://waitz.io/live/ucsd-rec
[2026-09-30 05:00:04] Saved 4 rows to ucsd_occupancy_history.csv
[2026-09-30 05:00:04] Main Gym Fitness Gym: 0% (Closed) people=0 capacity=72 is_open=False hour_summary=Closed until 6:00am
[2026-09-30 05:00:04] Outback Climbing Center: 7% (Closed) people=2 capacity=30 is_open=False hour_summary=Closed until 2:00pm
[2026-09-30 05:00:04] RIMAC Fitness Gym: 0% (Closed) people=0 capacity=65 is_open=False hour_summary=Closed until 6:00am
[2026-09-30 05:00:04] Triton Esports Center: 0% (Closed) people=0 capacity=35 is_open=False hour_summary=closed
[2026-09-30 05:00:04] === SCRAPE END OK ===
[2026-09-30 05:15:02] === SCRAPE START ===
[2026-09-30 05:15:02] Fetching https://waitz.io/live/ucsd-rec
[2026-09-30 05:15:03] Saved 4 rows to ucsd_occupancy_history.csv
[2026-09-30 05:15:03] Main Gym Fitness Gym: 0% (Closed) people=0 capacity=72 is_open=False hour_summary=Closed until 6:00am
[2026-09-30 05:15:03] Outback Climbing Center: 3% (Closed) people=1 capacity=30 is_open=False hour_summary=Closed until 2:00pm
[2026-09-30 05:15:03] RIMAC Fitness Gym: 0% (Closed) people=0 capacity=65 is_open=False hour_summary=Closed until 6:00am
[2026-09-30 05:15:03] Triton Esports Center: 0% (Closed) people=0 capacity=35 is_open=False hour_summary=closed
[2026-09-30 05:15:03] === SCRAPE END OK ===
[2026-09-30 05:30:02] === SCRAPE START ===
[2026-09-30 05:30:02] Fetching https://waitz.io/live/ucsd-rec
[2026-09-30 05:30:03] Saved 4 rows to ucsd_occupancy_history.csv
[2026-09-30 05:30:03] Main Gym Fitness Gym: 1% (Closed) people=1 capacity=72 is_open=False hour_summary=Closed until 6:00am
[2026-09-30 05:30:03] Outback Climbing Center: 3% (Closed) people=1 capacity=30 is_open=False hour_summary=Closed until 2:00pm
[2026-09-30 05:30:03] RIMAC Fitness Gym: 2% (Closed) people=1 capacity=65 is_open=False hour_summary=Closed until 6:00am
[2026-09-30 05:30:03] Triton Esports Center: 0% (Closed) people=0 capacity=35 is_open=False hour_summary=closed
[2026-09-30 05:30:03] === SCRAPE END OK ===
[2026-09-30 05:45:02] === SCRAPE START ===
[2026-09-30 05:45:02] Fetching https://waitz.io/live/ucsd-rec
[2026-09-30 05:45:03] Saved 4 rows to ucsd_occupancy_history.csv
[2026-09-30 05:45:03] Main Gym Fitness Gym: 0% (Closed) people=0 capacity=72 is_open=False hour_summary=Closed until 6:00am
[2026-09-30 05:45:03] Outback Climbing Center: 7% (Closed) people=2 capacity=30 is_open=False hour_summary=Closed until 2:00pm
[2026-09-30 05:45:03] RIMAC Fitness Gym: 2% (Closed) people=1 capacity=65 is_open=False hour_summary=Closed until 6:00am
[2026-09-30 05:45:03] Triton Esports Center: 0% (Closed) people=0 capacity=35 is_open=False hour_summary=closed
[2026-09-30 05:45:03] === SCRAPE END OK ===
[2026-09-30 06:00:02] === SCRAPE START ===
[2026-09-30 06:00:02] Fetching https://waitz.io/live/ucsd-rec
[2026-09-30 06:00:04] Saved 4 rows to ucsd_occupancy_history.csv
[2026-09-30 06:00:04] Main Gym Fitness Gym: 8% (Not Busy) people=6 capacity=72 is_open=True hour_summary=open
[2026-09-30 06:00:04] Outback Climbing Center: 17% (Closed) people=5 capacity=30 is_open=False hour_summary=Closed until 2:00pm
[2026-09-30 06:00:04] RIMAC Fitness Gym: 0% (Not Busy) people=0 capacity=65 is_open=True hour_summary=open
[2026-09-30 06:00:04] Triton Esports Center: 0% (Closed) people=0 capacity=35 is_open=False hour_summary=closed
[2026-09-30 06:00:04] === SCRAPE END OK ===
[2026-09-30 06:15:02] === SCRAPE START ===
[2026-09-30 06:15:02] Fetching https://waitz.io/live/ucsd-rec
[2026-09-30 06:15:03] Saved 4 rows to ucsd_occupancy_history.csv
[2026-09-30 06:15:03] Main Gym Fitness Gym: 57% (Busy) people=41 capacity=72 is_open=True hour_summary=open
[2026-09-30 06:15:03] Outback Climbing Center: 10% (Closed) people=3 capacity=30 is_open=False hour_summary=Closed until 2:00pm
[2026-09-30 06:15:03] RIMAC Fitness Gym: 55% (Busy) people=36 capacity=65 is_open=True hour_summary=open
[2026-09-30 06:15:03] Triton Esports Center: 0% (Closed) people=0 capacity=35 is_open=False hour_summary=closed
[2026-09-30 06:15:03] === SCRAPE END OK ===
[2026-09-30 06:30:02] === SCRAPE START ===
[2026-09-30 06:30:02] Fetching https://waitz.io/live/ucsd-rec
[2026-09-30 06:30:03] Saved 4 rows to ucsd_occupancy_history.csv
[2026-09-30 06:30:03] Main Gym Fitness Gym: 75% (Busy) people=54 capacity=72 is_open=True hour_summary=open
[2026-09-30 06:30:03] Outback Climbing Center: 13% (Closed) people=4 capacity=30 is_open=False hour_summary=Closed until 2:00pm
[2026-09-30 06:30:03] RIMAC Fitness Gym: 80% (Busy) people=52 capacity=65 is_open=True hour_summary=open
[2026-09-30 06:30:03] Triton Esports Center: 0% (Closed) people=0 capacity=35 is_open=False hour_summary=closed
[2026-09-30 06:30:03] === SCRAPE END OK ===
[2026-09-30 06:45:02] === SCRAPE START ===
[2026-09-30 06:45:02] Fetching https://waitz.io/live/ucsd-rec
[2026-09-30 06:45:03] Saved 4 rows to ucsd_occupancy_history.csv
[2026-09-30 06:45:03] Main Gym Fitness Gym: 75% (Busy) people=54 capacity=72 is_open=True hour_summary=open
[2026-09-30 06:45:03] Outback Climbing Center: 13% (Closed) people=4 capacity=30 is_open=False hour_summary=Closed until 2:00pm
[2026-09-30 06:45:03] RIMAC Fitness Gym: 99% (Very Active) people=64 capacity=65 is_open=True hour_summary=open
[2026-09-30 06:45:03] Triton Esports Center: 0% (Closed) people=0 capacity=35 is_open=False hour_summary=closed
[2026-09-30 06:45:03] === SCRAPE END OK ===
[2026-09-30 07:00:02] === SCRAPE START ===
[2026-09-30 07:00:02] Fetching https://waitz.io/live/ucsd-rec
[2026-09-30 07:00:03] Saved 4 rows to ucsd_occupancy_history.csv
[2026-09-30 07:00:03] Main Gym Fitness Gym: 90% (Very Active) people=65 capacity=72 is_open=True hour_summary=open
[2026-09-30 07:00:03] Outback Climbing Center: 7% (Closed) people=2 capacity=30 is_open=False hour_summary=Closed until 2:00pm
[2026-09-30 07:00:03] RIMAC Fitness Gym: 99% (Very Active) people=64 capacity=65 is_open=True hour_summary=open
[2026-09-30 07:00:03] Triton Esports Center: 0% (Closed) people=0 capacity=35 is_open=False hour_summary=closed
[2026-09-30 07:00:03] === SCRAPE END OK ===
[2026-09-30 07:15:02] === SCRAPE START ===
[2026-09-30 07:15:02] Fetching https://waitz.io/live/ucsd-rec
[2026-09-30 07:15:03] Saved 4 rows to ucsd_occupancy_history.csv
[2026-09-30 07:15:03] Main Gym Fitness Gym: 72% (Busy) people=52 capacity=72 is_open=True hour_summary=open
[2026-09-30 07:15:03] Outback Climbing Center: 10% (Closed) people=3 capacity=30 is_open=False hour_summary=Closed until 2:00pm
[2026-09-30 07:15:03] RIMAC Fitness Gym: 99% (Very Active) people=64 capacity=65 is_open=True hour_summary=open
[2026-09-30 07:15:03] Triton Esports Center: 0% (Closed) people=0 capacity=35 is_open=False hour_summary=closed
[2026-09-30 07:15:03] === SCRAPE END OK ===
[2026-09-30 07:30:02] === SCRAPE START ===
[2026-09-30 07:30:02] Fetching https://waitz.io/live/ucsd-rec
[2026-09-30 07:30:03] Saved 4 rows to ucsd_occupancy_history.csv
[2026-09-30 07:30:03] Main Gym Fitness Gym: 76% (Busy) people=55 capacity=72 is_open=True hour_summary=open
[2026-09-30 07:30:03] Outback Climbing Center: 10% (Closed) people=3 capacity=30 is_open=False hour_summary=Closed until 2:00pm
[2026-09-30 07:30:03] RIMAC Fitness Gym: 99% (Very Active) people=64 capacity=65 is_open=True hour_summary=open
[2026-09-30 07:30:03] Triton Esports Center: 0% (Closed) people=0 capacity=35 is_open=False hour_summary=closed
[2026-09-30 07:30:03] === SCRAPE END OK ===
[2026-09-30 07:45:02] === SCRAPE START ===
[2026-09-30 07:45:02] Fetching https://waitz.io/live/ucsd-rec
[2026-09-30 07:45:03] Saved 4 rows to ucsd_occupancy_history.csv
[2026-09-30 07:45:03] Main Gym Fitness Gym: 99% (Very Active) people=71 capacity=72 is_open=True hour_summary=open
[2026-09-30 07:45:03] Outback Climbing Center: 10% (Closed) people=3 capacity=30 is_open=False hour_summary=Closed until 2:00pm
[2026-09-30 07:45:03] RIMAC Fitness Gym: 99% (Very Active) people=64 capacity=65 is_open=True hour_summary=open
[2026-09-30 07:45:03] Triton Esports Center: 0% (Closed) people=0 capacity=35 is_open=False hour_summary=closed
[2026-09-30 07:45:03] === SCRAPE END OK ===
[2026-09-30 08:00:02] === SCRAPE START ===
[2026-09-30 08:00:02] Fetching https://waitz.io/live/ucsd-rec
[2026-09-30 08:00:03] Saved 4 rows to ucsd_occupancy_history.csv
[2026-09-30 08:00:03] Main Gym Fitness Gym: 99% (Very Active) people=71 capacity=72 is_open=True hour_summary=open
[2026-09-30 08:00:03] Outback Climbing Center: 17% (Closed) people=5 capacity=30 is_open=False hour_summary=Closed until 2:00pm
[2026-09-30 08:00:03] RIMAC Fitness Gym: 99% (Very Active) people=64 capacity=65 is_open=True hour_summary=open
[2026-09-30 08:00:03] Triton Esports Center: 0% (Closed) people=0 capacity=35 is_open=False hour_summary=closed
[2026-09-30 08:00:03] === SCRAPE END OK ===
[2026-09-30 08:15:02] === SCRAPE START ===
[2026-09-30 08:15:02] Fetching https://waitz.io/live/ucsd-rec
[2026-09-30 08:15:03] Saved 4 rows to ucsd_occupancy_history.csv
[2026-09-30 08:15:03] Main Gym Fitness Gym: 99% (Very Active) people=71 capacity=72 is_open=True hour_summary=open
[2026-09-30 08:15:03] Outback Climbing Center: 10% (Closed) people=3 capacity=30 is_open=False hour_summary=Closed until 2:00pm
[2026-09-30 08:15:03] RIMAC Fitness Gym: 99% (Very Active) people=64 capacity=65 is_open=True hour_summary=open
[2026-09-30 08:15:03] Triton Esports Center: 0% (Closed) people=0 capacity=35 is_open=False hour_summary=closed
[2026-09-30 08:15:03] === SCRAPE END OK ===
[2026-09-30 08:30:02] === SCRAPE START ===
[2026-09-30 08:30:02] Fetching https://waitz.io/live/ucsd-rec
[2026-09-30 08:30:03] Saved 4 rows to ucsd_occupancy_history.csv
[2026-09-30 08:30:03] Main Gym Fitness Gym: 99% (Very Active) people=71 capacity=72 is_open=True hour_summary=open
[2026-09-30 08:30:03] Outback Climbing Center: 17% (Closed) people=5 capacity=30 is_open=False hour_summary=Closed until 2:00pm
[2026-09-30 08:30:03] RIMAC Fitness Gym: 99% (Very Active) people=64 capacity=65 is_open=True hour_summary=open
[2026-09-30 08:30:03] Triton Esports Center: 0% (Closed) people=0 capacity=35 is_open=False hour_summary=closed
[2026-09-30 08:30:03] === SCRAPE END OK ===
[2026-09-30 08:45:02] === SCRAPE START ===
[2026-09-30 08:45:02] Fetching https://waitz.io/live/ucsd-rec
[2026-09-30 08:45:03] Saved 4 rows to ucsd_occupancy_history.csv
[2026-09-30 08:45:03] Main Gym Fitness Gym: 99% (Very Active) people=71 capacity=72 is_open=True hour_summary=open
[2026-09-30 08:45:03] Outback Climbing Center: 10% (Closed) people=3 capacity=30 is_open=False hour_summary=Closed until 2:00pm
[2026-09-30 08:45:03] RIMAC Fitness Gym: 99% (Very Active) people=64 capacity=65 is_open=True hour_summary=open
[2026-09-30 08:45:03] Triton Esports Center: 0% (Closed) people=0 capacity=35 is_open=False hour_summary=closed
[2026-09-30 08:45:03] === SCRAPE END OK ===
[2026-09-30 09:00:02] === SCRAPE START ===
[2026-09-30 09:00:02] Fetching https://waitz.io/live/ucsd-rec
[2026-09-30 09:00:03] Saved 4 rows to ucsd_occupancy_history.csv
[2026-09-30 09:00:03] Main Gym Fitness Gym: 99% (Very Active) people=71 capacity=72 is_open=True hour_summary=open
[2026-09-30 09:00:03] Outback Climbing Center: 10% (Closed) people=3 capacity=30 is_open=False hour_summary=Closed until 2:00pm
[2026-09-30 09:00:03] RIMAC Fitness Gym: 99% (Very Active) people=64 capacity=65 is_open=True hour_summary=open
[2026-09-30 09:00:03] Triton Esports Center: 3% (Closed) people=1 capacity=35 is_open=False hour_summary=closed
[2026-09-30 09:00:03] === SCRAPE END OK ===
[2026-09-30 09:15:02] === SCRAPE START ===
[2026-09-30 09:15:02] Fetching https://waitz.io/live/ucsd-rec
[2026-09-30 09:15:03] Saved 4 rows to ucsd_occupancy_history.csv
[2026-09-30 09:15:03] Main Gym Fitness Gym: 99% (Very Active) people=71 capacity=72 is_open=True hour_summary=open
[2026-09-30 09:15:03] Outback Climbing Center: 13% (Closed) people=4 capacity=30 is_open=False hour_summary=Closed until 2:00pm
[2026-09-30 09:15:03] RIMAC Fitness Gym: 99% (Very Active) people=64 capacity=65 is_open=True hour_summary=open
[2026-09-30 09:15:03] Triton Esports Center: 3% (Closed) people=1 capacity=35 is_open=False hour_summary=closed
[2026-09-30 09:15:03] === SCRAPE END OK ===
[2026-09-30 09:30:02] === SCRAPE START ===
[2026-09-30 09:30:02] Fetching https://waitz.io/live/ucsd-rec
[2026-09-30 09:30:03] Saved 4 rows to ucsd_occupancy_history.csv
[2026-09-30 09:30:03] Main Gym Fitness Gym: 99% (Very Active) people=71 capacity=72 is_open=True hour_summary=open
[2026-09-30 09:30:03] Outback Climbing Center: 10% (Closed) people=3 capacity=30 is_open=False hour_summary=Closed until 2:00pm
[2026-09-30 09:30:03] RIMAC Fitness Gym: 94% (Very Active) people=61 capacity=65 is_open=True hour_summary=open
[2026-09-30 09:30:03] Triton Esports Center: 3% (Closed) people=1 capacity=35 is_open=False hour_summary=closed
[2026-09-30 09:30:03] === SCRAPE END OK ===
[2026-09-30 09:45:02] === SCRAPE START ===
[2026-09-30 09:45:02] Fetching https://waitz.io/live/ucsd-rec
[2026-09-30 09:45:03] Saved 4 rows to ucsd_occupancy_history.csv
[2026-09-30 09:45:03] Main Gym Fitness Gym: 0% (Data Unavailable) people=0 capacity=72 is_open=True hour_summary=open
[2026-09-30 09:45:03] Outback Climbing Center: 27% (Closed) people=8 capacity=30 is_open=False hour_summary=Closed until 2:00pm
[2026-09-30 09:45:03] RIMAC Fitness Gym: 91% (Very Active) people=59 capacity=65 is_open=True hour_summary=open
[2026-09-30 09:45:03] Triton Esports Center: 0% (Closed) people=0 capacity=35 is_open=False hour_summary=closed
[2026-09-30 09:45:03] === SCRAPE END OK ===
[2026-09-30 10:00:02] === SCRAPE START ===
[2026-09-30 10:00:02] Fetching https://waitz.io/live/ucsd-rec
[2026-09-30 10:00:03] Saved 4 rows to ucsd_occupancy_history.csv
[2026-09-30 10:00:03] Main Gym Fitness Gym: 99% (Very Active) people=71 capacity=72 is_open=True hour_summary=open
[2026-09-30 10:00:03] Outback Climbing Center: 20% (Closed) people=6 capacity=30 is_open=False hour_summary=Closed until 2:00pm
[2026-09-30 10:00:03] RIMAC Fitness Gym: 86% (Very Active) people=56 capacity=65 is_open=True hour_summary=open
[2026-09-30 10:00:03] Triton Esports Center: 3% (Closed) people=1 capacity=35 is_open=False hour_summary=closed
[2026-09-30 10:00:03] === SCRAPE END OK ===
[2026-09-30 10:15:02] === SCRAPE START ===
[2026-09-30 10:15:02] Fetching https://waitz.io/live/ucsd-rec
[2026-09-30 10:15:03] Saved 4 rows to ucsd_occupancy_history.csv
[2026-09-30 10:15:03] Main Gym Fitness Gym: 99% (Very Active) people=71 capacity=72 is_open=True hour_summary=open
[2026-09-30 10:15:03] Outback Climbing Center: 90% (Closed) people=27 capacity=30 is_open=False hour_summary=Closed until 2:00pm
[2026-09-30 10:15:03] RIMAC Fitness Gym: 0% (Data Unavailable) people=0 capacity=65 is_open=True hour_summary=open
[2026-09-30 10:15:03] Triton Esports Center: 0% (Closed) people=0 capacity=35 is_open=False hour_summary=closed
[2026-09-30 10:15:03] === SCRAPE END OK ===
[2026-09-30 10:30:02] === SCRAPE START ===
[2026-09-30 10:30:02] Fetching https://waitz.io/live/ucsd-rec
[2026-09-30 10:30:03] Saved 4 rows to ucsd_occupancy_history.csv
[2026-09-30 10:30:03] Main Gym Fitness Gym: 99% (Very Active) people=71 capacity=72 is_open=True hour_summary=open
[2026-09-30 10:30:03] Outback Climbing Center: 99% (Closed) people=30 capacity=30 is_open=False hour_summary=Closed until 2:00pm
[2026-09-30 10:30:03] RIMAC Fitness Gym: 99% (Very Active) people=64 capacity=65 is_open=True hour_summary=open
[2026-09-30 10:30:03] Triton Esports Center: 0% (Closed) people=0 capacity=35 is_open=False hour_summary=closed
[2026-09-30 10:30:03] === SCRAPE END OK ===
[2026-09-30 10:45:02] === SCRAPE START ===
[2026-09-30 10:45:02] Fetching https://waitz.io/live/ucsd-rec
[2026-09-30 10:45:03] Saved 4 rows to ucsd_occupancy_history.csv
[2026-09-30 10:45:03] Main Gym Fitness Gym: 99% (Very Active) people=71 capacity=72 is_open=True hour_summary=open
[2026-09-30 10:45:03] Outback Climbing Center: 99% (Closed) people=30 capacity=30 is_open=False hour_summary=Closed until 2:00pm
[2026-09-30 10:45:03] RIMAC Fitness Gym: 99% (Very Active) people=64 capacity=65 is_open=True hour_summary=open
[2026-09-30 10:45:03] Triton Esports Center: 3% (Closed) people=1 capacity=35 is_open=False hour_summary=closed
[2026-09-30 10:45:03] === SCRAPE END OK ===
[2026-09-30 11:00:02] === SCRAPE START ===
[2026-09-30 11:00:02] Fetching https://waitz.io/live/ucsd-rec
[2026-09-30 11:00:03] Saved 4 rows to ucsd_occupancy_history.csv
[2026-09-30 11:00:03] Main Gym Fitness Gym: 99% (Very Active) people=71 capacity=72 is_open=True hour_summary=open
[2026-09-30 11:00:03] Outback Climbing Center: 99% (Closed) people=30 capacity=30 is_open=False hour_summary=Closed until 2:00pm
[2026-09-30 11:00:03] RIMAC Fitness Gym: 99% (Very Active) people=64 capacity=65 is_open=True hour_summary=open
[2026-09-30 11:00:03] Triton Esports Center: 3% (Closed) people=1 capacity=35 is_open=False hour_summary=closed
[2026-09-30 11:00:03] === SCRAPE END OK ===
[2026-09-30 11:15:02] === SCRAPE START ===
[2026-09-30 11:15:02] Fetching https://waitz.io/live/ucsd-rec
[2026-09-30 11:15:03] Saved 4 rows to ucsd_occupancy_history.csv
[2026-09-30 11:15:03] Main Gym Fitness Gym: 99% (Very Active) people=71 capacity=72 is_open=True hour_summary=open
[2026-09-30 11:15:03] Outback Climbing Center: 93% (Closed) people=28 capacity=30 is_open=False hour_summary=Closed until 2:00pm
[2026-09-30 11:15:03] RIMAC Fitness Gym: 99% (Very Active) people=64 capacity=65 is_open=True hour_summary=open
[2026-09-30 11:15:03] Triton Esports Center: 0% (Closed) people=0 capacity=35 is_open=False hour_summary=closed
[2026-09-30 11:15:03] === SCRAPE END OK ===
[2026-09-30 11:30:02] === SCRAPE START ===
[2026-09-30 11:30:02] Fetching https://waitz.io/live/ucsd-rec
[2026-09-30 11:30:04] Saved 4 rows to ucsd_occupancy_history.csv
[2026-09-30 11:30:04] Main Gym Fitness Gym: 99% (Very Active) people=71 capacity=72 is_open=True hour_summary=open
[2026-09-30 11:30:04] Outback Climbing Center: 99% (Closed) people=30 capacity=30 is_open=False hour_summary=Closed until 2:00pm
[2026-09-30 11:30:04] RIMAC Fitness Gym: 99% (Very Active) people=64 capacity=65 is_open=True hour_summary=open
[2026-09-30 11:30:04] Triton Esports Center: 3% (Closed) people=1 capacity=35 is_open=False hour_summary=closed
[2026-09-30 11:30:04] === SCRAPE END OK ===
[2026-09-30 11:45:03] === SCRAPE START ===
[2026-09-30 11:45:03] Fetching https://waitz.io/live/ucsd-rec
[2026-09-30 11:45:04] Saved 4 rows to ucsd_occupancy_history.csv
[2026-09-30 11:45:04] Main Gym Fitness Gym: 99% (Very Active) people=71 capacity=72 is_open=True hour_summary=open
[2026-09-30 11:45:04] Outback Climbing Center: 97% (Closed) people=29 capacity=30 is_open=False hour_summary=Closed until 2:00pm
[2026-09-30 11:45:04] RIMAC Fitness Gym: 99% (Very Active) people=64 capacity=65 is_open=True hour_summary=open
[2026-09-30 11:45:04] Triton Esports Center: 3% (Closed) people=1 capacity=35 is_open=False hour_summary=closed
[2026-09-30 11:45:04] === SCRAPE END OK ===
[2026-09-30 12:00:02] === SCRAPE START ===
[2026-09-30 12:00:02] Fetching https://waitz.io/live/ucsd-rec
[2026-09-30 12:00:04] Saved 4 rows to ucsd_occupancy_history.csv
[2026-09-30 12:00:04] Main Gym Fitness Gym: 99% (Very Active) people=71 capacity=72 is_open=True hour_summary=open
[2026-09-30 12:00:04] Outback Climbing Center: 99% (Closed) people=30 capacity=30 is_open=False hour_summary=Closed until 2:00pm
[2026-09-30 12:00:04] RIMAC Fitness Gym: 99% (Very Active) people=64 capacity=65 is_open=True hour_summary=open
[2026-09-30 12:00:04] Triton Esports Center: 3% (Closed) people=1 capacity=35 is_open=False hour_summary=closed
[2026-09-30 12:00:04] === SCRAPE END OK ===
[2026-09-30 12:15:02] === SCRAPE START ===
[2026-09-30 12:15:02] Fetching https://waitz.io/live/ucsd-rec
[2026-09-30 12:15:03] Saved 4 rows to ucsd_occupancy_history.csv
[2026-09-30 12:15:03] Main Gym Fitness Gym: 99% (Very Active) people=71 capacity=72 is_open=True hour_summary=open
[2026-09-30 12:15:03] Outback Climbing Center: 99% (Closed) people=30 capacity=30 is_open=False hour_summary=Closed until 2:00pm
[2026-09-30 12:15:03] RIMAC Fitness Gym: 99% (Very Active) people=64 capacity=65 is_open=True hour_summary=open
[2026-09-30 12:15:03] Triton Esports Center: 0% (Closed) people=0 capacity=35 is_open=False hour_summary=closed
[2026-09-30 12:15:03] === SCRAPE END OK ===
[2026-09-30 12:30:02] === SCRAPE START ===
[2026-09-30 12:30:02] Fetching https://waitz.io/live/ucsd-rec
[2026-09-30 12:30:03] Saved 4 rows to ucsd_occupancy_history.csv
[2026-09-30 12:30:03] Main Gym Fitness Gym: 0% (Data Unavailable) people=0 capacity=72 is_open=True hour_summary=open
[2026-09-30 12:30:03] Outback Climbing Center: 99% (Closed) people=30 capacity=30 is_open=False hour_summary=Closed until 2:00pm
[2026-09-30 12:30:03] RIMAC Fitness Gym: 99% (Very Active) people=64 capacity=65 is_open=True hour_summary=open
[2026-09-30 12:30:03] Triton Esports Center: 0% (Closed) people=0 capacity=35 is_open=False hour_summary=closed
[2026-09-30 12:30:03] === SCRAPE END OK ===
[2026-09-30 12:45:02] === SCRAPE START ===
[2026-09-30 12:45:02] Fetching https://waitz.io/live/ucsd-rec
[2026-09-30 12:45:03] Saved 4 rows to ucsd_occupancy_history.csv
[2026-09-30 12:45:03] Main Gym Fitness Gym: 99% (Very Active) people=71 capacity=72 is_open=True hour_summary=open
[2026-09-30 12:45:03] Outback Climbing Center: 99% (Closed) people=30 capacity=30 is_open=False hour_summary=Closed until 2:00pm
[2026-09-30 12:45:03] RIMAC Fitness Gym: 99% (Very Active) people=64 capacity=65 is_open=True hour_summary=open
[2026-09-30 12:45:03] Triton Esports Center: 0% (Closed) people=0 capacity=35 is_open=False hour_summary=closed
[2026-09-30 12:45:03] === SCRAPE END OK ===
[2026-09-30 13:00:02] === SCRAPE START ===
[2026-09-30 13:00:02] Fetching https://waitz.io/live/ucsd-rec
[2026-09-30 13:00:04] Saved 4 rows to ucsd_occupancy_history.csv
[2026-09-30 13:00:04] Main Gym Fitness Gym: 99% (Very Active) people=71 capacity=72 is_open=True hour_summary=open
[2026-09-30 13:00:04] Outback Climbing Center: 99% (Closed) people=30 capacity=30 is_open=False hour_summary=Closed until 2:00pm
[2026-09-30 13:00:04] RIMAC Fitness Gym: 85% (Very Active) people=55 capacity=65 is_open=True hour_summary=open
[2026-09-30 13:00:04] Triton Esports Center: 0% (Closed) people=0 capacity=35 is_open=False hour_summary=closed
[2026-09-30 13:00:04] === SCRAPE END OK ===
[2026-09-30 13:15:02] === SCRAPE START ===
[2026-09-30 13:15:02] Fetching https://waitz.io/live/ucsd-rec
[2026-09-30 13:15:03] Saved 4 rows to ucsd_occupancy_history.csv
[2026-09-30 13:15:03] Main Gym Fitness Gym: 99% (Very Active) people=71 capacity=72 is_open=True hour_summary=open
[2026-09-30 13:15:03] Outback Climbing Center: 80% (Closed) people=24 capacity=30 is_open=False hour_summary=Closed until 2:00pm
[2026-09-30 13:15:03] RIMAC Fitness Gym: 0% (Data Unavailable) people=0 capacity=65 is_open=True hour_summary=open
[2026-09-30 13:15:03] Triton Esports Center: 3% (Closed) people=1 capacity=35 is_open=False hour_summary=closed
[2026-09-30 13:15:03] === SCRAPE END OK ===
[2026-09-30 13:30:02] === SCRAPE START ===
[2026-09-30 13:30:02] Fetching https://waitz.io/live/ucsd-rec
[2026-09-30 13:30:04] Saved 4 rows to ucsd_occupancy_history.csv
[2026-09-30 13:30:04] Main Gym Fitness Gym: 99% (Very Active) people=71 capacity=72 is_open=True hour_summary=open
[2026-09-30 13:30:04] Outback Climbing Center: 77% (Closed) people=23 capacity=30 is_open=False hour_summary=Closed until 2:00pm
[2026-09-30 13:30:04] RIMAC Fitness Gym: 99% (Very Active) people=64 capacity=65 is_open=True hour_summary=open
[2026-09-30 13:30:04] Triton Esports Center: 9% (Closed) people=3 capacity=35 is_open=False hour_summary=closed
[2026-09-30 13:30:04] === SCRAPE END OK ===
[2026-09-30 13:45:02] === SCRAPE START ===
[2026-09-30 13:45:02] Fetching https://waitz.io/live/ucsd-rec
[2026-09-30 13:45:03] Saved 4 rows to ucsd_occupancy_history.csv
[2026-09-30 13:45:03] Main Gym Fitness Gym: 0% (Data Unavailable) people=0 capacity=72 is_open=True hour_summary=open
[2026-09-30 13:45:03] Outback Climbing Center: 99% (Closed) people=30 capacity=30 is_open=False hour_summary=Closed until 2:00pm
[2026-09-30 13:45:03] RIMAC Fitness Gym: 0% (Data Unavailable) people=0 capacity=65 is_open=True hour_summary=open
[2026-09-30 13:45:03] Triton Esports Center: 17% (Closed) people=6 capacity=35 is_open=False hour_summary=closed
[2026-09-30 13:45:03] === SCRAPE END OK ===
[2026-09-30 14:00:02] === SCRAPE START ===
[2026-09-30 14:00:02] Fetching https://waitz.io/live/ucsd-rec
[2026-09-30 14:00:04] Saved 4 rows to ucsd_occupancy_history.csv
[2026-09-30 14:00:04] Main Gym Fitness Gym: 99% (Very Active) people=71 capacity=72 is_open=True hour_summary=open
[2026-09-30 14:00:04] Outback Climbing Center: 99% (Very Active) people=30 capacity=30 is_open=True hour_summary=open
[2026-09-30 14:00:04] RIMAC Fitness Gym: 99% (Very Active) people=64 capacity=65 is_open=True hour_summary=open
[2026-09-30 14:00:04] Triton Esports Center: 23% (Closed) people=8 capacity=35 is_open=False hour_summary=closed
[2026-09-30 14:00:04] === SCRAPE END OK ===
[2026-09-30 14:15:02] === SCRAPE START ===
[2026-09-30 14:15:02] Fetching https://waitz.io/live/ucsd-rec
[2026-09-30 14:15:03] Saved 4 rows to ucsd_occupancy_history.csv
[2026-09-30 14:15:03] Main Gym Fitness Gym: 99% (Very Active) people=71 capacity=72 is_open=True hour_summary=open
[2026-09-30 14:15:03] Outback Climbing Center: 83% (Very Active) people=25 capacity=30 is_open=True hour_summary=open
[2026-09-30 14:15:03] RIMAC Fitness Gym: 99% (Very Active) people=64 capacity=65 is_open=True hour_summary=open
[2026-09-30 14:15:03] Triton Esports Center: 29% (Closed) people=10 capacity=35 is_open=False hour_summary=closed
[2026-09-30 14:15:03] === SCRAPE END OK ===
[2026-09-30 14:30:02] === SCRAPE START ===
[2026-09-30 14:30:02] Fetching https://waitz.io/live/ucsd-rec
[2026-09-30 14:30:03] Saved 4 rows to ucsd_occupancy_history.csv
[2026-09-30 14:30:03] Main Gym Fitness Gym: 99% (Very Active) people=71 capacity=72 is_open=True hour_summary=open
[2026-09-30 14:30:03] Outback Climbing Center: 70% (Busy) people=21 capacity=30 is_open=True hour_summary=open
[2026-09-30 14:30:03] RIMAC Fitness Gym: 99% (Very Active) people=64 capacity=65 is_open=True hour_summary=open
[2026-09-30 14:30:03] Triton Esports Center: 29% (Closed) people=10 capacity=35 is_open=False hour_summary=closed
[2026-09-30 14:30:03] === SCRAPE END OK ===
[2026-09-30 14:45:02] === SCRAPE START ===
[2026-09-30 14:45:02] Fetching https://waitz.io/live/ucsd-rec
[2026-09-30 14:45:03] Saved 4 rows to ucsd_occupancy_history.csv
[2026-09-30 14:45:03] Main Gym Fitness Gym: 99% (Very Active) people=71 capacity=72 is_open=True hour_summary=open
[2026-09-30 14:45:03] Outback Climbing Center: 99% (Very Active) people=30 capacity=30 is_open=True hour_summary=open
[2026-09-30 14:45:03] RIMAC Fitness Gym: 99% (Very Active) people=64 capacity=65 is_open=True hour_summary=open
[2026-09-30 14:45:03] Triton Esports Center: 43% (Closed) people=15 capacity=35 is_open=False hour_summary=closed
[2026-09-30 14:45:03] === SCRAPE END OK ===
[2026-09-30 15:00:02] === SCRAPE START ===
[2026-09-30 15:00:02] Fetching https://waitz.io/live/ucsd-rec
[2026-09-30 15:00:04] Saved 4 rows to ucsd_occupancy_history.csv
[2026-09-30 15:00:04] Main Gym Fitness Gym: 99% (Very Active) people=71 capacity=72 is_open=True hour_summary=open
[2026-09-30 15:00:04] Outback Climbing Center: 99% (Very Active) people=30 capacity=30 is_open=True hour_summary=open
[2026-09-30 15:00:04] RIMAC Fitness Gym: 99% (Very Active) people=64 capacity=65 is_open=True hour_summary=open
[2026-09-30 15:00:04] Triton Esports Center: 46% (Closed) people=16 capacity=35 is_open=False hour_summary=closed
[2026-09-30 15:00:04] === SCRAPE END OK ===
[2026-09-30 15:15:02] === SCRAPE START ===
[2026-09-30 15:15:02] Fetching https://waitz.io/live/ucsd-rec
[2026-09-30 15:15:03] Saved 4 rows to ucsd_occupancy_history.csv
[2026-09-30 15:15:03] Main Gym Fitness Gym: 99% (Very Active) people=71 capacity=72 is_open=True hour_summary=open
[2026-09-30 15:15:03] Outback Climbing Center: 99% (Very Active) people=30 capacity=30 is_open=True hour_summary=open
[2026-09-30 15:15:03] RIMAC Fitness Gym: 99% (Very Active) people=64 capacity=65 is_open=True hour_summary=open
[2026-09-30 15:15:03] Triton Esports Center: 49% (Closed) people=17 capacity=35 is_open=False hour_summary=closed
[2026-09-30 15:15:03] === SCRAPE END OK ===
[2026-09-30 15:30:02] === SCRAPE START ===
[2026-09-30 15:30:02] Fetching https://waitz.io/live/ucsd-rec
[2026-09-30 15:30:03] Saved 4 rows to ucsd_occupancy_history.csv
[2026-09-30 15:30:03] Main Gym Fitness Gym: 99% (Very Active) people=71 capacity=72 is_open=True hour_summary=open
[2026-09-30 15:30:03] Outback Climbing Center: 99% (Very Active) people=30 capacity=30 is_open=True hour_summary=open
[2026-09-30 15:30:03] RIMAC Fitness Gym: 99% (Very Active) people=64 capacity=65 is_open=True hour_summary=open
[2026-09-30 15:30:03] Triton Esports Center: 46% (Closed) people=16 capacity=35 is_open=False hour_summary=closed
[2026-09-30 15:30:03] === SCRAPE END OK ===
[2026-09-30 15:45:02] === SCRAPE START ===
[2026-09-30 15:45:02] Fetching https://waitz.io/live/ucsd-rec
[2026-09-30 15:45:03] Saved 4 rows to ucsd_occupancy_history.csv
[2026-09-30 15:45:03] Main Gym Fitness Gym: 99% (Very Active) people=71 capacity=72 is_open=True hour_summary=open
[2026-09-30 15:45:03] Outback Climbing Center: 99% (Very Active) people=30 capacity=30 is_open=True hour_summary=open
[2026-09-30 15:45:03] RIMAC Fitness Gym: 99% (Very Active) people=64 capacity=65 is_open=True hour_summary=open
[2026-09-30 15:45:03] Triton Esports Center: 40% (Closed) people=14 capacity=35 is_open=False hour_summary=closed
[2026-09-30 15:45:03] === SCRAPE END OK ===
[2026-09-30 16:00:02] === SCRAPE START ===
[2026-09-30 16:00:02] Fetching https://waitz.io/live/ucsd-rec
[2026-09-30 16:00:04] Saved 4 rows to ucsd_occupancy_history.csv
[2026-09-30 16:00:04] Main Gym Fitness Gym: 99% (Very Active) people=71 capacity=72 is_open=True hour_summary=open
[2026-09-30 16:00:04] Outback Climbing Center: 99% (Very Active) people=30 capacity=30 is_open=True hour_summary=open
[2026-09-30 16:00:04] RIMAC Fitness Gym: 99% (Very Active) people=64 capacity=65 is_open=True hour_summary=open
[2026-09-30 16:00:04] Triton Esports Center: 34% (Closed) people=12 capacity=35 is_open=False hour_summary=closed
[2026-09-30 16:00:04] === SCRAPE END OK ===
[2026-09-30 16:15:02] === SCRAPE START ===
[2026-09-30 16:15:02] Fetching https://waitz.io/live/ucsd-rec
[2026-09-30 16:15:03] Saved 4 rows to ucsd_occupancy_history.csv
[2026-09-30 16:15:03] Main Gym Fitness Gym: 99% (Very Active) people=71 capacity=72 is_open=True hour_summary=open
[2026-09-30 16:15:03] Outback Climbing Center: 99% (Very Active) people=30 capacity=30 is_open=True hour_summary=open
[2026-09-30 16:15:03] RIMAC Fitness Gym: 99% (Very Active) people=64 capacity=65 is_open=True hour_summary=open
[2026-09-30 16:15:03] Triton Esports Center: 46% (Closed) people=16 capacity=35 is_open=False hour_summary=closed
[2026-09-30 16:15:03] === SCRAPE END OK ===
[2026-09-30 16:30:02] === SCRAPE START ===
[2026-09-30 16:30:02] Fetching https://waitz.io/live/ucsd-rec
[2026-09-30 16:30:03] Saved 4 rows to ucsd_occupancy_history.csv
[2026-09-30 16:30:03] Main Gym Fitness Gym: 99% (Very Active) people=71 capacity=72 is_open=True hour_summary=open
[2026-09-30 16:30:03] Outback Climbing Center: 99% (Very Active) people=30 capacity=30 is_open=True hour_summary=open
[2026-09-30 16:30:03] RIMAC Fitness Gym: 99% (Very Active) people=64 capacity=65 is_open=True hour_summary=open
[2026-09-30 16:30:03] Triton Esports Center: 66% (Closed) people=23 capacity=35 is_open=False hour_summary=closed
[2026-09-30 16:30:03] === SCRAPE END OK ===
[2026-09-30 16:45:02] === SCRAPE START ===
[2026-09-30 16:45:02] Fetching https://waitz.io/live/ucsd-rec
[2026-09-30 16:45:03] Saved 4 rows to ucsd_occupancy_history.csv
[2026-09-30 16:45:03] Main Gym Fitness Gym: 99% (Very Active) people=71 capacity=72 is_open=True hour_summary=open
[2026-09-30 16:45:03] Outback Climbing Center: 99% (Very Active) people=30 capacity=30 is_open=True hour_summary=open
[2026-09-30 16:45:03] RIMAC Fitness Gym: 99% (Very Active) people=64 capacity=65 is_open=True hour_summary=open
[2026-09-30 16:45:03] Triton Esports Center: 60% (Closed) people=21 capacity=35 is_open=False hour_summary=closed
[2026-09-30 16:45:03] === SCRAPE END OK ===
[2026-09-30 17:00:02] === SCRAPE START ===
[2026-09-30 17:00:02] Fetching https://waitz.io/live/ucsd-rec
[2026-09-30 17:00:03] Saved 4 rows to ucsd_occupancy_history.csv
[2026-09-30 17:00:03] Main Gym Fitness Gym: 99% (Very Active) people=71 capacity=72 is_open=True hour_summary=open
[2026-09-30 17:00:03] Outback Climbing Center: 99% (Very Active) people=30 capacity=30 is_open=True hour_summary=open
[2026-09-30 17:00:03] RIMAC Fitness Gym: 99% (Very Active) people=64 capacity=65 is_open=True hour_summary=open
[2026-09-30 17:00:03] Triton Esports Center: 66% (Closed) people=23 capacity=35 is_open=False hour_summary=closed
[2026-09-30 17:00:03] === SCRAPE END OK ===
[2026-09-30 17:15:02] === SCRAPE START ===
[2026-09-30 17:15:02] Fetching https://waitz.io/live/ucsd-rec
[2026-09-30 17:15:03] Saved 4 rows to ucsd_occupancy_history.csv
[2026-09-30 17:15:03] Main Gym Fitness Gym: 99% (Very Active) people=71 capacity=72 is_open=True hour_summary=open
[2026-09-30 17:15:03] Outback Climbing Center: 99% (Very Active) people=30 capacity=30 is_open=True hour_summary=open
[2026-09-30 17:15:03] RIMAC Fitness Gym: 99% (Very Active) people=64 capacity=65 is_open=True hour_summary=open
[2026-09-30 17:15:03] Triton Esports Center: 57% (Closed) people=20 capacity=35 is_open=False hour_summary=closed
[2026-09-30 17:15:03] === SCRAPE END OK ===
[2026-09-30 17:30:02] === SCRAPE START ===
[2026-09-30 17:30:02] Fetching https://waitz.io/live/ucsd-rec
[2026-09-30 17:30:03] Saved 4 rows to ucsd_occupancy_history.csv
[2026-09-30 17:30:03] Main Gym Fitness Gym: 99% (Very Active) people=71 capacity=72 is_open=True hour_summary=open
[2026-09-30 17:30:03] Outback Climbing Center: 99% (Very Active) people=30 capacity=30 is_open=True hour_summary=open
[2026-09-30 17:30:03] RIMAC Fitness Gym: 99% (Very Active) people=64 capacity=65 is_open=True hour_summary=open
[2026-09-30 17:30:03] Triton Esports Center: 51% (Closed) people=18 capacity=35 is_open=False hour_summary=closed
[2026-09-30 17:30:03] === SCRAPE END OK ===
[2026-09-30 17:45:02] === SCRAPE START ===
[2026-09-30 17:45:02] Fetching https://waitz.io/live/ucsd-rec
[2026-09-30 17:45:03] Saved 4 rows to ucsd_occupancy_history.csv
[2026-09-30 17:45:03] Main Gym Fitness Gym: 0% (Data Unavailable) people=0 capacity=72 is_open=True hour_summary=open
[2026-09-30 17:45:03] Outback Climbing Center: 99% (Very Active) people=30 capacity=30 is_open=True hour_summary=open
[2026-09-30 17:45:03] RIMAC Fitness Gym: 99% (Very Active) people=64 capacity=65 is_open=True hour_summary=open
[2026-09-30 17:45:03] Triton Esports Center: 51% (Closed) people=18 capacity=35 is_open=False hour_summary=closed
[2026-09-30 17:45:03] === SCRAPE END OK ===
[2026-09-30 18:00:02] === SCRAPE START ===
[2026-09-30 18:00:02] Fetching https://waitz.io/live/ucsd-rec
[2026-09-30 18:00:04] Saved 4 rows to ucsd_occupancy_history.csv
[2026-09-30 18:00:04] Main Gym Fitness Gym: 99% (Very Active) people=71 capacity=72 is_open=True hour_summary=open
[2026-09-30 18:00:04] Outback Climbing Center: 99% (Very Active) people=30 capacity=30 is_open=True hour_summary=open
[2026-09-30 18:00:04] RIMAC Fitness Gym: 99% (Very Active) people=64 capacity=65 is_open=True hour_summary=open
[2026-09-30 18:00:04] Triton Esports Center: 34% (Closed) people=12 capacity=35 is_open=False hour_summary=closed
[2026-09-30 18:00:04] === SCRAPE END OK ===
[2026-09-30 18:15:02] === SCRAPE START ===
[2026-09-30 18:15:02] Fetching https://waitz.io/live/ucsd-rec
[2026-09-30 18:15:03] Saved 4 rows to ucsd_occupancy_history.csv
[2026-09-30 18:15:03] Main Gym Fitness Gym: 99% (Very Active) people=71 capacity=72 is_open=True hour_summary=open
[2026-09-30 18:15:03] Outback Climbing Center: 99% (Very Active) people=30 capacity=30 is_open=True hour_summary=open
[2026-09-30 18:15:03] RIMAC Fitness Gym: 99% (Very Active) people=64 capacity=65 is_open=True hour_summary=open
[2026-09-30 18:15:03] Triton Esports Center: 37% (Closed) people=13 capacity=35 is_open=False hour_summary=closed
[2026-09-30 18:15:03] === SCRAPE END OK ===
[2026-09-30 18:30:02] === SCRAPE START ===
[2026-09-30 18:30:02] Fetching https://waitz.io/live/ucsd-rec
[2026-09-30 18:30:03] Saved 4 rows to ucsd_occupancy_history.csv
[2026-09-30 18:30:03] Main Gym Fitness Gym: 99% (Very Active) people=71 capacity=72 is_open=True hour_summary=open
[2026-09-30 18:30:03] Outback Climbing Center: 99% (Very Active) people=30 capacity=30 is_open=True hour_summary=open
[2026-09-30 18:30:03] RIMAC Fitness Gym: 99% (Very Active) people=64 capacity=65 is_open=True hour_summary=open
[2026-09-30 18:30:03] Triton Esports Center: 40% (Closed) people=14 capacity=35 is_open=False hour_summary=closed
[2026-09-30 18:30:03] === SCRAPE END OK ===
[2026-09-30 18:45:02] === SCRAPE START ===
[2026-09-30 18:45:02] Fetching https://waitz.io/live/ucsd-rec
[2026-09-30 18:45:03] Saved 4 rows to ucsd_occupancy_history.csv
[2026-09-30 18:45:03] Main Gym Fitness Gym: 99% (Very Active) people=71 capacity=72 is_open=True hour_summary=open
[2026-09-30 18:45:03] Outback Climbing Center: 99% (Very Active) people=30 capacity=30 is_open=True hour_summary=open
[2026-09-30 18:45:03] RIMAC Fitness Gym: 99% (Very Active) people=64 capacity=65 is_open=True hour_summary=open
[2026-09-30 18:45:03] Triton Esports Center: 49% (Closed) people=17 capacity=35 is_open=False hour_summary=closed
[2026-09-30 18:45:03] === SCRAPE END OK ===
[2026-09-30 19:00:02] === SCRAPE START ===
[2026-09-30 19:00:02] Fetching https://waitz.io/live/ucsd-rec
[2026-09-30 19:00:04] Saved 4 rows to ucsd_occupancy_history.csv
[2026-09-30 19:00:04] Main Gym Fitness Gym: 99% (Very Active) people=71 capacity=72 is_open=True hour_summary=open
[2026-09-30 19:00:04] Outback Climbing Center: 99% (Very Active) people=30 capacity=30 is_open=True hour_summary=open
[2026-09-30 19:00:04] RIMAC Fitness Gym: 99% (Very Active) people=64 capacity=65 is_open=True hour_summary=open
[2026-09-30 19:00:04] Triton Esports Center: 49% (Closed) people=17 capacity=35 is_open=False hour_summary=closed
[2026-09-30 19:00:04] === SCRAPE END OK ===
[2026-09-30 19:15:02] === SCRAPE START ===
[2026-09-30 19:15:02] Fetching https://waitz.io/live/ucsd-rec
[2026-09-30 19:15:03] Saved 4 rows to ucsd_occupancy_history.csv
[2026-09-30 19:15:03] Main Gym Fitness Gym: 99% (Very Active) people=71 capacity=72 is_open=True hour_summary=open
[2026-09-30 19:15:03] Outback Climbing Center: 99% (Very Active) people=30 capacity=30 is_open=True hour_summary=open
[2026-09-30 19:15:03] RIMAC Fitness Gym: 99% (Very Active) people=64 capacity=65 is_open=True hour_summary=open
[2026-09-30 19:15:03] Triton Esports Center: 49% (Closed) people=17 capacity=35 is_open=False hour_summary=closed
[2026-09-30 19:15:03] === SCRAPE END OK ===
[2026-09-30 19:30:02] === SCRAPE START ===
[2026-09-30 19:30:02] Fetching https://waitz.io/live/ucsd-rec
[2026-09-30 19:30:04] Saved 4 rows to ucsd_occupancy_history.csv
[2026-09-30 19:30:04] Main Gym Fitness Gym: 99% (Very Active) people=71 capacity=72 is_open=True hour_summary=open
[2026-09-30 19:30:04] Outback Climbing Center: 99% (Very Active) people=30 capacity=30 is_open=True hour_summary=open
[2026-09-30 19:30:04] RIMAC Fitness Gym: 99% (Very Active) people=64 capacity=65 is_open=True hour_summary=open
[2026-09-30 19:30:04] Triton Esports Center: 46% (Closed) people=16 capacity=35 is_open=False hour_summary=closed
[2026-09-30 19:30:04] === SCRAPE END OK ===
