[2026-10-10 00:00:01] === SCRAPE START ===
[2026-10-10 00:00:01] Fetching https://waitz.io/live/ucsd-rec
[2026-10-10 00:00:03] Saved 4 rows to ucsd_occupancy_history.csv
[2026-10-10 00:00:03] Main Gym Fitness Gym: 1% (Closed) people=1 capacity=72 is_open=False hour_summary=Closed until 8:00am
[2026-10-10 00:00:03] Outback Climbing Center: 0% (Closed) people=0 capacity=30 is_open=False hour_summary=Closed until 2:00pm
[2026-10-10 00:00:03] RIMAC Fitness Gym: 0% (Closed) people=0 capacity=65 is_open=False hour_summary=Closed until 8:00am
[2026-10-10 00:00:03] Triton Esports Center: 0% (Closed) people=0 capacity=35 is_open=False hour_summary=closed
[2026-10-10 00:00:03] === SCRAPE END OK ===
[2026-10-10 00:15:02] === SCRAPE START ===
[2026-10-10 00:15:02] Fetching https://waitz.io/live/ucsd-rec
[2026-10-10 00:15:03] Saved 4 rows to ucsd_occupancy_history.csv
[2026-10-10 00:15:03] Main Gym Fitness Gym: 1% (Closed) people=1 capacity=72 is_open=False hour_summary=Closed until 8:00am
[2026-10-10 00:15:03] Outback Climbing Center: 0% (Closed) people=0 capacity=30 is_open=False hour_summary=Closed until 2:00pm
[2026-10-10 00:15:03] RIMAC Fitness Gym: 0% (Closed) people=0 capacity=65 is_open=False hour_summary=Closed until 8:00am
[2026-10-10 00:15:03] Triton Esports Center: 0% (Closed) people=0 capacity=35 is_open=False hour_summary=closed
[2026-10-10 00:15:03] === SCRAPE END OK ===
[2026-10-10 11:20:43] === SCRAPE START ===
[2026-10-10 11:20:43] Fetching https://waitz.io/live/ucsd-rec
[2026-10-10 11:20:43] HTTP ERROR: HTTPSConnectionPool(host='waitz.io', port=443): Max retries exceeded with url: /live/ucsd-rec (Caused by NameResolutionError("HTTPSConnection(host='waitz.io', port=443): Failed to resolve 'waitz.io' ([Errno 11001] getaddrinfo failed)"))
[2026-10-10 11:30:02] === SCRAPE START ===
[2026-10-10 11:30:02] Fetching https://waitz.io/live/ucsd-rec
[2026-10-10 11:30:03] Saved 4 rows to ucsd_occupancy_history.csv
[2026-10-10 11:30:03] Main Gym Fitness Gym: 39% (Not Busy) people=28 capacity=72 is_open=True hour_summary=open
[2026-10-10 11:30:03] Outback Climbing Center: 0% (Closed) people=0 capacity=30 is_open=False hour_summary=Closed until 2:00pm
[2026-10-10 11:30:03] RIMAC Fitness Gym: 71% (Busy) people=46 capacity=65 is_open=True hour_summary=open
[2026-10-10 11:30:03] Triton Esports Center: 0% (Closed) people=0 capacity=35 is_open=False hour_summary=closed
[2026-10-10 11:30:03] === SCRAPE END OK ===
[2026-10-10 11:45:02] === SCRAPE START ===
[2026-10-10 11:45:02] Fetching https://waitz.io/live/ucsd-rec
[2026-10-10 11:45:03] Saved 4 rows to ucsd_occupancy_history.csv
[2026-10-10 11:45:03] Main Gym Fitness Gym: 31% (Not Busy) people=22 capacity=72 is_open=True hour_summary=open
[2026-10-10 11:45:03] Outback Climbing Center: 0% (Closed) people=0 capacity=30 is_open=False hour_summary=Closed until 2:00pm
[2026-10-10 11:45:03] RIMAC Fitness Gym: 62% (Busy) people=40 capacity=65 is_open=True hour_summary=open
[2026-10-10 11:45:03] Triton Esports Center: 0% (Closed) people=0 capacity=35 is_open=False hour_summary=closed
[2026-10-10 11:45:03] === SCRAPE END OK ===
[2026-10-10 12:00:02] === SCRAPE START ===
[2026-10-10 12:00:02] Fetching https://waitz.io/live/ucsd-rec
[2026-10-10 12:00:03] Saved 4 rows to ucsd_occupancy_history.csv
[2026-10-10 12:00:03] Main Gym Fitness Gym: 60% (Busy) people=43 capacity=72 is_open=True hour_summary=open
[2026-10-10 12:00:03] Outback Climbing Center: 0% (Closed) people=0 capacity=30 is_open=False hour_summary=Closed until 2:00pm
[2026-10-10 12:00:03] RIMAC Fitness Gym: 62% (Busy) people=40 capacity=65 is_open=True hour_summary=open
[2026-10-10 12:00:03] Triton Esports Center: 0% (Closed) people=0 capacity=35 is_open=False hour_summary=closed
[2026-10-10 12:00:03] === SCRAPE END OK ===
