[2026-09-20 00:00:01] === SCRAPE START ===
[2026-09-20 00:00:01] Fetching https://waitz.io/live/ucsd-rec
[2026-09-20 00:00:02] Saved 4 rows to ucsd_occupancy_history.csv
[2026-09-20 00:00:02] Main Gym Fitness Gym: 3% (Closed) people=2 capacity=72 is_open=False hour_summary=Closed until 8:00am
[2026-09-20 00:00:02] Outback Climbing Center: 13% (Closed) people=4 capacity=30 is_open=False hour_summary=Closed until 2:00pm
[2026-09-20 00:00:02] RIMAC Fitness Gym: 0% (Closed) people=0 capacity=65 is_open=False hour_summary=Closed until 8:00am
[2026-09-20 00:00:02] Triton Esports Center: 0% (Closed) people=0 capacity=35 is_open=False hour_summary=closed
[2026-09-20 00:00:02] === SCRAPE END OK ===
[2026-09-20 00:15:02] === SCRAPE START ===
[2026-09-20 00:15:02] Fetching https://waitz.io/live/ucsd-rec
[2026-09-20 00:15:03] Saved 4 rows to ucsd_occupancy_history.csv
[2026-09-20 00:15:03] Main Gym Fitness Gym: 6% (Closed) people=4 capacity=72 is_open=False hour_summary=Closed until 8:00am
[2026-09-20 00:15:03] Outback Climbing Center: 13% (Closed) people=4 capacity=30 is_open=False hour_summary=Closed until 2:00pm
[2026-09-20 00:15:03] RIMAC Fitness Gym: 0% (Closed) people=0 capacity=65 is_open=False hour_summary=Closed until 8:00am
[2026-09-20 00:15:03] Triton Esports Center: 0% (Closed) people=0 capacity=35 is_open=False hour_summary=closed
[2026-09-20 00:15:03] === SCRAPE END OK ===
[2026-09-20 00:30:02] === SCRAPE START ===
[2026-09-20 00:30:02] Fetching https://waitz.io/live/ucsd-rec
[2026-09-20 00:30:03] Saved 4 rows to ucsd_occupancy_history.csv
[2026-09-20 00:30:03] Main Gym Fitness Gym: 1% (Closed) people=1 capacity=72 is_open=False hour_summary=Closed until 8:00am
[2026-09-20 00:30:03] Outback Climbing Center: 13% (Closed) people=4 capacity=30 is_open=False hour_summary=Closed until 2:00pm
[2026-09-20 00:30:03] RIMAC Fitness Gym: 0% (Closed) people=0 capacity=65 is_open=False hour_summary=Closed until 8:00am
[2026-09-20 00:30:03] Triton Esports Center: 0% (Closed) people=0 capacity=35 is_open=False hour_summary=closed
[2026-09-20 00:30:03] === SCRAPE END OK ===
[2026-09-20 00:45:02] === SCRAPE START ===
[2026-09-20 00:45:02] Fetching https://waitz.io/live/ucsd-rec
[2026-09-20 00:45:03] Saved 4 rows to ucsd_occupancy_history.csv
[2026-09-20 00:45:03] Main Gym Fitness Gym: 1% (Closed) people=1 capacity=72 is_open=False hour_summary=Closed until 8:00am
[2026-09-20 00:45:03] Outback Climbing Center: 10% (Closed) people=3 capacity=30 is_open=False hour_summary=Closed until 2:00pm
[2026-09-20 00:45:03] RIMAC Fitness Gym: 0% (Closed) people=0 capacity=65 is_open=False hour_summary=Closed until 8:00am
[2026-09-20 00:45:03] Triton Esports Center: 0% (Closed) people=0 capacity=35 is_open=False hour_summary=closed
[2026-09-20 00:45:03] === SCRAPE END OK ===
[2026-09-20 01:00:02] === SCRAPE START ===
[2026-09-20 01:00:02] Fetching https://waitz.io/live/ucsd-rec
[2026-09-20 01:00:04] Saved 4 rows to ucsd_occupancy_history.csv
[2026-09-20 01:00:04] Main Gym Fitness Gym: 1% (Closed) people=1 capacity=72 is_open=False hour_summary=Closed until 8:00am
[2026-09-20 01:00:04] Outback Climbing Center: 13% (Closed) people=4 capacity=30 is_open=False hour_summary=Closed until 2:00pm
[2026-09-20 01:00:04] RIMAC Fitness Gym: 0% (Closed) people=0 capacity=65 is_open=False hour_summary=Closed until 8:00am
[2026-09-20 01:00:04] Triton Esports Center: 0% (Closed) people=0 capacity=35 is_open=False hour_summary=closed
[2026-09-20 01:00:04] === SCRAPE END OK ===
[2026-09-20 01:15:02] === SCRAPE START ===
[2026-09-20 01:15:02] Fetching https://waitz.io/live/ucsd-rec
[2026-09-20 01:15:03] Saved 4 rows to ucsd_occupancy_history.csv
[2026-09-20 01:15:03] Main Gym Fitness Gym: 3% (Closed) people=2 capacity=72 is_open=False hour_summary=Closed until 8:00am
[2026-09-20 01:15:03] Outback Climbing Center: 13% (Closed) people=4 capacity=30 is_open=False hour_summary=Closed until 2:00pm
[2026-09-20 01:15:03] RIMAC Fitness Gym: 0% (Closed) people=0 capacity=65 is_open=False hour_summary=Closed until 8:00am
[2026-09-20 01:15:03] Triton Esports Center: 0% (Closed) people=0 capacity=35 is_open=False hour_summary=closed
[2026-09-20 01:15:03] === SCRAPE END OK ===
[2026-09-20 01:30:02] === SCRAPE START ===
[2026-09-20 01:30:02] Fetching https://waitz.io/live/ucsd-rec
[2026-09-20 01:30:03] Saved 4 rows to ucsd_occupancy_history.csv
[2026-09-20 01:30:03] Main Gym Fitness Gym: 0% (Closed) people=0 capacity=72 is_open=False hour_summary=Closed until 8:00am
[2026-09-20 01:30:03] Outback Climbing Center: 13% (Closed) people=4 capacity=30 is_open=False hour_summary=Closed until 2:00pm
[2026-09-20 01:30:03] RIMAC Fitness Gym: 0% (Closed) people=0 capacity=65 is_open=False hour_summary=Closed until 8:00am
[2026-09-20 01:30:03] Triton Esports Center: 0% (Closed) people=0 capacity=35 is_open=False hour_summary=closed
[2026-09-20 01:30:03] === SCRAPE END OK ===
[2026-09-20 01:45:02] === SCRAPE START ===
[2026-09-20 01:45:02] Fetching https://waitz.io/live/ucsd-rec
[2026-09-20 01:45:03] Saved 4 rows to ucsd_occupancy_history.csv
[2026-09-20 01:45:03] Main Gym Fitness Gym: 1% (Closed) people=1 capacity=72 is_open=False hour_summary=Closed until 8:00am
[2026-09-20 01:45:03] Outback Climbing Center: 17% (Closed) people=5 capacity=30 is_open=False hour_summary=Closed until 2:00pm
[2026-09-20 01:45:03] RIMAC Fitness Gym: 0% (Closed) people=0 capacity=65 is_open=False hour_summary=Closed until 8:00am
[2026-09-20 01:45:03] Triton Esports Center: 0% (Closed) people=0 capacity=35 is_open=False hour_summary=closed
[2026-09-20 01:45:03] === SCRAPE END OK ===
[2026-09-20 02:00:02] === SCRAPE START ===
[2026-09-20 02:00:02] Fetching https://waitz.io/live/ucsd-rec
[2026-09-20 02:00:03] Saved 4 rows to ucsd_occupancy_history.csv
[2026-09-20 02:00:03] Main Gym Fitness Gym: 1% (Closed) people=1 capacity=72 is_open=False hour_summary=Closed until 8:00am
[2026-09-20 02:00:03] Outback Climbing Center: 17% (Closed) people=5 capacity=30 is_open=False hour_summary=Closed until 2:00pm
[2026-09-20 02:00:03] RIMAC Fitness Gym: 0% (Closed) people=0 capacity=65 is_open=False hour_summary=Closed until 8:00am
[2026-09-20 02:00:03] Triton Esports Center: 0% (Closed) people=0 capacity=35 is_open=False hour_summary=closed
[2026-09-20 02:00:03] === SCRAPE END OK ===
[2026-09-20 02:15:02] === SCRAPE START ===
[2026-09-20 02:15:02] Fetching https://waitz.io/live/ucsd-rec
[2026-09-20 02:15:03] Saved 4 rows to ucsd_occupancy_history.csv
[2026-09-20 02:15:03] Main Gym Fitness Gym: 1% (Closed) people=1 capacity=72 is_open=False hour_summary=Closed until 8:00am
[2026-09-20 02:15:03] Outback Climbing Center: 13% (Closed) people=4 capacity=30 is_open=False hour_summary=Closed until 2:00pm
[2026-09-20 02:15:03] RIMAC Fitness Gym: 0% (Closed) people=0 capacity=65 is_open=False hour_summary=Closed until 8:00am
[2026-09-20 02:15:03] Triton Esports Center: 0% (Closed) people=0 capacity=35 is_open=False hour_summary=closed
[2026-09-20 02:15:03] === SCRAPE END OK ===
[2026-09-20 02:30:02] === SCRAPE START ===
[2026-09-20 02:30:02] Fetching https://waitz.io/live/ucsd-rec
[2026-09-20 02:30:03] Saved 4 rows to ucsd_occupancy_history.csv
[2026-09-20 02:30:03] Main Gym Fitness Gym: 1% (Closed) people=1 capacity=72 is_open=False hour_summary=Closed until 8:00am
[2026-09-20 02:30:03] Outback Climbing Center: 17% (Closed) people=5 capacity=30 is_open=False hour_summary=Closed until 2:00pm
[2026-09-20 02:30:03] RIMAC Fitness Gym: 0% (Closed) people=0 capacity=65 is_open=False hour_summary=Closed until 8:00am
[2026-09-20 02:30:03] Triton Esports Center: 0% (Closed) people=0 capacity=35 is_open=False hour_summary=closed
[2026-09-20 02:30:03] === SCRAPE END OK ===
[2026-09-20 02:45:02] === SCRAPE START ===
[2026-09-20 02:45:02] Fetching https://waitz.io/live/ucsd-rec
[2026-09-20 02:45:03] Saved 4 rows to ucsd_occupancy_history.csv
[2026-09-20 02:45:03] Main Gym Fitness Gym: 1% (Closed) people=1 capacity=72 is_open=False hour_summary=Closed until 8:00am
[2026-09-20 02:45:03] Outback Climbing Center: 17% (Closed) people=5 capacity=30 is_open=False hour_summary=Closed until 2:00pm
[2026-09-20 02:45:03] RIMAC Fitness Gym: 0% (Closed) people=0 capacity=65 is_open=False hour_summary=Closed until 8:00am
[2026-09-20 02:45:03] Triton Esports Center: 0% (Closed) people=0 capacity=35 is_open=False hour_summary=closed
[2026-09-20 02:45:03] === SCRAPE END OK ===
[2026-09-20 03:00:02] === SCRAPE START ===
[2026-09-20 03:00:02] Fetching https://waitz.io/live/ucsd-rec
[2026-09-20 03:00:03] Saved 4 rows to ucsd_occupancy_history.csv
[2026-09-20 03:00:03] Main Gym Fitness Gym: 1% (Closed) people=1 capacity=72 is_open=False hour_summary=Closed until 8:00am
[2026-09-20 03:00:03] Outback Climbing Center: 17% (Closed) people=5 capacity=30 is_open=False hour_summary=Closed until 2:00pm
[2026-09-20 03:00:03] RIMAC Fitness Gym: 0% (Closed) people=0 capacity=65 is_open=False hour_summary=Closed until 8:00am
[2026-09-20 03:00:03] Triton Esports Center: 0% (Closed) people=0 capacity=35 is_open=False hour_summary=closed
[2026-09-20 03:00:03] === SCRAPE END OK ===
[2026-09-20 03:15:02] === SCRAPE START ===
[2026-09-20 03:15:02] Fetching https://waitz.io/live/ucsd-rec
[2026-09-20 03:15:03] Saved 4 rows to ucsd_occupancy_history.csv
[2026-09-20 03:15:03] Main Gym Fitness Gym: 1% (Closed) people=1 capacity=72 is_open=False hour_summary=Closed until 8:00am
[2026-09-20 03:15:03] Outback Climbing Center: 20% (Closed) people=6 capacity=30 is_open=False hour_summary=Closed until 2:00pm
[2026-09-20 03:15:03] RIMAC Fitness Gym: 0% (Closed) people=0 capacity=65 is_open=False hour_summary=Closed until 8:00am
[2026-09-20 03:15:03] Triton Esports Center: 0% (Closed) people=0 capacity=35 is_open=False hour_summary=closed
[2026-09-20 03:15:03] === SCRAPE END OK ===
[2026-09-20 03:30:02] === SCRAPE START ===
[2026-09-20 03:30:02] Fetching https://waitz.io/live/ucsd-rec
[2026-09-20 03:30:03] Saved 4 rows to ucsd_occupancy_history.csv
[2026-09-20 03:30:03] Main Gym Fitness Gym: 1% (Closed) people=1 capacity=72 is_open=False hour_summary=Closed until 8:00am
[2026-09-20 03:30:03] Outback Climbing Center: 17% (Closed) people=5 capacity=30 is_open=False hour_summary=Closed until 2:00pm
[2026-09-20 03:30:03] RIMAC Fitness Gym: 0% (Closed) people=0 capacity=65 is_open=False hour_summary=Closed until 8:00am
[2026-09-20 03:30:03] Triton Esports Center: 0% (Closed) people=0 capacity=35 is_open=False hour_summary=closed
[2026-09-20 03:30:03] === SCRAPE END OK ===
[2026-09-20 03:45:02] === SCRAPE START ===
[2026-09-20 03:45:02] Fetching https://waitz.io/live/ucsd-rec
[2026-09-20 03:45:03] Saved 4 rows to ucsd_occupancy_history.csv
[2026-09-20 03:45:03] Main Gym Fitness Gym: 1% (Closed) people=1 capacity=72 is_open=False hour_summary=Closed until 8:00am
[2026-09-20 03:45:03] Outback Climbing Center: 20% (Closed) people=6 capacity=30 is_open=False hour_summary=Closed until 2:00pm
[2026-09-20 03:45:03] RIMAC Fitness Gym: 0% (Closed) people=0 capacity=65 is_open=False hour_summary=Closed until 8:00am
[2026-09-20 03:45:03] Triton Esports Center: 0% (Closed) people=0 capacity=35 is_open=False hour_summary=closed
[2026-09-20 03:45:03] === SCRAPE END OK ===
[2026-09-20 04:00:02] === SCRAPE START ===
[2026-09-20 04:00:02] Fetching https://waitz.io/live/ucsd-rec
[2026-09-20 04:00:03] Saved 4 rows to ucsd_occupancy_history.csv
[2026-09-20 04:00:03] Main Gym Fitness Gym: 1% (Closed) people=1 capacity=72 is_open=False hour_summary=Closed until 8:00am
[2026-09-20 04:00:03] Outback Climbing Center: 13% (Closed) people=4 capacity=30 is_open=False hour_summary=Closed until 2:00pm
[2026-09-20 04:00:03] RIMAC Fitness Gym: 0% (Closed) people=0 capacity=65 is_open=False hour_summary=Closed until 8:00am
[2026-09-20 04:00:03] Triton Esports Center: 0% (Closed) people=0 capacity=35 is_open=False hour_summary=closed
[2026-09-20 04:00:03] === SCRAPE END OK ===
[2026-09-20 04:15:02] === SCRAPE START ===
[2026-09-20 04:15:02] Fetching https://waitz.io/live/ucsd-rec
[2026-09-20 04:15:03] Saved 4 rows to ucsd_occupancy_history.csv
[2026-09-20 04:15:03] Main Gym Fitness Gym: 1% (Closed) people=1 capacity=72 is_open=False hour_summary=Closed until 8:00am
[2026-09-20 04:15:03] Outback Climbing Center: 13% (Closed) people=4 capacity=30 is_open=False hour_summary=Closed until 2:00pm
[2026-09-20 04:15:03] RIMAC Fitness Gym: 0% (Closed) people=0 capacity=65 is_open=False hour_summary=Closed until 8:00am
[2026-09-20 04:15:03] Triton Esports Center: 0% (Closed) people=0 capacity=35 is_open=False hour_summary=closed
[2026-09-20 04:15:03] === SCRAPE END OK ===
[2026-09-20 04:30:02] === SCRAPE START ===
[2026-09-20 04:30:02] Fetching https://waitz.io/live/ucsd-rec
[2026-09-20 04:30:03] Saved 4 rows to ucsd_occupancy_history.csv
[2026-09-20 04:30:03] Main Gym Fitness Gym: 1% (Closed) people=1 capacity=72 is_open=False hour_summary=Closed until 8:00am
[2026-09-20 04:30:03] Outback Climbing Center: 10% (Closed) people=3 capacity=30 is_open=False hour_summary=Closed until 2:00pm
[2026-09-20 04:30:03] RIMAC Fitness Gym: 0% (Closed) people=0 capacity=65 is_open=False hour_summary=Closed until 8:00am
[2026-09-20 04:30:03] Triton Esports Center: 0% (Closed) people=0 capacity=35 is_open=False hour_summary=closed
[2026-09-20 04:30:03] === SCRAPE END OK ===
[2026-09-20 04:45:02] === SCRAPE START ===
[2026-09-20 04:45:02] Fetching https://waitz.io/live/ucsd-rec
[2026-09-20 04:45:03] Saved 4 rows to ucsd_occupancy_history.csv
[2026-09-20 04:45:03] Main Gym Fitness Gym: 1% (Closed) people=1 capacity=72 is_open=False hour_summary=Closed until 8:00am
[2026-09-20 04:45:03] Outback Climbing Center: 13% (Closed) people=4 capacity=30 is_open=False hour_summary=Closed until 2:00pm
[2026-09-20 04:45:03] RIMAC Fitness Gym: 0% (Closed) people=0 capacity=65 is_open=False hour_summary=Closed until 8:00am
[2026-09-20 04:45:03] Triton Esports Center: 0% (Closed) people=0 capacity=35 is_open=False hour_summary=closed
[2026-09-20 04:45:03] === SCRAPE END OK ===
[2026-09-20 05:00:02] === SCRAPE START ===
[2026-09-20 05:00:02] Fetching https://waitz.io/live/ucsd-rec
[2026-09-20 05:00:03] Saved 4 rows to ucsd_occupancy_history.csv
[2026-09-20 05:00:03] Main Gym Fitness Gym: 1% (Closed) people=1 capacity=72 is_open=False hour_summary=Closed until 8:00am
[2026-09-20 05:00:03] Outback Climbing Center: 13% (Closed) people=4 capacity=30 is_open=False hour_summary=Closed until 2:00pm
[2026-09-20 05:00:03] RIMAC Fitness Gym: 0% (Closed) people=0 capacity=65 is_open=False hour_summary=Closed until 8:00am
[2026-09-20 05:00:03] Triton Esports Center: 0% (Closed) people=0 capacity=35 is_open=False hour_summary=closed
[2026-09-20 05:00:03] === SCRAPE END OK ===
[2026-09-20 05:15:02] === SCRAPE START ===
[2026-09-20 05:15:02] Fetching https://waitz.io/live/ucsd-rec
[2026-09-20 05:15:03] Saved 4 rows to ucsd_occupancy_history.csv
[2026-09-20 05:15:03] Main Gym Fitness Gym: 1% (Closed) people=1 capacity=72 is_open=False hour_summary=Closed until 8:00am
[2026-09-20 05:15:03] Outback Climbing Center: 13% (Closed) people=4 capacity=30 is_open=False hour_summary=Closed until 2:00pm
[2026-09-20 05:15:03] RIMAC Fitness Gym: 0% (Closed) people=0 capacity=65 is_open=False hour_summary=Closed until 8:00am
[2026-09-20 05:15:03] Triton Esports Center: 0% (Closed) people=0 capacity=35 is_open=False hour_summary=closed
[2026-09-20 05:15:03] === SCRAPE END OK ===
[2026-09-20 05:30:03] === SCRAPE START ===
[2026-09-20 05:30:03] Fetching https://waitz.io/live/ucsd-rec
[2026-09-20 05:30:04] Saved 4 rows to ucsd_occupancy_history.csv
[2026-09-20 05:30:04] Main Gym Fitness Gym: 1% (Closed) people=1 capacity=72 is_open=False hour_summary=Closed until 8:00am
[2026-09-20 05:30:04] Outback Climbing Center: 13% (Closed) people=4 capacity=30 is_open=False hour_summary=Closed until 2:00pm
[2026-09-20 05:30:04] RIMAC Fitness Gym: 0% (Closed) people=0 capacity=65 is_open=False hour_summary=Closed until 8:00am
[2026-09-20 05:30:04] Triton Esports Center: 0% (Closed) people=0 capacity=35 is_open=False hour_summary=closed
[2026-09-20 05:30:04] === SCRAPE END OK ===
[2026-09-20 05:45:02] === SCRAPE START ===
[2026-09-20 05:45:02] Fetching https://waitz.io/live/ucsd-rec
[2026-09-20 05:45:03] Saved 4 rows to ucsd_occupancy_history.csv
[2026-09-20 05:45:03] Main Gym Fitness Gym: 1% (Closed) people=1 capacity=72 is_open=False hour_summary=Closed until 8:00am
[2026-09-20 05:45:03] Outback Climbing Center: 10% (Closed) people=3 capacity=30 is_open=False hour_summary=Closed until 2:00pm
[2026-09-20 05:45:03] RIMAC Fitness Gym: 0% (Closed) people=0 capacity=65 is_open=False hour_summary=Closed until 8:00am
[2026-09-20 05:45:03] Triton Esports Center: 0% (Closed) people=0 capacity=35 is_open=False hour_summary=closed
[2026-09-20 05:45:03] === SCRAPE END OK ===
[2026-09-20 06:00:02] === SCRAPE START ===
[2026-09-20 06:00:02] Fetching https://waitz.io/live/ucsd-rec
[2026-09-20 06:00:04] Saved 4 rows to ucsd_occupancy_history.csv
[2026-09-20 06:00:04] Main Gym Fitness Gym: 1% (Closed) people=1 capacity=72 is_open=False hour_summary=Closed until 8:00am
[2026-09-20 06:00:04] Outback Climbing Center: 13% (Closed) people=4 capacity=30 is_open=False hour_summary=Closed until 2:00pm
[2026-09-20 06:00:04] RIMAC Fitness Gym: 0% (Closed) people=0 capacity=65 is_open=False hour_summary=Closed until 8:00am
[2026-09-20 06:00:04] Triton Esports Center: 0% (Closed) people=0 capacity=35 is_open=False hour_summary=closed
[2026-09-20 06:00:04] === SCRAPE END OK ===
[2026-09-20 06:15:02] === SCRAPE START ===
[2026-09-20 06:15:02] Fetching https://waitz.io/live/ucsd-rec
[2026-09-20 06:15:03] Saved 4 rows to ucsd_occupancy_history.csv
[2026-09-20 06:15:03] Main Gym Fitness Gym: 1% (Closed) people=1 capacity=72 is_open=False hour_summary=Closed until 8:00am
[2026-09-20 06:15:03] Outback Climbing Center: 13% (Closed) people=4 capacity=30 is_open=False hour_summary=Closed until 2:00pm
[2026-09-20 06:15:03] RIMAC Fitness Gym: 0% (Closed) people=0 capacity=65 is_open=False hour_summary=Closed until 8:00am
[2026-09-20 06:15:03] Triton Esports Center: 0% (Closed) people=0 capacity=35 is_open=False hour_summary=closed
[2026-09-20 06:15:03] === SCRAPE END OK ===
[2026-09-20 06:30:02] === SCRAPE START ===
[2026-09-20 06:30:02] Fetching https://waitz.io/live/ucsd-rec
[2026-09-20 06:30:03] Saved 4 rows to ucsd_occupancy_history.csv
[2026-09-20 06:30:03] Main Gym Fitness Gym: 1% (Closed) people=1 capacity=72 is_open=False hour_summary=Closed until 8:00am
[2026-09-20 06:30:03] Outback Climbing Center: 7% (Closed) people=2 capacity=30 is_open=False hour_summary=Closed until 2:00pm
[2026-09-20 06:30:03] RIMAC Fitness Gym: 0% (Closed) people=0 capacity=65 is_open=False hour_summary=Closed until 8:00am
[2026-09-20 06:30:03] Triton Esports Center: 0% (Closed) people=0 capacity=35 is_open=False hour_summary=closed
[2026-09-20 06:30:03] === SCRAPE END OK ===
[2026-09-20 06:45:02] === SCRAPE START ===
[2026-09-20 06:45:02] Fetching https://waitz.io/live/ucsd-rec
[2026-09-20 06:45:03] Saved 4 rows to ucsd_occupancy_history.csv
[2026-09-20 06:45:03] Main Gym Fitness Gym: 1% (Closed) people=1 capacity=72 is_open=False hour_summary=Closed until 8:00am
[2026-09-20 06:45:03] Outback Climbing Center: 13% (Closed) people=4 capacity=30 is_open=False hour_summary=Closed until 2:00pm
[2026-09-20 06:45:03] RIMAC Fitness Gym: 0% (Closed) people=0 capacity=65 is_open=False hour_summary=Closed until 8:00am
[2026-09-20 06:45:03] Triton Esports Center: 0% (Closed) people=0 capacity=35 is_open=False hour_summary=closed
[2026-09-20 06:45:03] === SCRAPE END OK ===
[2026-09-20 07:00:02] === SCRAPE START ===
[2026-09-20 07:00:02] Fetching https://waitz.io/live/ucsd-rec
[2026-09-20 07:00:04] Saved 4 rows to ucsd_occupancy_history.csv
[2026-09-20 07:00:04] Main Gym Fitness Gym: 1% (Closed) people=1 capacity=72 is_open=False hour_summary=Closed until 8:00am
[2026-09-20 07:00:04] Outback Climbing Center: 13% (Closed) people=4 capacity=30 is_open=False hour_summary=Closed until 2:00pm
[2026-09-20 07:00:04] RIMAC Fitness Gym: 0% (Closed) people=0 capacity=65 is_open=False hour_summary=Closed until 8:00am
[2026-09-20 07:00:04] Triton Esports Center: 0% (Closed) people=0 capacity=35 is_open=False hour_summary=closed
[2026-09-20 07:00:04] === SCRAPE END OK ===
[2026-09-20 07:15:02] === SCRAPE START ===
[2026-09-20 07:15:02] Fetching https://waitz.io/live/ucsd-rec
[2026-09-20 07:15:03] Saved 4 rows to ucsd_occupancy_history.csv
[2026-09-20 07:15:03] Main Gym Fitness Gym: 1% (Closed) people=1 capacity=72 is_open=False hour_summary=Closed until 8:00am
[2026-09-20 07:15:03] Outback Climbing Center: 13% (Closed) people=4 capacity=30 is_open=False hour_summary=Closed until 2:00pm
[2026-09-20 07:15:03] RIMAC Fitness Gym: 0% (Closed) people=0 capacity=65 is_open=False hour_summary=Closed until 8:00am
[2026-09-20 07:15:03] Triton Esports Center: 0% (Closed) people=0 capacity=35 is_open=False hour_summary=closed
[2026-09-20 07:15:03] === SCRAPE END OK ===
[2026-09-20 07:30:02] === SCRAPE START ===
[2026-09-20 07:30:02] Fetching https://waitz.io/live/ucsd-rec
[2026-09-20 07:30:03] Saved 4 rows to ucsd_occupancy_history.csv
[2026-09-20 07:30:03] Main Gym Fitness Gym: 3% (Closed) people=2 capacity=72 is_open=False hour_summary=Closed until 8:00am
[2026-09-20 07:30:03] Outback Climbing Center: 17% (Closed) people=5 capacity=30 is_open=False hour_summary=Closed until 2:00pm
[2026-09-20 07:30:03] RIMAC Fitness Gym: 0% (Closed) people=0 capacity=65 is_open=False hour_summary=Closed until 8:00am
[2026-09-20 07:30:03] Triton Esports Center: 0% (Closed) people=0 capacity=35 is_open=False hour_summary=closed
[2026-09-20 07:30:03] === SCRAPE END OK ===
[2026-09-20 07:45:02] === SCRAPE START ===
[2026-09-20 07:45:02] Fetching https://waitz.io/live/ucsd-rec
[2026-09-20 07:45:03] Saved 4 rows to ucsd_occupancy_history.csv
[2026-09-20 07:45:03] Main Gym Fitness Gym: 3% (Closed) people=2 capacity=72 is_open=False hour_summary=Closed until 8:00am
[2026-09-20 07:45:03] Outback Climbing Center: 13% (Closed) people=4 capacity=30 is_open=False hour_summary=Closed until 2:00pm
[2026-09-20 07:45:03] RIMAC Fitness Gym: 0% (Closed) people=0 capacity=65 is_open=False hour_summary=Closed until 8:00am
[2026-09-20 07:45:03] Triton Esports Center: 0% (Closed) people=0 capacity=35 is_open=False hour_summary=closed
[2026-09-20 07:45:03] === SCRAPE END OK ===
[2026-09-20 08:00:02] === SCRAPE START ===
[2026-09-20 08:00:02] Fetching https://waitz.io/live/ucsd-rec
[2026-09-20 08:00:03] Saved 4 rows to ucsd_occupancy_history.csv
[2026-09-20 08:00:03] Main Gym Fitness Gym: 1% (Not Busy) people=1 capacity=72 is_open=True hour_summary=open
[2026-09-20 08:00:03] Outback Climbing Center: 13% (Closed) people=4 capacity=30 is_open=False hour_summary=Closed until 2:00pm
[2026-09-20 08:00:03] RIMAC Fitness Gym: 0% (Not Busy) people=0 capacity=65 is_open=True hour_summary=open
[2026-09-20 08:00:03] Triton Esports Center: 0% (Closed) people=0 capacity=35 is_open=False hour_summary=closed
[2026-09-20 08:00:03] === SCRAPE END OK ===
[2026-09-20 08:15:02] === SCRAPE START ===
[2026-09-20 08:15:02] Fetching https://waitz.io/live/ucsd-rec
[2026-09-20 08:15:03] Saved 4 rows to ucsd_occupancy_history.csv
[2026-09-20 08:15:03] Main Gym Fitness Gym: 24% (Not Busy) people=17 capacity=72 is_open=True hour_summary=open
[2026-09-20 08:15:03] Outback Climbing Center: 13% (Closed) people=4 capacity=30 is_open=False hour_summary=Closed until 2:00pm
[2026-09-20 08:15:03] RIMAC Fitness Gym: 48% (Busy) people=31 capacity=65 is_open=True hour_summary=open
[2026-09-20 08:15:03] Triton Esports Center: 0% (Closed) people=0 capacity=35 is_open=False hour_summary=closed
[2026-09-20 08:15:03] === SCRAPE END OK ===
[2026-09-20 08:30:02] === SCRAPE START ===
[2026-09-20 08:30:02] Fetching https://waitz.io/live/ucsd-rec
[2026-09-20 08:30:03] Saved 4 rows to ucsd_occupancy_history.csv
[2026-09-20 08:30:03] Main Gym Fitness Gym: 24% (Not Busy) people=17 capacity=72 is_open=True hour_summary=open
[2026-09-20 08:30:03] Outback Climbing Center: 13% (Closed) people=4 capacity=30 is_open=False hour_summary=Closed until 2:00pm
[2026-09-20 08:30:03] RIMAC Fitness Gym: 58% (Busy) people=38 capacity=65 is_open=True hour_summary=open
[2026-09-20 08:30:03] Triton Esports Center: 0% (Closed) people=0 capacity=35 is_open=False hour_summary=closed
[2026-09-20 08:30:03] === SCRAPE END OK ===
[2026-09-20 08:45:02] === SCRAPE START ===
[2026-09-20 08:45:02] Fetching https://waitz.io/live/ucsd-rec
[2026-09-20 08:45:03] Saved 4 rows to ucsd_occupancy_history.csv
[2026-09-20 08:45:03] Main Gym Fitness Gym: 13% (Not Busy) people=9 capacity=72 is_open=True hour_summary=open
[2026-09-20 08:45:03] Outback Climbing Center: 20% (Closed) people=6 capacity=30 is_open=False hour_summary=Closed until 2:00pm
[2026-09-20 08:45:03] RIMAC Fitness Gym: 88% (Very Active) people=57 capacity=65 is_open=True hour_summary=open
[2026-09-20 08:45:03] Triton Esports Center: 0% (Closed) people=0 capacity=35 is_open=False hour_summary=closed
[2026-09-20 08:45:03] === SCRAPE END OK ===
[2026-09-20 09:00:02] === SCRAPE START ===
[2026-09-20 09:00:02] Fetching https://waitz.io/live/ucsd-rec
[2026-09-20 09:00:03] Saved 4 rows to ucsd_occupancy_history.csv
[2026-09-20 09:00:03] Main Gym Fitness Gym: 17% (Not Busy) people=12 capacity=72 is_open=True hour_summary=open
[2026-09-20 09:00:03] Outback Climbing Center: 13% (Closed) people=4 capacity=30 is_open=False hour_summary=Closed until 2:00pm
[2026-09-20 09:00:03] RIMAC Fitness Gym: 83% (Very Active) people=54 capacity=65 is_open=True hour_summary=open
[2026-09-20 09:00:03] Triton Esports Center: 0% (Closed) people=0 capacity=35 is_open=False hour_summary=closed
[2026-09-20 09:00:03] === SCRAPE END OK ===
[2026-09-20 09:15:02] === SCRAPE START ===
[2026-09-20 09:15:02] Fetching https://waitz.io/live/ucsd-rec
[2026-09-20 09:15:03] Saved 4 rows to ucsd_occupancy_history.csv
[2026-09-20 09:15:03] Main Gym Fitness Gym: 7% (Not Busy) people=5 capacity=72 is_open=True hour_summary=open
[2026-09-20 09:15:03] Outback Climbing Center: 10% (Closed) people=3 capacity=30 is_open=False hour_summary=Closed until 2:00pm
[2026-09-20 09:15:03] RIMAC Fitness Gym: 99% (Very Active) people=64 capacity=65 is_open=True hour_summary=open
[2026-09-20 09:15:03] Triton Esports Center: 0% (Closed) people=0 capacity=35 is_open=False hour_summary=closed
[2026-09-20 09:15:03] === SCRAPE END OK ===
[2026-09-20 09:30:02] === SCRAPE START ===
[2026-09-20 09:30:02] Fetching https://waitz.io/live/ucsd-rec
[2026-09-20 09:30:04] Saved 4 rows to ucsd_occupancy_history.csv
[2026-09-20 09:30:04] Main Gym Fitness Gym: 13% (Not Busy) people=9 capacity=72 is_open=True hour_summary=open
[2026-09-20 09:30:04] Outback Climbing Center: 13% (Closed) people=4 capacity=30 is_open=False hour_summary=Closed until 2:00pm
[2026-09-20 09:30:04] RIMAC Fitness Gym: 99% (Very Active) people=64 capacity=65 is_open=True hour_summary=open
[2026-09-20 09:30:04] Triton Esports Center: 0% (Closed) people=0 capacity=35 is_open=False hour_summary=closed
[2026-09-20 09:30:04] === SCRAPE END OK ===
[2026-09-20 09:45:03] === SCRAPE START ===
[2026-09-20 09:45:03] Fetching https://waitz.io/live/ucsd-rec
[2026-09-20 09:45:04] Saved 4 rows to ucsd_occupancy_history.csv
[2026-09-20 09:45:04] Main Gym Fitness Gym: 18% (Not Busy) people=13 capacity=72 is_open=True hour_summary=open
[2026-09-20 09:45:04] Outback Climbing Center: 13% (Closed) people=4 capacity=30 is_open=False hour_summary=Closed until 2:00pm
[2026-09-20 09:45:04] RIMAC Fitness Gym: 89% (Very Active) people=58 capacity=65 is_open=True hour_summary=open
[2026-09-20 09:45:04] Triton Esports Center: 0% (Closed) people=0 capacity=35 is_open=False hour_summary=closed
[2026-09-20 09:45:04] === SCRAPE END OK ===
[2026-09-20 10:00:02] === SCRAPE START ===
[2026-09-20 10:00:02] Fetching https://waitz.io/live/ucsd-rec
[2026-09-20 10:00:04] Saved 4 rows to ucsd_occupancy_history.csv
[2026-09-20 10:00:04] Main Gym Fitness Gym: 15% (Not Busy) people=11 capacity=72 is_open=True hour_summary=open
[2026-09-20 10:00:04] Outback Climbing Center: 13% (Closed) people=4 capacity=30 is_open=False hour_summary=Closed until 2:00pm
[2026-09-20 10:00:04] RIMAC Fitness Gym: 80% (Busy) people=52 capacity=65 is_open=True hour_summary=open
[2026-09-20 10:00:04] Triton Esports Center: 0% (Closed) people=0 capacity=35 is_open=False hour_summary=closed
[2026-09-20 10:00:04] === SCRAPE END OK ===
[2026-09-20 10:15:02] === SCRAPE START ===
[2026-09-20 10:15:02] Fetching https://waitz.io/live/ucsd-rec
[2026-09-20 10:15:03] Saved 4 rows to ucsd_occupancy_history.csv
[2026-09-20 10:15:03] Main Gym Fitness Gym: 7% (Not Busy) people=5 capacity=72 is_open=True hour_summary=open
[2026-09-20 10:15:03] Outback Climbing Center: 17% (Closed) people=5 capacity=30 is_open=False hour_summary=Closed until 2:00pm
[2026-09-20 10:15:03] RIMAC Fitness Gym: 99% (Very Active) people=64 capacity=65 is_open=True hour_summary=open
[2026-09-20 10:15:03] Triton Esports Center: 0% (Closed) people=0 capacity=35 is_open=False hour_summary=closed
[2026-09-20 10:15:03] === SCRAPE END OK ===
[2026-09-20 10:30:02] === SCRAPE START ===
[2026-09-20 10:30:02] Fetching https://waitz.io/live/ucsd-rec
[2026-09-20 10:30:04] Saved 4 rows to ucsd_occupancy_history.csv
[2026-09-20 10:30:04] Main Gym Fitness Gym: 14% (Not Busy) people=10 capacity=72 is_open=True hour_summary=open
[2026-09-20 10:30:04] Outback Climbing Center: 17% (Closed) people=5 capacity=30 is_open=False hour_summary=Closed until 2:00pm
[2026-09-20 10:30:04] RIMAC Fitness Gym: 83% (Very Active) people=54 capacity=65 is_open=True hour_summary=open
[2026-09-20 10:30:04] Triton Esports Center: 0% (Closed) people=0 capacity=35 is_open=False hour_summary=closed
[2026-09-20 10:30:04] === SCRAPE END OK ===
[2026-09-20 10:45:02] === SCRAPE START ===
[2026-09-20 10:45:02] Fetching https://waitz.io/live/ucsd-rec
[2026-09-20 10:45:03] Saved 4 rows to ucsd_occupancy_history.csv
[2026-09-20 10:45:03] Main Gym Fitness Gym: 7% (Not Busy) people=5 capacity=72 is_open=True hour_summary=open
[2026-09-20 10:45:03] Outback Climbing Center: 13% (Closed) people=4 capacity=30 is_open=False hour_summary=Closed until 2:00pm
[2026-09-20 10:45:03] RIMAC Fitness Gym: 99% (Very Active) people=64 capacity=65 is_open=True hour_summary=open
[2026-09-20 10:45:03] Triton Esports Center: 0% (Closed) people=0 capacity=35 is_open=False hour_summary=closed
[2026-09-20 10:45:03] === SCRAPE END OK ===
[2026-09-20 11:00:02] === SCRAPE START ===
[2026-09-20 11:00:02] Fetching https://waitz.io/live/ucsd-rec
[2026-09-20 11:00:04] Saved 4 rows to ucsd_occupancy_history.csv
[2026-09-20 11:00:04] Main Gym Fitness Gym: 11% (Not Busy) people=8 capacity=72 is_open=True hour_summary=open
[2026-09-20 11:00:04] Outback Climbing Center: 3% (Closed) people=1 capacity=30 is_open=False hour_summary=Closed until 2:00pm
[2026-09-20 11:00:04] RIMAC Fitness Gym: 99% (Very Active) people=64 capacity=65 is_open=True hour_summary=open
[2026-09-20 11:00:04] Triton Esports Center: 0% (Closed) people=0 capacity=35 is_open=False hour_summary=closed
[2026-09-20 11:00:04] === SCRAPE END OK ===
[2026-09-20 11:15:02] === SCRAPE START ===
[2026-09-20 11:15:02] Fetching https://waitz.io/live/ucsd-rec
[2026-09-20 11:15:03] Saved 4 rows to ucsd_occupancy_history.csv
[2026-09-20 11:15:03] Main Gym Fitness Gym: 7% (Not Busy) people=5 capacity=72 is_open=True hour_summary=open
[2026-09-20 11:15:03] Outback Climbing Center: 17% (Closed) people=5 capacity=30 is_open=False hour_summary=Closed until 2:00pm
[2026-09-20 11:15:03] RIMAC Fitness Gym: 99% (Very Active) people=64 capacity=65 is_open=True hour_summary=open
[2026-09-20 11:15:03] Triton Esports Center: 0% (Closed) people=0 capacity=35 is_open=False hour_summary=closed
[2026-09-20 11:15:03] === SCRAPE END OK ===
[2026-09-20 11:30:02] === SCRAPE START ===
[2026-09-20 11:30:02] Fetching https://waitz.io/live/ucsd-rec
[2026-09-20 11:30:04] Saved 4 rows to ucsd_occupancy_history.csv
[2026-09-20 11:30:04] Main Gym Fitness Gym: 18% (Not Busy) people=13 capacity=72 is_open=True hour_summary=open
[2026-09-20 11:30:04] Outback Climbing Center: 13% (Closed) people=4 capacity=30 is_open=False hour_summary=Closed until 2:00pm
[2026-09-20 11:30:04] RIMAC Fitness Gym: 99% (Very Active) people=64 capacity=65 is_open=True hour_summary=open
[2026-09-20 11:30:04] Triton Esports Center: 0% (Closed) people=0 capacity=35 is_open=False hour_summary=closed
[2026-09-20 11:30:04] === SCRAPE END OK ===
[2026-09-20 11:45:02] === SCRAPE START ===
[2026-09-20 11:45:02] Fetching https://waitz.io/live/ucsd-rec
[2026-09-20 11:45:03] Saved 4 rows to ucsd_occupancy_history.csv
[2026-09-20 11:45:03] Main Gym Fitness Gym: 31% (Not Busy) people=22 capacity=72 is_open=True hour_summary=open
[2026-09-20 11:45:03] Outback Climbing Center: 0% (Closed) people=0 capacity=30 is_open=False hour_summary=Closed until 2:00pm
[2026-09-20 11:45:03] RIMAC Fitness Gym: 83% (Very Active) people=54 capacity=65 is_open=True hour_summary=open
[2026-09-20 11:45:03] Triton Esports Center: 0% (Closed) people=0 capacity=35 is_open=False hour_summary=closed
[2026-09-20 11:45:03] === SCRAPE END OK ===
[2026-09-20 12:00:02] === SCRAPE START ===
[2026-09-20 12:00:02] Fetching https://waitz.io/live/ucsd-rec
[2026-09-20 12:00:04] Saved 4 rows to ucsd_occupancy_history.csv
[2026-09-20 12:00:04] Main Gym Fitness Gym: 19% (Not Busy) people=14 capacity=72 is_open=True hour_summary=open
[2026-09-20 12:00:04] Outback Climbing Center: 0% (Closed) people=0 capacity=30 is_open=False hour_summary=Closed until 2:00pm
[2026-09-20 12:00:04] RIMAC Fitness Gym: 78% (Busy) people=51 capacity=65 is_open=True hour_summary=open
[2026-09-20 12:00:04] Triton Esports Center: 0% (Closed) people=0 capacity=35 is_open=False hour_summary=closed
[2026-09-20 12:00:04] === SCRAPE END OK ===
[2026-09-20 12:15:02] === SCRAPE START ===
[2026-09-20 12:15:02] Fetching https://waitz.io/live/ucsd-rec
[2026-09-20 12:15:03] Saved 4 rows to ucsd_occupancy_history.csv
[2026-09-20 12:15:03] Main Gym Fitness Gym: 18% (Not Busy) people=13 capacity=72 is_open=True hour_summary=open
[2026-09-20 12:15:03] Outback Climbing Center: 0% (Closed) people=0 capacity=30 is_open=False hour_summary=Closed until 2:00pm
[2026-09-20 12:15:03] RIMAC Fitness Gym: 66% (Busy) people=43 capacity=65 is_open=True hour_summary=open
[2026-09-20 12:15:03] Triton Esports Center: 0% (Closed) people=0 capacity=35 is_open=False hour_summary=closed
[2026-09-20 12:15:03] === SCRAPE END OK ===
[2026-09-20 12:30:02] === SCRAPE START ===
[2026-09-20 12:30:02] Fetching https://waitz.io/live/ucsd-rec
[2026-09-20 12:30:04] Saved 4 rows to ucsd_occupancy_history.csv
[2026-09-20 12:30:04] Main Gym Fitness Gym: 17% (Not Busy) people=12 capacity=72 is_open=True hour_summary=open
[2026-09-20 12:30:04] Outback Climbing Center: 0% (Closed) people=0 capacity=30 is_open=False hour_summary=Closed until 2:00pm
[2026-09-20 12:30:04] RIMAC Fitness Gym: 80% (Busy) people=52 capacity=65 is_open=True hour_summary=open
[2026-09-20 12:30:04] Triton Esports Center: 0% (Closed) people=0 capacity=35 is_open=False hour_summary=closed
[2026-09-20 12:30:04] === SCRAPE END OK ===
[2026-09-20 12:45:02] === SCRAPE START ===
[2026-09-20 12:45:02] Fetching https://waitz.io/live/ucsd-rec
[2026-09-20 12:45:03] Saved 4 rows to ucsd_occupancy_history.csv
[2026-09-20 12:45:03] Main Gym Fitness Gym: 13% (Not Busy) people=9 capacity=72 is_open=True hour_summary=open
[2026-09-20 12:45:03] Outback Climbing Center: 7% (Closed) people=2 capacity=30 is_open=False hour_summary=Closed until 2:00pm
[2026-09-20 12:45:03] RIMAC Fitness Gym: 80% (Busy) people=52 capacity=65 is_open=True hour_summary=open
[2026-09-20 12:45:03] Triton Esports Center: 0% (Closed) people=0 capacity=35 is_open=False hour_summary=closed
[2026-09-20 12:45:03] === SCRAPE END OK ===
[2026-09-20 13:00:02] === SCRAPE START ===
[2026-09-20 13:00:02] Fetching https://waitz.io/live/ucsd-rec
[2026-09-20 13:00:03] Saved 4 rows to ucsd_occupancy_history.csv
[2026-09-20 13:00:03] Main Gym Fitness Gym: 15% (Not Busy) people=11 capacity=72 is_open=True hour_summary=open
[2026-09-20 13:00:03] Outback Climbing Center: 0% (Closed) people=0 capacity=30 is_open=False hour_summary=Closed until 2:00pm
[2026-09-20 13:00:03] RIMAC Fitness Gym: 80% (Busy) people=52 capacity=65 is_open=True hour_summary=open
[2026-09-20 13:00:03] Triton Esports Center: 0% (Closed) people=0 capacity=35 is_open=False hour_summary=closed
[2026-09-20 13:00:03] === SCRAPE END OK ===
[2026-09-20 13:15:02] === SCRAPE START ===
[2026-09-20 13:15:02] Fetching https://waitz.io/live/ucsd-rec
[2026-09-20 13:15:03] Saved 4 rows to ucsd_occupancy_history.csv
[2026-09-20 13:15:03] Main Gym Fitness Gym: 15% (Not Busy) people=11 capacity=72 is_open=True hour_summary=open
[2026-09-20 13:15:03] Outback Climbing Center: 0% (Closed) people=0 capacity=30 is_open=False hour_summary=Closed until 2:00pm
[2026-09-20 13:15:03] RIMAC Fitness Gym: 91% (Very Active) people=59 capacity=65 is_open=True hour_summary=open
[2026-09-20 13:15:03] Triton Esports Center: 0% (Closed) people=0 capacity=35 is_open=False hour_summary=closed
[2026-09-20 13:15:03] === SCRAPE END OK ===
[2026-09-20 13:30:02] === SCRAPE START ===
[2026-09-20 13:30:02] Fetching https://waitz.io/live/ucsd-rec
[2026-09-20 13:30:03] Saved 4 rows to ucsd_occupancy_history.csv
[2026-09-20 13:30:03] Main Gym Fitness Gym: 13% (Not Busy) people=9 capacity=72 is_open=True hour_summary=open
[2026-09-20 13:30:03] Outback Climbing Center: 7% (Closed) people=2 capacity=30 is_open=False hour_summary=Closed until 2:00pm
[2026-09-20 13:30:03] RIMAC Fitness Gym: 97% (Very Active) people=63 capacity=65 is_open=True hour_summary=open
[2026-09-20 13:30:03] Triton Esports Center: 0% (Closed) people=0 capacity=35 is_open=False hour_summary=closed
[2026-09-20 13:30:03] === SCRAPE END OK ===
[2026-09-20 13:45:02] === SCRAPE START ===
[2026-09-20 13:45:02] Fetching https://waitz.io/live/ucsd-rec
[2026-09-20 13:45:03] Saved 4 rows to ucsd_occupancy_history.csv
[2026-09-20 13:45:03] Main Gym Fitness Gym: 15% (Not Busy) people=11 capacity=72 is_open=True hour_summary=open
[2026-09-20 13:45:03] Outback Climbing Center: 0% (Closed) people=0 capacity=30 is_open=False hour_summary=Closed until 2:00pm
[2026-09-20 13:45:03] RIMAC Fitness Gym: 99% (Very Active) people=64 capacity=65 is_open=True hour_summary=open
[2026-09-20 13:45:03] Triton Esports Center: 0% (Closed) people=0 capacity=35 is_open=False hour_summary=closed
[2026-09-20 13:45:03] === SCRAPE END OK ===
[2026-09-20 14:00:02] === SCRAPE START ===
[2026-09-20 14:00:02] Fetching https://waitz.io/live/ucsd-rec
[2026-09-20 14:00:04] Saved 4 rows to ucsd_occupancy_history.csv
[2026-09-20 14:00:04] Main Gym Fitness Gym: 14% (Not Busy) people=10 capacity=72 is_open=True hour_summary=open
[2026-09-20 14:00:04] Outback Climbing Center: 7% (Closed) people=2 capacity=30 is_open=False hour_summary=Closed until 2:00pm
[2026-09-20 14:00:04] RIMAC Fitness Gym: 99% (Very Active) people=64 capacity=65 is_open=True hour_summary=open
[2026-09-20 14:00:04] Triton Esports Center: 0% (Closed) people=0 capacity=35 is_open=False hour_summary=closed
[2026-09-20 14:00:04] === SCRAPE END OK ===
[2026-09-20 14:15:02] === SCRAPE START ===
[2026-09-20 14:15:02] Fetching https://waitz.io/live/ucsd-rec
[2026-09-20 14:15:03] Saved 4 rows to ucsd_occupancy_history.csv
[2026-09-20 14:15:03] Main Gym Fitness Gym: 22% (Not Busy) people=16 capacity=72 is_open=True hour_summary=open
[2026-09-20 14:15:03] Outback Climbing Center: 0% (Closed) people=0 capacity=30 is_open=False hour_summary=Closed until 2:00pm
[2026-09-20 14:15:03] RIMAC Fitness Gym: 71% (Busy) people=46 capacity=65 is_open=True hour_summary=open
[2026-09-20 14:15:03] Triton Esports Center: 0% (Closed) people=0 capacity=35 is_open=False hour_summary=closed
[2026-09-20 14:15:03] === SCRAPE END OK ===
[2026-09-20 14:30:03] === SCRAPE START ===
[2026-09-20 14:30:03] Fetching https://waitz.io/live/ucsd-rec
[2026-09-20 14:30:04] Saved 4 rows to ucsd_occupancy_history.csv
[2026-09-20 14:30:04] Main Gym Fitness Gym: 14% (Not Busy) people=10 capacity=72 is_open=True hour_summary=open
[2026-09-20 14:30:04] Outback Climbing Center: 10% (Closed) people=3 capacity=30 is_open=False hour_summary=Closed until 2:00pm
[2026-09-20 14:30:04] RIMAC Fitness Gym: 75% (Busy) people=49 capacity=65 is_open=True hour_summary=open
[2026-09-20 14:30:04] Triton Esports Center: 0% (Closed) people=0 capacity=35 is_open=False hour_summary=closed
[2026-09-20 14:30:04] === SCRAPE END OK ===
[2026-09-20 14:45:02] === SCRAPE START ===
[2026-09-20 14:45:02] Fetching https://waitz.io/live/ucsd-rec
[2026-09-20 14:45:03] Saved 4 rows to ucsd_occupancy_history.csv
[2026-09-20 14:45:03] Main Gym Fitness Gym: 17% (Not Busy) people=12 capacity=72 is_open=True hour_summary=open
[2026-09-20 14:45:03] Outback Climbing Center: 0% (Closed) people=0 capacity=30 is_open=False hour_summary=Closed until 2:00pm
[2026-09-20 14:45:03] RIMAC Fitness Gym: 68% (Busy) people=44 capacity=65 is_open=True hour_summary=open
[2026-09-20 14:45:03] Triton Esports Center: 0% (Closed) people=0 capacity=35 is_open=False hour_summary=closed
[2026-09-20 14:45:03] === SCRAPE END OK ===
[2026-09-20 15:00:02] === SCRAPE START ===
[2026-09-20 15:00:02] Fetching https://waitz.io/live/ucsd-rec
[2026-09-20 15:00:03] Saved 4 rows to ucsd_occupancy_history.csv
[2026-09-20 15:00:03] Main Gym Fitness Gym: 15% (Not Busy) people=11 capacity=72 is_open=True hour_summary=open
[2026-09-20 15:00:03] Outback Climbing Center: 7% (Closed) people=2 capacity=30 is_open=False hour_summary=Closed until 2:00pm
[2026-09-20 15:00:03] RIMAC Fitness Gym: 62% (Busy) people=40 capacity=65 is_open=True hour_summary=open
[2026-09-20 15:00:03] Triton Esports Center: 0% (Closed) people=0 capacity=35 is_open=False hour_summary=closed
[2026-09-20 15:00:03] === SCRAPE END OK ===
[2026-09-20 15:15:02] === SCRAPE START ===
[2026-09-20 15:15:02] Fetching https://waitz.io/live/ucsd-rec
[2026-09-20 15:15:03] Saved 4 rows to ucsd_occupancy_history.csv
[2026-09-20 15:15:03] Main Gym Fitness Gym: 99% (Very Active) people=71 capacity=72 is_open=True hour_summary=open
[2026-09-20 15:15:03] Outback Climbing Center: 27% (Closed) people=8 capacity=30 is_open=False hour_summary=Closed until 2:00pm
[2026-09-20 15:15:03] RIMAC Fitness Gym: 65% (Busy) people=42 capacity=65 is_open=True hour_summary=open
[2026-09-20 15:15:03] Triton Esports Center: 0% (Closed) people=0 capacity=35 is_open=False hour_summary=closed
[2026-09-20 15:15:03] === SCRAPE END OK ===
[2026-09-20 15:30:02] === SCRAPE START ===
[2026-09-20 15:30:02] Fetching https://waitz.io/live/ucsd-rec
[2026-09-20 15:30:03] Saved 4 rows to ucsd_occupancy_history.csv
[2026-09-20 15:30:03] Main Gym Fitness Gym: 18% (Not Busy) people=13 capacity=72 is_open=True hour_summary=open
[2026-09-20 15:30:03] Outback Climbing Center: 3% (Closed) people=1 capacity=30 is_open=False hour_summary=Closed until 2:00pm
[2026-09-20 15:30:03] RIMAC Fitness Gym: 97% (Very Active) people=63 capacity=65 is_open=True hour_summary=open
[2026-09-20 15:30:03] Triton Esports Center: 0% (Closed) people=0 capacity=35 is_open=False hour_summary=closed
[2026-09-20 15:30:03] === SCRAPE END OK ===
[2026-09-20 15:45:02] === SCRAPE START ===
[2026-09-20 15:45:02] Fetching https://waitz.io/live/ucsd-rec
[2026-09-20 15:45:03] Saved 4 rows to ucsd_occupancy_history.csv
[2026-09-20 15:45:03] Main Gym Fitness Gym: 19% (Not Busy) people=14 capacity=72 is_open=True hour_summary=open
[2026-09-20 15:45:03] Outback Climbing Center: 23% (Closed) people=7 capacity=30 is_open=False hour_summary=Closed until 2:00pm
[2026-09-20 15:45:03] RIMAC Fitness Gym: 99% (Very Active) people=64 capacity=65 is_open=True hour_summary=open
[2026-09-20 15:45:03] Triton Esports Center: 0% (Closed) people=0 capacity=35 is_open=False hour_summary=closed
[2026-09-20 15:45:03] === SCRAPE END OK ===
[2026-09-20 16:00:02] === SCRAPE START ===
[2026-09-20 16:00:02] Fetching https://waitz.io/live/ucsd-rec
[2026-09-20 16:00:03] Saved 4 rows to ucsd_occupancy_history.csv
[2026-09-20 16:00:03] Main Gym Fitness Gym: 21% (Not Busy) people=15 capacity=72 is_open=True hour_summary=open
[2026-09-20 16:00:03] Outback Climbing Center: 23% (Closed) people=7 capacity=30 is_open=False hour_summary=Closed until 2:00pm
[2026-09-20 16:00:03] RIMAC Fitness Gym: 92% (Very Active) people=60 capacity=65 is_open=True hour_summary=open
[2026-09-20 16:00:03] Triton Esports Center: 0% (Closed) people=0 capacity=35 is_open=False hour_summary=closed
[2026-09-20 16:00:03] === SCRAPE END OK ===
[2026-09-20 16:15:02] === SCRAPE START ===
[2026-09-20 16:15:02] Fetching https://waitz.io/live/ucsd-rec
[2026-09-20 16:15:03] Saved 4 rows to ucsd_occupancy_history.csv
[2026-09-20 16:15:03] Main Gym Fitness Gym: 19% (Not Busy) people=14 capacity=72 is_open=True hour_summary=open
[2026-09-20 16:15:03] Outback Climbing Center: 0% (Closed) people=0 capacity=30 is_open=False hour_summary=Closed until 2:00pm
[2026-09-20 16:15:03] RIMAC Fitness Gym: 99% (Very Active) people=64 capacity=65 is_open=True hour_summary=open
[2026-09-20 16:15:03] Triton Esports Center: 0% (Closed) people=0 capacity=35 is_open=False hour_summary=closed
[2026-09-20 16:15:03] === SCRAPE END OK ===
[2026-09-20 16:30:02] === SCRAPE START ===
[2026-09-20 16:30:02] Fetching https://waitz.io/live/ucsd-rec
[2026-09-20 16:30:03] Saved 4 rows to ucsd_occupancy_history.csv
[2026-09-20 16:30:03] Main Gym Fitness Gym: 17% (Not Busy) people=12 capacity=72 is_open=True hour_summary=open
[2026-09-20 16:30:03] Outback Climbing Center: 7% (Closed) people=2 capacity=30 is_open=False hour_summary=Closed until 2:00pm
[2026-09-20 16:30:03] RIMAC Fitness Gym: 97% (Very Active) people=63 capacity=65 is_open=True hour_summary=open
[2026-09-20 16:30:03] Triton Esports Center: 0% (Closed) people=0 capacity=35 is_open=False hour_summary=closed
[2026-09-20 16:30:03] === SCRAPE END OK ===
[2026-09-20 16:45:02] === SCRAPE START ===
[2026-09-20 16:45:02] Fetching https://waitz.io/live/ucsd-rec
[2026-09-20 16:45:03] Saved 4 rows to ucsd_occupancy_history.csv
[2026-09-20 16:45:03] Main Gym Fitness Gym: 24% (Not Busy) people=17 capacity=72 is_open=True hour_summary=open
[2026-09-20 16:45:03] Outback Climbing Center: 3% (Closed) people=1 capacity=30 is_open=False hour_summary=Closed until 2:00pm
[2026-09-20 16:45:03] RIMAC Fitness Gym: 99% (Very Active) people=64 capacity=65 is_open=True hour_summary=open
[2026-09-20 16:45:03] Triton Esports Center: 0% (Closed) people=0 capacity=35 is_open=False hour_summary=closed
[2026-09-20 16:45:03] === SCRAPE END OK ===
[2026-09-20 17:00:02] === SCRAPE START ===
[2026-09-20 17:00:02] Fetching https://waitz.io/live/ucsd-rec
[2026-09-20 17:00:04] Saved 4 rows to ucsd_occupancy_history.csv
[2026-09-20 17:00:04] Main Gym Fitness Gym: 26% (Not Busy) people=19 capacity=72 is_open=True hour_summary=open
[2026-09-20 17:00:04] Outback Climbing Center: 3% (Closed) people=1 capacity=30 is_open=False hour_summary=Closed until 2:00pm
[2026-09-20 17:00:04] RIMAC Fitness Gym: 91% (Very Active) people=59 capacity=65 is_open=True hour_summary=open
[2026-09-20 17:00:04] Triton Esports Center: 0% (Closed) people=0 capacity=35 is_open=False hour_summary=closed
[2026-09-20 17:00:04] === SCRAPE END OK ===
[2026-09-20 17:15:02] === SCRAPE START ===
[2026-09-20 17:15:02] Fetching https://waitz.io/live/ucsd-rec
[2026-09-20 17:15:03] Saved 4 rows to ucsd_occupancy_history.csv
[2026-09-20 17:15:03] Main Gym Fitness Gym: 24% (Not Busy) people=17 capacity=72 is_open=True hour_summary=open
[2026-09-20 17:15:03] Outback Climbing Center: 10% (Closed) people=3 capacity=30 is_open=False hour_summary=Closed until 2:00pm
[2026-09-20 17:15:03] RIMAC Fitness Gym: 98% (Very Active) people=64 capacity=65 is_open=True hour_summary=open
[2026-09-20 17:15:03] Triton Esports Center: 0% (Closed) people=0 capacity=35 is_open=False hour_summary=closed
[2026-09-20 17:15:03] === SCRAPE END OK ===
