[2026-09-25 00:00:01] === SCRAPE START ===
[2026-09-25 00:00:01] Fetching https://waitz.io/live/ucsd-rec
[2026-09-25 00:00:03] Saved 4 rows to ucsd_occupancy_history.csv
[2026-09-25 00:00:03] Main Gym Fitness Gym: 3% (Closed) people=2 capacity=72 is_open=False hour_summary=Closed until 6:00am
[2026-09-25 00:00:03] Outback Climbing Center: 13% (Closed) people=4 capacity=30 is_open=False hour_summary=Closed until 2:00pm
[2026-09-25 00:00:03] RIMAC Fitness Gym: 0% (Closed) people=0 capacity=65 is_open=False hour_summary=Closed until 6:00am
[2026-09-25 00:00:03] Triton Esports Center: 0% (Closed) people=0 capacity=35 is_open=False hour_summary=closed
[2026-09-25 00:00:03] === SCRAPE END OK ===
[2026-09-25 00:15:01] === SCRAPE START ===
[2026-09-25 00:15:01] Fetching https://waitz.io/live/ucsd-rec
[2026-09-25 00:15:02] Saved 4 rows to ucsd_occupancy_history.csv
[2026-09-25 00:15:02] Main Gym Fitness Gym: 3% (Closed) people=2 capacity=72 is_open=False hour_summary=Closed until 6:00am
[2026-09-25 00:15:02] Outback Climbing Center: 13% (Closed) people=4 capacity=30 is_open=False hour_summary=Closed until 2:00pm
[2026-09-25 00:15:02] RIMAC Fitness Gym: 2% (Closed) people=1 capacity=65 is_open=False hour_summary=Closed until 6:00am
[2026-09-25 00:15:02] Triton Esports Center: 0% (Closed) people=0 capacity=35 is_open=False hour_summary=closed
[2026-09-25 00:15:02] === SCRAPE END OK ===
[2026-09-25 00:30:01] === SCRAPE START ===
[2026-09-25 00:30:01] Fetching https://waitz.io/live/ucsd-rec
[2026-09-25 00:30:03] Saved 4 rows to ucsd_occupancy_history.csv
[2026-09-25 00:30:03] Main Gym Fitness Gym: 3% (Closed) people=2 capacity=72 is_open=False hour_summary=Closed until 6:00am
[2026-09-25 00:30:03] Outback Climbing Center: 13% (Closed) people=4 capacity=30 is_open=False hour_summary=Closed until 2:00pm
[2026-09-25 00:30:03] RIMAC Fitness Gym: 0% (Closed) people=0 capacity=65 is_open=False hour_summary=Closed until 6:00am
[2026-09-25 00:30:03] Triton Esports Center: 0% (Closed) people=0 capacity=35 is_open=False hour_summary=closed
[2026-09-25 00:30:03] === SCRAPE END OK ===
[2026-09-25 00:45:01] === SCRAPE START ===
[2026-09-25 00:45:01] Fetching https://waitz.io/live/ucsd-rec
[2026-09-25 00:45:02] Saved 4 rows to ucsd_occupancy_history.csv
[2026-09-25 00:45:02] Main Gym Fitness Gym: 3% (Closed) people=2 capacity=72 is_open=False hour_summary=Closed until 6:00am
[2026-09-25 00:45:02] Outback Climbing Center: 13% (Closed) people=4 capacity=30 is_open=False hour_summary=Closed until 2:00pm
[2026-09-25 00:45:02] RIMAC Fitness Gym: 0% (Closed) people=0 capacity=65 is_open=False hour_summary=Closed until 6:00am
[2026-09-25 00:45:02] Triton Esports Center: 0% (Closed) people=0 capacity=35 is_open=False hour_summary=closed
[2026-09-25 00:45:02] === SCRAPE END OK ===
[2026-09-25 01:00:01] === SCRAPE START ===
[2026-09-25 01:00:01] Fetching https://waitz.io/live/ucsd-rec
[2026-09-25 01:00:02] Saved 4 rows to ucsd_occupancy_history.csv
[2026-09-25 01:00:02] Main Gym Fitness Gym: 1% (Closed) people=1 capacity=72 is_open=False hour_summary=Closed until 6:00am
[2026-09-25 01:00:02] Outback Climbing Center: 13% (Closed) people=4 capacity=30 is_open=False hour_summary=Closed until 2:00pm
[2026-09-25 01:00:02] RIMAC Fitness Gym: 0% (Closed) people=0 capacity=65 is_open=False hour_summary=Closed until 6:00am
[2026-09-25 01:00:02] Triton Esports Center: 0% (Closed) people=0 capacity=35 is_open=False hour_summary=closed
[2026-09-25 01:00:02] === SCRAPE END OK ===
[2026-09-25 01:15:01] === SCRAPE START ===
[2026-09-25 01:15:01] Fetching https://waitz.io/live/ucsd-rec
[2026-09-25 01:15:03] Saved 4 rows to ucsd_occupancy_history.csv
[2026-09-25 01:15:03] Main Gym Fitness Gym: 1% (Closed) people=1 capacity=72 is_open=False hour_summary=Closed until 6:00am
[2026-09-25 01:15:03] Outback Climbing Center: 13% (Closed) people=4 capacity=30 is_open=False hour_summary=Closed until 2:00pm
[2026-09-25 01:15:03] RIMAC Fitness Gym: 2% (Closed) people=1 capacity=65 is_open=False hour_summary=Closed until 6:00am
[2026-09-25 01:15:03] Triton Esports Center: 0% (Closed) people=0 capacity=35 is_open=False hour_summary=closed
[2026-09-25 01:15:03] === SCRAPE END OK ===
[2026-09-25 01:30:01] === SCRAPE START ===
[2026-09-25 01:30:01] Fetching https://waitz.io/live/ucsd-rec
[2026-09-25 01:30:03] Saved 4 rows to ucsd_occupancy_history.csv
[2026-09-25 01:30:03] Main Gym Fitness Gym: 1% (Closed) people=1 capacity=72 is_open=False hour_summary=Closed until 6:00am
[2026-09-25 01:30:03] Outback Climbing Center: 13% (Closed) people=4 capacity=30 is_open=False hour_summary=Closed until 2:00pm
[2026-09-25 01:30:03] RIMAC Fitness Gym: 0% (Closed) people=0 capacity=65 is_open=False hour_summary=Closed until 6:00am
[2026-09-25 01:30:03] Triton Esports Center: 0% (Closed) people=0 capacity=35 is_open=False hour_summary=closed
[2026-09-25 01:30:03] === SCRAPE END OK ===
[2026-09-25 01:45:01] === SCRAPE START ===
[2026-09-25 01:45:01] Fetching https://waitz.io/live/ucsd-rec
[2026-09-25 01:45:02] Saved 4 rows to ucsd_occupancy_history.csv
[2026-09-25 01:45:02] Main Gym Fitness Gym: 1% (Closed) people=1 capacity=72 is_open=False hour_summary=Closed until 6:00am
[2026-09-25 01:45:02] Outback Climbing Center: 13% (Closed) people=4 capacity=30 is_open=False hour_summary=Closed until 2:00pm
[2026-09-25 01:45:02] RIMAC Fitness Gym: 0% (Closed) people=0 capacity=65 is_open=False hour_summary=Closed until 6:00am
[2026-09-25 01:45:02] Triton Esports Center: 0% (Closed) people=0 capacity=35 is_open=False hour_summary=closed
[2026-09-25 01:45:02] === SCRAPE END OK ===
[2026-09-25 02:00:01] === SCRAPE START ===
[2026-09-25 02:00:01] Fetching https://waitz.io/live/ucsd-rec
[2026-09-25 02:00:03] Saved 4 rows to ucsd_occupancy_history.csv
[2026-09-25 02:00:03] Main Gym Fitness Gym: 1% (Closed) people=1 capacity=72 is_open=False hour_summary=Closed until 6:00am
[2026-09-25 02:00:03] Outback Climbing Center: 17% (Closed) people=5 capacity=30 is_open=False hour_summary=Closed until 2:00pm
[2026-09-25 02:00:03] RIMAC Fitness Gym: 2% (Closed) people=1 capacity=65 is_open=False hour_summary=Closed until 6:00am
[2026-09-25 02:00:03] Triton Esports Center: 0% (Closed) people=0 capacity=35 is_open=False hour_summary=closed
[2026-09-25 02:00:03] === SCRAPE END OK ===
[2026-09-25 02:15:01] === SCRAPE START ===
[2026-09-25 02:15:01] Fetching https://waitz.io/live/ucsd-rec
[2026-09-25 02:15:02] Saved 4 rows to ucsd_occupancy_history.csv
[2026-09-25 02:15:02] Main Gym Fitness Gym: 1% (Closed) people=1 capacity=72 is_open=False hour_summary=Closed until 6:00am
[2026-09-25 02:15:02] Outback Climbing Center: 13% (Closed) people=4 capacity=30 is_open=False hour_summary=Closed until 2:00pm
[2026-09-25 02:15:02] RIMAC Fitness Gym: 2% (Closed) people=1 capacity=65 is_open=False hour_summary=Closed until 6:00am
[2026-09-25 02:15:02] Triton Esports Center: 0% (Closed) people=0 capacity=35 is_open=False hour_summary=closed
[2026-09-25 02:15:02] === SCRAPE END OK ===
[2026-09-25 02:30:01] === SCRAPE START ===
[2026-09-25 02:30:01] Fetching https://waitz.io/live/ucsd-rec
[2026-09-25 02:30:03] Saved 4 rows to ucsd_occupancy_history.csv
[2026-09-25 02:30:03] Main Gym Fitness Gym: 1% (Closed) people=1 capacity=72 is_open=False hour_summary=Closed until 6:00am
[2026-09-25 02:30:03] Outback Climbing Center: 17% (Closed) people=5 capacity=30 is_open=False hour_summary=Closed until 2:00pm
[2026-09-25 02:30:03] RIMAC Fitness Gym: 2% (Closed) people=1 capacity=65 is_open=False hour_summary=Closed until 6:00am
[2026-09-25 02:30:03] Triton Esports Center: 0% (Closed) people=0 capacity=35 is_open=False hour_summary=closed
[2026-09-25 02:30:03] === SCRAPE END OK ===
[2026-09-25 02:45:01] === SCRAPE START ===
[2026-09-25 02:45:01] Fetching https://waitz.io/live/ucsd-rec
[2026-09-25 02:45:02] Saved 4 rows to ucsd_occupancy_history.csv
[2026-09-25 02:45:02] Main Gym Fitness Gym: 1% (Closed) people=1 capacity=72 is_open=False hour_summary=Closed until 6:00am
[2026-09-25 02:45:02] Outback Climbing Center: 13% (Closed) people=4 capacity=30 is_open=False hour_summary=Closed until 2:00pm
[2026-09-25 02:45:02] RIMAC Fitness Gym: 2% (Closed) people=1 capacity=65 is_open=False hour_summary=Closed until 6:00am
[2026-09-25 02:45:02] Triton Esports Center: 0% (Closed) people=0 capacity=35 is_open=False hour_summary=closed
[2026-09-25 02:45:02] === SCRAPE END OK ===
[2026-09-25 03:00:01] === SCRAPE START ===
[2026-09-25 03:00:01] Fetching https://waitz.io/live/ucsd-rec
[2026-09-25 03:00:03] Saved 4 rows to ucsd_occupancy_history.csv
[2026-09-25 03:00:03] Main Gym Fitness Gym: 1% (Closed) people=1 capacity=72 is_open=False hour_summary=Closed until 6:00am
[2026-09-25 03:00:03] Outback Climbing Center: 17% (Closed) people=5 capacity=30 is_open=False hour_summary=Closed until 2:00pm
[2026-09-25 03:00:03] RIMAC Fitness Gym: 2% (Closed) people=1 capacity=65 is_open=False hour_summary=Closed until 6:00am
[2026-09-25 03:00:03] Triton Esports Center: 0% (Closed) people=0 capacity=35 is_open=False hour_summary=closed
[2026-09-25 03:00:03] === SCRAPE END OK ===
[2026-09-25 03:15:01] === SCRAPE START ===
[2026-09-25 03:15:01] Fetching https://waitz.io/live/ucsd-rec
[2026-09-25 03:15:03] Saved 4 rows to ucsd_occupancy_history.csv
[2026-09-25 03:15:03] Main Gym Fitness Gym: 1% (Closed) people=1 capacity=72 is_open=False hour_summary=Closed until 6:00am
[2026-09-25 03:15:03] Outback Climbing Center: 13% (Closed) people=4 capacity=30 is_open=False hour_summary=Closed until 2:00pm
[2026-09-25 03:15:03] RIMAC Fitness Gym: 2% (Closed) people=1 capacity=65 is_open=False hour_summary=Closed until 6:00am
[2026-09-25 03:15:03] Triton Esports Center: 0% (Closed) people=0 capacity=35 is_open=False hour_summary=closed
[2026-09-25 03:15:03] === SCRAPE END OK ===
[2026-09-25 03:30:01] === SCRAPE START ===
[2026-09-25 03:30:01] Fetching https://waitz.io/live/ucsd-rec
[2026-09-25 03:30:03] Saved 4 rows to ucsd_occupancy_history.csv
[2026-09-25 03:30:03] Main Gym Fitness Gym: 1% (Closed) people=1 capacity=72 is_open=False hour_summary=Closed until 6:00am
[2026-09-25 03:30:03] Outback Climbing Center: 13% (Closed) people=4 capacity=30 is_open=False hour_summary=Closed until 2:00pm
[2026-09-25 03:30:03] RIMAC Fitness Gym: 0% (Closed) people=0 capacity=65 is_open=False hour_summary=Closed until 6:00am
[2026-09-25 03:30:03] Triton Esports Center: 0% (Closed) people=0 capacity=35 is_open=False hour_summary=closed
[2026-09-25 03:30:03] === SCRAPE END OK ===
[2026-09-25 03:45:09] === SCRAPE START ===
[2026-09-25 03:45:09] Fetching https://waitz.io/live/ucsd-rec
[2026-09-25 03:45:10] Saved 4 rows to ucsd_occupancy_history.csv
[2026-09-25 03:45:10] Main Gym Fitness Gym: 1% (Closed) people=1 capacity=72 is_open=False hour_summary=Closed until 6:00am
[2026-09-25 03:45:10] Outback Climbing Center: 13% (Closed) people=4 capacity=30 is_open=False hour_summary=Closed until 2:00pm
[2026-09-25 03:45:10] RIMAC Fitness Gym: 2% (Closed) people=1 capacity=65 is_open=False hour_summary=Closed until 6:00am
[2026-09-25 03:45:10] Triton Esports Center: 0% (Closed) people=0 capacity=35 is_open=False hour_summary=closed
[2026-09-25 03:45:10] === SCRAPE END OK ===
[2026-09-25 04:00:01] === SCRAPE START ===
[2026-09-25 04:00:01] Fetching https://waitz.io/live/ucsd-rec
[2026-09-25 04:00:03] Saved 4 rows to ucsd_occupancy_history.csv
[2026-09-25 04:00:03] Main Gym Fitness Gym: 1% (Closed) people=1 capacity=72 is_open=False hour_summary=Closed until 6:00am
[2026-09-25 04:00:03] Outback Climbing Center: 17% (Closed) people=5 capacity=30 is_open=False hour_summary=Closed until 2:00pm
[2026-09-25 04:00:03] RIMAC Fitness Gym: 2% (Closed) people=1 capacity=65 is_open=False hour_summary=Closed until 6:00am
[2026-09-25 04:00:03] Triton Esports Center: 0% (Closed) people=0 capacity=35 is_open=False hour_summary=closed
[2026-09-25 04:00:03] === SCRAPE END OK ===
[2026-09-25 04:15:01] === SCRAPE START ===
[2026-09-25 04:15:01] Fetching https://waitz.io/live/ucsd-rec
[2026-09-25 04:15:02] Saved 4 rows to ucsd_occupancy_history.csv
[2026-09-25 04:15:02] Main Gym Fitness Gym: 3% (Closed) people=2 capacity=72 is_open=False hour_summary=Closed until 6:00am
[2026-09-25 04:15:02] Outback Climbing Center: 13% (Closed) people=4 capacity=30 is_open=False hour_summary=Closed until 2:00pm
[2026-09-25 04:15:02] RIMAC Fitness Gym: 2% (Closed) people=1 capacity=65 is_open=False hour_summary=Closed until 6:00am
[2026-09-25 04:15:02] Triton Esports Center: 0% (Closed) people=0 capacity=35 is_open=False hour_summary=closed
[2026-09-25 04:15:02] === SCRAPE END OK ===
[2026-09-25 04:30:01] === SCRAPE START ===
[2026-09-25 04:30:01] Fetching https://waitz.io/live/ucsd-rec
[2026-09-25 04:30:03] Saved 4 rows to ucsd_occupancy_history.csv
[2026-09-25 04:30:03] Main Gym Fitness Gym: 3% (Closed) people=2 capacity=72 is_open=False hour_summary=Closed until 6:00am
[2026-09-25 04:30:03] Outback Climbing Center: 13% (Closed) people=4 capacity=30 is_open=False hour_summary=Closed until 2:00pm
[2026-09-25 04:30:03] RIMAC Fitness Gym: 2% (Closed) people=1 capacity=65 is_open=False hour_summary=Closed until 6:00am
[2026-09-25 04:30:03] Triton Esports Center: 0% (Closed) people=0 capacity=35 is_open=False hour_summary=closed
[2026-09-25 04:30:03] === SCRAPE END OK ===
[2026-09-25 04:45:01] === SCRAPE START ===
[2026-09-25 04:45:01] Fetching https://waitz.io/live/ucsd-rec
[2026-09-25 04:45:02] Saved 4 rows to ucsd_occupancy_history.csv
[2026-09-25 04:45:02] Main Gym Fitness Gym: 3% (Closed) people=2 capacity=72 is_open=False hour_summary=Closed until 6:00am
[2026-09-25 04:45:02] Outback Climbing Center: 13% (Closed) people=4 capacity=30 is_open=False hour_summary=Closed until 2:00pm
[2026-09-25 04:45:02] RIMAC Fitness Gym: 2% (Closed) people=1 capacity=65 is_open=False hour_summary=Closed until 6:00am
[2026-09-25 04:45:02] Triton Esports Center: 0% (Closed) people=0 capacity=35 is_open=False hour_summary=closed
[2026-09-25 04:45:02] === SCRAPE END OK ===
[2026-09-25 05:00:01] === SCRAPE START ===
[2026-09-25 05:00:01] Fetching https://waitz.io/live/ucsd-rec
[2026-09-25 05:00:03] Saved 4 rows to ucsd_occupancy_history.csv
[2026-09-25 05:00:03] Main Gym Fitness Gym: 4% (Closed) people=3 capacity=72 is_open=False hour_summary=Closed until 6:00am
[2026-09-25 05:00:03] Outback Climbing Center: 13% (Closed) people=4 capacity=30 is_open=False hour_summary=Closed until 2:00pm
[2026-09-25 05:00:03] RIMAC Fitness Gym: 2% (Closed) people=1 capacity=65 is_open=False hour_summary=Closed until 6:00am
[2026-09-25 05:00:03] Triton Esports Center: 0% (Closed) people=0 capacity=35 is_open=False hour_summary=closed
[2026-09-25 05:00:03] === SCRAPE END OK ===
[2026-09-25 05:15:01] === SCRAPE START ===
[2026-09-25 05:15:01] Fetching https://waitz.io/live/ucsd-rec
[2026-09-25 05:15:02] Saved 4 rows to ucsd_occupancy_history.csv
[2026-09-25 05:15:02] Main Gym Fitness Gym: 4% (Closed) people=3 capacity=72 is_open=False hour_summary=Closed until 6:00am
[2026-09-25 05:15:02] Outback Climbing Center: 13% (Closed) people=4 capacity=30 is_open=False hour_summary=Closed until 2:00pm
[2026-09-25 05:15:02] RIMAC Fitness Gym: 2% (Closed) people=1 capacity=65 is_open=False hour_summary=Closed until 6:00am
[2026-09-25 05:15:02] Triton Esports Center: 0% (Closed) people=0 capacity=35 is_open=False hour_summary=closed
[2026-09-25 05:15:02] === SCRAPE END OK ===
[2026-09-25 05:30:01] === SCRAPE START ===
[2026-09-25 05:30:01] Fetching https://waitz.io/live/ucsd-rec
[2026-09-25 05:30:03] Saved 4 rows to ucsd_occupancy_history.csv
[2026-09-25 05:30:03] Main Gym Fitness Gym: 3% (Closed) people=2 capacity=72 is_open=False hour_summary=Closed until 6:00am
[2026-09-25 05:30:03] Outback Climbing Center: 13% (Closed) people=4 capacity=30 is_open=False hour_summary=Closed until 2:00pm
[2026-09-25 05:30:03] RIMAC Fitness Gym: 2% (Closed) people=1 capacity=65 is_open=False hour_summary=Closed until 6:00am
[2026-09-25 05:30:03] Triton Esports Center: 0% (Closed) people=0 capacity=35 is_open=False hour_summary=closed
[2026-09-25 05:30:03] === SCRAPE END OK ===
[2026-09-25 05:45:01] === SCRAPE START ===
[2026-09-25 05:45:01] Fetching https://waitz.io/live/ucsd-rec
[2026-09-25 05:45:02] Saved 4 rows to ucsd_occupancy_history.csv
[2026-09-25 05:45:02] Main Gym Fitness Gym: 4% (Closed) people=3 capacity=72 is_open=False hour_summary=Closed until 6:00am
[2026-09-25 05:45:02] Outback Climbing Center: 13% (Closed) people=4 capacity=30 is_open=False hour_summary=Closed until 2:00pm
[2026-09-25 05:45:02] RIMAC Fitness Gym: 2% (Closed) people=1 capacity=65 is_open=False hour_summary=Closed until 6:00am
[2026-09-25 05:45:02] Triton Esports Center: 0% (Closed) people=0 capacity=35 is_open=False hour_summary=closed
[2026-09-25 05:45:02] === SCRAPE END OK ===
[2026-09-25 06:00:01] === SCRAPE START ===
[2026-09-25 06:00:01] Fetching https://waitz.io/live/ucsd-rec
[2026-09-25 06:00:03] Saved 4 rows to ucsd_occupancy_history.csv
[2026-09-25 06:00:03] Main Gym Fitness Gym: 1% (Not Busy) people=1 capacity=72 is_open=True hour_summary=open
[2026-09-25 06:00:03] Outback Climbing Center: 13% (Closed) people=4 capacity=30 is_open=False hour_summary=Closed until 2:00pm
[2026-09-25 06:00:03] RIMAC Fitness Gym: 3% (Not Busy) people=2 capacity=65 is_open=True hour_summary=open
[2026-09-25 06:00:03] Triton Esports Center: 0% (Closed) people=0 capacity=35 is_open=False hour_summary=closed
[2026-09-25 06:00:03] === SCRAPE END OK ===
[2026-09-25 06:15:02] === SCRAPE START ===
[2026-09-25 06:15:02] Fetching https://waitz.io/live/ucsd-rec
[2026-09-25 06:15:03] Saved 4 rows to ucsd_occupancy_history.csv
[2026-09-25 06:15:03] Main Gym Fitness Gym: 11% (Not Busy) people=8 capacity=72 is_open=True hour_summary=open
[2026-09-25 06:15:03] Outback Climbing Center: 20% (Closed) people=6 capacity=30 is_open=False hour_summary=Closed until 2:00pm
[2026-09-25 06:15:03] RIMAC Fitness Gym: 43% (Not Busy) people=28 capacity=65 is_open=True hour_summary=open
[2026-09-25 06:15:03] Triton Esports Center: 0% (Closed) people=0 capacity=35 is_open=False hour_summary=closed
[2026-09-25 06:15:03] === SCRAPE END OK ===
[2026-09-25 06:30:01] === SCRAPE START ===
[2026-09-25 06:30:01] Fetching https://waitz.io/live/ucsd-rec
[2026-09-25 06:30:03] Saved 4 rows to ucsd_occupancy_history.csv
[2026-09-25 06:30:03] Main Gym Fitness Gym: 7% (Not Busy) people=5 capacity=72 is_open=True hour_summary=open
[2026-09-25 06:30:03] Outback Climbing Center: 13% (Closed) people=4 capacity=30 is_open=False hour_summary=Closed until 2:00pm
[2026-09-25 06:30:03] RIMAC Fitness Gym: 83% (Very Active) people=54 capacity=65 is_open=True hour_summary=open
[2026-09-25 06:30:03] Triton Esports Center: 0% (Closed) people=0 capacity=35 is_open=False hour_summary=closed
[2026-09-25 06:30:03] === SCRAPE END OK ===
[2026-09-25 06:45:01] === SCRAPE START ===
[2026-09-25 06:45:01] Fetching https://waitz.io/live/ucsd-rec
[2026-09-25 06:45:02] Saved 4 rows to ucsd_occupancy_history.csv
[2026-09-25 06:45:02] Main Gym Fitness Gym: 21% (Not Busy) people=15 capacity=72 is_open=True hour_summary=open
[2026-09-25 06:45:02] Outback Climbing Center: 17% (Closed) people=5 capacity=30 is_open=False hour_summary=Closed until 2:00pm
[2026-09-25 06:45:02] RIMAC Fitness Gym: 99% (Very Active) people=64 capacity=65 is_open=True hour_summary=open
[2026-09-25 06:45:02] Triton Esports Center: 0% (Closed) people=0 capacity=35 is_open=False hour_summary=closed
[2026-09-25 06:45:02] === SCRAPE END OK ===
[2026-09-25 07:00:01] === SCRAPE START ===
[2026-09-25 07:00:01] Fetching https://waitz.io/live/ucsd-rec
[2026-09-25 07:00:03] Saved 4 rows to ucsd_occupancy_history.csv
[2026-09-25 07:00:03] Main Gym Fitness Gym: 29% (Not Busy) people=21 capacity=72 is_open=True hour_summary=open
[2026-09-25 07:00:03] Outback Climbing Center: 20% (Closed) people=6 capacity=30 is_open=False hour_summary=Closed until 2:00pm
[2026-09-25 07:00:03] RIMAC Fitness Gym: 99% (Very Active) people=64 capacity=65 is_open=True hour_summary=open
[2026-09-25 07:00:03] Triton Esports Center: 0% (Closed) people=0 capacity=35 is_open=False hour_summary=closed
[2026-09-25 07:00:03] === SCRAPE END OK ===
[2026-09-25 07:15:01] === SCRAPE START ===
[2026-09-25 07:15:01] Fetching https://waitz.io/live/ucsd-rec
[2026-09-25 07:15:03] Saved 4 rows to ucsd_occupancy_history.csv
[2026-09-25 07:15:03] Main Gym Fitness Gym: 32% (Not Busy) people=23 capacity=72 is_open=True hour_summary=open
[2026-09-25 07:15:03] Outback Climbing Center: 13% (Closed) people=4 capacity=30 is_open=False hour_summary=Closed until 2:00pm
[2026-09-25 07:15:03] RIMAC Fitness Gym: 99% (Very Active) people=64 capacity=65 is_open=True hour_summary=open
[2026-09-25 07:15:03] Triton Esports Center: 0% (Closed) people=0 capacity=35 is_open=False hour_summary=closed
[2026-09-25 07:15:03] === SCRAPE END OK ===
[2026-09-25 07:30:01] === SCRAPE START ===
[2026-09-25 07:30:01] Fetching https://waitz.io/live/ucsd-rec
[2026-09-25 07:30:03] Saved 4 rows to ucsd_occupancy_history.csv
[2026-09-25 07:30:03] Main Gym Fitness Gym: 10% (Not Busy) people=7 capacity=72 is_open=True hour_summary=open
[2026-09-25 07:30:03] Outback Climbing Center: 17% (Closed) people=5 capacity=30 is_open=False hour_summary=Closed until 2:00pm
[2026-09-25 07:30:03] RIMAC Fitness Gym: 99% (Very Active) people=64 capacity=65 is_open=True hour_summary=open
[2026-09-25 07:30:03] Triton Esports Center: 0% (Closed) people=0 capacity=35 is_open=False hour_summary=closed
[2026-09-25 07:30:03] === SCRAPE END OK ===
[2026-09-25 07:45:01] === SCRAPE START ===
[2026-09-25 07:45:01] Fetching https://waitz.io/live/ucsd-rec
[2026-09-25 07:45:02] Saved 4 rows to ucsd_occupancy_history.csv
[2026-09-25 07:45:02] Main Gym Fitness Gym: 10% (Not Busy) people=7 capacity=72 is_open=True hour_summary=open
[2026-09-25 07:45:02] Outback Climbing Center: 20% (Closed) people=6 capacity=30 is_open=False hour_summary=Closed until 2:00pm
[2026-09-25 07:45:02] RIMAC Fitness Gym: 99% (Very Active) people=64 capacity=65 is_open=True hour_summary=open
[2026-09-25 07:45:02] Triton Esports Center: 0% (Closed) people=0 capacity=35 is_open=False hour_summary=closed
[2026-09-25 07:45:02] === SCRAPE END OK ===
[2026-09-25 08:00:01] === SCRAPE START ===
[2026-09-25 08:00:01] Fetching https://waitz.io/live/ucsd-rec
[2026-09-25 08:00:03] Saved 4 rows to ucsd_occupancy_history.csv
[2026-09-25 08:00:03] Main Gym Fitness Gym: 18% (Not Busy) people=13 capacity=72 is_open=True hour_summary=open
[2026-09-25 08:00:03] Outback Climbing Center: 20% (Closed) people=6 capacity=30 is_open=False hour_summary=Closed until 2:00pm
[2026-09-25 08:00:03] RIMAC Fitness Gym: 97% (Very Active) people=63 capacity=65 is_open=True hour_summary=open
[2026-09-25 08:00:03] Triton Esports Center: 0% (Closed) people=0 capacity=35 is_open=False hour_summary=closed
[2026-09-25 08:00:03] === SCRAPE END OK ===
[2026-09-25 08:15:01] === SCRAPE START ===
[2026-09-25 08:15:01] Fetching https://waitz.io/live/ucsd-rec
[2026-09-25 08:15:02] Saved 4 rows to ucsd_occupancy_history.csv
[2026-09-25 08:15:02] Main Gym Fitness Gym: 14% (Not Busy) people=10 capacity=72 is_open=True hour_summary=open
[2026-09-25 08:15:02] Outback Climbing Center: 17% (Closed) people=5 capacity=30 is_open=False hour_summary=Closed until 2:00pm
[2026-09-25 08:15:02] RIMAC Fitness Gym: 99% (Very Active) people=64 capacity=65 is_open=True hour_summary=open
[2026-09-25 08:15:02] Triton Esports Center: 0% (Closed) people=0 capacity=35 is_open=False hour_summary=closed
[2026-09-25 08:15:02] === SCRAPE END OK ===
[2026-09-25 08:30:01] === SCRAPE START ===
[2026-09-25 08:30:01] Fetching https://waitz.io/live/ucsd-rec
[2026-09-25 08:30:03] Saved 4 rows to ucsd_occupancy_history.csv
[2026-09-25 08:30:03] Main Gym Fitness Gym: 29% (Not Busy) people=21 capacity=72 is_open=True hour_summary=open
[2026-09-25 08:30:03] Outback Climbing Center: 17% (Closed) people=5 capacity=30 is_open=False hour_summary=Closed until 2:00pm
[2026-09-25 08:30:03] RIMAC Fitness Gym: 99% (Very Active) people=64 capacity=65 is_open=True hour_summary=open
[2026-09-25 08:30:03] Triton Esports Center: 0% (Closed) people=0 capacity=35 is_open=False hour_summary=closed
[2026-09-25 08:30:03] === SCRAPE END OK ===
[2026-09-25 08:45:01] === SCRAPE START ===
[2026-09-25 08:45:01] Fetching https://waitz.io/live/ucsd-rec
[2026-09-25 08:45:03] Saved 4 rows to ucsd_occupancy_history.csv
[2026-09-25 08:45:03] Main Gym Fitness Gym: 10% (Not Busy) people=7 capacity=72 is_open=True hour_summary=open
[2026-09-25 08:45:03] Outback Climbing Center: 17% (Closed) people=5 capacity=30 is_open=False hour_summary=Closed until 2:00pm
[2026-09-25 08:45:03] RIMAC Fitness Gym: 99% (Very Active) people=64 capacity=65 is_open=True hour_summary=open
[2026-09-25 08:45:03] Triton Esports Center: 0% (Closed) people=0 capacity=35 is_open=False hour_summary=closed
[2026-09-25 08:45:03] === SCRAPE END OK ===
[2026-09-25 09:00:01] === SCRAPE START ===
[2026-09-25 09:00:01] Fetching https://waitz.io/live/ucsd-rec
[2026-09-25 09:00:03] Saved 4 rows to ucsd_occupancy_history.csv
[2026-09-25 09:00:03] Main Gym Fitness Gym: 38% (Not Busy) people=27 capacity=72 is_open=True hour_summary=open
[2026-09-25 09:00:03] Outback Climbing Center: 13% (Closed) people=4 capacity=30 is_open=False hour_summary=Closed until 2:00pm
[2026-09-25 09:00:03] RIMAC Fitness Gym: 99% (Very Active) people=64 capacity=65 is_open=True hour_summary=open
[2026-09-25 09:00:03] Triton Esports Center: 0% (Closed) people=0 capacity=35 is_open=False hour_summary=closed
[2026-09-25 09:00:03] === SCRAPE END OK ===
[2026-09-25 09:15:01] === SCRAPE START ===
[2026-09-25 09:15:01] Fetching https://waitz.io/live/ucsd-rec
[2026-09-25 09:15:03] Saved 4 rows to ucsd_occupancy_history.csv
[2026-09-25 09:15:03] Main Gym Fitness Gym: 19% (Not Busy) people=14 capacity=72 is_open=True hour_summary=open
[2026-09-25 09:15:03] Outback Climbing Center: 17% (Closed) people=5 capacity=30 is_open=False hour_summary=Closed until 2:00pm
[2026-09-25 09:15:03] RIMAC Fitness Gym: 99% (Very Active) people=64 capacity=65 is_open=True hour_summary=open
[2026-09-25 09:15:03] Triton Esports Center: 0% (Closed) people=0 capacity=35 is_open=False hour_summary=closed
[2026-09-25 09:15:03] === SCRAPE END OK ===
[2026-09-25 09:30:01] === SCRAPE START ===
[2026-09-25 09:30:01] Fetching https://waitz.io/live/ucsd-rec
[2026-09-25 09:30:03] Saved 4 rows to ucsd_occupancy_history.csv
[2026-09-25 09:30:03] Main Gym Fitness Gym: 35% (Not Busy) people=25 capacity=72 is_open=True hour_summary=open
[2026-09-25 09:30:03] Outback Climbing Center: 20% (Closed) people=6 capacity=30 is_open=False hour_summary=Closed until 2:00pm
[2026-09-25 09:30:03] RIMAC Fitness Gym: 99% (Very Active) people=64 capacity=65 is_open=True hour_summary=open
[2026-09-25 09:30:03] Triton Esports Center: 0% (Closed) people=0 capacity=35 is_open=False hour_summary=closed
[2026-09-25 09:30:03] === SCRAPE END OK ===
[2026-09-25 09:45:01] === SCRAPE START ===
[2026-09-25 09:45:01] Fetching https://waitz.io/live/ucsd-rec
[2026-09-25 09:45:03] Saved 4 rows to ucsd_occupancy_history.csv
[2026-09-25 09:45:03] Main Gym Fitness Gym: 50% (Busy) people=36 capacity=72 is_open=True hour_summary=open
[2026-09-25 09:45:03] Outback Climbing Center: 23% (Closed) people=7 capacity=30 is_open=False hour_summary=Closed until 2:00pm
[2026-09-25 09:45:03] RIMAC Fitness Gym: 99% (Very Active) people=64 capacity=65 is_open=True hour_summary=open
[2026-09-25 09:45:03] Triton Esports Center: 0% (Closed) people=0 capacity=35 is_open=False hour_summary=closed
[2026-09-25 09:45:03] === SCRAPE END OK ===
[2026-09-25 10:00:01] === SCRAPE START ===
[2026-09-25 10:00:01] Fetching https://waitz.io/live/ucsd-rec
[2026-09-25 10:00:02] Saved 4 rows to ucsd_occupancy_history.csv
[2026-09-25 10:00:02] Main Gym Fitness Gym: 29% (Not Busy) people=21 capacity=72 is_open=True hour_summary=open
[2026-09-25 10:00:02] Outback Climbing Center: 43% (Closed) people=13 capacity=30 is_open=False hour_summary=Closed until 2:00pm
[2026-09-25 10:00:02] RIMAC Fitness Gym: 99% (Very Active) people=64 capacity=65 is_open=True hour_summary=open
[2026-09-25 10:00:02] Triton Esports Center: 0% (Closed) people=0 capacity=35 is_open=False hour_summary=closed
[2026-09-25 10:00:02] === SCRAPE END OK ===
[2026-09-25 10:15:01] === SCRAPE START ===
[2026-09-25 10:15:01] Fetching https://waitz.io/live/ucsd-rec
[2026-09-25 10:15:02] Saved 4 rows to ucsd_occupancy_history.csv
[2026-09-25 10:15:02] Main Gym Fitness Gym: 32% (Not Busy) people=23 capacity=72 is_open=True hour_summary=open
[2026-09-25 10:15:02] Outback Climbing Center: 99% (Closed) people=30 capacity=30 is_open=False hour_summary=Closed until 2:00pm
[2026-09-25 10:15:02] RIMAC Fitness Gym: 99% (Very Active) people=64 capacity=65 is_open=True hour_summary=open
[2026-09-25 10:15:02] Triton Esports Center: 0% (Closed) people=0 capacity=35 is_open=False hour_summary=closed
[2026-09-25 10:15:02] === SCRAPE END OK ===
[2026-09-25 10:30:01] === SCRAPE START ===
[2026-09-25 10:30:01] Fetching https://waitz.io/live/ucsd-rec
[2026-09-25 10:30:03] Saved 4 rows to ucsd_occupancy_history.csv
[2026-09-25 10:30:03] Main Gym Fitness Gym: 32% (Not Busy) people=23 capacity=72 is_open=True hour_summary=open
[2026-09-25 10:30:03] Outback Climbing Center: 87% (Closed) people=26 capacity=30 is_open=False hour_summary=Closed until 2:00pm
[2026-09-25 10:30:03] RIMAC Fitness Gym: 99% (Very Active) people=64 capacity=65 is_open=True hour_summary=open
[2026-09-25 10:30:03] Triton Esports Center: 0% (Closed) people=0 capacity=35 is_open=False hour_summary=closed
[2026-09-25 10:30:03] === SCRAPE END OK ===
[2026-09-25 10:45:01] === SCRAPE START ===
[2026-09-25 10:45:01] Fetching https://waitz.io/live/ucsd-rec
[2026-09-25 10:45:02] Saved 4 rows to ucsd_occupancy_history.csv
[2026-09-25 10:45:02] Main Gym Fitness Gym: 33% (Not Busy) people=24 capacity=72 is_open=True hour_summary=open
[2026-09-25 10:45:02] Outback Climbing Center: 99% (Closed) people=30 capacity=30 is_open=False hour_summary=Closed until 2:00pm
[2026-09-25 10:45:02] RIMAC Fitness Gym: 99% (Very Active) people=64 capacity=65 is_open=True hour_summary=open
[2026-09-25 10:45:02] Triton Esports Center: 0% (Closed) people=0 capacity=35 is_open=False hour_summary=closed
[2026-09-25 10:45:02] === SCRAPE END OK ===
[2026-09-25 11:00:01] === SCRAPE START ===
[2026-09-25 11:00:01] Fetching https://waitz.io/live/ucsd-rec
[2026-09-25 11:00:03] Saved 4 rows to ucsd_occupancy_history.csv
[2026-09-25 11:00:03] Main Gym Fitness Gym: 44% (Not Busy) people=32 capacity=72 is_open=True hour_summary=open
[2026-09-25 11:00:03] Outback Climbing Center: 99% (Closed) people=30 capacity=30 is_open=False hour_summary=Closed until 2:00pm
[2026-09-25 11:00:03] RIMAC Fitness Gym: 99% (Very Active) people=64 capacity=65 is_open=True hour_summary=open
[2026-09-25 11:00:03] Triton Esports Center: 0% (Closed) people=0 capacity=35 is_open=False hour_summary=closed
[2026-09-25 11:00:03] === SCRAPE END OK ===
[2026-09-25 11:15:01] === SCRAPE START ===
[2026-09-25 11:15:01] Fetching https://waitz.io/live/ucsd-rec
[2026-09-25 11:15:02] Saved 4 rows to ucsd_occupancy_history.csv
[2026-09-25 11:15:02] Main Gym Fitness Gym: 54% (Busy) people=39 capacity=72 is_open=True hour_summary=open
[2026-09-25 11:15:02] Outback Climbing Center: 99% (Closed) people=30 capacity=30 is_open=False hour_summary=Closed until 2:00pm
[2026-09-25 11:15:02] RIMAC Fitness Gym: 99% (Very Active) people=64 capacity=65 is_open=True hour_summary=open
[2026-09-25 11:15:02] Triton Esports Center: 0% (Closed) people=0 capacity=35 is_open=False hour_summary=closed
[2026-09-25 11:15:02] === SCRAPE END OK ===
[2026-09-25 11:30:01] === SCRAPE START ===
[2026-09-25 11:30:01] Fetching https://waitz.io/live/ucsd-rec
[2026-09-25 11:30:04] Saved 4 rows to ucsd_occupancy_history.csv
[2026-09-25 11:30:04] Main Gym Fitness Gym: 28% (Not Busy) people=20 capacity=72 is_open=True hour_summary=open
[2026-09-25 11:30:04] Outback Climbing Center: 99% (Closed) people=30 capacity=30 is_open=False hour_summary=Closed until 2:00pm
[2026-09-25 11:30:04] RIMAC Fitness Gym: 99% (Very Active) people=64 capacity=65 is_open=True hour_summary=open
[2026-09-25 11:30:04] Triton Esports Center: 0% (Closed) people=0 capacity=35 is_open=False hour_summary=closed
[2026-09-25 11:30:04] === SCRAPE END OK ===
[2026-09-25 11:45:01] === SCRAPE START ===
[2026-09-25 11:45:01] Fetching https://waitz.io/live/ucsd-rec
[2026-09-25 11:45:02] Saved 4 rows to ucsd_occupancy_history.csv
[2026-09-25 11:45:02] Main Gym Fitness Gym: 36% (Not Busy) people=26 capacity=72 is_open=True hour_summary=open
[2026-09-25 11:45:02] Outback Climbing Center: 99% (Closed) people=30 capacity=30 is_open=False hour_summary=Closed until 2:00pm
[2026-09-25 11:45:02] RIMAC Fitness Gym: 99% (Very Active) people=64 capacity=65 is_open=True hour_summary=open
[2026-09-25 11:45:02] Triton Esports Center: 0% (Closed) people=0 capacity=35 is_open=False hour_summary=closed
[2026-09-25 11:45:02] === SCRAPE END OK ===
[2026-09-25 12:00:01] === SCRAPE START ===
[2026-09-25 12:00:01] Fetching https://waitz.io/live/ucsd-rec
[2026-09-25 12:00:03] Saved 4 rows to ucsd_occupancy_history.csv
[2026-09-25 12:00:03] Main Gym Fitness Gym: 64% (Busy) people=46 capacity=72 is_open=True hour_summary=open
[2026-09-25 12:00:03] Outback Climbing Center: 99% (Closed) people=30 capacity=30 is_open=False hour_summary=Closed until 2:00pm
[2026-09-25 12:00:03] RIMAC Fitness Gym: 99% (Very Active) people=64 capacity=65 is_open=True hour_summary=open
[2026-09-25 12:00:03] Triton Esports Center: 0% (Closed) people=0 capacity=35 is_open=False hour_summary=closed
[2026-09-25 12:00:03] === SCRAPE END OK ===
[2026-09-25 12:15:01] === SCRAPE START ===
[2026-09-25 12:15:01] Fetching https://waitz.io/live/ucsd-rec
[2026-09-25 12:15:02] Saved 4 rows to ucsd_occupancy_history.csv
[2026-09-25 12:15:02] Main Gym Fitness Gym: 64% (Busy) people=46 capacity=72 is_open=True hour_summary=open
[2026-09-25 12:15:02] Outback Climbing Center: 99% (Closed) people=30 capacity=30 is_open=False hour_summary=Closed until 2:00pm
[2026-09-25 12:15:02] RIMAC Fitness Gym: 99% (Very Active) people=64 capacity=65 is_open=True hour_summary=open
[2026-09-25 12:15:02] Triton Esports Center: 0% (Closed) people=0 capacity=35 is_open=False hour_summary=closed
[2026-09-25 12:15:02] === SCRAPE END OK ===
[2026-09-25 12:30:01] === SCRAPE START ===
[2026-09-25 12:30:01] Fetching https://waitz.io/live/ucsd-rec
[2026-09-25 12:30:03] Saved 4 rows to ucsd_occupancy_history.csv
[2026-09-25 12:30:03] Main Gym Fitness Gym: 49% (Busy) people=35 capacity=72 is_open=True hour_summary=open
[2026-09-25 12:30:03] Outback Climbing Center: 99% (Closed) people=30 capacity=30 is_open=False hour_summary=Closed until 2:00pm
[2026-09-25 12:30:03] RIMAC Fitness Gym: 99% (Very Active) people=64 capacity=65 is_open=True hour_summary=open
[2026-09-25 12:30:03] Triton Esports Center: 0% (Closed) people=0 capacity=35 is_open=False hour_summary=closed
[2026-09-25 12:30:03] === SCRAPE END OK ===
[2026-09-25 12:45:01] === SCRAPE START ===
[2026-09-25 12:45:01] Fetching https://waitz.io/live/ucsd-rec
[2026-09-25 12:45:02] Saved 4 rows to ucsd_occupancy_history.csv
[2026-09-25 12:45:02] Main Gym Fitness Gym: 21% (Not Busy) people=15 capacity=72 is_open=True hour_summary=open
[2026-09-25 12:45:02] Outback Climbing Center: 99% (Closed) people=30 capacity=30 is_open=False hour_summary=Closed until 2:00pm
[2026-09-25 12:45:02] RIMAC Fitness Gym: 99% (Very Active) people=64 capacity=65 is_open=True hour_summary=open
[2026-09-25 12:45:02] Triton Esports Center: 0% (Closed) people=0 capacity=35 is_open=False hour_summary=closed
[2026-09-25 12:45:02] === SCRAPE END OK ===
[2026-09-25 13:00:01] === SCRAPE START ===
[2026-09-25 13:00:01] Fetching https://waitz.io/live/ucsd-rec
[2026-09-25 13:00:03] Saved 4 rows to ucsd_occupancy_history.csv
[2026-09-25 13:00:03] Main Gym Fitness Gym: 71% (Busy) people=51 capacity=72 is_open=True hour_summary=open
[2026-09-25 13:00:03] Outback Climbing Center: 99% (Closed) people=30 capacity=30 is_open=False hour_summary=Closed until 2:00pm
[2026-09-25 13:00:03] RIMAC Fitness Gym: 99% (Very Active) people=64 capacity=65 is_open=True hour_summary=open
[2026-09-25 13:00:03] Triton Esports Center: 3% (Closed) people=1 capacity=35 is_open=False hour_summary=closed
[2026-09-25 13:00:03] === SCRAPE END OK ===
