[2026-09-21 00:00:01] === SCRAPE START ===
[2026-09-21 00:00:01] Fetching https://waitz.io/live/ucsd-rec
[2026-09-21 00:00:03] Saved 4 rows to ucsd_occupancy_history.csv
[2026-09-21 00:00:03] Main Gym Fitness Gym: 1% (Closed) people=1 capacity=72 is_open=False hour_summary=Closed until 6:00am
[2026-09-21 00:00:03] Outback Climbing Center: 17% (Closed) people=5 capacity=30 is_open=False hour_summary=Closed until 2:00pm
[2026-09-21 00:00:03] RIMAC Fitness Gym: 0% (Closed) people=0 capacity=65 is_open=False hour_summary=Closed until 6:00am
[2026-09-21 00:00:03] Triton Esports Center: 0% (Closed) people=0 capacity=35 is_open=False hour_summary=closed
[2026-09-21 00:00:03] === SCRAPE END OK ===
[2026-09-21 00:15:02] === SCRAPE START ===
[2026-09-21 00:15:02] Fetching https://waitz.io/live/ucsd-rec
[2026-09-21 00:15:03] Saved 4 rows to ucsd_occupancy_history.csv
[2026-09-21 00:15:03] Main Gym Fitness Gym: 1% (Closed) people=1 capacity=72 is_open=False hour_summary=Closed until 6:00am
[2026-09-21 00:15:03] Outback Climbing Center: 13% (Closed) people=4 capacity=30 is_open=False hour_summary=Closed until 2:00pm
[2026-09-21 00:15:03] RIMAC Fitness Gym: 0% (Closed) people=0 capacity=65 is_open=False hour_summary=Closed until 6:00am
[2026-09-21 00:15:03] Triton Esports Center: 0% (Closed) people=0 capacity=35 is_open=False hour_summary=closed
[2026-09-21 00:15:03] === SCRAPE END OK ===
[2026-09-21 00:30:02] === SCRAPE START ===
[2026-09-21 00:30:02] Fetching https://waitz.io/live/ucsd-rec
[2026-09-21 00:30:03] Saved 4 rows to ucsd_occupancy_history.csv
[2026-09-21 00:30:03] Main Gym Fitness Gym: 1% (Closed) people=1 capacity=72 is_open=False hour_summary=Closed until 6:00am
[2026-09-21 00:30:03] Outback Climbing Center: 17% (Closed) people=5 capacity=30 is_open=False hour_summary=Closed until 2:00pm
[2026-09-21 00:30:03] RIMAC Fitness Gym: 0% (Closed) people=0 capacity=65 is_open=False hour_summary=Closed until 6:00am
[2026-09-21 00:30:03] Triton Esports Center: 0% (Closed) people=0 capacity=35 is_open=False hour_summary=closed
[2026-09-21 00:30:03] === SCRAPE END OK ===
[2026-09-21 00:45:02] === SCRAPE START ===
[2026-09-21 00:45:02] Fetching https://waitz.io/live/ucsd-rec
[2026-09-21 00:45:03] Saved 4 rows to ucsd_occupancy_history.csv
[2026-09-21 00:45:03] Main Gym Fitness Gym: 1% (Closed) people=1 capacity=72 is_open=False hour_summary=Closed until 6:00am
[2026-09-21 00:45:03] Outback Climbing Center: 13% (Closed) people=4 capacity=30 is_open=False hour_summary=Closed until 2:00pm
[2026-09-21 00:45:03] RIMAC Fitness Gym: 0% (Closed) people=0 capacity=65 is_open=False hour_summary=Closed until 6:00am
[2026-09-21 00:45:03] Triton Esports Center: 0% (Closed) people=0 capacity=35 is_open=False hour_summary=closed
[2026-09-21 00:45:03] === SCRAPE END OK ===
[2026-09-21 01:00:02] === SCRAPE START ===
[2026-09-21 01:00:02] Fetching https://waitz.io/live/ucsd-rec
[2026-09-21 01:00:04] Saved 4 rows to ucsd_occupancy_history.csv
[2026-09-21 01:00:04] Main Gym Fitness Gym: 1% (Closed) people=1 capacity=72 is_open=False hour_summary=Closed until 6:00am
[2026-09-21 01:00:04] Outback Climbing Center: 17% (Closed) people=5 capacity=30 is_open=False hour_summary=Closed until 2:00pm
[2026-09-21 01:00:04] RIMAC Fitness Gym: 0% (Closed) people=0 capacity=65 is_open=False hour_summary=Closed until 6:00am
[2026-09-21 01:00:04] Triton Esports Center: 0% (Closed) people=0 capacity=35 is_open=False hour_summary=closed
[2026-09-21 01:00:04] === SCRAPE END OK ===
[2026-09-21 01:15:02] === SCRAPE START ===
[2026-09-21 01:15:02] Fetching https://waitz.io/live/ucsd-rec
[2026-09-21 01:15:03] Saved 4 rows to ucsd_occupancy_history.csv
[2026-09-21 01:15:03] Main Gym Fitness Gym: 1% (Closed) people=1 capacity=72 is_open=False hour_summary=Closed until 6:00am
[2026-09-21 01:15:03] Outback Climbing Center: 13% (Closed) people=4 capacity=30 is_open=False hour_summary=Closed until 2:00pm
[2026-09-21 01:15:03] RIMAC Fitness Gym: 0% (Closed) people=0 capacity=65 is_open=False hour_summary=Closed until 6:00am
[2026-09-21 01:15:03] Triton Esports Center: 0% (Closed) people=0 capacity=35 is_open=False hour_summary=closed
[2026-09-21 01:15:03] === SCRAPE END OK ===
[2026-09-21 01:30:02] === SCRAPE START ===
[2026-09-21 01:30:02] Fetching https://waitz.io/live/ucsd-rec
[2026-09-21 01:30:03] Saved 4 rows to ucsd_occupancy_history.csv
[2026-09-21 01:30:03] Main Gym Fitness Gym: 1% (Closed) people=1 capacity=72 is_open=False hour_summary=Closed until 6:00am
[2026-09-21 01:30:03] Outback Climbing Center: 17% (Closed) people=5 capacity=30 is_open=False hour_summary=Closed until 2:00pm
[2026-09-21 01:30:03] RIMAC Fitness Gym: 0% (Closed) people=0 capacity=65 is_open=False hour_summary=Closed until 6:00am
[2026-09-21 01:30:03] Triton Esports Center: 0% (Closed) people=0 capacity=35 is_open=False hour_summary=closed
[2026-09-21 01:30:03] === SCRAPE END OK ===
[2026-09-21 01:45:02] === SCRAPE START ===
[2026-09-21 01:45:02] Fetching https://waitz.io/live/ucsd-rec
[2026-09-21 01:45:03] Saved 4 rows to ucsd_occupancy_history.csv
[2026-09-21 01:45:03] Main Gym Fitness Gym: 1% (Closed) people=1 capacity=72 is_open=False hour_summary=Closed until 6:00am
[2026-09-21 01:45:03] Outback Climbing Center: 17% (Closed) people=5 capacity=30 is_open=False hour_summary=Closed until 2:00pm
[2026-09-21 01:45:03] RIMAC Fitness Gym: 0% (Closed) people=0 capacity=65 is_open=False hour_summary=Closed until 6:00am
[2026-09-21 01:45:03] Triton Esports Center: 0% (Closed) people=0 capacity=35 is_open=False hour_summary=closed
[2026-09-21 01:45:03] === SCRAPE END OK ===
[2026-09-21 02:00:02] === SCRAPE START ===
[2026-09-21 02:00:02] Fetching https://waitz.io/live/ucsd-rec
[2026-09-21 02:00:04] Saved 4 rows to ucsd_occupancy_history.csv
[2026-09-21 02:00:04] Main Gym Fitness Gym: 1% (Closed) people=1 capacity=72 is_open=False hour_summary=Closed until 6:00am
[2026-09-21 02:00:04] Outback Climbing Center: 10% (Closed) people=3 capacity=30 is_open=False hour_summary=Closed until 2:00pm
[2026-09-21 02:00:04] RIMAC Fitness Gym: 0% (Closed) people=0 capacity=65 is_open=False hour_summary=Closed until 6:00am
[2026-09-21 02:00:04] Triton Esports Center: 0% (Closed) people=0 capacity=35 is_open=False hour_summary=closed
[2026-09-21 02:00:04] === SCRAPE END OK ===
[2026-09-21 02:15:02] === SCRAPE START ===
[2026-09-21 02:15:02] Fetching https://waitz.io/live/ucsd-rec
[2026-09-21 02:15:03] Saved 4 rows to ucsd_occupancy_history.csv
[2026-09-21 02:15:03] Main Gym Fitness Gym: 1% (Closed) people=1 capacity=72 is_open=False hour_summary=Closed until 6:00am
[2026-09-21 02:15:03] Outback Climbing Center: 17% (Closed) people=5 capacity=30 is_open=False hour_summary=Closed until 2:00pm
[2026-09-21 02:15:03] RIMAC Fitness Gym: 0% (Closed) people=0 capacity=65 is_open=False hour_summary=Closed until 6:00am
[2026-09-21 02:15:03] Triton Esports Center: 0% (Closed) people=0 capacity=35 is_open=False hour_summary=closed
[2026-09-21 02:15:03] === SCRAPE END OK ===
[2026-09-21 02:30:02] === SCRAPE START ===
[2026-09-21 02:30:02] Fetching https://waitz.io/live/ucsd-rec
[2026-09-21 02:30:04] Saved 4 rows to ucsd_occupancy_history.csv
[2026-09-21 02:30:04] Main Gym Fitness Gym: 1% (Closed) people=1 capacity=72 is_open=False hour_summary=Closed until 6:00am
[2026-09-21 02:30:04] Outback Climbing Center: 20% (Closed) people=6 capacity=30 is_open=False hour_summary=Closed until 2:00pm
[2026-09-21 02:30:04] RIMAC Fitness Gym: 0% (Closed) people=0 capacity=65 is_open=False hour_summary=Closed until 6:00am
[2026-09-21 02:30:04] Triton Esports Center: 0% (Closed) people=0 capacity=35 is_open=False hour_summary=closed
[2026-09-21 02:30:04] === SCRAPE END OK ===
[2026-09-21 02:45:02] === SCRAPE START ===
[2026-09-21 02:45:02] Fetching https://waitz.io/live/ucsd-rec
[2026-09-21 02:45:03] Saved 4 rows to ucsd_occupancy_history.csv
[2026-09-21 02:45:03] Main Gym Fitness Gym: 1% (Closed) people=1 capacity=72 is_open=False hour_summary=Closed until 6:00am
[2026-09-21 02:45:03] Outback Climbing Center: 13% (Closed) people=4 capacity=30 is_open=False hour_summary=Closed until 2:00pm
[2026-09-21 02:45:03] RIMAC Fitness Gym: 0% (Closed) people=0 capacity=65 is_open=False hour_summary=Closed until 6:00am
[2026-09-21 02:45:03] Triton Esports Center: 0% (Closed) people=0 capacity=35 is_open=False hour_summary=closed
[2026-09-21 02:45:03] === SCRAPE END OK ===
[2026-09-21 03:00:03] === SCRAPE START ===
[2026-09-21 03:00:03] Fetching https://waitz.io/live/ucsd-rec
[2026-09-21 03:00:04] Saved 4 rows to ucsd_occupancy_history.csv
[2026-09-21 03:00:04] Main Gym Fitness Gym: 1% (Closed) people=1 capacity=72 is_open=False hour_summary=Closed until 6:00am
[2026-09-21 03:00:04] Outback Climbing Center: 13% (Closed) people=4 capacity=30 is_open=False hour_summary=Closed until 2:00pm
[2026-09-21 03:00:04] RIMAC Fitness Gym: 0% (Closed) people=0 capacity=65 is_open=False hour_summary=Closed until 6:00am
[2026-09-21 03:00:04] Triton Esports Center: 0% (Closed) people=0 capacity=35 is_open=False hour_summary=closed
[2026-09-21 03:00:04] === SCRAPE END OK ===
[2026-09-21 03:15:02] === SCRAPE START ===
[2026-09-21 03:15:02] Fetching https://waitz.io/live/ucsd-rec
[2026-09-21 03:15:03] Saved 4 rows to ucsd_occupancy_history.csv
[2026-09-21 03:15:03] Main Gym Fitness Gym: 1% (Closed) people=1 capacity=72 is_open=False hour_summary=Closed until 6:00am
[2026-09-21 03:15:03] Outback Climbing Center: 13% (Closed) people=4 capacity=30 is_open=False hour_summary=Closed until 2:00pm
[2026-09-21 03:15:03] RIMAC Fitness Gym: 0% (Closed) people=0 capacity=65 is_open=False hour_summary=Closed until 6:00am
[2026-09-21 03:15:03] Triton Esports Center: 0% (Closed) people=0 capacity=35 is_open=False hour_summary=closed
[2026-09-21 03:15:03] === SCRAPE END OK ===
[2026-09-21 03:30:02] === SCRAPE START ===
[2026-09-21 03:30:02] Fetching https://waitz.io/live/ucsd-rec
[2026-09-21 03:30:03] Saved 4 rows to ucsd_occupancy_history.csv
[2026-09-21 03:30:03] Main Gym Fitness Gym: 1% (Closed) people=1 capacity=72 is_open=False hour_summary=Closed until 6:00am
[2026-09-21 03:30:03] Outback Climbing Center: 13% (Closed) people=4 capacity=30 is_open=False hour_summary=Closed until 2:00pm
[2026-09-21 03:30:03] RIMAC Fitness Gym: 0% (Closed) people=0 capacity=65 is_open=False hour_summary=Closed until 6:00am
[2026-09-21 03:30:03] Triton Esports Center: 0% (Closed) people=0 capacity=35 is_open=False hour_summary=closed
[2026-09-21 03:30:03] === SCRAPE END OK ===
[2026-09-21 03:45:02] === SCRAPE START ===
[2026-09-21 03:45:02] Fetching https://waitz.io/live/ucsd-rec
[2026-09-21 03:45:03] Saved 4 rows to ucsd_occupancy_history.csv
[2026-09-21 03:45:03] Main Gym Fitness Gym: 1% (Closed) people=1 capacity=72 is_open=False hour_summary=Closed until 6:00am
[2026-09-21 03:45:03] Outback Climbing Center: 13% (Closed) people=4 capacity=30 is_open=False hour_summary=Closed until 2:00pm
[2026-09-21 03:45:03] RIMAC Fitness Gym: 0% (Closed) people=0 capacity=65 is_open=False hour_summary=Closed until 6:00am
[2026-09-21 03:45:03] Triton Esports Center: 0% (Closed) people=0 capacity=35 is_open=False hour_summary=closed
[2026-09-21 03:45:03] === SCRAPE END OK ===
[2026-09-21 04:00:02] === SCRAPE START ===
[2026-09-21 04:00:02] Fetching https://waitz.io/live/ucsd-rec
[2026-09-21 04:00:04] Saved 4 rows to ucsd_occupancy_history.csv
[2026-09-21 04:00:04] Main Gym Fitness Gym: 1% (Closed) people=1 capacity=72 is_open=False hour_summary=Closed until 6:00am
[2026-09-21 04:00:04] Outback Climbing Center: 17% (Closed) people=5 capacity=30 is_open=False hour_summary=Closed until 2:00pm
[2026-09-21 04:00:04] RIMAC Fitness Gym: 0% (Closed) people=0 capacity=65 is_open=False hour_summary=Closed until 6:00am
[2026-09-21 04:00:04] Triton Esports Center: 0% (Closed) people=0 capacity=35 is_open=False hour_summary=closed
[2026-09-21 04:00:04] === SCRAPE END OK ===
[2026-09-21 04:15:02] === SCRAPE START ===
[2026-09-21 04:15:02] Fetching https://waitz.io/live/ucsd-rec
[2026-09-21 04:15:03] Saved 4 rows to ucsd_occupancy_history.csv
[2026-09-21 04:15:03] Main Gym Fitness Gym: 1% (Closed) people=1 capacity=72 is_open=False hour_summary=Closed until 6:00am
[2026-09-21 04:15:03] Outback Climbing Center: 17% (Closed) people=5 capacity=30 is_open=False hour_summary=Closed until 2:00pm
[2026-09-21 04:15:03] RIMAC Fitness Gym: 2% (Closed) people=1 capacity=65 is_open=False hour_summary=Closed until 6:00am
[2026-09-21 04:15:03] Triton Esports Center: 0% (Closed) people=0 capacity=35 is_open=False hour_summary=closed
[2026-09-21 04:15:03] === SCRAPE END OK ===
[2026-09-21 04:30:02] === SCRAPE START ===
[2026-09-21 04:30:02] Fetching https://waitz.io/live/ucsd-rec
[2026-09-21 04:30:04] Saved 4 rows to ucsd_occupancy_history.csv
[2026-09-21 04:30:04] Main Gym Fitness Gym: 1% (Closed) people=1 capacity=72 is_open=False hour_summary=Closed until 6:00am
[2026-09-21 04:30:04] Outback Climbing Center: 17% (Closed) people=5 capacity=30 is_open=False hour_summary=Closed until 2:00pm
[2026-09-21 04:30:04] RIMAC Fitness Gym: 0% (Closed) people=0 capacity=65 is_open=False hour_summary=Closed until 6:00am
[2026-09-21 04:30:04] Triton Esports Center: 0% (Closed) people=0 capacity=35 is_open=False hour_summary=closed
[2026-09-21 04:30:04] === SCRAPE END OK ===
[2026-09-21 04:45:02] === SCRAPE START ===
[2026-09-21 04:45:02] Fetching https://waitz.io/live/ucsd-rec
[2026-09-21 04:45:03] Saved 4 rows to ucsd_occupancy_history.csv
[2026-09-21 04:45:03] Main Gym Fitness Gym: 1% (Closed) people=1 capacity=72 is_open=False hour_summary=Closed until 6:00am
[2026-09-21 04:45:03] Outback Climbing Center: 13% (Closed) people=4 capacity=30 is_open=False hour_summary=Closed until 2:00pm
[2026-09-21 04:45:03] RIMAC Fitness Gym: 2% (Closed) people=1 capacity=65 is_open=False hour_summary=Closed until 6:00am
[2026-09-21 04:45:03] Triton Esports Center: 0% (Closed) people=0 capacity=35 is_open=False hour_summary=closed
[2026-09-21 04:45:03] === SCRAPE END OK ===
[2026-09-21 05:00:02] === SCRAPE START ===
[2026-09-21 05:00:02] Fetching https://waitz.io/live/ucsd-rec
[2026-09-21 05:00:04] Saved 4 rows to ucsd_occupancy_history.csv
[2026-09-21 05:00:04] Main Gym Fitness Gym: 1% (Closed) people=1 capacity=72 is_open=False hour_summary=Closed until 6:00am
[2026-09-21 05:00:04] Outback Climbing Center: 17% (Closed) people=5 capacity=30 is_open=False hour_summary=Closed until 2:00pm
[2026-09-21 05:00:04] RIMAC Fitness Gym: 2% (Closed) people=1 capacity=65 is_open=False hour_summary=Closed until 6:00am
[2026-09-21 05:00:04] Triton Esports Center: 0% (Closed) people=0 capacity=35 is_open=False hour_summary=closed
[2026-09-21 05:00:04] === SCRAPE END OK ===
[2026-09-21 05:15:02] === SCRAPE START ===
[2026-09-21 05:15:02] Fetching https://waitz.io/live/ucsd-rec
[2026-09-21 05:15:03] Saved 4 rows to ucsd_occupancy_history.csv
[2026-09-21 05:15:03] Main Gym Fitness Gym: 1% (Closed) people=1 capacity=72 is_open=False hour_summary=Closed until 6:00am
[2026-09-21 05:15:03] Outback Climbing Center: 13% (Closed) people=4 capacity=30 is_open=False hour_summary=Closed until 2:00pm
[2026-09-21 05:15:03] RIMAC Fitness Gym: 2% (Closed) people=1 capacity=65 is_open=False hour_summary=Closed until 6:00am
[2026-09-21 05:15:03] Triton Esports Center: 0% (Closed) people=0 capacity=35 is_open=False hour_summary=closed
[2026-09-21 05:15:03] === SCRAPE END OK ===
[2026-09-21 05:30:03] === SCRAPE START ===
[2026-09-21 05:30:03] Fetching https://waitz.io/live/ucsd-rec
[2026-09-21 05:30:04] Saved 4 rows to ucsd_occupancy_history.csv
[2026-09-21 05:30:04] Main Gym Fitness Gym: 1% (Closed) people=1 capacity=72 is_open=False hour_summary=Closed until 6:00am
[2026-09-21 05:30:04] Outback Climbing Center: 13% (Closed) people=4 capacity=30 is_open=False hour_summary=Closed until 2:00pm
[2026-09-21 05:30:04] RIMAC Fitness Gym: 2% (Closed) people=1 capacity=65 is_open=False hour_summary=Closed until 6:00am
[2026-09-21 05:30:04] Triton Esports Center: 0% (Closed) people=0 capacity=35 is_open=False hour_summary=closed
[2026-09-21 05:30:04] === SCRAPE END OK ===
[2026-09-21 05:45:02] === SCRAPE START ===
[2026-09-21 05:45:02] Fetching https://waitz.io/live/ucsd-rec
[2026-09-21 05:45:03] Saved 4 rows to ucsd_occupancy_history.csv
[2026-09-21 05:45:03] Main Gym Fitness Gym: 1% (Closed) people=1 capacity=72 is_open=False hour_summary=Closed until 6:00am
[2026-09-21 05:45:03] Outback Climbing Center: 7% (Closed) people=2 capacity=30 is_open=False hour_summary=Closed until 2:00pm
[2026-09-21 05:45:03] RIMAC Fitness Gym: 2% (Closed) people=1 capacity=65 is_open=False hour_summary=Closed until 6:00am
[2026-09-21 05:45:03] Triton Esports Center: 0% (Closed) people=0 capacity=35 is_open=False hour_summary=closed
[2026-09-21 05:45:03] === SCRAPE END OK ===
[2026-09-21 06:00:02] === SCRAPE START ===
[2026-09-21 06:00:02] Fetching https://waitz.io/live/ucsd-rec
[2026-09-21 06:00:04] Saved 4 rows to ucsd_occupancy_history.csv
[2026-09-21 06:00:04] Main Gym Fitness Gym: 1% (Not Busy) people=1 capacity=72 is_open=True hour_summary=open
[2026-09-21 06:00:04] Outback Climbing Center: 10% (Closed) people=3 capacity=30 is_open=False hour_summary=Closed until 2:00pm
[2026-09-21 06:00:04] RIMAC Fitness Gym: 0% (Not Busy) people=0 capacity=65 is_open=True hour_summary=open
[2026-09-21 06:00:04] Triton Esports Center: 0% (Closed) people=0 capacity=35 is_open=False hour_summary=closed
[2026-09-21 06:00:04] === SCRAPE END OK ===
[2026-09-21 06:15:02] === SCRAPE START ===
[2026-09-21 06:15:02] Fetching https://waitz.io/live/ucsd-rec
[2026-09-21 06:15:03] Saved 4 rows to ucsd_occupancy_history.csv
[2026-09-21 06:15:03] Main Gym Fitness Gym: 10% (Not Busy) people=7 capacity=72 is_open=True hour_summary=open
[2026-09-21 06:15:03] Outback Climbing Center: 3% (Closed) people=1 capacity=30 is_open=False hour_summary=Closed until 2:00pm
[2026-09-21 06:15:03] RIMAC Fitness Gym: 37% (Not Busy) people=24 capacity=65 is_open=True hour_summary=open
[2026-09-21 06:15:03] Triton Esports Center: 0% (Closed) people=0 capacity=35 is_open=False hour_summary=closed
[2026-09-21 06:15:03] === SCRAPE END OK ===
[2026-09-21 06:30:02] === SCRAPE START ===
[2026-09-21 06:30:02] Fetching https://waitz.io/live/ucsd-rec
[2026-09-21 06:30:03] Saved 4 rows to ucsd_occupancy_history.csv
[2026-09-21 06:30:03] Main Gym Fitness Gym: 4% (Not Busy) people=3 capacity=72 is_open=True hour_summary=open
[2026-09-21 06:30:03] Outback Climbing Center: 3% (Closed) people=1 capacity=30 is_open=False hour_summary=Closed until 2:00pm
[2026-09-21 06:30:03] RIMAC Fitness Gym: 40% (Not Busy) people=26 capacity=65 is_open=True hour_summary=open
[2026-09-21 06:30:03] Triton Esports Center: 0% (Closed) people=0 capacity=35 is_open=False hour_summary=closed
[2026-09-21 06:30:03] === SCRAPE END OK ===
[2026-09-21 06:45:02] === SCRAPE START ===
[2026-09-21 06:45:02] Fetching https://waitz.io/live/ucsd-rec
[2026-09-21 06:45:03] Saved 4 rows to ucsd_occupancy_history.csv
[2026-09-21 06:45:03] Main Gym Fitness Gym: 10% (Not Busy) people=7 capacity=72 is_open=True hour_summary=open
[2026-09-21 06:45:03] Outback Climbing Center: 0% (Closed) people=0 capacity=30 is_open=False hour_summary=Closed until 2:00pm
[2026-09-21 06:45:03] RIMAC Fitness Gym: 58% (Busy) people=38 capacity=65 is_open=True hour_summary=open
[2026-09-21 06:45:03] Triton Esports Center: 0% (Closed) people=0 capacity=35 is_open=False hour_summary=closed
[2026-09-21 06:45:03] === SCRAPE END OK ===
[2026-09-21 07:00:02] === SCRAPE START ===
[2026-09-21 07:00:02] Fetching https://waitz.io/live/ucsd-rec
[2026-09-21 07:00:04] Saved 4 rows to ucsd_occupancy_history.csv
[2026-09-21 07:00:04] Main Gym Fitness Gym: 3% (Not Busy) people=2 capacity=72 is_open=True hour_summary=open
[2026-09-21 07:00:04] Outback Climbing Center: 0% (Closed) people=0 capacity=30 is_open=False hour_summary=Closed until 2:00pm
[2026-09-21 07:00:04] RIMAC Fitness Gym: 74% (Busy) people=48 capacity=65 is_open=True hour_summary=open
[2026-09-21 07:00:04] Triton Esports Center: 0% (Closed) people=0 capacity=35 is_open=False hour_summary=closed
[2026-09-21 07:00:04] === SCRAPE END OK ===
[2026-09-21 07:15:02] === SCRAPE START ===
[2026-09-21 07:15:02] Fetching https://waitz.io/live/ucsd-rec
[2026-09-21 07:15:03] Saved 4 rows to ucsd_occupancy_history.csv
[2026-09-21 07:15:03] Main Gym Fitness Gym: 6% (Not Busy) people=4 capacity=72 is_open=True hour_summary=open
[2026-09-21 07:15:03] Outback Climbing Center: 0% (Closed) people=0 capacity=30 is_open=False hour_summary=Closed until 2:00pm
[2026-09-21 07:15:03] RIMAC Fitness Gym: 74% (Busy) people=48 capacity=65 is_open=True hour_summary=open
[2026-09-21 07:15:03] Triton Esports Center: 0% (Closed) people=0 capacity=35 is_open=False hour_summary=closed
[2026-09-21 07:15:03] === SCRAPE END OK ===
[2026-09-21 07:30:02] === SCRAPE START ===
[2026-09-21 07:30:02] Fetching https://waitz.io/live/ucsd-rec
[2026-09-21 07:30:04] Saved 4 rows to ucsd_occupancy_history.csv
[2026-09-21 07:30:04] Main Gym Fitness Gym: 1% (Not Busy) people=1 capacity=72 is_open=True hour_summary=open
[2026-09-21 07:30:04] Outback Climbing Center: 0% (Closed) people=0 capacity=30 is_open=False hour_summary=Closed until 2:00pm
[2026-09-21 07:30:04] RIMAC Fitness Gym: 78% (Busy) people=51 capacity=65 is_open=True hour_summary=open
[2026-09-21 07:30:04] Triton Esports Center: 0% (Closed) people=0 capacity=35 is_open=False hour_summary=closed
[2026-09-21 07:30:04] === SCRAPE END OK ===
[2026-09-21 07:45:02] === SCRAPE START ===
[2026-09-21 07:45:02] Fetching https://waitz.io/live/ucsd-rec
[2026-09-21 07:45:03] Saved 4 rows to ucsd_occupancy_history.csv
[2026-09-21 07:45:03] Main Gym Fitness Gym: 17% (Not Busy) people=12 capacity=72 is_open=True hour_summary=open
[2026-09-21 07:45:03] Outback Climbing Center: 3% (Closed) people=1 capacity=30 is_open=False hour_summary=Closed until 2:00pm
[2026-09-21 07:45:03] RIMAC Fitness Gym: 71% (Busy) people=46 capacity=65 is_open=True hour_summary=open
[2026-09-21 07:45:03] Triton Esports Center: 0% (Closed) people=0 capacity=35 is_open=False hour_summary=closed
[2026-09-21 07:45:03] === SCRAPE END OK ===
[2026-09-21 08:00:02] === SCRAPE START ===
[2026-09-21 08:00:02] Fetching https://waitz.io/live/ucsd-rec
[2026-09-21 08:00:04] Saved 4 rows to ucsd_occupancy_history.csv
[2026-09-21 08:00:04] Main Gym Fitness Gym: 14% (Not Busy) people=10 capacity=72 is_open=True hour_summary=open
[2026-09-21 08:00:04] Outback Climbing Center: 0% (Closed) people=0 capacity=30 is_open=False hour_summary=Closed until 2:00pm
[2026-09-21 08:00:04] RIMAC Fitness Gym: 77% (Busy) people=50 capacity=65 is_open=True hour_summary=open
[2026-09-21 08:00:04] Triton Esports Center: 0% (Closed) people=0 capacity=35 is_open=False hour_summary=closed
[2026-09-21 08:00:04] === SCRAPE END OK ===
[2026-09-21 08:15:02] === SCRAPE START ===
[2026-09-21 08:15:02] Fetching https://waitz.io/live/ucsd-rec
[2026-09-21 08:15:03] Saved 4 rows to ucsd_occupancy_history.csv
[2026-09-21 08:15:03] Main Gym Fitness Gym: 99% (Very Active) people=71 capacity=72 is_open=True hour_summary=open
[2026-09-21 08:15:03] Outback Climbing Center: 0% (Closed) people=0 capacity=30 is_open=False hour_summary=Closed until 2:00pm
[2026-09-21 08:15:03] RIMAC Fitness Gym: 88% (Very Active) people=57 capacity=65 is_open=True hour_summary=open
[2026-09-21 08:15:03] Triton Esports Center: 0% (Closed) people=0 capacity=35 is_open=False hour_summary=closed
[2026-09-21 08:15:03] === SCRAPE END OK ===
[2026-09-21 08:30:02] === SCRAPE START ===
[2026-09-21 08:30:02] Fetching https://waitz.io/live/ucsd-rec
[2026-09-21 08:30:04] Saved 4 rows to ucsd_occupancy_history.csv
[2026-09-21 08:30:04] Main Gym Fitness Gym: 82% (Very Active) people=59 capacity=72 is_open=True hour_summary=open
[2026-09-21 08:30:04] Outback Climbing Center: 3% (Closed) people=1 capacity=30 is_open=False hour_summary=Closed until 2:00pm
[2026-09-21 08:30:04] RIMAC Fitness Gym: 91% (Very Active) people=59 capacity=65 is_open=True hour_summary=open
[2026-09-21 08:30:04] Triton Esports Center: 0% (Closed) people=0 capacity=35 is_open=False hour_summary=closed
[2026-09-21 08:30:04] === SCRAPE END OK ===
[2026-09-21 08:45:02] === SCRAPE START ===
[2026-09-21 08:45:02] Fetching https://waitz.io/live/ucsd-rec
[2026-09-21 08:45:03] Saved 4 rows to ucsd_occupancy_history.csv
[2026-09-21 08:45:03] Main Gym Fitness Gym: 99% (Very Active) people=71 capacity=72 is_open=True hour_summary=open
[2026-09-21 08:45:03] Outback Climbing Center: 0% (Closed) people=0 capacity=30 is_open=False hour_summary=Closed until 2:00pm
[2026-09-21 08:45:03] RIMAC Fitness Gym: 99% (Very Active) people=64 capacity=65 is_open=True hour_summary=open
[2026-09-21 08:45:03] Triton Esports Center: 0% (Closed) people=0 capacity=35 is_open=False hour_summary=closed
[2026-09-21 08:45:03] === SCRAPE END OK ===
[2026-09-21 09:00:02] === SCRAPE START ===
[2026-09-21 09:00:02] Fetching https://waitz.io/live/ucsd-rec
[2026-09-21 09:00:04] Saved 4 rows to ucsd_occupancy_history.csv
[2026-09-21 09:00:04] Main Gym Fitness Gym: 99% (Very Active) people=71 capacity=72 is_open=True hour_summary=open
[2026-09-21 09:00:04] Outback Climbing Center: 0% (Closed) people=0 capacity=30 is_open=False hour_summary=Closed until 2:00pm
[2026-09-21 09:00:04] RIMAC Fitness Gym: 99% (Very Active) people=64 capacity=65 is_open=True hour_summary=open
[2026-09-21 09:00:04] Triton Esports Center: 0% (Closed) people=0 capacity=35 is_open=False hour_summary=closed
[2026-09-21 09:00:04] === SCRAPE END OK ===
[2026-09-21 09:15:02] === SCRAPE START ===
[2026-09-21 09:15:02] Fetching https://waitz.io/live/ucsd-rec
[2026-09-21 09:15:03] Saved 4 rows to ucsd_occupancy_history.csv
[2026-09-21 09:15:03] Main Gym Fitness Gym: 99% (Very Active) people=71 capacity=72 is_open=True hour_summary=open
[2026-09-21 09:15:03] Outback Climbing Center: 0% (Closed) people=0 capacity=30 is_open=False hour_summary=Closed until 2:00pm
[2026-09-21 09:15:03] RIMAC Fitness Gym: 99% (Very Active) people=64 capacity=65 is_open=True hour_summary=open
[2026-09-21 09:15:03] Triton Esports Center: 0% (Closed) people=0 capacity=35 is_open=False hour_summary=closed
[2026-09-21 09:15:03] === SCRAPE END OK ===
[2026-09-21 09:30:02] === SCRAPE START ===
[2026-09-21 09:30:02] Fetching https://waitz.io/live/ucsd-rec
[2026-09-21 09:30:03] Saved 4 rows to ucsd_occupancy_history.csv
[2026-09-21 09:30:03] Main Gym Fitness Gym: 99% (Very Active) people=71 capacity=72 is_open=True hour_summary=open
[2026-09-21 09:30:03] Outback Climbing Center: 3% (Closed) people=1 capacity=30 is_open=False hour_summary=Closed until 2:00pm
[2026-09-21 09:30:03] RIMAC Fitness Gym: 99% (Very Active) people=64 capacity=65 is_open=True hour_summary=open
[2026-09-21 09:30:03] Triton Esports Center: 0% (Closed) people=0 capacity=35 is_open=False hour_summary=closed
[2026-09-21 09:30:03] === SCRAPE END OK ===
